[2026-01-04T16:46:25.518+0000] {local_task_job_runner.py:120} INFO - ::group::Pre task execution logs
[2026-01-04T16:46:25.739+0000] {taskinstance.py:2076} INFO - Dependencies all met for dep_context=non-requeueable deps ti=<TaskInstance: reference_setup.ingest_reference_data.ingest_stations scheduled__2025-12-30T00:00:00+00:00 [queued]>
[2026-01-04T16:46:28.082+0000] {taskinstance.py:2076} INFO - Dependencies all met for dep_context=requeueable deps ti=<TaskInstance: reference_setup.ingest_reference_data.ingest_stations scheduled__2025-12-30T00:00:00+00:00 [queued]>
[2026-01-04T16:46:28.595+0000] {taskinstance.py:2306} INFO - Starting attempt 1 of 1
[2026-01-04T16:46:29.173+0000] {taskinstance.py:2330} INFO - Executing <Task(DockerOperator): ingest_reference_data.ingest_stations> on 2025-12-30 00:00:00+00:00
[2026-01-04T16:46:29.190+0000] {standard_task_runner.py:90} INFO - Running: ['***', 'tasks', 'run', 'reference_setup', 'ingest_reference_data.ingest_stations', 'scheduled__2025-12-30T00:00:00+00:00', '--job-id', '11', '--raw', '--subdir', 'DAGS_FOLDER/refrence_setup.py', '--cfg-path', '/tmp/tmp5vhf6jon']
[2026-01-04T16:46:29.186+0000] {standard_task_runner.py:64} INFO - Started process 1040 to run task
[2026-01-04T16:46:29.197+0000] {standard_task_runner.py:91} INFO - Job 11: Subtask ingest_reference_data.ingest_stations
[2026-01-04T16:46:29.660+0000] {task_command.py:426} INFO - Running <TaskInstance: reference_setup.ingest_reference_data.ingest_stations scheduled__2025-12-30T00:00:00+00:00 [running]> on host a6fd50e4079d
[2026-01-04T16:46:30.327+0000] {taskinstance.py:2648} INFO - Exporting env vars: AIRFLOW_CTX_DAG_OWNER='***' AIRFLOW_CTX_DAG_ID='reference_setup' AIRFLOW_CTX_TASK_ID='ingest_reference_data.ingest_stations' AIRFLOW_CTX_EXECUTION_DATE='2025-12-30T00:00:00+00:00' AIRFLOW_CTX_TRY_NUMBER='1' AIRFLOW_CTX_DAG_RUN_ID='scheduled__2025-12-30T00:00:00+00:00'
[2026-01-04T16:46:30.329+0000] {taskinstance.py:430} INFO - ::endgroup::
[2026-01-04T16:46:31.981+0000] {docker.py:367} INFO - Starting docker container from image weather-ingestion:latest
[2026-01-04T16:46:47.858+0000] {docker.py:438} INFO - 2026-01-04 16:46:47,809 - INFO - Calling Station API
[2026-01-04T16:46:49.322+0000] {docker.py:438} INFO - 2026-01-04 16:46:49,311 - INFO - Connecting with db
[2026-01-04T16:46:49.762+0000] {docker.py:438} INFO - 2026-01-04 16:46:49,756 - INFO - data inserted into db
[2026-01-04T16:46:53.246+0000] {taskinstance.py:441} INFO - ::group::Post task execution logs
[2026-01-04T16:46:53.433+0000] {taskinstance.py:1206} INFO - Marking task as SUCCESS. dag_id=reference_setup, task_id=ingest_reference_data.ingest_stations, run_id=scheduled__2025-12-30T00:00:00+00:00, execution_date=20251230T000000, start_date=20260104T164628, end_date=20260104T164653
[2026-01-04T16:46:53.540+0000] {local_task_job_runner.py:243} INFO - Task exited with return code 0
[2026-01-04T16:46:53.860+0000] {taskinstance.py:3503} INFO - 0 downstream tasks scheduled from follow-on schedule check
[2026-01-04T16:46:53.866+0000] {local_task_job_runner.py:222} INFO - ::endgroup::
