[2026-01-04T18:08:34.865+0000] {local_task_job_runner.py:120} INFO - ::group::Pre task execution logs
[2026-01-04T18:08:35.056+0000] {taskinstance.py:2076} INFO - Dependencies all met for dep_context=non-requeueable deps ti=<TaskInstance: weather_hourly.dbt_weather_models scheduled__2026-01-04T16:15:00+00:00 [queued]>
[2026-01-04T18:08:35.064+0000] {taskinstance.py:2076} INFO - Dependencies all met for dep_context=requeueable deps ti=<TaskInstance: weather_hourly.dbt_weather_models scheduled__2026-01-04T16:15:00+00:00 [queued]>
[2026-01-04T18:08:35.065+0000] {taskinstance.py:2306} INFO - Starting attempt 1 of 1
[2026-01-04T18:08:35.078+0000] {taskinstance.py:2330} INFO - Executing <Task(DockerOperator): dbt_weather_models> on 2026-01-04 16:15:00+00:00
[2026-01-04T18:08:35.085+0000] {standard_task_runner.py:64} INFO - Started process 236 to run task
[2026-01-04T18:08:35.087+0000] {standard_task_runner.py:90} INFO - Running: ['***', 'tasks', 'run', 'weather_hourly', 'dbt_weather_models', 'scheduled__2026-01-04T16:15:00+00:00', '--job-id', '10', '--raw', '--subdir', 'DAGS_FOLDER/weather_hourly.py', '--cfg-path', '/tmp/tmpgm154km1']
[2026-01-04T18:08:35.089+0000] {standard_task_runner.py:91} INFO - Job 10: Subtask dbt_weather_models
[2026-01-04T18:08:35.137+0000] {task_command.py:426} INFO - Running <TaskInstance: weather_hourly.dbt_weather_models scheduled__2026-01-04T16:15:00+00:00 [running]> on host f2bedbccf94a
[2026-01-04T18:08:35.217+0000] {taskinstance.py:2648} INFO - Exporting env vars: AIRFLOW_CTX_DAG_OWNER='***' AIRFLOW_CTX_DAG_ID='weather_hourly' AIRFLOW_CTX_TASK_ID='dbt_weather_models' AIRFLOW_CTX_EXECUTION_DATE='2026-01-04T16:15:00+00:00' AIRFLOW_CTX_TRY_NUMBER='1' AIRFLOW_CTX_DAG_RUN_ID='scheduled__2026-01-04T16:15:00+00:00'
[2026-01-04T18:08:35.218+0000] {taskinstance.py:430} INFO - ::endgroup::
[2026-01-04T18:08:35.253+0000] {docker.py:367} INFO - Starting docker container from image ghcr.io/dbt-labs/dbt-postgres:1.8.2
[2026-01-04T18:08:37.110+0000] {docker.py:438} INFO - [0m18:08:37  Running with dbt=1.8.3
[2026-01-04T18:08:37.312+0000] {docker.py:438} INFO - [0m18:08:37  Registered adapter: postgres=1.8.2
[2026-01-04T18:08:37.619+0000] {docker.py:438} INFO - [0m18:08:37  [[33mWARNING[0m]: Configuration paths exist in your dbt_project.yml file which do not apply to any resources.
[2026-01-04T18:08:37.619+0000] {docker.py:438} INFO - There are 1 unused configuration paths:
[2026-01-04T18:08:37.619+0000] {docker.py:438} INFO - - models.dbt_project.final
[2026-01-04T18:08:37.765+0000] {docker.py:438} INFO - [0m18:08:37  Found 12 models, 4 data tests, 415 macros
[2026-01-04T18:08:37.769+0000] {docker.py:438} INFO - [0m18:08:37
[2026-01-04T18:08:37.971+0000] {docker.py:438} INFO - [0m18:08:37  Concurrency: 1 threads (target='dev')
[2026-01-04T18:08:37.972+0000] {docker.py:438} INFO - [0m18:08:37
[2026-01-04T18:08:37.984+0000] {docker.py:438} INFO - [0m18:08:37  1 of 4 START sql view model dev_staging.stg_current_weather_observations ....... [RUN]
[2026-01-04T18:08:38.122+0000] {docker.py:438} INFO - [0m18:08:38  1 of 4 OK created sql view model dev_staging.stg_current_weather_observations .. [[32mCREATE VIEW[0m in 0.14s]
[2026-01-04T18:08:38.126+0000] {docker.py:438} INFO - [0m18:08:38  2 of 4 START sql view model dev_staging.stg_forecast_weather ................... [RUN]
[2026-01-04T18:08:38.184+0000] {docker.py:438} INFO - [0m18:08:38  2 of 4 OK created sql view model dev_staging.stg_forecast_weather .............. [[32mCREATE VIEW[0m in 0.06s]
[2026-01-04T18:08:38.186+0000] {docker.py:438} INFO - [0m18:08:38  3 of 4 START sql view model dev_intermediate.int_latest_current_weather_observations  [RUN]
[2026-01-04T18:08:38.246+0000] {docker.py:438} INFO - [0m18:08:38  3 of 4 OK created sql view model dev_intermediate.int_latest_current_weather_observations  [[32mCREATE VIEW[0m in 0.06s]
[2026-01-04T18:08:38.249+0000] {docker.py:438} INFO - [0m18:08:38  4 of 4 START sql incremental model dev_intermediate.int_forecast_weather_scd2 .. [RUN]
[2026-01-04T18:08:38.352+0000] {docker.py:438} INFO - [0m18:08:38  4 of 4 OK created sql incremental model dev_intermediate.int_forecast_weather_scd2  [[32mSELECT 511[0m in 0.10s]
[2026-01-04T18:08:38.368+0000] {docker.py:438} INFO - [0m18:08:38
[2026-01-04T18:08:38.368+0000] {docker.py:438} INFO - [0m18:08:38  Finished running 3 view models, 1 incremental model in 0 hours 0 minutes and 0.60 seconds (0.60s).
[2026-01-04T18:08:38.416+0000] {docker.py:438} INFO - [0m18:08:38
[2026-01-04T18:08:38.416+0000] {docker.py:438} INFO - [0m18:08:38  [32mCompleted successfully[0m
[2026-01-04T18:08:38.417+0000] {docker.py:438} INFO - [0m18:08:38
[2026-01-04T18:08:38.418+0000] {docker.py:438} INFO - [0m18:08:38  Done. PASS=4 WARN=0 ERROR=0 SKIP=0 TOTAL=4
[2026-01-04T18:08:39.785+0000] {taskinstance.py:441} INFO - ::group::Post task execution logs
[2026-01-04T18:08:39.817+0000] {taskinstance.py:1206} INFO - Marking task as SUCCESS. dag_id=weather_hourly, task_id=dbt_weather_models, run_id=scheduled__2026-01-04T16:15:00+00:00, execution_date=20260104T161500, start_date=20260104T180835, end_date=20260104T180839
[2026-01-04T18:08:39.879+0000] {local_task_job_runner.py:243} INFO - Task exited with return code 0
[2026-01-04T18:08:39.900+0000] {taskinstance.py:3503} INFO - 0 downstream tasks scheduled from follow-on schedule check
[2026-01-04T18:08:39.902+0000] {local_task_job_runner.py:222} INFO - ::endgroup::
