[2026-01-04T16:48:16.449+0000] {local_task_job_runner.py:120} INFO - ::group::Pre task execution logs
[2026-01-04T16:48:16.476+0000] {taskinstance.py:2076} INFO - Dependencies all met for dep_context=non-requeueable deps ti=<TaskInstance: reference_setup.dbt_reference_models scheduled__2026-01-03T00:00:00+00:00 [queued]>
[2026-01-04T16:48:16.483+0000] {taskinstance.py:2076} INFO - Dependencies all met for dep_context=requeueable deps ti=<TaskInstance: reference_setup.dbt_reference_models scheduled__2026-01-03T00:00:00+00:00 [queued]>
[2026-01-04T16:48:16.484+0000] {taskinstance.py:2306} INFO - Starting attempt 1 of 1
[2026-01-04T16:48:16.495+0000] {taskinstance.py:2330} INFO - Executing <Task(DockerOperator): dbt_reference_models> on 2026-01-03 00:00:00+00:00
[2026-01-04T16:48:16.503+0000] {standard_task_runner.py:64} INFO - Started process 1096 to run task
[2026-01-04T16:48:16.505+0000] {standard_task_runner.py:90} INFO - Running: ['***', 'tasks', 'run', 'reference_setup', 'dbt_reference_models', 'scheduled__2026-01-03T00:00:00+00:00', '--job-id', '25', '--raw', '--subdir', 'DAGS_FOLDER/refrence_setup.py', '--cfg-path', '/tmp/tmp9ibw3pyp']
[2026-01-04T16:48:16.507+0000] {standard_task_runner.py:91} INFO - Job 25: Subtask dbt_reference_models
[2026-01-04T16:48:16.553+0000] {task_command.py:426} INFO - Running <TaskInstance: reference_setup.dbt_reference_models scheduled__2026-01-03T00:00:00+00:00 [running]> on host a6fd50e4079d
[2026-01-04T16:48:16.635+0000] {taskinstance.py:2648} INFO - Exporting env vars: AIRFLOW_CTX_DAG_OWNER='***' AIRFLOW_CTX_DAG_ID='reference_setup' AIRFLOW_CTX_TASK_ID='dbt_reference_models' AIRFLOW_CTX_EXECUTION_DATE='2026-01-03T00:00:00+00:00' AIRFLOW_CTX_TRY_NUMBER='1' AIRFLOW_CTX_DAG_RUN_ID='scheduled__2026-01-03T00:00:00+00:00'
[2026-01-04T16:48:16.636+0000] {taskinstance.py:430} INFO - ::endgroup::
[2026-01-04T16:48:16.668+0000] {docker.py:367} INFO - Starting docker container from image ghcr.io/dbt-labs/dbt-postgres:1.8.2
[2026-01-04T16:48:18.414+0000] {docker.py:438} INFO - [0m16:48:18  Running with dbt=1.8.3
[2026-01-04T16:48:18.609+0000] {docker.py:438} INFO - [0m16:48:18  Registered adapter: postgres=1.8.2
[2026-01-04T16:48:18.940+0000] {docker.py:438} INFO - [0m16:48:18  [[33mWARNING[0m]: Configuration paths exist in your dbt_project.yml file which do not apply to any resources.
[2026-01-04T16:48:18.940+0000] {docker.py:438} INFO - There are 1 unused configuration paths:
[2026-01-04T16:48:18.941+0000] {docker.py:438} INFO - - models.dbt_project.final
[2026-01-04T16:48:19.086+0000] {docker.py:438} INFO - [0m16:48:19  Found 12 models, 4 data tests, 415 macros
[2026-01-04T16:48:19.089+0000] {docker.py:438} INFO - [0m16:48:19
[2026-01-04T16:48:19.291+0000] {docker.py:438} INFO - [0m16:48:19  Concurrency: 1 threads (target='dev')
[2026-01-04T16:48:19.292+0000] {docker.py:438} INFO - [0m16:48:19
[2026-01-04T16:48:19.302+0000] {docker.py:438} INFO - [0m16:48:19  1 of 5 START sql view model dev_staging.stg_geo_plz ............................ [RUN]
[2026-01-04T16:48:19.467+0000] {docker.py:438} INFO - [0m16:48:19  1 of 5 OK created sql view model dev_staging.stg_geo_plz ....................... [[32mCREATE VIEW[0m in 0.16s]
[2026-01-04T16:48:19.470+0000] {docker.py:438} INFO - [0m16:48:19  2 of 5 START sql view model dev_staging.stg_weather_stations_list .............. [RUN]
[2026-01-04T16:48:19.549+0000] {docker.py:438} INFO - [0m16:48:19  2 of 5 OK created sql view model dev_staging.stg_weather_stations_list ......... [[32mCREATE VIEW[0m in 0.08s]
[2026-01-04T16:48:19.554+0000] {docker.py:438} INFO - [0m16:48:19  3 of 5 START sql view model dev_intermediate.int_geo_plz ....................... [RUN]
[2026-01-04T16:48:19.619+0000] {docker.py:438} INFO - [0m16:48:19  3 of 5 OK created sql view model dev_intermediate.int_geo_plz .................. [[32mCREATE VIEW[0m in 0.06s]
[2026-01-04T16:48:19.622+0000] {docker.py:438} INFO - [0m16:48:19  4 of 5 START sql view model dev_intermediate.int_weather_stations_list ......... [RUN]
[2026-01-04T16:48:19.686+0000] {docker.py:438} INFO - [0m16:48:19  4 of 5 OK created sql view model dev_intermediate.int_weather_stations_list .... [[32mCREATE VIEW[0m in 0.06s]
[2026-01-04T16:48:19.690+0000] {docker.py:438} INFO - [0m16:48:19  5 of 5 START sql view model dev_intermediate.int_berlin_weather_stations_plz ... [RUN]
[2026-01-04T16:48:19.751+0000] {docker.py:438} INFO - [0m16:48:19  5 of 5 OK created sql view model dev_intermediate.int_berlin_weather_stations_plz  [[32mCREATE VIEW[0m in 0.06s]
[2026-01-04T16:48:19.771+0000] {docker.py:438} INFO - [0m16:48:19
[2026-01-04T16:48:19.772+0000] {docker.py:438} INFO - [0m16:48:19  Finished running 5 view models in 0 hours 0 minutes and 0.68 seconds (0.68s).
[2026-01-04T16:48:19.818+0000] {docker.py:438} INFO - [0m16:48:19
[2026-01-04T16:48:19.818+0000] {docker.py:438} INFO - [0m16:48:19  [32mCompleted successfully[0m
[2026-01-04T16:48:19.820+0000] {docker.py:438} INFO - [0m16:48:19
[2026-01-04T16:48:19.821+0000] {docker.py:438} INFO - [0m16:48:19  Done. PASS=5 WARN=0 ERROR=0 SKIP=0 TOTAL=5
[2026-01-04T16:48:21.226+0000] {taskinstance.py:441} INFO - ::group::Post task execution logs
[2026-01-04T16:48:21.254+0000] {taskinstance.py:1206} INFO - Marking task as SUCCESS. dag_id=reference_setup, task_id=dbt_reference_models, run_id=scheduled__2026-01-03T00:00:00+00:00, execution_date=20260103T000000, start_date=20260104T164816, end_date=20260104T164821
[2026-01-04T16:48:21.297+0000] {local_task_job_runner.py:243} INFO - Task exited with return code 0
[2026-01-04T16:48:21.324+0000] {taskinstance.py:3503} INFO - 1 downstream tasks scheduled from follow-on schedule check
[2026-01-04T16:48:21.327+0000] {local_task_job_runner.py:222} INFO - ::endgroup::
