[2025-12-29T03:01:49.609+0000] {local_task_job_runner.py:120} INFO - ::group::Pre task execution logs
[2025-12-29T03:01:49.638+0000] {taskinstance.py:2076} INFO - Dependencies all met for dep_context=non-requeueable deps ti=<TaskInstance: reference_setup.ingest_reference_data.ingest_stations manual__2025-12-29T02:59:10+00:00 [queued]>
[2025-12-29T03:01:49.647+0000] {taskinstance.py:2076} INFO - Dependencies all met for dep_context=requeueable deps ti=<TaskInstance: reference_setup.ingest_reference_data.ingest_stations manual__2025-12-29T02:59:10+00:00 [queued]>
[2025-12-29T03:01:49.648+0000] {taskinstance.py:2306} INFO - Starting attempt 1 of 1
[2025-12-29T03:01:49.660+0000] {taskinstance.py:2330} INFO - Executing <Task(DockerOperator): ingest_reference_data.ingest_stations> on 2025-12-29 02:59:10+00:00
[2025-12-29T03:01:49.667+0000] {standard_task_runner.py:64} INFO - Started process 370 to run task
[2025-12-29T03:01:49.670+0000] {standard_task_runner.py:90} INFO - Running: ['***', 'tasks', 'run', 'reference_setup', 'ingest_reference_data.ingest_stations', 'manual__2025-12-29T02:59:10+00:00', '--job-id', '2', '--raw', '--subdir', 'DAGS_FOLDER/refrence_setup.py', '--cfg-path', '/tmp/tmp_r039os3']
[2025-12-29T03:01:49.671+0000] {standard_task_runner.py:91} INFO - Job 2: Subtask ingest_reference_data.ingest_stations
[2025-12-29T03:01:49.722+0000] {task_command.py:426} INFO - Running <TaskInstance: reference_setup.ingest_reference_data.ingest_stations manual__2025-12-29T02:59:10+00:00 [running]> on host 719c73d53d7e
[2025-12-29T03:01:49.798+0000] {taskinstance.py:2648} INFO - Exporting env vars: AIRFLOW_CTX_DAG_OWNER='***' AIRFLOW_CTX_DAG_ID='reference_setup' AIRFLOW_CTX_TASK_ID='ingest_reference_data.ingest_stations' AIRFLOW_CTX_EXECUTION_DATE='2025-12-29T02:59:10+00:00' AIRFLOW_CTX_TRY_NUMBER='1' AIRFLOW_CTX_DAG_RUN_ID='manual__2025-12-29T02:59:10+00:00'
[2025-12-29T03:01:49.799+0000] {taskinstance.py:430} INFO - ::endgroup::
[2025-12-29T03:01:49.840+0000] {docker.py:367} INFO - Starting docker container from image weather-ingestion:latest
[2025-12-29T03:01:49.847+0000] {docker.py:375} WARNING - Using remote engine or docker-in-docker and mounting temporary volume from host is not supported. Falling back to `mount_tmp_dir=False` mode. You can set `mount_tmp_dir` parameter to False to disable mounting and remove the warning
[2025-12-29T03:01:50.573+0000] {docker.py:438} INFO - 2025-12-29 03:01:50,571 - INFO - Calling Station API
[2025-12-29T03:01:50.749+0000] {docker.py:438} INFO - 2025-12-29 03:01:50,748 - INFO - Connecting with db
[2025-12-29T03:01:50.774+0000] {docker.py:438} INFO - 2025-12-29 03:01:50,773 - INFO - data inserted into db
[2025-12-29T03:01:51.104+0000] {taskinstance.py:441} INFO - ::group::Post task execution logs
[2025-12-29T03:01:51.130+0000] {taskinstance.py:1206} INFO - Marking task as SUCCESS. dag_id=reference_setup, task_id=ingest_reference_data.ingest_stations, run_id=manual__2025-12-29T02:59:10+00:00, execution_date=20251229T025910, start_date=20251229T030149, end_date=20251229T030151
[2025-12-29T03:01:51.166+0000] {local_task_job_runner.py:243} INFO - Task exited with return code 0
[2025-12-29T03:01:51.191+0000] {taskinstance.py:3503} INFO - 0 downstream tasks scheduled from follow-on schedule check
[2025-12-29T03:01:51.193+0000] {local_task_job_runner.py:222} INFO - ::endgroup::
