[2025-12-29T03:18:51.073+0000] {local_task_job_runner.py:120} INFO - ::group::Pre task execution logs
[2025-12-29T03:18:51.100+0000] {taskinstance.py:2076} INFO - Dependencies all met for dep_context=non-requeueable deps ti=<TaskInstance: weather_hourly.wait_for_reference_setup scheduled__2025-12-29T02:15:00+00:00 [queued]>
[2025-12-29T03:18:51.109+0000] {taskinstance.py:2076} INFO - Dependencies all met for dep_context=requeueable deps ti=<TaskInstance: weather_hourly.wait_for_reference_setup scheduled__2025-12-29T02:15:00+00:00 [queued]>
[2025-12-29T03:18:51.110+0000] {taskinstance.py:2306} INFO - Starting attempt 1 of 1
[2025-12-29T03:18:51.122+0000] {taskinstance.py:2330} INFO - Executing <Task(PythonSensor): wait_for_reference_setup> on 2025-12-29 02:15:00+00:00
[2025-12-29T03:18:51.129+0000] {standard_task_runner.py:64} INFO - Started process 204 to run task
[2025-12-29T03:18:51.132+0000] {standard_task_runner.py:90} INFO - Running: ['***', 'tasks', 'run', 'weather_hourly', 'wait_for_reference_setup', 'scheduled__2025-12-29T02:15:00+00:00', '--job-id', '2', '--raw', '--subdir', 'DAGS_FOLDER/weather_hourly.py', '--cfg-path', '/tmp/tmpnjkmnydl']
[2025-12-29T03:18:51.134+0000] {standard_task_runner.py:91} INFO - Job 2: Subtask wait_for_reference_setup
[2025-12-29T03:18:51.187+0000] {task_command.py:426} INFO - Running <TaskInstance: weather_hourly.wait_for_reference_setup scheduled__2025-12-29T02:15:00+00:00 [running]> on host 6c9bd7c2afeb
[2025-12-29T03:18:51.281+0000] {taskinstance.py:2648} INFO - Exporting env vars: AIRFLOW_CTX_DAG_OWNER='***' AIRFLOW_CTX_DAG_ID='weather_hourly' AIRFLOW_CTX_TASK_ID='wait_for_reference_setup' AIRFLOW_CTX_EXECUTION_DATE='2025-12-29T02:15:00+00:00' AIRFLOW_CTX_TRY_NUMBER='1' AIRFLOW_CTX_DAG_RUN_ID='scheduled__2025-12-29T02:15:00+00:00'
[2025-12-29T03:18:51.282+0000] {taskinstance.py:430} INFO - ::endgroup::
[2025-12-29T03:18:51.307+0000] {python.py:75} INFO - Poking callable: <function reference_is_ready at 0x7f94a6bf8a40>
[2025-12-29T03:18:51.307+0000] {taskinstance.py:441} INFO - ::group::Post task execution logs
[2025-12-29T03:18:51.308+0000] {taskinstance.py:2905} ERROR - Task failed with exception
Traceback (most recent call last):
  File "/home/airflow/.local/lib/python3.11/site-packages/airflow/models/taskinstance.py", line 465, in _execute_task
    result = _execute_callable(context=context, **execute_callable_kwargs)
             ^^^^^^^^^^^^^^^^^^^^^^^^^^^^^^^^^^^^^^^^^^^^^^^^^^^^^^^^^^^^^
  File "/home/airflow/.local/lib/python3.11/site-packages/airflow/models/taskinstance.py", line 432, in _execute_callable
    return execute_callable(context=context, **execute_callable_kwargs)
           ^^^^^^^^^^^^^^^^^^^^^^^^^^^^^^^^^^^^^^^^^^^^^^^^^^^^^^^^^^^^
  File "/home/airflow/.local/lib/python3.11/site-packages/airflow/models/baseoperator.py", line 401, in wrapper
    return func(self, *args, **kwargs)
           ^^^^^^^^^^^^^^^^^^^^^^^^^^^
  File "/home/airflow/.local/lib/python3.11/site-packages/airflow/sensors/base.py", line 264, in execute
    raise e
  File "/home/airflow/.local/lib/python3.11/site-packages/airflow/sensors/base.py", line 246, in execute
    poke_return = self.poke(context)
                  ^^^^^^^^^^^^^^^^^^
  File "/home/airflow/.local/lib/python3.11/site-packages/airflow/sensors/python.py", line 76, in poke
    return_value = self.python_callable(*self.op_args, **self.op_kwargs)
                   ^^^^^^^^^^^^^^^^^^^^^^^^^^^^^^^^^^^^^^^^^^^^^^^^^^^^^
  File "/opt/airflow/dags/weather_hourly.py", line 61, in reference_is_ready
    return Variable.get("REFERENCE_READY", default_var="false").lower() == "true"
           ^^^^^^^^
NameError: name 'Variable' is not defined
[2025-12-29T03:18:51.324+0000] {taskinstance.py:1206} INFO - Marking task as FAILED. dag_id=weather_hourly, task_id=wait_for_reference_setup, run_id=scheduled__2025-12-29T02:15:00+00:00, execution_date=20251229T021500, start_date=20251229T031851, end_date=20251229T031851
[2025-12-29T03:18:51.342+0000] {standard_task_runner.py:110} ERROR - Failed to execute job 2 for task wait_for_reference_setup (name 'Variable' is not defined; 204)
[2025-12-29T03:18:51.385+0000] {local_task_job_runner.py:243} INFO - Task exited with return code 1
[2025-12-29T03:18:51.429+0000] {taskinstance.py:3503} INFO - 0 downstream tasks scheduled from follow-on schedule check
[2025-12-29T03:18:51.435+0000] {local_task_job_runner.py:222} INFO - ::endgroup::
[2025-12-29T03:29:39.005+0000] {local_task_job_runner.py:120} INFO - ::group::Pre task execution logs
[2025-12-29T03:29:39.032+0000] {taskinstance.py:2076} INFO - Dependencies all met for dep_context=non-requeueable deps ti=<TaskInstance: weather_hourly.wait_for_reference_setup scheduled__2025-12-29T02:15:00+00:00 [queued]>
[2025-12-29T03:29:39.038+0000] {taskinstance.py:2076} INFO - Dependencies all met for dep_context=requeueable deps ti=<TaskInstance: weather_hourly.wait_for_reference_setup scheduled__2025-12-29T02:15:00+00:00 [queued]>
[2025-12-29T03:29:39.039+0000] {taskinstance.py:2306} INFO - Starting attempt 1 of 1
[2025-12-29T03:29:39.050+0000] {taskinstance.py:2330} INFO - Executing <Task(PythonSensor): wait_for_reference_setup> on 2025-12-29 02:15:00+00:00
[2025-12-29T03:29:39.056+0000] {standard_task_runner.py:64} INFO - Started process 204 to run task
[2025-12-29T03:29:39.058+0000] {standard_task_runner.py:90} INFO - Running: ['***', 'tasks', 'run', 'weather_hourly', 'wait_for_reference_setup', 'scheduled__2025-12-29T02:15:00+00:00', '--job-id', '2', '--raw', '--subdir', 'DAGS_FOLDER/weather_hourly.py', '--cfg-path', '/tmp/tmpzr1g9y_j']
[2025-12-29T03:29:39.060+0000] {standard_task_runner.py:91} INFO - Job 2: Subtask wait_for_reference_setup
[2025-12-29T03:29:39.107+0000] {task_command.py:426} INFO - Running <TaskInstance: weather_hourly.wait_for_reference_setup scheduled__2025-12-29T02:15:00+00:00 [running]> on host 58c791c417b3
[2025-12-29T03:29:39.189+0000] {taskinstance.py:2648} INFO - Exporting env vars: AIRFLOW_CTX_DAG_OWNER='***' AIRFLOW_CTX_DAG_ID='weather_hourly' AIRFLOW_CTX_TASK_ID='wait_for_reference_setup' AIRFLOW_CTX_EXECUTION_DATE='2025-12-29T02:15:00+00:00' AIRFLOW_CTX_TRY_NUMBER='1' AIRFLOW_CTX_DAG_RUN_ID='scheduled__2025-12-29T02:15:00+00:00'
[2025-12-29T03:29:39.190+0000] {taskinstance.py:430} INFO - ::endgroup::
[2025-12-29T03:29:39.211+0000] {python.py:75} INFO - Poking callable: <function reference_is_ready at 0x7f90e65f8a40>
[2025-12-29T03:29:39.212+0000] {taskinstance.py:441} INFO - ::group::Post task execution logs
[2025-12-29T03:29:39.212+0000] {taskinstance.py:2905} ERROR - Task failed with exception
Traceback (most recent call last):
  File "/home/airflow/.local/lib/python3.11/site-packages/airflow/models/taskinstance.py", line 465, in _execute_task
    result = _execute_callable(context=context, **execute_callable_kwargs)
             ^^^^^^^^^^^^^^^^^^^^^^^^^^^^^^^^^^^^^^^^^^^^^^^^^^^^^^^^^^^^^
  File "/home/airflow/.local/lib/python3.11/site-packages/airflow/models/taskinstance.py", line 432, in _execute_callable
    return execute_callable(context=context, **execute_callable_kwargs)
           ^^^^^^^^^^^^^^^^^^^^^^^^^^^^^^^^^^^^^^^^^^^^^^^^^^^^^^^^^^^^
  File "/home/airflow/.local/lib/python3.11/site-packages/airflow/models/baseoperator.py", line 401, in wrapper
    return func(self, *args, **kwargs)
           ^^^^^^^^^^^^^^^^^^^^^^^^^^^
  File "/home/airflow/.local/lib/python3.11/site-packages/airflow/sensors/base.py", line 264, in execute
    raise e
  File "/home/airflow/.local/lib/python3.11/site-packages/airflow/sensors/base.py", line 246, in execute
    poke_return = self.poke(context)
                  ^^^^^^^^^^^^^^^^^^
  File "/home/airflow/.local/lib/python3.11/site-packages/airflow/sensors/python.py", line 76, in poke
    return_value = self.python_callable(*self.op_args, **self.op_kwargs)
                   ^^^^^^^^^^^^^^^^^^^^^^^^^^^^^^^^^^^^^^^^^^^^^^^^^^^^^
  File "/opt/airflow/dags/weather_hourly.py", line 61, in reference_is_ready
    return Variable.get("REFERENCE_READY", default_var="false").lower() == "true"
           ^^^^^^^^
NameError: name 'Variable' is not defined
[2025-12-29T03:29:39.224+0000] {taskinstance.py:1206} INFO - Marking task as FAILED. dag_id=weather_hourly, task_id=wait_for_reference_setup, run_id=scheduled__2025-12-29T02:15:00+00:00, execution_date=20251229T021500, start_date=20251229T032939, end_date=20251229T032939
[2025-12-29T03:29:39.235+0000] {standard_task_runner.py:110} ERROR - Failed to execute job 2 for task wait_for_reference_setup (name 'Variable' is not defined; 204)
[2025-12-29T03:29:39.271+0000] {local_task_job_runner.py:243} INFO - Task exited with return code 1
[2025-12-29T03:29:39.309+0000] {taskinstance.py:3503} INFO - 0 downstream tasks scheduled from follow-on schedule check
[2025-12-29T03:29:39.394+0000] {local_task_job_runner.py:222} INFO - ::endgroup::
[2025-12-29T03:45:42.147+0000] {local_task_job_runner.py:120} INFO - ::group::Pre task execution logs
[2025-12-29T03:45:42.175+0000] {taskinstance.py:2076} INFO - Dependencies all met for dep_context=non-requeueable deps ti=<TaskInstance: weather_hourly.wait_for_reference_setup scheduled__2025-12-29T02:15:00+00:00 [queued]>
[2025-12-29T03:45:42.183+0000] {taskinstance.py:2076} INFO - Dependencies all met for dep_context=requeueable deps ti=<TaskInstance: weather_hourly.wait_for_reference_setup scheduled__2025-12-29T02:15:00+00:00 [queued]>
[2025-12-29T03:45:42.183+0000] {taskinstance.py:2306} INFO - Starting attempt 1 of 1
[2025-12-29T03:45:42.196+0000] {taskinstance.py:2330} INFO - Executing <Task(PythonSensor): wait_for_reference_setup> on 2025-12-29 02:15:00+00:00
[2025-12-29T03:45:42.203+0000] {standard_task_runner.py:64} INFO - Started process 204 to run task
[2025-12-29T03:45:42.206+0000] {standard_task_runner.py:90} INFO - Running: ['***', 'tasks', 'run', 'weather_hourly', 'wait_for_reference_setup', 'scheduled__2025-12-29T02:15:00+00:00', '--job-id', '2', '--raw', '--subdir', 'DAGS_FOLDER/weather_hourly.py', '--cfg-path', '/tmp/tmpmplbp0vb']
[2025-12-29T03:45:42.208+0000] {standard_task_runner.py:91} INFO - Job 2: Subtask wait_for_reference_setup
[2025-12-29T03:45:42.258+0000] {task_command.py:426} INFO - Running <TaskInstance: weather_hourly.wait_for_reference_setup scheduled__2025-12-29T02:15:00+00:00 [running]> on host a89c93f0f8bf
[2025-12-29T03:45:42.342+0000] {taskinstance.py:2648} INFO - Exporting env vars: AIRFLOW_CTX_DAG_OWNER='***' AIRFLOW_CTX_DAG_ID='weather_hourly' AIRFLOW_CTX_TASK_ID='wait_for_reference_setup' AIRFLOW_CTX_EXECUTION_DATE='2025-12-29T02:15:00+00:00' AIRFLOW_CTX_TRY_NUMBER='1' AIRFLOW_CTX_DAG_RUN_ID='scheduled__2025-12-29T02:15:00+00:00'
[2025-12-29T03:45:42.343+0000] {taskinstance.py:430} INFO - ::endgroup::
[2025-12-29T03:45:42.367+0000] {python.py:75} INFO - Poking callable: <function reference_is_ready at 0x7f1a51fd8a40>
[2025-12-29T03:45:42.376+0000] {taskinstance.py:441} INFO - ::group::Post task execution logs
[2025-12-29T03:45:42.398+0000] {taskinstance.py:2865} INFO - Rescheduling task, marking task as UP_FOR_RESCHEDULE
[2025-12-29T03:45:42.418+0000] {local_task_job_runner.py:243} INFO - Task exited with return code 0
[2025-12-29T03:45:42.454+0000] {taskinstance.py:3503} INFO - 0 downstream tasks scheduled from follow-on schedule check
[2025-12-29T03:45:42.457+0000] {local_task_job_runner.py:222} INFO - ::endgroup::
[2025-12-29T03:46:43.258+0000] {local_task_job_runner.py:120} INFO - ::group::Pre task execution logs
[2025-12-29T03:46:43.426+0000] {taskinstance.py:2076} INFO - Dependencies all met for dep_context=non-requeueable deps ti=<TaskInstance: weather_hourly.wait_for_reference_setup scheduled__2025-12-29T02:15:00+00:00 [queued]>
[2025-12-29T03:46:43.432+0000] {taskinstance.py:2076} INFO - Dependencies all met for dep_context=requeueable deps ti=<TaskInstance: weather_hourly.wait_for_reference_setup scheduled__2025-12-29T02:15:00+00:00 [queued]>
[2025-12-29T03:46:43.433+0000] {taskinstance.py:2306} INFO - Starting attempt 1 of 1
[2025-12-29T03:46:43.443+0000] {taskinstance.py:2330} INFO - Executing <Task(PythonSensor): wait_for_reference_setup> on 2025-12-29 02:15:00+00:00
[2025-12-29T03:46:43.449+0000] {standard_task_runner.py:64} INFO - Started process 230 to run task
[2025-12-29T03:46:43.451+0000] {standard_task_runner.py:90} INFO - Running: ['***', 'tasks', 'run', 'weather_hourly', 'wait_for_reference_setup', 'scheduled__2025-12-29T02:15:00+00:00', '--job-id', '7', '--raw', '--subdir', 'DAGS_FOLDER/weather_hourly.py', '--cfg-path', '/tmp/tmpc3abl0sn']
[2025-12-29T03:46:43.453+0000] {standard_task_runner.py:91} INFO - Job 7: Subtask wait_for_reference_setup
[2025-12-29T03:46:43.496+0000] {task_command.py:426} INFO - Running <TaskInstance: weather_hourly.wait_for_reference_setup scheduled__2025-12-29T02:15:00+00:00 [running]> on host a89c93f0f8bf
[2025-12-29T03:46:43.567+0000] {taskinstance.py:2648} INFO - Exporting env vars: AIRFLOW_CTX_DAG_OWNER='***' AIRFLOW_CTX_DAG_ID='weather_hourly' AIRFLOW_CTX_TASK_ID='wait_for_reference_setup' AIRFLOW_CTX_EXECUTION_DATE='2025-12-29T02:15:00+00:00' AIRFLOW_CTX_TRY_NUMBER='1' AIRFLOW_CTX_DAG_RUN_ID='scheduled__2025-12-29T02:15:00+00:00'
[2025-12-29T03:46:43.568+0000] {taskinstance.py:430} INFO - ::endgroup::
[2025-12-29T03:46:43.588+0000] {python.py:75} INFO - Poking callable: <function reference_is_ready at 0x7f1a51fd8a40>
[2025-12-29T03:46:43.595+0000] {base.py:294} INFO - Success criteria met. Exiting.
[2025-12-29T03:46:43.596+0000] {taskinstance.py:441} INFO - ::group::Post task execution logs
[2025-12-29T03:46:43.605+0000] {taskinstance.py:1206} INFO - Marking task as SUCCESS. dag_id=weather_hourly, task_id=wait_for_reference_setup, run_id=scheduled__2025-12-29T02:15:00+00:00, execution_date=20251229T021500, start_date=20251229T034643, end_date=20251229T034643
[2025-12-29T03:46:43.625+0000] {local_task_job_runner.py:243} INFO - Task exited with return code 0
[2025-12-29T03:46:43.653+0000] {taskinstance.py:3503} INFO - 2 downstream tasks scheduled from follow-on schedule check
[2025-12-29T03:46:43.655+0000] {local_task_job_runner.py:222} INFO - ::endgroup::
