[2025-12-30T17:17:10.886+0000] {local_task_job_runner.py:120} INFO - ::group::Pre task execution logs
[2025-12-30T17:17:10.931+0000] {taskinstance.py:2076} INFO - Dependencies all met for dep_context=non-requeueable deps ti=<TaskInstance: reference_setup.dbt_reference_models scheduled__2025-12-29T00:00:00+00:00 [queued]>
[2025-12-30T17:17:10.944+0000] {taskinstance.py:2076} INFO - Dependencies all met for dep_context=requeueable deps ti=<TaskInstance: reference_setup.dbt_reference_models scheduled__2025-12-29T00:00:00+00:00 [queued]>
[2025-12-30T17:17:10.949+0000] {taskinstance.py:2306} INFO - Starting attempt 1 of 1
[2025-12-30T17:17:10.978+0000] {taskinstance.py:2330} INFO - Executing <Task(DockerOperator): dbt_reference_models> on 2025-12-29 00:00:00+00:00
[2025-12-30T17:17:10.987+0000] {standard_task_runner.py:64} INFO - Started process 216 to run task
[2025-12-30T17:17:10.990+0000] {standard_task_runner.py:90} INFO - Running: ['***', 'tasks', 'run', 'reference_setup', 'dbt_reference_models', 'scheduled__2025-12-29T00:00:00+00:00', '--job-id', '5', '--raw', '--subdir', 'DAGS_FOLDER/refrence_setup.py', '--cfg-path', '/tmp/tmpkfc_bhbm']
[2025-12-30T17:17:10.993+0000] {standard_task_runner.py:91} INFO - Job 5: Subtask dbt_reference_models
[2025-12-30T17:17:11.080+0000] {task_command.py:426} INFO - Running <TaskInstance: reference_setup.dbt_reference_models scheduled__2025-12-29T00:00:00+00:00 [running]> on host a6fd50e4079d
[2025-12-30T17:17:11.222+0000] {taskinstance.py:2648} INFO - Exporting env vars: AIRFLOW_CTX_DAG_OWNER='***' AIRFLOW_CTX_DAG_ID='reference_setup' AIRFLOW_CTX_TASK_ID='dbt_reference_models' AIRFLOW_CTX_EXECUTION_DATE='2025-12-29T00:00:00+00:00' AIRFLOW_CTX_TRY_NUMBER='1' AIRFLOW_CTX_DAG_RUN_ID='scheduled__2025-12-29T00:00:00+00:00'
[2025-12-30T17:17:11.223+0000] {taskinstance.py:430} INFO - ::endgroup::
[2025-12-30T17:17:11.286+0000] {docker.py:367} INFO - Starting docker container from image ghcr.io/dbt-labs/dbt-postgres:1.8.2
[2025-12-30T17:17:15.227+0000] {docker.py:438} INFO - [0m17:17:15  Running with dbt=1.8.3
[2025-12-30T17:17:15.653+0000] {docker.py:438} INFO - [0m17:17:15  Registered adapter: postgres=1.8.2
[2025-12-30T17:17:16.332+0000] {docker.py:438} INFO - [0m17:17:16  [[33mWARNING[0m]: Configuration paths exist in your dbt_project.yml file which do not apply to any resources.
[2025-12-30T17:17:16.332+0000] {docker.py:438} INFO - There are 1 unused configuration paths:
[2025-12-30T17:17:16.333+0000] {docker.py:438} INFO - - models.dbt_project.final
[2025-12-30T17:17:16.609+0000] {docker.py:438} INFO - [0m17:17:16  Found 12 models, 4 data tests, 415 macros
[2025-12-30T17:17:16.617+0000] {docker.py:438} INFO - [0m17:17:16
[2025-12-30T17:17:17.105+0000] {docker.py:438} INFO - [0m17:17:17  Concurrency: 1 threads (target='dev')
[2025-12-30T17:17:17.107+0000] {docker.py:438} INFO - [0m17:17:17
[2025-12-30T17:17:17.123+0000] {docker.py:438} INFO - [0m17:17:17  1 of 5 START sql view model dev_staging.stg_geo_plz ............................ [RUN]
[2025-12-30T17:17:17.366+0000] {docker.py:438} INFO - [0m17:17:17  1 of 5 OK created sql view model dev_staging.stg_geo_plz ....................... [[32mCREATE VIEW[0m in 0.24s]
[2025-12-30T17:17:17.371+0000] {docker.py:438} INFO - [0m17:17:17  2 of 5 START sql view model dev_staging.stg_weather_stations_list .............. [RUN]
[2025-12-30T17:17:17.483+0000] {docker.py:438} INFO - [0m17:17:17  2 of 5 OK created sql view model dev_staging.stg_weather_stations_list ......... [[32mCREATE VIEW[0m in 0.11s]
[2025-12-30T17:17:17.488+0000] {docker.py:438} INFO - [0m17:17:17  3 of 5 START sql view model dev_intermediate.int_geo_plz ....................... [RUN]
[2025-12-30T17:17:17.598+0000] {docker.py:438} INFO - [0m17:17:17  3 of 5 OK created sql view model dev_intermediate.int_geo_plz .................. [[32mCREATE VIEW[0m in 0.11s]
[2025-12-30T17:17:17.605+0000] {docker.py:438} INFO - [0m17:17:17  4 of 5 START sql view model dev_intermediate.int_weather_stations_list ......... [RUN]
[2025-12-30T17:17:17.714+0000] {docker.py:438} INFO - [0m17:17:17  4 of 5 OK created sql view model dev_intermediate.int_weather_stations_list .... [[32mCREATE VIEW[0m in 0.10s]
[2025-12-30T17:17:17.721+0000] {docker.py:438} INFO - [0m17:17:17  5 of 5 START sql view model dev_intermediate.int_berlin_weather_stations_plz ... [RUN]
[2025-12-30T17:17:17.832+0000] {docker.py:438} INFO - [0m17:17:17  5 of 5 OK created sql view model dev_intermediate.int_berlin_weather_stations_plz  [[32mCREATE VIEW[0m in 0.11s]
[2025-12-30T17:17:17.868+0000] {docker.py:438} INFO - [0m17:17:17
[2025-12-30T17:17:17.869+0000] {docker.py:438} INFO - [0m17:17:17  Finished running 5 view models in 0 hours 0 minutes and 1.25 seconds (1.25s).
[2025-12-30T17:17:17.973+0000] {docker.py:438} INFO - [0m17:17:17
[2025-12-30T17:17:17.974+0000] {docker.py:438} INFO - [0m17:17:17  [32mCompleted successfully[0m
[2025-12-30T17:17:17.976+0000] {docker.py:438} INFO - [0m17:17:17
[2025-12-30T17:17:17.980+0000] {docker.py:438} INFO - [0m17:17:17  Done. PASS=5 WARN=0 ERROR=0 SKIP=0 TOTAL=5
[2025-12-30T17:17:19.520+0000] {taskinstance.py:441} INFO - ::group::Post task execution logs
[2025-12-30T17:17:19.558+0000] {taskinstance.py:1206} INFO - Marking task as SUCCESS. dag_id=reference_setup, task_id=dbt_reference_models, run_id=scheduled__2025-12-29T00:00:00+00:00, execution_date=20251229T000000, start_date=20251230T171710, end_date=20251230T171719
[2025-12-30T17:17:19.621+0000] {local_task_job_runner.py:243} INFO - Task exited with return code 0
[2025-12-30T17:17:19.653+0000] {taskinstance.py:3503} INFO - 1 downstream tasks scheduled from follow-on schedule check
[2025-12-30T17:17:19.656+0000] {local_task_job_runner.py:222} INFO - ::endgroup::
