[2026-01-04T16:47:47.824+0000] {local_task_job_runner.py:120} INFO - ::group::Pre task execution logs
[2026-01-04T16:47:47.870+0000] {taskinstance.py:2076} INFO - Dependencies all met for dep_context=non-requeueable deps ti=<TaskInstance: weather_hourly.dbt_weather_models scheduled__2026-01-04T15:15:00+00:00 [queued]>
[2026-01-04T16:47:47.886+0000] {taskinstance.py:2076} INFO - Dependencies all met for dep_context=requeueable deps ti=<TaskInstance: weather_hourly.dbt_weather_models scheduled__2026-01-04T15:15:00+00:00 [queued]>
[2026-01-04T16:47:47.887+0000] {taskinstance.py:2306} INFO - Starting attempt 1 of 1
[2026-01-04T16:47:47.905+0000] {taskinstance.py:2330} INFO - Executing <Task(DockerOperator): dbt_weather_models> on 2026-01-04 15:15:00+00:00
[2026-01-04T16:47:47.914+0000] {standard_task_runner.py:64} INFO - Started process 1076 to run task
[2026-01-04T16:47:47.917+0000] {standard_task_runner.py:90} INFO - Running: ['***', 'tasks', 'run', 'weather_hourly', 'dbt_weather_models', 'scheduled__2026-01-04T15:15:00+00:00', '--job-id', '20', '--raw', '--subdir', 'DAGS_FOLDER/weather_hourly.py', '--cfg-path', '/tmp/tmp149cgmte']
[2026-01-04T16:47:47.920+0000] {standard_task_runner.py:91} INFO - Job 20: Subtask dbt_weather_models
[2026-01-04T16:47:47.989+0000] {task_command.py:426} INFO - Running <TaskInstance: weather_hourly.dbt_weather_models scheduled__2026-01-04T15:15:00+00:00 [running]> on host a6fd50e4079d
[2026-01-04T16:47:48.131+0000] {taskinstance.py:2648} INFO - Exporting env vars: AIRFLOW_CTX_DAG_OWNER='***' AIRFLOW_CTX_DAG_ID='weather_hourly' AIRFLOW_CTX_TASK_ID='dbt_weather_models' AIRFLOW_CTX_EXECUTION_DATE='2026-01-04T15:15:00+00:00' AIRFLOW_CTX_TRY_NUMBER='1' AIRFLOW_CTX_DAG_RUN_ID='scheduled__2026-01-04T15:15:00+00:00'
[2026-01-04T16:47:48.133+0000] {taskinstance.py:430} INFO - ::endgroup::
[2026-01-04T16:47:48.195+0000] {docker.py:367} INFO - Starting docker container from image ghcr.io/dbt-labs/dbt-postgres:1.8.2
[2026-01-04T16:47:50.434+0000] {docker.py:438} INFO - [0m16:47:50  Running with dbt=1.8.3
[2026-01-04T16:47:50.700+0000] {docker.py:438} INFO - [0m16:47:50  Registered adapter: postgres=1.8.2
[2026-01-04T16:47:51.129+0000] {docker.py:438} INFO - [0m16:47:51  [[33mWARNING[0m]: Configuration paths exist in your dbt_project.yml file which do not apply to any resources.
[2026-01-04T16:47:51.130+0000] {docker.py:438} INFO - There are 1 unused configuration paths:
[2026-01-04T16:47:51.131+0000] {docker.py:438} INFO - - models.dbt_project.final
[2026-01-04T16:47:51.327+0000] {docker.py:438} INFO - [0m16:47:51  Found 12 models, 4 data tests, 415 macros
[2026-01-04T16:47:51.333+0000] {docker.py:438} INFO - [0m16:47:51
[2026-01-04T16:47:51.650+0000] {docker.py:438} INFO - [0m16:47:51  Concurrency: 1 threads (target='dev')
[2026-01-04T16:47:51.652+0000] {docker.py:438} INFO - [0m16:47:51
[2026-01-04T16:47:51.674+0000] {docker.py:438} INFO - [0m16:47:51  1 of 4 START sql view model dev_staging.stg_current_weather_observations ....... [RUN]
[2026-01-04T16:47:51.913+0000] {docker.py:438} INFO - [0m16:47:51  1 of 4 OK created sql view model dev_staging.stg_current_weather_observations .. [[32mCREATE VIEW[0m in 0.23s]
[2026-01-04T16:47:51.919+0000] {docker.py:438} INFO - [0m16:47:51  2 of 4 START sql view model dev_staging.stg_forecast_weather ................... [RUN]
[2026-01-04T16:47:52.042+0000] {docker.py:438} INFO - [0m16:47:52  2 of 4 OK created sql view model dev_staging.stg_forecast_weather .............. [[32mCREATE VIEW[0m in 0.12s]
[2026-01-04T16:47:52.048+0000] {docker.py:438} INFO - [0m16:47:52  3 of 4 START sql view model dev_intermediate.int_latest_current_weather_observations  [RUN]
[2026-01-04T16:47:52.171+0000] {docker.py:438} INFO - [0m16:47:52  3 of 4 OK created sql view model dev_intermediate.int_latest_current_weather_observations  [[32mCREATE VIEW[0m in 0.12s]
[2026-01-04T16:47:52.178+0000] {docker.py:438} INFO - [0m16:47:52  4 of 4 START sql incremental model dev_intermediate.int_forecast_weather_scd2 .. [RUN]
[2026-01-04T16:47:52.486+0000] {docker.py:438} INFO - [0m16:47:52  4 of 4 OK created sql incremental model dev_intermediate.int_forecast_weather_scd2  [[32mINSERT 0 0[0m in 0.30s]
[2026-01-04T16:47:52.525+0000] {docker.py:438} INFO - [0m16:47:52
[2026-01-04T16:47:52.527+0000] {docker.py:438} INFO - [0m16:47:52  Finished running 3 view models, 1 incremental model in 0 hours 0 minutes and 1.19 seconds (1.19s).
[2026-01-04T16:47:52.618+0000] {docker.py:438} INFO - [0m16:47:52
[2026-01-04T16:47:52.620+0000] {docker.py:438} INFO - [0m16:47:52  [32mCompleted successfully[0m
[2026-01-04T16:47:52.622+0000] {docker.py:438} INFO - [0m16:47:52
[2026-01-04T16:47:52.624+0000] {docker.py:438} INFO - [0m16:47:52  Done. PASS=4 WARN=0 ERROR=0 SKIP=0 TOTAL=4
[2026-01-04T16:47:54.541+0000] {taskinstance.py:441} INFO - ::group::Post task execution logs
[2026-01-04T16:47:54.586+0000] {taskinstance.py:1206} INFO - Marking task as SUCCESS. dag_id=weather_hourly, task_id=dbt_weather_models, run_id=scheduled__2026-01-04T15:15:00+00:00, execution_date=20260104T151500, start_date=20260104T164747, end_date=20260104T164754
[2026-01-04T16:47:54.654+0000] {local_task_job_runner.py:243} INFO - Task exited with return code 0
[2026-01-04T16:47:54.691+0000] {taskinstance.py:3503} INFO - 0 downstream tasks scheduled from follow-on schedule check
[2026-01-04T16:47:54.694+0000] {local_task_job_runner.py:222} INFO - ::endgroup::
