[2026-01-04T16:46:36.965+0000] {local_task_job_runner.py:120} INFO - ::group::Pre task execution logs
[2026-01-04T16:46:37.409+0000] {taskinstance.py:2076} INFO - Dependencies all met for dep_context=non-requeueable deps ti=<TaskInstance: weather_hourly.ingest_weather_data.ingest_forecasts scheduled__2025-12-30T17:15:00+00:00 [queued]>
[2026-01-04T16:46:37.493+0000] {taskinstance.py:2076} INFO - Dependencies all met for dep_context=requeueable deps ti=<TaskInstance: weather_hourly.ingest_weather_data.ingest_forecasts scheduled__2025-12-30T17:15:00+00:00 [queued]>
[2026-01-04T16:46:39.778+0000] {taskinstance.py:2306} INFO - Starting attempt 1 of 1
[2026-01-04T16:46:39.835+0000] {taskinstance.py:2330} INFO - Executing <Task(DockerOperator): ingest_weather_data.ingest_forecasts> on 2025-12-30 17:15:00+00:00
[2026-01-04T16:46:39.850+0000] {standard_task_runner.py:64} INFO - Started process 1046 to run task
[2026-01-04T16:46:39.858+0000] {standard_task_runner.py:90} INFO - Running: ['***', 'tasks', 'run', 'weather_hourly', 'ingest_weather_data.ingest_forecasts', 'scheduled__2025-12-30T17:15:00+00:00', '--job-id', '14', '--raw', '--subdir', 'DAGS_FOLDER/weather_hourly.py', '--cfg-path', '/tmp/tmpr1jvkg69']
[2026-01-04T16:46:39.885+0000] {standard_task_runner.py:91} INFO - Job 14: Subtask ingest_weather_data.ingest_forecasts
[2026-01-04T16:46:40.092+0000] {task_command.py:426} INFO - Running <TaskInstance: weather_hourly.ingest_weather_data.ingest_forecasts scheduled__2025-12-30T17:15:00+00:00 [running]> on host a6fd50e4079d
[2026-01-04T16:46:40.364+0000] {taskinstance.py:2648} INFO - Exporting env vars: AIRFLOW_CTX_DAG_OWNER='***' AIRFLOW_CTX_DAG_ID='weather_hourly' AIRFLOW_CTX_TASK_ID='ingest_weather_data.ingest_forecasts' AIRFLOW_CTX_EXECUTION_DATE='2025-12-30T17:15:00+00:00' AIRFLOW_CTX_TRY_NUMBER='1' AIRFLOW_CTX_DAG_RUN_ID='scheduled__2025-12-30T17:15:00+00:00'
[2026-01-04T16:46:40.366+0000] {taskinstance.py:430} INFO - ::endgroup::
[2026-01-04T16:46:42.096+0000] {docker.py:367} INFO - Starting docker container from image weather-ingestion:latest
[2026-01-04T16:47:04.613+0000] {docker.py:438} INFO - 2026-01-04 16:47:04,609 - INFO - Connecting with db
[2026-01-04T16:47:04.732+0000] {docker.py:438} INFO - 2026-01-04 16:47:04,729 - INFO - 72 Hour forecast Weather for Stations 00400
[2026-01-04T16:47:04.970+0000] {docker.py:438} INFO - 2026-01-04 16:47:04,958 - INFO - 72 Hour forecast Weather for Stations 00403
[2026-01-04T16:47:05.436+0000] {docker.py:438} INFO - 2026-01-04 16:47:05,413 - INFO - 72 Hour forecast Weather for Stations 00410
[2026-01-04T16:47:05.708+0000] {docker.py:438} INFO - 2026-01-04 16:47:05,696 - INFO - 72 Hour forecast Weather for Stations 00420
[2026-01-04T16:47:06.231+0000] {docker.py:438} INFO - 2026-01-04 16:47:06,070 - INFO - 72 Hour forecast Weather for Stations 00427
[2026-01-04T16:47:06.852+0000] {docker.py:438} INFO - 2026-01-04 16:47:06,824 - INFO - 72 Hour forecast Weather for Stations 00430
[2026-01-04T16:47:07.035+0000] {docker.py:438} INFO - 2026-01-04 16:47:07,030 - INFO - 72 Hour forecast Weather for Stations 00433
[2026-01-04T16:47:07.243+0000] {docker.py:438} INFO - 2026-01-04 16:47:07,227 - INFO - Connecting with db
[2026-01-04T16:47:08.167+0000] {docker.py:438} INFO - 2026-01-04 16:47:08,159 - INFO - data inserted into db
[2026-01-04T16:47:12.122+0000] {taskinstance.py:441} INFO - ::group::Post task execution logs
[2026-01-04T16:47:13.171+0000] {taskinstance.py:1206} INFO - Marking task as SUCCESS. dag_id=weather_hourly, task_id=ingest_weather_data.ingest_forecasts, run_id=scheduled__2025-12-30T17:15:00+00:00, execution_date=20251230T171500, start_date=20260104T164637, end_date=20260104T164713
[2026-01-04T16:47:13.300+0000] {local_task_job_runner.py:243} INFO - Task exited with return code 0
[2026-01-04T16:47:13.396+0000] {taskinstance.py:3503} INFO - 0 downstream tasks scheduled from follow-on schedule check
[2026-01-04T16:47:13.426+0000] {local_task_job_runner.py:222} INFO - ::endgroup::
