[2026-01-04T16:48:01.123+0000] {local_task_job_runner.py:120} INFO - ::group::Pre task execution logs
[2026-01-04T16:48:01.158+0000] {taskinstance.py:2076} INFO - Dependencies all met for dep_context=non-requeueable deps ti=<TaskInstance: reference_setup.ingest_reference_data.ingest_geo_plz scheduled__2026-01-03T00:00:00+00:00 [queued]>
[2026-01-04T16:48:01.167+0000] {taskinstance.py:2076} INFO - Dependencies all met for dep_context=requeueable deps ti=<TaskInstance: reference_setup.ingest_reference_data.ingest_geo_plz scheduled__2026-01-03T00:00:00+00:00 [queued]>
[2026-01-04T16:48:01.168+0000] {taskinstance.py:2306} INFO - Starting attempt 1 of 1
[2026-01-04T16:48:01.185+0000] {taskinstance.py:2330} INFO - Executing <Task(DockerOperator): ingest_reference_data.ingest_geo_plz> on 2026-01-03 00:00:00+00:00
[2026-01-04T16:48:01.193+0000] {standard_task_runner.py:64} INFO - Started process 1083 to run task
[2026-01-04T16:48:01.196+0000] {standard_task_runner.py:90} INFO - Running: ['***', 'tasks', 'run', 'reference_setup', 'ingest_reference_data.ingest_geo_plz', 'scheduled__2026-01-03T00:00:00+00:00', '--job-id', '23', '--raw', '--subdir', 'DAGS_FOLDER/refrence_setup.py', '--cfg-path', '/tmp/tmpo9suu0sy']
[2026-01-04T16:48:01.199+0000] {standard_task_runner.py:91} INFO - Job 23: Subtask ingest_reference_data.ingest_geo_plz
[2026-01-04T16:48:01.254+0000] {task_command.py:426} INFO - Running <TaskInstance: reference_setup.ingest_reference_data.ingest_geo_plz scheduled__2026-01-03T00:00:00+00:00 [running]> on host a6fd50e4079d
[2026-01-04T16:48:01.350+0000] {taskinstance.py:2648} INFO - Exporting env vars: AIRFLOW_CTX_DAG_OWNER='***' AIRFLOW_CTX_DAG_ID='reference_setup' AIRFLOW_CTX_TASK_ID='ingest_reference_data.ingest_geo_plz' AIRFLOW_CTX_EXECUTION_DATE='2026-01-03T00:00:00+00:00' AIRFLOW_CTX_TRY_NUMBER='1' AIRFLOW_CTX_DAG_RUN_ID='scheduled__2026-01-03T00:00:00+00:00'
[2026-01-04T16:48:01.351+0000] {taskinstance.py:430} INFO - ::endgroup::
[2026-01-04T16:48:01.397+0000] {docker.py:367} INFO - Starting docker container from image weather-ingestion:latest
[2026-01-04T16:48:02.853+0000] {docker.py:438} INFO - 2026-01-04 16:48:02,851 - ERROR - Unable to delete File, Error : name 'plz_file_decomp' is not defined
[2026-01-04T16:48:02.854+0000] {docker.py:438} INFO - 2026-01-04 16:48:02,852 - INFO - Decompressing Plz File
[2026-01-04T16:48:03.955+0000] {docker.py:438} INFO - 2026-01-04 16:48:03,953 - INFO - Writing Plz File
[2026-01-04T16:48:04.290+0000] {docker.py:438} INFO - 2026-01-04 16:48:04,289 - INFO - File Written Successfully
[2026-01-04T16:48:04.312+0000] {docker.py:438} INFO - 2026-01-04 16:48:04,311 - INFO - Reading Plz File
[2026-01-04T16:48:14.797+0000] {docker.py:438} INFO - 2026-01-04 16:48:14,795 - INFO - Restricting Postal Codes to Berlin
[2026-01-04T16:48:14.841+0000] {docker.py:438} INFO - 2026-01-04 16:48:14,840 - INFO - Connecting with db
[2026-01-04T16:48:14.842+0000] {docker.py:438} INFO - 
[2026-01-04T16:48:14.991+0000] {docker.py:438} INFO - 2026-01-04 16:48:14,989 - ERROR - Unable to delete File, Error : name 'plz_file_decomp' is not defined
[2026-01-04T16:48:15.831+0000] {taskinstance.py:441} INFO - ::group::Post task execution logs
[2026-01-04T16:48:15.863+0000] {taskinstance.py:1206} INFO - Marking task as SUCCESS. dag_id=reference_setup, task_id=ingest_reference_data.ingest_geo_plz, run_id=scheduled__2026-01-03T00:00:00+00:00, execution_date=20260103T000000, start_date=20260104T164801, end_date=20260104T164815
[2026-01-04T16:48:15.910+0000] {local_task_job_runner.py:243} INFO - Task exited with return code 0
[2026-01-04T16:48:15.933+0000] {taskinstance.py:3503} INFO - 1 downstream tasks scheduled from follow-on schedule check
[2026-01-04T16:48:15.935+0000] {local_task_job_runner.py:222} INFO - ::endgroup::
