[2025-12-29T04:15:02.707+0000] {local_task_job_runner.py:120} INFO - ::group::Pre task execution logs
[2025-12-29T04:15:02.897+0000] {taskinstance.py:2076} INFO - Dependencies all met for dep_context=non-requeueable deps ti=<TaskInstance: weather_hourly.ingest_weather_data.ingest_forecasts scheduled__2025-12-29T03:15:00+00:00 [queued]>
[2025-12-29T04:15:02.904+0000] {taskinstance.py:2076} INFO - Dependencies all met for dep_context=requeueable deps ti=<TaskInstance: weather_hourly.ingest_weather_data.ingest_forecasts scheduled__2025-12-29T03:15:00+00:00 [queued]>
[2025-12-29T04:15:02.906+0000] {taskinstance.py:2306} INFO - Starting attempt 1 of 1
[2025-12-29T04:15:02.916+0000] {taskinstance.py:2330} INFO - Executing <Task(DockerOperator): ingest_weather_data.ingest_forecasts> on 2025-12-29 03:15:00+00:00
[2025-12-29T04:15:02.922+0000] {standard_task_runner.py:64} INFO - Started process 671 to run task
[2025-12-29T04:15:02.925+0000] {standard_task_runner.py:90} INFO - Running: ['***', 'tasks', 'run', 'weather_hourly', 'ingest_weather_data.ingest_forecasts', 'scheduled__2025-12-29T03:15:00+00:00', '--job-id', '28', '--raw', '--subdir', 'DAGS_FOLDER/weather_hourly.py', '--cfg-path', '/tmp/tmplso314na']
[2025-12-29T04:15:02.927+0000] {standard_task_runner.py:91} INFO - Job 28: Subtask ingest_weather_data.ingest_forecasts
[2025-12-29T04:15:02.974+0000] {task_command.py:426} INFO - Running <TaskInstance: weather_hourly.ingest_weather_data.ingest_forecasts scheduled__2025-12-29T03:15:00+00:00 [running]> on host a89c93f0f8bf
[2025-12-29T04:15:03.052+0000] {taskinstance.py:2648} INFO - Exporting env vars: AIRFLOW_CTX_DAG_OWNER='***' AIRFLOW_CTX_DAG_ID='weather_hourly' AIRFLOW_CTX_TASK_ID='ingest_weather_data.ingest_forecasts' AIRFLOW_CTX_EXECUTION_DATE='2025-12-29T03:15:00+00:00' AIRFLOW_CTX_TRY_NUMBER='1' AIRFLOW_CTX_DAG_RUN_ID='scheduled__2025-12-29T03:15:00+00:00'
[2025-12-29T04:15:03.053+0000] {taskinstance.py:430} INFO - ::endgroup::
[2025-12-29T04:15:03.087+0000] {docker.py:367} INFO - Starting docker container from image weather-ingestion:latest
[2025-12-29T04:15:04.139+0000] {docker.py:438} INFO - 2025-12-29 04:15:04,138 - INFO - Connecting with db
[2025-12-29T04:15:04.160+0000] {docker.py:438} INFO - 2025-12-29 04:15:04,159 - INFO - 72 Hour forecast Weather for Stations 00400
[2025-12-29T04:15:05.354+0000] {docker.py:438} INFO - 2025-12-29 04:15:05,353 - INFO - 72 Hour forecast Weather for Stations 00403
[2025-12-29T04:15:05.490+0000] {docker.py:438} INFO - 2025-12-29 04:15:05,489 - INFO - 72 Hour forecast Weather for Stations 00410
[2025-12-29T04:15:05.621+0000] {docker.py:438} INFO - 2025-12-29 04:15:05,620 - INFO - 72 Hour forecast Weather for Stations 00420
[2025-12-29T04:15:05.773+0000] {docker.py:438} INFO - 2025-12-29 04:15:05,772 - INFO - 72 Hour forecast Weather for Stations 00427
[2025-12-29T04:15:05.906+0000] {docker.py:438} INFO - 2025-12-29 04:15:05,905 - INFO - 72 Hour forecast Weather for Stations 00430
[2025-12-29T04:15:06.056+0000] {docker.py:438} INFO - 2025-12-29 04:15:06,055 - INFO - 72 Hour forecast Weather for Stations 00433
[2025-12-29T04:15:06.189+0000] {docker.py:438} INFO - 2025-12-29 04:15:06,187 - INFO - Connecting with db
[2025-12-29T04:15:06.231+0000] {docker.py:438} INFO - 2025-12-29 04:15:06,230 - INFO - data inserted into db
[2025-12-29T04:15:06.633+0000] {taskinstance.py:441} INFO - ::group::Post task execution logs
[2025-12-29T04:15:06.654+0000] {taskinstance.py:1206} INFO - Marking task as SUCCESS. dag_id=weather_hourly, task_id=ingest_weather_data.ingest_forecasts, run_id=scheduled__2025-12-29T03:15:00+00:00, execution_date=20251229T031500, start_date=20251229T041502, end_date=20251229T041506
[2025-12-29T04:15:06.672+0000] {local_task_job_runner.py:243} INFO - Task exited with return code 0
[2025-12-29T04:15:06.695+0000] {taskinstance.py:3503} INFO - 0 downstream tasks scheduled from follow-on schedule check
[2025-12-29T04:15:06.697+0000] {local_task_job_runner.py:222} INFO - ::endgroup::
