[2025-12-29T04:15:02.707+0000] {local_task_job_runner.py:120} INFO - ::group::Pre task execution logs
[2025-12-29T04:15:02.907+0000] {taskinstance.py:2076} INFO - Dependencies all met for dep_context=non-requeueable deps ti=<TaskInstance: weather_hourly.ingest_weather_data.ingest_observations scheduled__2025-12-29T03:15:00+00:00 [queued]>
[2025-12-29T04:15:02.915+0000] {taskinstance.py:2076} INFO - Dependencies all met for dep_context=requeueable deps ti=<TaskInstance: weather_hourly.ingest_weather_data.ingest_observations scheduled__2025-12-29T03:15:00+00:00 [queued]>
[2025-12-29T04:15:02.916+0000] {taskinstance.py:2306} INFO - Starting attempt 1 of 1
[2025-12-29T04:15:02.926+0000] {taskinstance.py:2330} INFO - Executing <Task(DockerOperator): ingest_weather_data.ingest_observations> on 2025-12-29 03:15:00+00:00
[2025-12-29T04:15:02.932+0000] {standard_task_runner.py:64} INFO - Started process 672 to run task
[2025-12-29T04:15:02.935+0000] {standard_task_runner.py:90} INFO - Running: ['***', 'tasks', 'run', 'weather_hourly', 'ingest_weather_data.ingest_observations', 'scheduled__2025-12-29T03:15:00+00:00', '--job-id', '27', '--raw', '--subdir', 'DAGS_FOLDER/weather_hourly.py', '--cfg-path', '/tmp/tmp6nc5ry_8']
[2025-12-29T04:15:02.938+0000] {standard_task_runner.py:91} INFO - Job 27: Subtask ingest_weather_data.ingest_observations
[2025-12-29T04:15:02.984+0000] {task_command.py:426} INFO - Running <TaskInstance: weather_hourly.ingest_weather_data.ingest_observations scheduled__2025-12-29T03:15:00+00:00 [running]> on host a89c93f0f8bf
[2025-12-29T04:15:03.061+0000] {taskinstance.py:2648} INFO - Exporting env vars: AIRFLOW_CTX_DAG_OWNER='***' AIRFLOW_CTX_DAG_ID='weather_hourly' AIRFLOW_CTX_TASK_ID='ingest_weather_data.ingest_observations' AIRFLOW_CTX_EXECUTION_DATE='2025-12-29T03:15:00+00:00' AIRFLOW_CTX_TRY_NUMBER='1' AIRFLOW_CTX_DAG_RUN_ID='scheduled__2025-12-29T03:15:00+00:00'
[2025-12-29T04:15:03.062+0000] {taskinstance.py:430} INFO - ::endgroup::
[2025-12-29T04:15:03.098+0000] {docker.py:367} INFO - Starting docker container from image weather-ingestion:latest
[2025-12-29T04:15:04.238+0000] {docker.py:438} INFO - 2025-12-29 04:15:04,237 - INFO - Connecting with db
[2025-12-29T04:15:04.247+0000] {docker.py:438} INFO - 2025-12-29 04:15:04,246 - INFO - Fetching Berlin's Station list
[2025-12-29T04:15:04.259+0000] {docker.py:438} INFO - 2025-12-29 04:15:04,257 - INFO - Getting Current Weather for Stations 00400
[2025-12-29T04:15:05.395+0000] {docker.py:438} INFO - 2025-12-29 04:15:05,394 - INFO - Getting Current Weather for Stations 00403
[2025-12-29T04:15:05.576+0000] {docker.py:438} INFO - 2025-12-29 04:15:05,575 - INFO - Getting Current Weather for Stations 00410
[2025-12-29T04:15:05.747+0000] {docker.py:438} INFO - 2025-12-29 04:15:05,746 - ERROR - HTTP error occured: 404 Client Error: Not Found for url: https://api.brightsky.dev/current_weather?dwd_station_id=00410
[2025-12-29T04:15:05.748+0000] {docker.py:438} INFO - 2025-12-29 04:15:05,747 - ERROR - Response body: {"detail":"Could not find current weather for your location criteria"}
[2025-12-29T04:15:05.748+0000] {docker.py:438} INFO - 2025-12-29 04:15:05,747 - INFO - Getting Current Weather for Stations 00420
[2025-12-29T04:15:05.877+0000] {docker.py:438} INFO - 2025-12-29 04:15:05,876 - INFO - Getting Current Weather for Stations 00427
[2025-12-29T04:15:06.056+0000] {docker.py:438} INFO - 2025-12-29 04:15:06,055 - INFO - Getting Current Weather for Stations 00430
[2025-12-29T04:15:06.227+0000] {docker.py:438} INFO - 2025-12-29 04:15:06,226 - ERROR - HTTP error occured: 404 Client Error: Not Found for url: https://api.brightsky.dev/current_weather?dwd_station_id=00430
[2025-12-29T04:15:06.228+0000] {docker.py:438} INFO - 2025-12-29 04:15:06,226 - ERROR - Response body: {"detail":"Could not find current weather for your location criteria"}
[2025-12-29T04:15:06.228+0000] {docker.py:438} INFO - 2025-12-29 04:15:06,226 - INFO - Getting Current Weather for Stations 00433
[2025-12-29T04:15:06.404+0000] {docker.py:438} INFO - 2025-12-29 04:15:06,403 - INFO - Connecting with db
[2025-12-29T04:15:06.412+0000] {docker.py:438} INFO - 2025-12-29 04:15:06,411 - ERROR - db error : relation "raw.weather_observations" does not exist
[2025-12-29T04:15:06.413+0000] {docker.py:438} INFO - LINE 2:         INSERT INTO raw.weather_observations (
[2025-12-29T04:15:06.413+0000] {docker.py:438} INFO -                             ^
[2025-12-29T04:15:06.913+0000] {taskinstance.py:441} INFO - ::group::Post task execution logs
[2025-12-29T04:15:06.934+0000] {taskinstance.py:1206} INFO - Marking task as SUCCESS. dag_id=weather_hourly, task_id=ingest_weather_data.ingest_observations, run_id=scheduled__2025-12-29T03:15:00+00:00, execution_date=20251229T031500, start_date=20251229T041502, end_date=20251229T041506
[2025-12-29T04:15:06.963+0000] {local_task_job_runner.py:243} INFO - Task exited with return code 0
[2025-12-29T04:15:06.985+0000] {taskinstance.py:3503} INFO - 1 downstream tasks scheduled from follow-on schedule check
[2025-12-29T04:15:06.987+0000] {local_task_job_runner.py:222} INFO - ::endgroup::
