[2026-01-04T16:47:41.538+0000] {local_task_job_runner.py:120} INFO - ::group::Pre task execution logs
[2026-01-04T16:47:41.606+0000] {taskinstance.py:2076} INFO - Dependencies all met for dep_context=non-requeueable deps ti=<TaskInstance: weather_hourly.ingest_weather_data.ingest_forecasts scheduled__2026-01-04T15:15:00+00:00 [queued]>
[2026-01-04T16:47:41.627+0000] {taskinstance.py:2076} INFO - Dependencies all met for dep_context=requeueable deps ti=<TaskInstance: weather_hourly.ingest_weather_data.ingest_forecasts scheduled__2026-01-04T15:15:00+00:00 [queued]>
[2026-01-04T16:47:41.629+0000] {taskinstance.py:2306} INFO - Starting attempt 1 of 1
[2026-01-04T16:47:41.657+0000] {taskinstance.py:2330} INFO - Executing <Task(DockerOperator): ingest_weather_data.ingest_forecasts> on 2026-01-04 15:15:00+00:00
[2026-01-04T16:47:41.670+0000] {standard_task_runner.py:64} INFO - Started process 1073 to run task
[2026-01-04T16:47:41.674+0000] {standard_task_runner.py:90} INFO - Running: ['***', 'tasks', 'run', 'weather_hourly', 'ingest_weather_data.ingest_forecasts', 'scheduled__2026-01-04T15:15:00+00:00', '--job-id', '18', '--raw', '--subdir', 'DAGS_FOLDER/weather_hourly.py', '--cfg-path', '/tmp/tmpg54jj091']
[2026-01-04T16:47:41.678+0000] {standard_task_runner.py:91} INFO - Job 18: Subtask ingest_weather_data.ingest_forecasts
[2026-01-04T16:47:41.805+0000] {task_command.py:426} INFO - Running <TaskInstance: weather_hourly.ingest_weather_data.ingest_forecasts scheduled__2026-01-04T15:15:00+00:00 [running]> on host a6fd50e4079d
[2026-01-04T16:47:42.011+0000] {taskinstance.py:2648} INFO - Exporting env vars: AIRFLOW_CTX_DAG_OWNER='***' AIRFLOW_CTX_DAG_ID='weather_hourly' AIRFLOW_CTX_TASK_ID='ingest_weather_data.ingest_forecasts' AIRFLOW_CTX_EXECUTION_DATE='2026-01-04T15:15:00+00:00' AIRFLOW_CTX_TRY_NUMBER='1' AIRFLOW_CTX_DAG_RUN_ID='scheduled__2026-01-04T15:15:00+00:00'
[2026-01-04T16:47:42.012+0000] {taskinstance.py:430} INFO - ::endgroup::
[2026-01-04T16:47:42.086+0000] {docker.py:367} INFO - Starting docker container from image weather-ingestion:latest
[2026-01-04T16:47:44.267+0000] {docker.py:438} INFO - 2026-01-04 16:47:44,264 - INFO - Connecting with db
[2026-01-04T16:47:44.296+0000] {docker.py:438} INFO - 2026-01-04 16:47:44,294 - INFO - 72 Hour forecast Weather for Stations 00400
[2026-01-04T16:47:44.493+0000] {docker.py:438} INFO - 2026-01-04 16:47:44,491 - INFO - 72 Hour forecast Weather for Stations 00403
[2026-01-04T16:47:44.639+0000] {docker.py:438} INFO - 2026-01-04 16:47:44,637 - INFO - 72 Hour forecast Weather for Stations 00410
[2026-01-04T16:47:44.822+0000] {docker.py:438} INFO - 2026-01-04 16:47:44,821 - INFO - 72 Hour forecast Weather for Stations 00420
[2026-01-04T16:47:44.962+0000] {docker.py:438} INFO - 2026-01-04 16:47:44,960 - INFO - 72 Hour forecast Weather for Stations 00427
[2026-01-04T16:47:45.163+0000] {docker.py:438} INFO - 2026-01-04 16:47:45,161 - INFO - 72 Hour forecast Weather for Stations 00430
[2026-01-04T16:47:45.312+0000] {docker.py:438} INFO - 2026-01-04 16:47:45,310 - INFO - 72 Hour forecast Weather for Stations 00433
[2026-01-04T16:47:45.463+0000] {docker.py:438} INFO - 2026-01-04 16:47:45,460 - INFO - Connecting with db
[2026-01-04T16:47:45.560+0000] {docker.py:438} INFO - 2026-01-04 16:47:45,559 - INFO - data inserted into db
[2026-01-04T16:47:46.510+0000] {taskinstance.py:441} INFO - ::group::Post task execution logs
[2026-01-04T16:47:46.545+0000] {taskinstance.py:1206} INFO - Marking task as SUCCESS. dag_id=weather_hourly, task_id=ingest_weather_data.ingest_forecasts, run_id=scheduled__2026-01-04T15:15:00+00:00, execution_date=20260104T151500, start_date=20260104T164741, end_date=20260104T164746
[2026-01-04T16:47:46.597+0000] {local_task_job_runner.py:243} INFO - Task exited with return code 0
[2026-01-04T16:47:46.634+0000] {taskinstance.py:3503} INFO - 1 downstream tasks scheduled from follow-on schedule check
[2026-01-04T16:47:46.637+0000] {local_task_job_runner.py:222} INFO - ::endgroup::
