[2025-12-29T02:37:53.392+0000] {local_task_job_runner.py:120} INFO - ::group::Pre task execution logs
[2025-12-29T02:37:53.418+0000] {taskinstance.py:2076} INFO - Dependencies all met for dep_context=non-requeueable deps ti=<TaskInstance: reference_setup.ingest_reference_data.ingest_stations manual__2025-12-29T02:33:07+00:00 [queued]>
[2025-12-29T02:37:53.425+0000] {taskinstance.py:2076} INFO - Dependencies all met for dep_context=requeueable deps ti=<TaskInstance: reference_setup.ingest_reference_data.ingest_stations manual__2025-12-29T02:33:07+00:00 [queued]>
[2025-12-29T02:37:53.426+0000] {taskinstance.py:2306} INFO - Starting attempt 1 of 1
[2025-12-29T02:37:53.436+0000] {taskinstance.py:2330} INFO - Executing <Task(DockerOperator): ingest_reference_data.ingest_stations> on 2025-12-29 02:33:07+00:00
[2025-12-29T02:37:53.441+0000] {standard_task_runner.py:64} INFO - Started process 386 to run task
[2025-12-29T02:37:53.444+0000] {standard_task_runner.py:90} INFO - Running: ['***', 'tasks', 'run', 'reference_setup', 'ingest_reference_data.ingest_stations', 'manual__2025-12-29T02:33:07+00:00', '--job-id', '2', '--raw', '--subdir', 'DAGS_FOLDER/refrence_setup.py', '--cfg-path', '/tmp/tmpivvjb752']
[2025-12-29T02:37:53.446+0000] {standard_task_runner.py:91} INFO - Job 2: Subtask ingest_reference_data.ingest_stations
[2025-12-29T02:37:53.494+0000] {task_command.py:426} INFO - Running <TaskInstance: reference_setup.ingest_reference_data.ingest_stations manual__2025-12-29T02:33:07+00:00 [running]> on host b4f558978544
[2025-12-29T02:37:53.577+0000] {taskinstance.py:2648} INFO - Exporting env vars: AIRFLOW_CTX_DAG_OWNER='***' AIRFLOW_CTX_DAG_ID='reference_setup' AIRFLOW_CTX_TASK_ID='ingest_reference_data.ingest_stations' AIRFLOW_CTX_EXECUTION_DATE='2025-12-29T02:33:07+00:00' AIRFLOW_CTX_TRY_NUMBER='1' AIRFLOW_CTX_DAG_RUN_ID='manual__2025-12-29T02:33:07+00:00'
[2025-12-29T02:37:53.578+0000] {taskinstance.py:430} INFO - ::endgroup::
[2025-12-29T02:37:53.602+0000] {docker.py:157} ERROR - Failed to establish connection to Docker host unix://var/run/docker.sock: Error while fetching server API version: ('Connection aborted.', FileNotFoundError(2, 'No such file or directory'))
[2025-12-29T02:37:53.603+0000] {taskinstance.py:441} INFO - ::group::Post task execution logs
[2025-12-29T02:37:53.612+0000] {taskinstance.py:2905} ERROR - Task failed with exception
Traceback (most recent call last):
  File "/home/airflow/.local/lib/python3.11/site-packages/airflow/models/taskinstance.py", line 465, in _execute_task
    result = _execute_callable(context=context, **execute_callable_kwargs)
             ^^^^^^^^^^^^^^^^^^^^^^^^^^^^^^^^^^^^^^^^^^^^^^^^^^^^^^^^^^^^^
  File "/home/airflow/.local/lib/python3.11/site-packages/airflow/models/taskinstance.py", line 432, in _execute_callable
    return execute_callable(context=context, **execute_callable_kwargs)
           ^^^^^^^^^^^^^^^^^^^^^^^^^^^^^^^^^^^^^^^^^^^^^^^^^^^^^^^^^^^^
  File "/home/airflow/.local/lib/python3.11/site-packages/airflow/models/baseoperator.py", line 401, in wrapper
    return func(self, *args, **kwargs)
           ^^^^^^^^^^^^^^^^^^^^^^^^^^^
  File "/home/airflow/.local/lib/python3.11/site-packages/airflow/providers/docker/operators/docker.py", line 495, in execute
    if self.force_pull or not self.cli.images(name=self.image):
                              ^^^^^^^^
  File "/home/airflow/.local/lib/python3.11/site-packages/airflow/providers/docker/operators/docker.py", line 363, in cli
    return self.hook.api_client
           ^^^^^^^^^^^^^^^^^^^^
  File "/usr/local/lib/python3.11/functools.py", line 1001, in __get__
    val = self.func(instance)
          ^^^^^^^^^^^^^^^^^^^
  File "/home/airflow/.local/lib/python3.11/site-packages/airflow/providers/docker/hooks/docker.py", line 161, in api_client
    raise AirflowException("Failed to establish connection to any given Docker hosts.")
airflow.exceptions.AirflowException: Failed to establish connection to any given Docker hosts.
[2025-12-29T02:37:53.617+0000] {taskinstance.py:1206} INFO - Marking task as FAILED. dag_id=reference_setup, task_id=ingest_reference_data.ingest_stations, run_id=manual__2025-12-29T02:33:07+00:00, execution_date=20251229T023307, start_date=20251229T023753, end_date=20251229T023753
[2025-12-29T02:37:53.630+0000] {standard_task_runner.py:110} ERROR - Failed to execute job 2 for task ingest_reference_data.ingest_stations (Failed to establish connection to any given Docker hosts.; 386)
[2025-12-29T02:37:53.657+0000] {local_task_job_runner.py:243} INFO - Task exited with return code 1
[2025-12-29T02:37:53.680+0000] {taskinstance.py:3503} INFO - 0 downstream tasks scheduled from follow-on schedule check
[2025-12-29T02:37:53.684+0000] {local_task_job_runner.py:222} INFO - ::endgroup::
