[2025-12-29T03:48:37.144+0000] {local_task_job_runner.py:120} INFO - ::group::Pre task execution logs
[2025-12-29T03:48:37.312+0000] {taskinstance.py:2076} INFO - Dependencies all met for dep_context=non-requeueable deps ti=<TaskInstance: weather_hourly.ingest_weather_data.ingest_forecasts manual__2025-12-29T03:48:35.751742+00:00 [queued]>
[2025-12-29T03:48:37.322+0000] {taskinstance.py:2076} INFO - Dependencies all met for dep_context=requeueable deps ti=<TaskInstance: weather_hourly.ingest_weather_data.ingest_forecasts manual__2025-12-29T03:48:35.751742+00:00 [queued]>
[2025-12-29T03:48:37.323+0000] {taskinstance.py:2306} INFO - Starting attempt 1 of 1
[2025-12-29T03:48:37.335+0000] {taskinstance.py:2330} INFO - Executing <Task(DockerOperator): ingest_weather_data.ingest_forecasts> on 2025-12-29 03:48:35.751742+00:00
[2025-12-29T03:48:37.342+0000] {standard_task_runner.py:64} INFO - Started process 203 to run task
[2025-12-29T03:48:37.344+0000] {standard_task_runner.py:90} INFO - Running: ['***', 'tasks', 'run', 'weather_hourly', 'ingest_weather_data.ingest_forecasts', 'manual__2025-12-29T03:48:35.751742+00:00', '--job-id', '14', '--raw', '--subdir', 'DAGS_FOLDER/weather_hourly.py', '--cfg-path', '/tmp/tmpf8j5zrl1']
[2025-12-29T03:48:37.345+0000] {standard_task_runner.py:91} INFO - Job 14: Subtask ingest_weather_data.ingest_forecasts
[2025-12-29T03:48:37.393+0000] {task_command.py:426} INFO - Running <TaskInstance: weather_hourly.ingest_weather_data.ingest_forecasts manual__2025-12-29T03:48:35.751742+00:00 [running]> on host a89c93f0f8bf
[2025-12-29T03:48:37.475+0000] {taskinstance.py:2648} INFO - Exporting env vars: AIRFLOW_CTX_DAG_OWNER='***' AIRFLOW_CTX_DAG_ID='weather_hourly' AIRFLOW_CTX_TASK_ID='ingest_weather_data.ingest_forecasts' AIRFLOW_CTX_EXECUTION_DATE='2025-12-29T03:48:35.751742+00:00' AIRFLOW_CTX_TRY_NUMBER='1' AIRFLOW_CTX_DAG_RUN_ID='manual__2025-12-29T03:48:35.751742+00:00'
[2025-12-29T03:48:37.476+0000] {taskinstance.py:430} INFO - ::endgroup::
[2025-12-29T03:48:37.520+0000] {docker.py:367} INFO - Starting docker container from image weather-ingestion:latest
[2025-12-29T03:48:38.685+0000] {docker.py:438} INFO - 2025-12-29 03:48:38,684 - INFO - Connecting with db
[2025-12-29T03:48:38.705+0000] {docker.py:438} INFO - 2025-12-29 03:48:38,704 - INFO - 72 Hour forecast Weather for Stations 00400
[2025-12-29T03:48:38.845+0000] {docker.py:438} INFO - 2025-12-29 03:48:38,844 - INFO - 72 Hour forecast Weather for Stations 00403
[2025-12-29T03:48:38.987+0000] {docker.py:438} INFO - 2025-12-29 03:48:38,986 - INFO - 72 Hour forecast Weather for Stations 00410
[2025-12-29T03:48:39.121+0000] {docker.py:438} INFO - 2025-12-29 03:48:39,120 - INFO - 72 Hour forecast Weather for Stations 00420
[2025-12-29T03:48:39.253+0000] {docker.py:438} INFO - 2025-12-29 03:48:39,252 - INFO - 72 Hour forecast Weather for Stations 00427
[2025-12-29T03:48:39.389+0000] {docker.py:438} INFO - 2025-12-29 03:48:39,389 - INFO - 72 Hour forecast Weather for Stations 00430
[2025-12-29T03:48:39.526+0000] {docker.py:438} INFO - 2025-12-29 03:48:39,525 - INFO - 72 Hour forecast Weather for Stations 00433
[2025-12-29T03:48:39.681+0000] {docker.py:438} INFO - 2025-12-29 03:48:39,679 - INFO - Connecting with db
[2025-12-29T03:48:39.730+0000] {docker.py:438} INFO - 2025-12-29 03:48:39,729 - INFO - data inserted into db
[2025-12-29T03:48:40.421+0000] {taskinstance.py:441} INFO - ::group::Post task execution logs
[2025-12-29T03:48:40.443+0000] {taskinstance.py:1206} INFO - Marking task as SUCCESS. dag_id=weather_hourly, task_id=ingest_weather_data.ingest_forecasts, run_id=manual__2025-12-29T03:48:35.751742+00:00, execution_date=20251229T034835, start_date=20251229T034837, end_date=20251229T034840
[2025-12-29T03:48:40.489+0000] {local_task_job_runner.py:243} INFO - Task exited with return code 0
[2025-12-29T03:48:40.511+0000] {taskinstance.py:3503} INFO - 0 downstream tasks scheduled from follow-on schedule check
[2025-12-29T03:48:40.513+0000] {local_task_job_runner.py:222} INFO - ::endgroup::
