[2025-12-29T05:25:11.863+0000] {local_task_job_runner.py:120} INFO - ::group::Pre task execution logs
[2025-12-29T05:25:12.037+0000] {taskinstance.py:2076} INFO - Dependencies all met for dep_context=non-requeueable deps ti=<TaskInstance: weather_hourly.dbt_weather_models manual__2025-12-29T05:25:06.144059+00:00 [queued]>
[2025-12-29T05:25:12.044+0000] {taskinstance.py:2076} INFO - Dependencies all met for dep_context=requeueable deps ti=<TaskInstance: weather_hourly.dbt_weather_models manual__2025-12-29T05:25:06.144059+00:00 [queued]>
[2025-12-29T05:25:12.045+0000] {taskinstance.py:2306} INFO - Starting attempt 1 of 1
[2025-12-29T05:25:12.056+0000] {taskinstance.py:2330} INFO - Executing <Task(DockerOperator): dbt_weather_models> on 2025-12-29 05:25:06.144059+00:00
[2025-12-29T05:25:12.062+0000] {standard_task_runner.py:64} INFO - Started process 216 to run task
[2025-12-29T05:25:12.064+0000] {standard_task_runner.py:90} INFO - Running: ['***', 'tasks', 'run', 'weather_hourly', 'dbt_weather_models', 'manual__2025-12-29T05:25:06.144059+00:00', '--job-id', '15', '--raw', '--subdir', 'DAGS_FOLDER/weather_hourly.py', '--cfg-path', '/tmp/tmpvoogyfiz']
[2025-12-29T05:25:12.066+0000] {standard_task_runner.py:91} INFO - Job 15: Subtask dbt_weather_models
[2025-12-29T05:25:12.105+0000] {task_command.py:426} INFO - Running <TaskInstance: weather_hourly.dbt_weather_models manual__2025-12-29T05:25:06.144059+00:00 [running]> on host 86ae71ae83a3
[2025-12-29T05:25:12.178+0000] {taskinstance.py:2648} INFO - Exporting env vars: AIRFLOW_CTX_DAG_OWNER='***' AIRFLOW_CTX_DAG_ID='weather_hourly' AIRFLOW_CTX_TASK_ID='dbt_weather_models' AIRFLOW_CTX_EXECUTION_DATE='2025-12-29T05:25:06.144059+00:00' AIRFLOW_CTX_TRY_NUMBER='1' AIRFLOW_CTX_DAG_RUN_ID='manual__2025-12-29T05:25:06.144059+00:00'
[2025-12-29T05:25:12.179+0000] {taskinstance.py:430} INFO - ::endgroup::
[2025-12-29T05:25:12.214+0000] {docker.py:367} INFO - Starting docker container from image ghcr.io/dbt-labs/dbt-postgres:1.8.2
[2025-12-29T05:25:14.168+0000] {docker.py:438} INFO - [0m05:25:14  Running with dbt=1.8.3
[2025-12-29T05:25:14.364+0000] {docker.py:438} INFO - [0m05:25:14  Registered adapter: postgres=1.8.2
[2025-12-29T05:25:14.968+0000] {docker.py:438} INFO - [0m05:25:14  [[33mWARNING[0m]: Configuration paths exist in your dbt_project.yml file which do not apply to any resources.
[2025-12-29T05:25:14.969+0000] {docker.py:438} INFO - There are 1 unused configuration paths:
[2025-12-29T05:25:14.969+0000] {docker.py:438} INFO - - models.dbt_project.final
[2025-12-29T05:25:15.075+0000] {docker.py:438} INFO - [0m05:25:15  Found 12 models, 4 data tests, 415 macros
[2025-12-29T05:25:15.077+0000] {docker.py:438} INFO - [0m05:25:15
[2025-12-29T05:25:15.239+0000] {docker.py:438} INFO - [0m05:25:15  Concurrency: 1 threads (target='dev')
[2025-12-29T05:25:15.240+0000] {docker.py:438} INFO - [0m05:25:15
[2025-12-29T05:25:15.249+0000] {docker.py:438} INFO - [0m05:25:15  1 of 4 START sql view model dev_staging.stg_current_weather_observations ....... [RUN]
[2025-12-29T05:25:15.382+0000] {docker.py:438} INFO - [0m05:25:15  1 of 4 OK created sql view model dev_staging.stg_current_weather_observations .. [[32mCREATE VIEW[0m in 0.13s]
[2025-12-29T05:25:15.385+0000] {docker.py:438} INFO - [0m05:25:15  2 of 4 START sql view model dev_staging.stg_forecast_weather ................... [RUN]
[2025-12-29T05:25:15.441+0000] {docker.py:438} INFO - [0m05:25:15  2 of 4 OK created sql view model dev_staging.stg_forecast_weather .............. [[32mCREATE VIEW[0m in 0.05s]
[2025-12-29T05:25:15.444+0000] {docker.py:438} INFO - [0m05:25:15  3 of 4 START sql view model dev_intermediate.int_latest_current_weather_observations  [RUN]
[2025-12-29T05:25:15.485+0000] {docker.py:438} INFO - [0m05:25:15  3 of 4 ERROR creating sql view model dev_intermediate.int_latest_current_weather_observations  [[31mERROR[0m in 0.04s]
[2025-12-29T05:25:15.488+0000] {docker.py:438} INFO - [0m05:25:15  4 of 4 START sql incremental model dev_intermediate.int_forecast_weather_scd2 .. [RUN]
[2025-12-29T05:25:15.589+0000] {docker.py:438} INFO - [0m05:25:15  4 of 4 OK created sql incremental model dev_intermediate.int_forecast_weather_scd2  [[32mSELECT 511[0m in 0.10s]
[2025-12-29T05:25:15.605+0000] {docker.py:438} INFO - [0m05:25:15
[2025-12-29T05:25:15.605+0000] {docker.py:438} INFO - [0m05:25:15  Finished running 3 view models, 1 incremental model in 0 hours 0 minutes and 0.53 seconds (0.53s).
[2025-12-29T05:25:15.721+0000] {docker.py:438} INFO - [0m05:25:15
[2025-12-29T05:25:15.722+0000] {docker.py:438} INFO - [0m05:25:15  [31mCompleted with 1 error and 0 warnings:[0m
[2025-12-29T05:25:15.723+0000] {docker.py:438} INFO - [0m05:25:15
[2025-12-29T05:25:15.724+0000] {docker.py:438} INFO - [0m05:25:15    Database Error in model int_latest_current_weather_observations (models/intermediate/int_latest_current_weather_observations.sql)
[2025-12-29T05:25:15.724+0000] {docker.py:438} INFO -   column c.source_id does not exist
[2025-12-29T05:25:15.724+0000] {docker.py:438} INFO -   LINE 83:                 partition by c.source_id
[2025-12-29T05:25:15.725+0000] {docker.py:438} INFO -                                         ^
[2025-12-29T05:25:15.725+0000] {docker.py:438} INFO -   compiled Code at target/run/dbt_project/models/intermediate/int_latest_current_weather_observations.sql
[2025-12-29T05:25:15.725+0000] {docker.py:438} INFO - [0m05:25:15
[2025-12-29T05:25:15.725+0000] {docker.py:438} INFO - [0m05:25:15  Done. PASS=3 WARN=0 ERROR=1 SKIP=0 TOTAL=4
[2025-12-29T05:25:16.868+0000] {taskinstance.py:441} INFO - ::group::Post task execution logs
[2025-12-29T05:25:16.878+0000] {taskinstance.py:2905} ERROR - Task failed with exception
Traceback (most recent call last):
  File "/home/airflow/.local/lib/python3.11/site-packages/airflow/models/taskinstance.py", line 465, in _execute_task
    result = _execute_callable(context=context, **execute_callable_kwargs)
             ^^^^^^^^^^^^^^^^^^^^^^^^^^^^^^^^^^^^^^^^^^^^^^^^^^^^^^^^^^^^^
  File "/home/airflow/.local/lib/python3.11/site-packages/airflow/models/taskinstance.py", line 432, in _execute_callable
    return execute_callable(context=context, **execute_callable_kwargs)
           ^^^^^^^^^^^^^^^^^^^^^^^^^^^^^^^^^^^^^^^^^^^^^^^^^^^^^^^^^^^^
  File "/home/airflow/.local/lib/python3.11/site-packages/airflow/models/baseoperator.py", line 401, in wrapper
    return func(self, *args, **kwargs)
           ^^^^^^^^^^^^^^^^^^^^^^^^^^^
  File "/home/airflow/.local/lib/python3.11/site-packages/airflow/providers/docker/operators/docker.py", line 513, in execute
    return self._run_image()
           ^^^^^^^^^^^^^^^^^
  File "/home/airflow/.local/lib/python3.11/site-packages/airflow/providers/docker/operators/docker.py", line 384, in _run_image
    return self._run_image_with_mounts(self.mounts, add_tmp_variable=False)
           ^^^^^^^^^^^^^^^^^^^^^^^^^^^^^^^^^^^^^^^^^^^^^^^^^^^^^^^^^^^^^^^^
  File "/home/airflow/.local/lib/python3.11/site-packages/airflow/providers/docker/operators/docker.py", line 446, in _run_image_with_mounts
    raise DockerContainerFailedException(f"Docker container failed: {result!r}", logs=log_lines)
airflow.providers.docker.exceptions.DockerContainerFailedException: Docker container failed: {'StatusCode': 1}
[2025-12-29T05:25:16.881+0000] {taskinstance.py:1206} INFO - Marking task as FAILED. dag_id=weather_hourly, task_id=dbt_weather_models, run_id=manual__2025-12-29T05:25:06.144059+00:00, execution_date=20251229T052506, start_date=20251229T052512, end_date=20251229T052516
[2025-12-29T05:25:16.891+0000] {standard_task_runner.py:110} ERROR - Failed to execute job 15 for task dbt_weather_models (Docker container failed: {'StatusCode': 1}; 216)
[2025-12-29T05:25:16.935+0000] {local_task_job_runner.py:243} INFO - Task exited with return code 1
[2025-12-29T05:25:16.951+0000] {taskinstance.py:3503} INFO - 0 downstream tasks scheduled from follow-on schedule check
[2025-12-29T05:25:16.953+0000] {local_task_job_runner.py:222} INFO - ::endgroup::
