[2025-12-30T17:17:44.392+0000] {local_task_job_runner.py:120} INFO - ::group::Pre task execution logs
[2025-12-30T17:17:44.636+0000] {taskinstance.py:2076} INFO - Dependencies all met for dep_context=non-requeueable deps ti=<TaskInstance: weather_hourly.ingest_weather_data.ingest_forecasts scheduled__2025-12-30T16:15:00+00:00 [queued]>
[2025-12-30T17:17:44.651+0000] {taskinstance.py:2076} INFO - Dependencies all met for dep_context=requeueable deps ti=<TaskInstance: weather_hourly.ingest_weather_data.ingest_forecasts scheduled__2025-12-30T16:15:00+00:00 [queued]>
[2025-12-30T17:17:44.682+0000] {taskinstance.py:2306} INFO - Starting attempt 1 of 1
[2025-12-30T17:17:44.705+0000] {taskinstance.py:2330} INFO - Executing <Task(DockerOperator): ingest_weather_data.ingest_forecasts> on 2025-12-30 16:15:00+00:00
[2025-12-30T17:17:44.712+0000] {standard_task_runner.py:64} INFO - Started process 233 to run task
[2025-12-30T17:17:44.717+0000] {standard_task_runner.py:90} INFO - Running: ['***', 'tasks', 'run', 'weather_hourly', 'ingest_weather_data.ingest_forecasts', 'scheduled__2025-12-30T16:15:00+00:00', '--job-id', '8', '--raw', '--subdir', 'DAGS_FOLDER/weather_hourly.py', '--cfg-path', '/tmp/tmp4clli_zv']
[2025-12-30T17:17:44.721+0000] {standard_task_runner.py:91} INFO - Job 8: Subtask ingest_weather_data.ingest_forecasts
[2025-12-30T17:17:44.802+0000] {task_command.py:426} INFO - Running <TaskInstance: weather_hourly.ingest_weather_data.ingest_forecasts scheduled__2025-12-30T16:15:00+00:00 [running]> on host a6fd50e4079d
[2025-12-30T17:17:44.932+0000] {taskinstance.py:2648} INFO - Exporting env vars: AIRFLOW_CTX_DAG_OWNER='***' AIRFLOW_CTX_DAG_ID='weather_hourly' AIRFLOW_CTX_TASK_ID='ingest_weather_data.ingest_forecasts' AIRFLOW_CTX_EXECUTION_DATE='2025-12-30T16:15:00+00:00' AIRFLOW_CTX_TRY_NUMBER='1' AIRFLOW_CTX_DAG_RUN_ID='scheduled__2025-12-30T16:15:00+00:00'
[2025-12-30T17:17:44.933+0000] {taskinstance.py:430} INFO - ::endgroup::
[2025-12-30T17:17:44.996+0000] {docker.py:367} INFO - Starting docker container from image weather-ingestion:latest
[2025-12-30T17:17:47.033+0000] {docker.py:438} INFO - 2025-12-30 17:17:47,031 - INFO - Connecting with db
[2025-12-30T17:17:47.071+0000] {docker.py:438} INFO - 2025-12-30 17:17:47,068 - INFO - Connecting with db
[2025-12-30T17:17:47.082+0000] {docker.py:438} INFO - 2025-12-30 17:17:47,081 - INFO - data inserted into db
[2025-12-30T17:17:47.769+0000] {taskinstance.py:441} INFO - ::group::Post task execution logs
[2025-12-30T17:17:47.816+0000] {taskinstance.py:1206} INFO - Marking task as SUCCESS. dag_id=weather_hourly, task_id=ingest_weather_data.ingest_forecasts, run_id=scheduled__2025-12-30T16:15:00+00:00, execution_date=20251230T161500, start_date=20251230T171744, end_date=20251230T171747
[2025-12-30T17:17:47.874+0000] {local_task_job_runner.py:243} INFO - Task exited with return code 0
[2025-12-30T17:17:47.931+0000] {taskinstance.py:3503} INFO - 0 downstream tasks scheduled from follow-on schedule check
[2025-12-30T17:17:47.936+0000] {local_task_job_runner.py:222} INFO - ::endgroup::
