[2025-12-29T03:46:44.326+0000] {local_task_job_runner.py:120} INFO - ::group::Pre task execution logs
[2025-12-29T03:46:44.499+0000] {taskinstance.py:2076} INFO - Dependencies all met for dep_context=non-requeueable deps ti=<TaskInstance: weather_hourly.ingest_weather_data.ingest_observations scheduled__2025-12-29T02:15:00+00:00 [queued]>
[2025-12-29T03:46:44.507+0000] {taskinstance.py:2076} INFO - Dependencies all met for dep_context=requeueable deps ti=<TaskInstance: weather_hourly.ingest_weather_data.ingest_observations scheduled__2025-12-29T02:15:00+00:00 [queued]>
[2025-12-29T03:46:44.508+0000] {taskinstance.py:2306} INFO - Starting attempt 1 of 1
[2025-12-29T03:46:44.518+0000] {taskinstance.py:2330} INFO - Executing <Task(DockerOperator): ingest_weather_data.ingest_observations> on 2025-12-29 02:15:00+00:00
[2025-12-29T03:46:44.524+0000] {standard_task_runner.py:64} INFO - Started process 233 to run task
[2025-12-29T03:46:44.526+0000] {standard_task_runner.py:90} INFO - Running: ['***', 'tasks', 'run', 'weather_hourly', 'ingest_weather_data.ingest_observations', 'scheduled__2025-12-29T02:15:00+00:00', '--job-id', '9', '--raw', '--subdir', 'DAGS_FOLDER/weather_hourly.py', '--cfg-path', '/tmp/tmpg4cooqmh']
[2025-12-29T03:46:44.528+0000] {standard_task_runner.py:91} INFO - Job 9: Subtask ingest_weather_data.ingest_observations
[2025-12-29T03:46:44.573+0000] {task_command.py:426} INFO - Running <TaskInstance: weather_hourly.ingest_weather_data.ingest_observations scheduled__2025-12-29T02:15:00+00:00 [running]> on host a89c93f0f8bf
[2025-12-29T03:46:44.655+0000] {taskinstance.py:2648} INFO - Exporting env vars: AIRFLOW_CTX_DAG_OWNER='***' AIRFLOW_CTX_DAG_ID='weather_hourly' AIRFLOW_CTX_TASK_ID='ingest_weather_data.ingest_observations' AIRFLOW_CTX_EXECUTION_DATE='2025-12-29T02:15:00+00:00' AIRFLOW_CTX_TRY_NUMBER='1' AIRFLOW_CTX_DAG_RUN_ID='scheduled__2025-12-29T02:15:00+00:00'
[2025-12-29T03:46:44.655+0000] {taskinstance.py:430} INFO - ::endgroup::
[2025-12-29T03:46:44.691+0000] {docker.py:367} INFO - Starting docker container from image weather-ingestion:latest
[2025-12-29T03:46:45.762+0000] {docker.py:438} INFO - 2025-12-29 03:46:45,761 - INFO - Connecting with db
[2025-12-29T03:46:45.770+0000] {docker.py:438} INFO - 2025-12-29 03:46:45,769 - INFO - Fetching Berlin's Station list
[2025-12-29T03:46:45.783+0000] {docker.py:438} INFO - 2025-12-29 03:46:45,781 - INFO - Getting Current Weather for Stations 00400
[2025-12-29T03:46:45.996+0000] {docker.py:438} INFO - 2025-12-29 03:46:45,995 - INFO - Getting Current Weather for Stations 00403
[2025-12-29T03:46:46.139+0000] {docker.py:438} INFO - 2025-12-29 03:46:46,138 - INFO - Getting Current Weather for Stations 00410
[2025-12-29T03:46:46.279+0000] {docker.py:438} INFO - 2025-12-29 03:46:46,278 - ERROR - HTTP error occured: 404 Client Error: Not Found for url: https://api.brightsky.dev/current_weather?dwd_station_id=00410
[2025-12-29T03:46:46.280+0000] {docker.py:438} INFO - 2025-12-29 03:46:46,278 - ERROR - Response body: {"detail":"Could not find current weather for your location criteria"}
[2025-12-29T03:46:46.280+0000] {docker.py:438} INFO - 2025-12-29 03:46:46,278 - INFO - Getting Current Weather for Stations 00420
[2025-12-29T03:46:46.461+0000] {docker.py:438} INFO - 2025-12-29 03:46:46,460 - INFO - Getting Current Weather for Stations 00427
[2025-12-29T03:46:46.637+0000] {docker.py:438} INFO - 2025-12-29 03:46:46,636 - INFO - Getting Current Weather for Stations 00430
[2025-12-29T03:46:46.769+0000] {docker.py:438} INFO - 2025-12-29 03:46:46,767 - ERROR - HTTP error occured: 404 Client Error: Not Found for url: https://api.brightsky.dev/current_weather?dwd_station_id=00430
[2025-12-29T03:46:46.769+0000] {docker.py:438} INFO - 2025-12-29 03:46:46,768 - ERROR - Response body: {"detail":"Could not find current weather for your location criteria"}
[2025-12-29T03:46:46.770+0000] {docker.py:438} INFO - 2025-12-29 03:46:46,768 - INFO - Getting Current Weather for Stations 00433
[2025-12-29T03:46:46.949+0000] {docker.py:438} INFO - 2025-12-29 03:46:46,948 - INFO - Connecting with db
[2025-12-29T03:46:46.958+0000] {docker.py:438} INFO - 2025-12-29 03:46:46,956 - ERROR - db error : relation "raw.weather_observations" does not exist
[2025-12-29T03:46:46.958+0000] {docker.py:438} INFO - LINE 2:         INSERT INTO raw.weather_observations (
[2025-12-29T03:46:46.959+0000] {docker.py:438} INFO -                             ^
[2025-12-29T03:46:47.635+0000] {taskinstance.py:441} INFO - ::group::Post task execution logs
[2025-12-29T03:46:47.659+0000] {taskinstance.py:1206} INFO - Marking task as SUCCESS. dag_id=weather_hourly, task_id=ingest_weather_data.ingest_observations, run_id=scheduled__2025-12-29T02:15:00+00:00, execution_date=20251229T021500, start_date=20251229T034644, end_date=20251229T034647
[2025-12-29T03:46:47.713+0000] {local_task_job_runner.py:243} INFO - Task exited with return code 0
[2025-12-29T03:46:47.736+0000] {taskinstance.py:3503} INFO - 1 downstream tasks scheduled from follow-on schedule check
[2025-12-29T03:46:47.738+0000] {local_task_job_runner.py:222} INFO - ::endgroup::
