[2026-01-04T17:37:45.401+0000] {local_task_job_runner.py:120} INFO - ::group::Pre task execution logs
[2026-01-04T17:37:45.433+0000] {taskinstance.py:2076} INFO - Dependencies all met for dep_context=non-requeueable deps ti=<TaskInstance: weather_hourly.ingest_weather_data.ingest_observations manual__2026-01-04T17:37:43.432483+00:00 [queued]>
[2026-01-04T17:37:45.439+0000] {taskinstance.py:2076} INFO - Dependencies all met for dep_context=requeueable deps ti=<TaskInstance: weather_hourly.ingest_weather_data.ingest_observations manual__2026-01-04T17:37:43.432483+00:00 [queued]>
[2026-01-04T17:37:45.440+0000] {taskinstance.py:2306} INFO - Starting attempt 1 of 1
[2026-01-04T17:37:45.451+0000] {taskinstance.py:2330} INFO - Executing <Task(DockerOperator): ingest_weather_data.ingest_observations> on 2026-01-04 17:37:43.432483+00:00
[2026-01-04T17:37:45.457+0000] {standard_task_runner.py:64} INFO - Started process 2091 to run task
[2026-01-04T17:37:45.459+0000] {standard_task_runner.py:90} INFO - Running: ['***', 'tasks', 'run', 'weather_hourly', 'ingest_weather_data.ingest_observations', 'manual__2026-01-04T17:37:43.432483+00:00', '--job-id', '32', '--raw', '--subdir', 'DAGS_FOLDER/weather_hourly.py', '--cfg-path', '/tmp/tmpyqvliv_d']
[2026-01-04T17:37:45.462+0000] {standard_task_runner.py:91} INFO - Job 32: Subtask ingest_weather_data.ingest_observations
[2026-01-04T17:37:45.520+0000] {task_command.py:426} INFO - Running <TaskInstance: weather_hourly.ingest_weather_data.ingest_observations manual__2026-01-04T17:37:43.432483+00:00 [running]> on host a6fd50e4079d
[2026-01-04T17:37:45.621+0000] {taskinstance.py:2648} INFO - Exporting env vars: AIRFLOW_CTX_DAG_OWNER='***' AIRFLOW_CTX_DAG_ID='weather_hourly' AIRFLOW_CTX_TASK_ID='ingest_weather_data.ingest_observations' AIRFLOW_CTX_EXECUTION_DATE='2026-01-04T17:37:43.432483+00:00' AIRFLOW_CTX_TRY_NUMBER='1' AIRFLOW_CTX_DAG_RUN_ID='manual__2026-01-04T17:37:43.432483+00:00'
[2026-01-04T17:37:45.623+0000] {taskinstance.py:430} INFO - ::endgroup::
[2026-01-04T17:37:45.663+0000] {docker.py:367} INFO - Starting docker container from image weather-ingestion:latest
[2026-01-04T17:37:46.945+0000] {docker.py:438} INFO - 2026-01-04 17:37:46,943 - INFO - Connecting with db
[2026-01-04T17:37:46.954+0000] {docker.py:438} INFO - 2026-01-04 17:37:46,953 - INFO - Fetching Berlin's Station list
[2026-01-04T17:37:46.964+0000] {docker.py:438} INFO - 2026-01-04 17:37:46,963 - INFO - Getting Current Weather for Stations 00400
[2026-01-04T17:37:47.150+0000] {docker.py:438} INFO - 2026-01-04 17:37:47,149 - INFO - Getting Current Weather for Stations 00403
[2026-01-04T17:37:47.282+0000] {docker.py:438} INFO - 2026-01-04 17:37:47,281 - INFO - Getting Current Weather for Stations 00410
[2026-01-04T17:37:47.455+0000] {docker.py:438} INFO - 2026-01-04 17:37:47,454 - ERROR - HTTP error occured: 404 Client Error: Not Found for url: https://api.brightsky.dev/current_weather?dwd_station_id=00410
[2026-01-04T17:37:47.456+0000] {docker.py:438} INFO - 2026-01-04 17:37:47,454 - ERROR - Response body: {"detail":"Could not find current weather for your location criteria"}
[2026-01-04T17:37:47.456+0000] {docker.py:438} INFO - 2026-01-04 17:37:47,454 - INFO - Getting Current Weather for Stations 00420
[2026-01-04T17:37:47.628+0000] {docker.py:438} INFO - 2026-01-04 17:37:47,627 - INFO - Getting Current Weather for Stations 00427
[2026-01-04T17:37:47.803+0000] {docker.py:438} INFO - 2026-01-04 17:37:47,802 - INFO - Getting Current Weather for Stations 00430
[2026-01-04T17:37:47.977+0000] {docker.py:438} INFO - 2026-01-04 17:37:47,975 - ERROR - HTTP error occured: 404 Client Error: Not Found for url: https://api.brightsky.dev/current_weather?dwd_station_id=00430
[2026-01-04T17:37:47.977+0000] {docker.py:438} INFO - 2026-01-04 17:37:47,976 - ERROR - Response body: {"detail":"Could not find current weather for your location criteria"}
[2026-01-04T17:37:47.978+0000] {docker.py:438} INFO - 2026-01-04 17:37:47,976 - INFO - Getting Current Weather for Stations 00433
[2026-01-04T17:37:48.154+0000] {docker.py:438} INFO - 2026-01-04 17:37:48,153 - INFO - Connecting with db
[2026-01-04T17:37:48.162+0000] {docker.py:438} INFO - 2026-01-04 17:37:48,160 - ERROR - db error : relation "raw.weather_observations" does not exist
[2026-01-04T17:37:48.162+0000] {docker.py:438} INFO - LINE 2:         INSERT INTO raw.weather_observations (
[2026-01-04T17:37:48.162+0000] {docker.py:438} INFO -                             ^
[2026-01-04T17:37:48.658+0000] {taskinstance.py:441} INFO - ::group::Post task execution logs
[2026-01-04T17:37:48.685+0000] {taskinstance.py:1206} INFO - Marking task as SUCCESS. dag_id=weather_hourly, task_id=ingest_weather_data.ingest_observations, run_id=manual__2026-01-04T17:37:43.432483+00:00, execution_date=20260104T173743, start_date=20260104T173745, end_date=20260104T173748
[2026-01-04T17:37:48.724+0000] {local_task_job_runner.py:243} INFO - Task exited with return code 0
[2026-01-04T17:37:48.747+0000] {taskinstance.py:3503} INFO - 1 downstream tasks scheduled from follow-on schedule check
[2026-01-04T17:37:48.749+0000] {local_task_job_runner.py:222} INFO - ::endgroup::
