[2025-12-29T03:50:49.584+0000] {local_task_job_runner.py:120} INFO - ::group::Pre task execution logs
[2025-12-29T03:50:49.766+0000] {taskinstance.py:2076} INFO - Dependencies all met for dep_context=non-requeueable deps ti=<TaskInstance: weather_hourly.ingest_weather_data.ingest_forecasts manual__2025-12-29T03:50:48.203697+00:00 [queued]>
[2025-12-29T03:50:49.774+0000] {taskinstance.py:2076} INFO - Dependencies all met for dep_context=requeueable deps ti=<TaskInstance: weather_hourly.ingest_weather_data.ingest_forecasts manual__2025-12-29T03:50:48.203697+00:00 [queued]>
[2025-12-29T03:50:49.775+0000] {taskinstance.py:2306} INFO - Starting attempt 1 of 1
[2025-12-29T03:50:49.786+0000] {taskinstance.py:2330} INFO - Executing <Task(DockerOperator): ingest_weather_data.ingest_forecasts> on 2025-12-29 03:50:48.203697+00:00
[2025-12-29T03:50:49.792+0000] {standard_task_runner.py:64} INFO - Started process 204 to run task
[2025-12-29T03:50:49.796+0000] {standard_task_runner.py:90} INFO - Running: ['***', 'tasks', 'run', 'weather_hourly', 'ingest_weather_data.ingest_forecasts', 'manual__2025-12-29T03:50:48.203697+00:00', '--job-id', '18', '--raw', '--subdir', 'DAGS_FOLDER/weather_hourly.py', '--cfg-path', '/tmp/tmpl3f3tx0c']
[2025-12-29T03:50:49.798+0000] {standard_task_runner.py:91} INFO - Job 18: Subtask ingest_weather_data.ingest_forecasts
[2025-12-29T03:50:49.843+0000] {task_command.py:426} INFO - Running <TaskInstance: weather_hourly.ingest_weather_data.ingest_forecasts manual__2025-12-29T03:50:48.203697+00:00 [running]> on host a89c93f0f8bf
[2025-12-29T03:50:49.924+0000] {taskinstance.py:2648} INFO - Exporting env vars: AIRFLOW_CTX_DAG_OWNER='***' AIRFLOW_CTX_DAG_ID='weather_hourly' AIRFLOW_CTX_TASK_ID='ingest_weather_data.ingest_forecasts' AIRFLOW_CTX_EXECUTION_DATE='2025-12-29T03:50:48.203697+00:00' AIRFLOW_CTX_TRY_NUMBER='1' AIRFLOW_CTX_DAG_RUN_ID='manual__2025-12-29T03:50:48.203697+00:00'
[2025-12-29T03:50:49.925+0000] {taskinstance.py:430} INFO - ::endgroup::
[2025-12-29T03:50:49.971+0000] {docker.py:367} INFO - Starting docker container from image weather-ingestion:latest
[2025-12-29T03:50:51.093+0000] {docker.py:438} INFO - 2025-12-29 03:50:51,091 - INFO - Connecting with db
[2025-12-29T03:50:51.112+0000] {docker.py:438} INFO - 2025-12-29 03:50:51,110 - INFO - 72 Hour forecast Weather for Stations 00400
[2025-12-29T03:50:51.258+0000] {docker.py:438} INFO - 2025-12-29 03:50:51,257 - INFO - 72 Hour forecast Weather for Stations 00403
[2025-12-29T03:50:51.399+0000] {docker.py:438} INFO - 2025-12-29 03:50:51,398 - INFO - 72 Hour forecast Weather for Stations 00410
[2025-12-29T03:50:51.543+0000] {docker.py:438} INFO - 2025-12-29 03:50:51,541 - INFO - 72 Hour forecast Weather for Stations 00420
[2025-12-29T03:50:51.685+0000] {docker.py:438} INFO - 2025-12-29 03:50:51,684 - INFO - 72 Hour forecast Weather for Stations 00427
[2025-12-29T03:50:51.819+0000] {docker.py:438} INFO - 2025-12-29 03:50:51,818 - INFO - 72 Hour forecast Weather for Stations 00430
[2025-12-29T03:50:51.969+0000] {docker.py:438} INFO - 2025-12-29 03:50:51,968 - INFO - 72 Hour forecast Weather for Stations 00433
[2025-12-29T03:50:52.111+0000] {docker.py:438} INFO - 2025-12-29 03:50:52,110 - INFO - Connecting with db
[2025-12-29T03:50:52.156+0000] {docker.py:438} INFO - 2025-12-29 03:50:52,155 - INFO - data inserted into db
[2025-12-29T03:50:52.719+0000] {taskinstance.py:441} INFO - ::group::Post task execution logs
[2025-12-29T03:50:52.741+0000] {taskinstance.py:1206} INFO - Marking task as SUCCESS. dag_id=weather_hourly, task_id=ingest_weather_data.ingest_forecasts, run_id=manual__2025-12-29T03:50:48.203697+00:00, execution_date=20251229T035048, start_date=20251229T035049, end_date=20251229T035052
[2025-12-29T03:50:52.777+0000] {local_task_job_runner.py:243} INFO - Task exited with return code 0
[2025-12-29T03:50:52.800+0000] {taskinstance.py:3503} INFO - 0 downstream tasks scheduled from follow-on schedule check
[2025-12-29T03:50:52.802+0000] {local_task_job_runner.py:222} INFO - ::endgroup::
