[2025-12-30T17:17:49.396+0000] {local_task_job_runner.py:120} INFO - ::group::Pre task execution logs
[2025-12-30T17:17:49.636+0000] {taskinstance.py:2076} INFO - Dependencies all met for dep_context=non-requeueable deps ti=<TaskInstance: weather_hourly.dbt_weather_models scheduled__2025-12-30T16:15:00+00:00 [queued]>
[2025-12-30T17:17:49.648+0000] {taskinstance.py:2076} INFO - Dependencies all met for dep_context=requeueable deps ti=<TaskInstance: weather_hourly.dbt_weather_models scheduled__2025-12-30T16:15:00+00:00 [queued]>
[2025-12-30T17:17:49.677+0000] {taskinstance.py:2306} INFO - Starting attempt 1 of 1
[2025-12-30T17:17:49.698+0000] {taskinstance.py:2330} INFO - Executing <Task(DockerOperator): dbt_weather_models> on 2025-12-30 16:15:00+00:00
[2025-12-30T17:17:49.707+0000] {standard_task_runner.py:64} INFO - Started process 236 to run task
[2025-12-30T17:17:49.711+0000] {standard_task_runner.py:90} INFO - Running: ['***', 'tasks', 'run', 'weather_hourly', 'dbt_weather_models', 'scheduled__2025-12-30T16:15:00+00:00', '--job-id', '10', '--raw', '--subdir', 'DAGS_FOLDER/weather_hourly.py', '--cfg-path', '/tmp/tmps2ny75pj']
[2025-12-30T17:17:49.714+0000] {standard_task_runner.py:91} INFO - Job 10: Subtask dbt_weather_models
[2025-12-30T17:17:49.788+0000] {task_command.py:426} INFO - Running <TaskInstance: weather_hourly.dbt_weather_models scheduled__2025-12-30T16:15:00+00:00 [running]> on host a6fd50e4079d
[2025-12-30T17:17:49.919+0000] {taskinstance.py:2648} INFO - Exporting env vars: AIRFLOW_CTX_DAG_OWNER='***' AIRFLOW_CTX_DAG_ID='weather_hourly' AIRFLOW_CTX_TASK_ID='dbt_weather_models' AIRFLOW_CTX_EXECUTION_DATE='2025-12-30T16:15:00+00:00' AIRFLOW_CTX_TRY_NUMBER='1' AIRFLOW_CTX_DAG_RUN_ID='scheduled__2025-12-30T16:15:00+00:00'
[2025-12-30T17:17:49.920+0000] {taskinstance.py:430} INFO - ::endgroup::
[2025-12-30T17:17:49.997+0000] {docker.py:367} INFO - Starting docker container from image ghcr.io/dbt-labs/dbt-postgres:1.8.2
[2025-12-30T17:17:53.215+0000] {docker.py:438} INFO - [0m17:17:53  Running with dbt=1.8.3
[2025-12-30T17:17:53.615+0000] {docker.py:438} INFO - [0m17:17:53  Registered adapter: postgres=1.8.2
[2025-12-30T17:17:54.313+0000] {docker.py:438} INFO - [0m17:17:54  [[33mWARNING[0m]: Configuration paths exist in your dbt_project.yml file which do not apply to any resources.
[2025-12-30T17:17:54.313+0000] {docker.py:438} INFO - There are 1 unused configuration paths:
[2025-12-30T17:17:54.314+0000] {docker.py:438} INFO - - models.dbt_project.final
[2025-12-30T17:17:54.600+0000] {docker.py:438} INFO - [0m17:17:54  Found 12 models, 4 data tests, 415 macros
[2025-12-30T17:17:54.607+0000] {docker.py:438} INFO - [0m17:17:54
[2025-12-30T17:17:54.942+0000] {docker.py:438} INFO - [0m17:17:54  Concurrency: 1 threads (target='dev')
[2025-12-30T17:17:54.943+0000] {docker.py:438} INFO - [0m17:17:54
[2025-12-30T17:17:54.960+0000] {docker.py:438} INFO - [0m17:17:54  1 of 4 START sql view model dev_staging.stg_current_weather_observations ....... [RUN]
[2025-12-30T17:17:55.192+0000] {docker.py:438} INFO - [0m17:17:55  1 of 4 OK created sql view model dev_staging.stg_current_weather_observations .. [[32mCREATE VIEW[0m in 0.23s]
[2025-12-30T17:17:55.198+0000] {docker.py:438} INFO - [0m17:17:55  2 of 4 START sql view model dev_staging.stg_forecast_weather ................... [RUN]
[2025-12-30T17:17:55.311+0000] {docker.py:438} INFO - [0m17:17:55  2 of 4 OK created sql view model dev_staging.stg_forecast_weather .............. [[32mCREATE VIEW[0m in 0.11s]
[2025-12-30T17:17:55.315+0000] {docker.py:438} INFO - [0m17:17:55  3 of 4 START sql view model dev_intermediate.int_latest_current_weather_observations  [RUN]
[2025-12-30T17:17:55.426+0000] {docker.py:438} INFO - [0m17:17:55  3 of 4 OK created sql view model dev_intermediate.int_latest_current_weather_observations  [[32mCREATE VIEW[0m in 0.11s]
[2025-12-30T17:17:55.433+0000] {docker.py:438} INFO - [0m17:17:55  4 of 4 START sql incremental model dev_intermediate.int_forecast_weather_scd2 .. [RUN]
[2025-12-30T17:17:55.618+0000] {docker.py:438} INFO - [0m17:17:55  4 of 4 OK created sql incremental model dev_intermediate.int_forecast_weather_scd2  [[32mSELECT 0[0m in 0.18s]
[2025-12-30T17:17:55.653+0000] {docker.py:438} INFO - [0m17:17:55
[2025-12-30T17:17:55.654+0000] {docker.py:438} INFO - [0m17:17:55  Finished running 3 view models, 1 incremental model in 0 hours 0 minutes and 1.04 seconds (1.04s).
[2025-12-30T17:17:55.745+0000] {docker.py:438} INFO - [0m17:17:55
[2025-12-30T17:17:55.747+0000] {docker.py:438} INFO - [0m17:17:55  [32mCompleted successfully[0m
[2025-12-30T17:17:55.749+0000] {docker.py:438} INFO - [0m17:17:55
[2025-12-30T17:17:55.751+0000] {docker.py:438} INFO - [0m17:17:55  Done. PASS=4 WARN=0 ERROR=0 SKIP=0 TOTAL=4
[2025-12-30T17:17:57.123+0000] {taskinstance.py:441} INFO - ::group::Post task execution logs
[2025-12-30T17:17:57.167+0000] {taskinstance.py:1206} INFO - Marking task as SUCCESS. dag_id=weather_hourly, task_id=dbt_weather_models, run_id=scheduled__2025-12-30T16:15:00+00:00, execution_date=20251230T161500, start_date=20251230T171749, end_date=20251230T171757
[2025-12-30T17:17:57.216+0000] {local_task_job_runner.py:243} INFO - Task exited with return code 0
[2025-12-30T17:17:57.243+0000] {taskinstance.py:3503} INFO - 0 downstream tasks scheduled from follow-on schedule check
[2025-12-30T17:17:57.247+0000] {local_task_job_runner.py:222} INFO - ::endgroup::
