[2025-12-29T03:51:56.446+0000] {local_task_job_runner.py:120} INFO - ::group::Pre task execution logs
[2025-12-29T03:51:56.638+0000] {taskinstance.py:2076} INFO - Dependencies all met for dep_context=non-requeueable deps ti=<TaskInstance: weather_hourly.ingest_weather_data.ingest_forecasts manual__2025-12-29T03:51:54.963570+00:00 [queued]>
[2025-12-29T03:51:56.646+0000] {taskinstance.py:2076} INFO - Dependencies all met for dep_context=requeueable deps ti=<TaskInstance: weather_hourly.ingest_weather_data.ingest_forecasts manual__2025-12-29T03:51:54.963570+00:00 [queued]>
[2025-12-29T03:51:56.647+0000] {taskinstance.py:2306} INFO - Starting attempt 1 of 1
[2025-12-29T03:51:56.658+0000] {taskinstance.py:2330} INFO - Executing <Task(DockerOperator): ingest_weather_data.ingest_forecasts> on 2025-12-29 03:51:54.963570+00:00
[2025-12-29T03:51:56.665+0000] {standard_task_runner.py:64} INFO - Started process 204 to run task
[2025-12-29T03:51:56.668+0000] {standard_task_runner.py:90} INFO - Running: ['***', 'tasks', 'run', 'weather_hourly', 'ingest_weather_data.ingest_forecasts', 'manual__2025-12-29T03:51:54.963570+00:00', '--job-id', '24', '--raw', '--subdir', 'DAGS_FOLDER/weather_hourly.py', '--cfg-path', '/tmp/tmp8ser19tl']
[2025-12-29T03:51:56.670+0000] {standard_task_runner.py:91} INFO - Job 24: Subtask ingest_weather_data.ingest_forecasts
[2025-12-29T03:51:56.716+0000] {task_command.py:426} INFO - Running <TaskInstance: weather_hourly.ingest_weather_data.ingest_forecasts manual__2025-12-29T03:51:54.963570+00:00 [running]> on host a89c93f0f8bf
[2025-12-29T03:51:56.793+0000] {taskinstance.py:2648} INFO - Exporting env vars: AIRFLOW_CTX_DAG_OWNER='***' AIRFLOW_CTX_DAG_ID='weather_hourly' AIRFLOW_CTX_TASK_ID='ingest_weather_data.ingest_forecasts' AIRFLOW_CTX_EXECUTION_DATE='2025-12-29T03:51:54.963570+00:00' AIRFLOW_CTX_TRY_NUMBER='1' AIRFLOW_CTX_DAG_RUN_ID='manual__2025-12-29T03:51:54.963570+00:00'
[2025-12-29T03:51:56.794+0000] {taskinstance.py:430} INFO - ::endgroup::
[2025-12-29T03:51:56.828+0000] {docker.py:367} INFO - Starting docker container from image weather-ingestion:latest
[2025-12-29T03:51:58.027+0000] {docker.py:438} INFO - 2025-12-29 03:51:58,026 - INFO - Connecting with db
[2025-12-29T03:51:58.048+0000] {docker.py:438} INFO - 2025-12-29 03:51:58,046 - INFO - 72 Hour forecast Weather for Stations 00400
[2025-12-29T03:51:58.192+0000] {docker.py:438} INFO - 2025-12-29 03:51:58,191 - INFO - 72 Hour forecast Weather for Stations 00403
[2025-12-29T03:51:58.332+0000] {docker.py:438} INFO - 2025-12-29 03:51:58,331 - INFO - 72 Hour forecast Weather for Stations 00410
[2025-12-29T03:51:58.473+0000] {docker.py:438} INFO - 2025-12-29 03:51:58,472 - INFO - 72 Hour forecast Weather for Stations 00420
[2025-12-29T03:51:58.611+0000] {docker.py:438} INFO - 2025-12-29 03:51:58,611 - INFO - 72 Hour forecast Weather for Stations 00427
[2025-12-29T03:51:58.761+0000] {docker.py:438} INFO - 2025-12-29 03:51:58,760 - INFO - 72 Hour forecast Weather for Stations 00430
[2025-12-29T03:51:58.905+0000] {docker.py:438} INFO - 2025-12-29 03:51:58,904 - INFO - 72 Hour forecast Weather for Stations 00433
[2025-12-29T03:51:59.059+0000] {docker.py:438} INFO - 2025-12-29 03:51:59,058 - INFO - Connecting with db
[2025-12-29T03:51:59.106+0000] {docker.py:438} INFO - 2025-12-29 03:51:59,105 - INFO - data inserted into db
[2025-12-29T03:51:59.692+0000] {taskinstance.py:441} INFO - ::group::Post task execution logs
[2025-12-29T03:51:59.721+0000] {taskinstance.py:1206} INFO - Marking task as SUCCESS. dag_id=weather_hourly, task_id=ingest_weather_data.ingest_forecasts, run_id=manual__2025-12-29T03:51:54.963570+00:00, execution_date=20251229T035154, start_date=20251229T035156, end_date=20251229T035159
[2025-12-29T03:51:59.771+0000] {local_task_job_runner.py:243} INFO - Task exited with return code 0
[2025-12-29T03:51:59.798+0000] {taskinstance.py:3503} INFO - 1 downstream tasks scheduled from follow-on schedule check
[2025-12-29T03:51:59.800+0000] {local_task_job_runner.py:222} INFO - ::endgroup::
