[2025-12-29T03:50:49.585+0000] {local_task_job_runner.py:120} INFO - ::group::Pre task execution logs
[2025-12-29T03:50:49.767+0000] {taskinstance.py:2076} INFO - Dependencies all met for dep_context=non-requeueable deps ti=<TaskInstance: weather_hourly.ingest_weather_data.ingest_observations manual__2025-12-29T03:50:48.203697+00:00 [queued]>
[2025-12-29T03:50:49.775+0000] {taskinstance.py:2076} INFO - Dependencies all met for dep_context=requeueable deps ti=<TaskInstance: weather_hourly.ingest_weather_data.ingest_observations manual__2025-12-29T03:50:48.203697+00:00 [queued]>
[2025-12-29T03:50:49.775+0000] {taskinstance.py:2306} INFO - Starting attempt 1 of 1
[2025-12-29T03:50:49.786+0000] {taskinstance.py:2330} INFO - Executing <Task(DockerOperator): ingest_weather_data.ingest_observations> on 2025-12-29 03:50:48.203697+00:00
[2025-12-29T03:50:49.792+0000] {standard_task_runner.py:64} INFO - Started process 203 to run task
[2025-12-29T03:50:49.796+0000] {standard_task_runner.py:90} INFO - Running: ['***', 'tasks', 'run', 'weather_hourly', 'ingest_weather_data.ingest_observations', 'manual__2025-12-29T03:50:48.203697+00:00', '--job-id', '19', '--raw', '--subdir', 'DAGS_FOLDER/weather_hourly.py', '--cfg-path', '/tmp/tmpiti0b57n']
[2025-12-29T03:50:49.798+0000] {standard_task_runner.py:91} INFO - Job 19: Subtask ingest_weather_data.ingest_observations
[2025-12-29T03:50:49.843+0000] {task_command.py:426} INFO - Running <TaskInstance: weather_hourly.ingest_weather_data.ingest_observations manual__2025-12-29T03:50:48.203697+00:00 [running]> on host a89c93f0f8bf
[2025-12-29T03:50:49.924+0000] {taskinstance.py:2648} INFO - Exporting env vars: AIRFLOW_CTX_DAG_OWNER='***' AIRFLOW_CTX_DAG_ID='weather_hourly' AIRFLOW_CTX_TASK_ID='ingest_weather_data.ingest_observations' AIRFLOW_CTX_EXECUTION_DATE='2025-12-29T03:50:48.203697+00:00' AIRFLOW_CTX_TRY_NUMBER='1' AIRFLOW_CTX_DAG_RUN_ID='manual__2025-12-29T03:50:48.203697+00:00'
[2025-12-29T03:50:49.925+0000] {taskinstance.py:430} INFO - ::endgroup::
[2025-12-29T03:50:49.960+0000] {docker.py:367} INFO - Starting docker container from image weather-ingestion:latest
[2025-12-29T03:50:51.027+0000] {docker.py:438} INFO - 2025-12-29 03:50:51,025 - INFO - Connecting with db
[2025-12-29T03:50:51.036+0000] {docker.py:438} INFO - 2025-12-29 03:50:51,035 - INFO - Fetching Berlin's Station list
[2025-12-29T03:50:51.046+0000] {docker.py:438} INFO - 2025-12-29 03:50:51,045 - INFO - Getting Current Weather for Stations 00400
[2025-12-29T03:50:51.213+0000] {docker.py:438} INFO - 2025-12-29 03:50:51,211 - INFO - Getting Current Weather for Stations 00403
[2025-12-29T03:50:51.353+0000] {docker.py:438} INFO - 2025-12-29 03:50:51,352 - INFO - Getting Current Weather for Stations 00410
[2025-12-29T03:50:51.489+0000] {docker.py:438} INFO - 2025-12-29 03:50:51,487 - ERROR - HTTP error occured: 404 Client Error: Not Found for url: https://api.brightsky.dev/current_weather?dwd_station_id=00410
[2025-12-29T03:50:51.490+0000] {docker.py:438} INFO - 2025-12-29 03:50:51,488 - ERROR - Response body: {"detail":"Could not find current weather for your location criteria"}
[2025-12-29T03:50:51.491+0000] {docker.py:438} INFO - 2025-12-29 03:50:51,488 - INFO - Getting Current Weather for Stations 00420
[2025-12-29T03:50:51.635+0000] {docker.py:438} INFO - 2025-12-29 03:50:51,634 - INFO - Getting Current Weather for Stations 00427
[2025-12-29T03:50:51.816+0000] {docker.py:438} INFO - 2025-12-29 03:50:51,814 - INFO - Getting Current Weather for Stations 00430
[2025-12-29T03:50:51.996+0000] {docker.py:438} INFO - 2025-12-29 03:50:51,995 - ERROR - HTTP error occured: 404 Client Error: Not Found for url: https://api.brightsky.dev/current_weather?dwd_station_id=00430
[2025-12-29T03:50:51.996+0000] {docker.py:438} INFO - 2025-12-29 03:50:51,995 - ERROR - Response body: {"detail":"Could not find current weather for your location criteria"}
[2025-12-29T03:50:51.997+0000] {docker.py:438} INFO - 2025-12-29 03:50:51,995 - INFO - Getting Current Weather for Stations 00433
[2025-12-29T03:50:52.172+0000] {docker.py:438} INFO - 2025-12-29 03:50:52,171 - INFO - Connecting with db
[2025-12-29T03:50:52.180+0000] {docker.py:438} INFO - 2025-12-29 03:50:52,179 - ERROR - db error : relation "raw.weather_observations" does not exist
[2025-12-29T03:50:52.180+0000] {docker.py:438} INFO - LINE 2:         INSERT INTO raw.weather_observations (
[2025-12-29T03:50:52.181+0000] {docker.py:438} INFO -                             ^
[2025-12-29T03:50:52.894+0000] {taskinstance.py:441} INFO - ::group::Post task execution logs
[2025-12-29T03:50:52.918+0000] {taskinstance.py:1206} INFO - Marking task as SUCCESS. dag_id=weather_hourly, task_id=ingest_weather_data.ingest_observations, run_id=manual__2025-12-29T03:50:48.203697+00:00, execution_date=20251229T035048, start_date=20251229T035049, end_date=20251229T035052
[2025-12-29T03:50:52.937+0000] {local_task_job_runner.py:243} INFO - Task exited with return code 0
[2025-12-29T03:50:52.958+0000] {taskinstance.py:3503} INFO - 1 downstream tasks scheduled from follow-on schedule check
[2025-12-29T03:50:52.961+0000] {local_task_job_runner.py:222} INFO - ::endgroup::
