[2025-12-29T05:26:22.195+0000] {local_task_job_runner.py:120} INFO - ::group::Pre task execution logs
[2025-12-29T05:26:22.373+0000] {taskinstance.py:2076} INFO - Dependencies all met for dep_context=non-requeueable deps ti=<TaskInstance: weather_hourly.dbt_weather_models manual__2025-12-29T05:26:16.729795+00:00 [queued]>
[2025-12-29T05:26:22.381+0000] {taskinstance.py:2076} INFO - Dependencies all met for dep_context=requeueable deps ti=<TaskInstance: weather_hourly.dbt_weather_models manual__2025-12-29T05:26:16.729795+00:00 [queued]>
[2025-12-29T05:26:22.382+0000] {taskinstance.py:2306} INFO - Starting attempt 1 of 1
[2025-12-29T05:26:22.394+0000] {taskinstance.py:2330} INFO - Executing <Task(DockerOperator): dbt_weather_models> on 2025-12-29 05:26:16.729795+00:00
[2025-12-29T05:26:22.401+0000] {standard_task_runner.py:64} INFO - Started process 206 to run task
[2025-12-29T05:26:22.404+0000] {standard_task_runner.py:90} INFO - Running: ['***', 'tasks', 'run', 'weather_hourly', 'dbt_weather_models', 'manual__2025-12-29T05:26:16.729795+00:00', '--job-id', '20', '--raw', '--subdir', 'DAGS_FOLDER/weather_hourly.py', '--cfg-path', '/tmp/tmpgssqpowl']
[2025-12-29T05:26:22.406+0000] {standard_task_runner.py:91} INFO - Job 20: Subtask dbt_weather_models
[2025-12-29T05:26:22.452+0000] {task_command.py:426} INFO - Running <TaskInstance: weather_hourly.dbt_weather_models manual__2025-12-29T05:26:16.729795+00:00 [running]> on host 86ae71ae83a3
[2025-12-29T05:26:22.536+0000] {taskinstance.py:2648} INFO - Exporting env vars: AIRFLOW_CTX_DAG_OWNER='***' AIRFLOW_CTX_DAG_ID='weather_hourly' AIRFLOW_CTX_TASK_ID='dbt_weather_models' AIRFLOW_CTX_EXECUTION_DATE='2025-12-29T05:26:16.729795+00:00' AIRFLOW_CTX_TRY_NUMBER='1' AIRFLOW_CTX_DAG_RUN_ID='manual__2025-12-29T05:26:16.729795+00:00'
[2025-12-29T05:26:22.537+0000] {taskinstance.py:430} INFO - ::endgroup::
[2025-12-29T05:26:22.578+0000] {docker.py:367} INFO - Starting docker container from image ghcr.io/dbt-labs/dbt-postgres:1.8.2
[2025-12-29T05:26:24.347+0000] {docker.py:438} INFO - [0m05:26:24  Running with dbt=1.8.3
[2025-12-29T05:26:24.540+0000] {docker.py:438} INFO - [0m05:26:24  Registered adapter: postgres=1.8.2
[2025-12-29T05:26:25.044+0000] {docker.py:438} INFO - [0m05:26:25  [[33mWARNING[0m]: Configuration paths exist in your dbt_project.yml file which do not apply to any resources.
[2025-12-29T05:26:25.044+0000] {docker.py:438} INFO - There are 1 unused configuration paths:
[2025-12-29T05:26:25.045+0000] {docker.py:438} INFO - - models.dbt_project.final
[2025-12-29T05:26:25.148+0000] {docker.py:438} INFO - [0m05:26:25  Found 12 models, 4 data tests, 415 macros
[2025-12-29T05:26:25.150+0000] {docker.py:438} INFO - [0m05:26:25
[2025-12-29T05:26:25.333+0000] {docker.py:438} INFO - [0m05:26:25  Concurrency: 1 threads (target='dev')
[2025-12-29T05:26:25.334+0000] {docker.py:438} INFO - [0m05:26:25
[2025-12-29T05:26:25.346+0000] {docker.py:438} INFO - [0m05:26:25  1 of 4 START sql view model dev_staging.stg_current_weather_observations ....... [RUN]
[2025-12-29T05:26:25.490+0000] {docker.py:438} INFO - [0m05:26:25  1 of 4 OK created sql view model dev_staging.stg_current_weather_observations .. [[32mCREATE VIEW[0m in 0.14s]
[2025-12-29T05:26:25.493+0000] {docker.py:438} INFO - [0m05:26:25  2 of 4 START sql view model dev_staging.stg_forecast_weather ................... [RUN]
[2025-12-29T05:26:25.567+0000] {docker.py:438} INFO - [0m05:26:25  2 of 4 OK created sql view model dev_staging.stg_forecast_weather .............. [[32mCREATE VIEW[0m in 0.07s]
[2025-12-29T05:26:25.571+0000] {docker.py:438} INFO - [0m05:26:25  3 of 4 START sql view model dev_intermediate.int_latest_current_weather_observations  [RUN]
[2025-12-29T05:26:25.619+0000] {docker.py:438} INFO - [0m05:26:25  3 of 4 ERROR creating sql view model dev_intermediate.int_latest_current_weather_observations  [[31mERROR[0m in 0.05s]
[2025-12-29T05:26:25.622+0000] {docker.py:438} INFO - [0m05:26:25  4 of 4 START sql incremental model dev_intermediate.int_forecast_weather_scd2 .. [RUN]
[2025-12-29T05:26:25.855+0000] {docker.py:438} INFO - [0m05:26:25  4 of 4 OK created sql incremental model dev_intermediate.int_forecast_weather_scd2  [[32mINSERT 0 0[0m in 0.23s]
[2025-12-29T05:26:25.870+0000] {docker.py:438} INFO - [0m05:26:25
[2025-12-29T05:26:25.871+0000] {docker.py:438} INFO - [0m05:26:25  Finished running 3 view models, 1 incremental model in 0 hours 0 minutes and 0.72 seconds (0.72s).
[2025-12-29T05:26:25.914+0000] {docker.py:438} INFO - [0m05:26:25
[2025-12-29T05:26:25.915+0000] {docker.py:438} INFO - [0m05:26:25  [31mCompleted with 1 error and 0 warnings:[0m
[2025-12-29T05:26:25.916+0000] {docker.py:438} INFO - [0m05:26:25
[2025-12-29T05:26:25.917+0000] {docker.py:438} INFO - [0m05:26:25    Database Error in model int_latest_current_weather_observations (models/intermediate/int_latest_current_weather_observations.sql)
[2025-12-29T05:26:25.917+0000] {docker.py:438} INFO -   column "is_valid_core_metrics" does not exist
[2025-12-29T05:26:25.917+0000] {docker.py:438} INFO -   LINE 113:         is_valid_core_metrics,
[2025-12-29T05:26:25.917+0000] {docker.py:438} INFO -                     ^
[2025-12-29T05:26:25.918+0000] {docker.py:438} INFO -   compiled Code at target/run/dbt_project/models/intermediate/int_latest_current_weather_observations.sql
[2025-12-29T05:26:25.918+0000] {docker.py:438} INFO - [0m05:26:25
[2025-12-29T05:26:25.918+0000] {docker.py:438} INFO - [0m05:26:25  Done. PASS=3 WARN=0 ERROR=1 SKIP=0 TOTAL=4
[2025-12-29T05:26:27.046+0000] {taskinstance.py:441} INFO - ::group::Post task execution logs
[2025-12-29T05:26:27.056+0000] {taskinstance.py:2905} ERROR - Task failed with exception
Traceback (most recent call last):
  File "/home/airflow/.local/lib/python3.11/site-packages/airflow/models/taskinstance.py", line 465, in _execute_task
    result = _execute_callable(context=context, **execute_callable_kwargs)
             ^^^^^^^^^^^^^^^^^^^^^^^^^^^^^^^^^^^^^^^^^^^^^^^^^^^^^^^^^^^^^
  File "/home/airflow/.local/lib/python3.11/site-packages/airflow/models/taskinstance.py", line 432, in _execute_callable
    return execute_callable(context=context, **execute_callable_kwargs)
           ^^^^^^^^^^^^^^^^^^^^^^^^^^^^^^^^^^^^^^^^^^^^^^^^^^^^^^^^^^^^
  File "/home/airflow/.local/lib/python3.11/site-packages/airflow/models/baseoperator.py", line 401, in wrapper
    return func(self, *args, **kwargs)
           ^^^^^^^^^^^^^^^^^^^^^^^^^^^
  File "/home/airflow/.local/lib/python3.11/site-packages/airflow/providers/docker/operators/docker.py", line 513, in execute
    return self._run_image()
           ^^^^^^^^^^^^^^^^^
  File "/home/airflow/.local/lib/python3.11/site-packages/airflow/providers/docker/operators/docker.py", line 384, in _run_image
    return self._run_image_with_mounts(self.mounts, add_tmp_variable=False)
           ^^^^^^^^^^^^^^^^^^^^^^^^^^^^^^^^^^^^^^^^^^^^^^^^^^^^^^^^^^^^^^^^
  File "/home/airflow/.local/lib/python3.11/site-packages/airflow/providers/docker/operators/docker.py", line 446, in _run_image_with_mounts
    raise DockerContainerFailedException(f"Docker container failed: {result!r}", logs=log_lines)
airflow.providers.docker.exceptions.DockerContainerFailedException: Docker container failed: {'StatusCode': 1}
[2025-12-29T05:26:27.060+0000] {taskinstance.py:1206} INFO - Marking task as FAILED. dag_id=weather_hourly, task_id=dbt_weather_models, run_id=manual__2025-12-29T05:26:16.729795+00:00, execution_date=20251229T052616, start_date=20251229T052622, end_date=20251229T052627
[2025-12-29T05:26:27.070+0000] {standard_task_runner.py:110} ERROR - Failed to execute job 20 for task dbt_weather_models (Docker container failed: {'StatusCode': 1}; 206)
[2025-12-29T05:26:27.114+0000] {local_task_job_runner.py:243} INFO - Task exited with return code 1
[2025-12-29T05:26:27.130+0000] {taskinstance.py:3503} INFO - 0 downstream tasks scheduled from follow-on schedule check
[2025-12-29T05:26:27.133+0000] {local_task_job_runner.py:222} INFO - ::endgroup::
