[2025-12-29T05:26:18.340+0000] {local_task_job_runner.py:120} INFO - ::group::Pre task execution logs
[2025-12-29T05:26:18.536+0000] {taskinstance.py:2076} INFO - Dependencies all met for dep_context=non-requeueable deps ti=<TaskInstance: weather_hourly.ingest_weather_data.ingest_forecasts manual__2025-12-29T05:26:16.729795+00:00 [queued]>
[2025-12-29T05:26:18.543+0000] {taskinstance.py:2076} INFO - Dependencies all met for dep_context=requeueable deps ti=<TaskInstance: weather_hourly.ingest_weather_data.ingest_forecasts manual__2025-12-29T05:26:16.729795+00:00 [queued]>
[2025-12-29T05:26:18.544+0000] {taskinstance.py:2306} INFO - Starting attempt 1 of 1
[2025-12-29T05:26:18.556+0000] {taskinstance.py:2330} INFO - Executing <Task(DockerOperator): ingest_weather_data.ingest_forecasts> on 2025-12-29 05:26:16.729795+00:00
[2025-12-29T05:26:18.563+0000] {standard_task_runner.py:64} INFO - Started process 203 to run task
[2025-12-29T05:26:18.566+0000] {standard_task_runner.py:90} INFO - Running: ['***', 'tasks', 'run', 'weather_hourly', 'ingest_weather_data.ingest_forecasts', 'manual__2025-12-29T05:26:16.729795+00:00', '--job-id', '18', '--raw', '--subdir', 'DAGS_FOLDER/weather_hourly.py', '--cfg-path', '/tmp/tmpzxc0qftv']
[2025-12-29T05:26:18.568+0000] {standard_task_runner.py:91} INFO - Job 18: Subtask ingest_weather_data.ingest_forecasts
[2025-12-29T05:26:18.614+0000] {task_command.py:426} INFO - Running <TaskInstance: weather_hourly.ingest_weather_data.ingest_forecasts manual__2025-12-29T05:26:16.729795+00:00 [running]> on host 86ae71ae83a3
[2025-12-29T05:26:18.694+0000] {taskinstance.py:2648} INFO - Exporting env vars: AIRFLOW_CTX_DAG_OWNER='***' AIRFLOW_CTX_DAG_ID='weather_hourly' AIRFLOW_CTX_TASK_ID='ingest_weather_data.ingest_forecasts' AIRFLOW_CTX_EXECUTION_DATE='2025-12-29T05:26:16.729795+00:00' AIRFLOW_CTX_TRY_NUMBER='1' AIRFLOW_CTX_DAG_RUN_ID='manual__2025-12-29T05:26:16.729795+00:00'
[2025-12-29T05:26:18.695+0000] {taskinstance.py:430} INFO - ::endgroup::
[2025-12-29T05:26:18.730+0000] {docker.py:367} INFO - Starting docker container from image weather-ingestion:latest
[2025-12-29T05:26:20.069+0000] {docker.py:438} INFO - 2025-12-29 05:26:20,068 - INFO - Connecting with db
[2025-12-29T05:26:20.090+0000] {docker.py:438} INFO - 2025-12-29 05:26:20,089 - INFO - 72 Hour forecast Weather for Stations 00400
[2025-12-29T05:26:20.246+0000] {docker.py:438} INFO - 2025-12-29 05:26:20,245 - INFO - 72 Hour forecast Weather for Stations 00403
[2025-12-29T05:26:20.383+0000] {docker.py:438} INFO - 2025-12-29 05:26:20,382 - INFO - 72 Hour forecast Weather for Stations 00410
[2025-12-29T05:26:20.525+0000] {docker.py:438} INFO - 2025-12-29 05:26:20,524 - INFO - 72 Hour forecast Weather for Stations 00420
[2025-12-29T05:26:20.652+0000] {docker.py:438} INFO - 2025-12-29 05:26:20,651 - INFO - 72 Hour forecast Weather for Stations 00427
[2025-12-29T05:26:20.789+0000] {docker.py:438} INFO - 2025-12-29 05:26:20,788 - INFO - 72 Hour forecast Weather for Stations 00430
[2025-12-29T05:26:20.921+0000] {docker.py:438} INFO - 2025-12-29 05:26:20,920 - INFO - 72 Hour forecast Weather for Stations 00433
[2025-12-29T05:26:21.052+0000] {docker.py:438} INFO - 2025-12-29 05:26:21,050 - INFO - Connecting with db
[2025-12-29T05:26:21.096+0000] {docker.py:438} INFO - 2025-12-29 05:26:21,095 - INFO - data inserted into db
[2025-12-29T05:26:21.664+0000] {taskinstance.py:441} INFO - ::group::Post task execution logs
[2025-12-29T05:26:21.689+0000] {taskinstance.py:1206} INFO - Marking task as SUCCESS. dag_id=weather_hourly, task_id=ingest_weather_data.ingest_forecasts, run_id=manual__2025-12-29T05:26:16.729795+00:00, execution_date=20251229T052616, start_date=20251229T052618, end_date=20251229T052621
[2025-12-29T05:26:21.708+0000] {local_task_job_runner.py:243} INFO - Task exited with return code 0
[2025-12-29T05:26:21.733+0000] {taskinstance.py:3503} INFO - 0 downstream tasks scheduled from follow-on schedule check
[2025-12-29T05:26:21.737+0000] {local_task_job_runner.py:222} INFO - ::endgroup::
