[2025-12-29T05:25:07.882+0000] {local_task_job_runner.py:120} INFO - ::group::Pre task execution logs
[2025-12-29T05:25:08.070+0000] {taskinstance.py:2076} INFO - Dependencies all met for dep_context=non-requeueable deps ti=<TaskInstance: weather_hourly.ingest_weather_data.ingest_observations manual__2025-12-29T05:25:06.144059+00:00 [queued]>
[2025-12-29T05:25:08.078+0000] {taskinstance.py:2076} INFO - Dependencies all met for dep_context=requeueable deps ti=<TaskInstance: weather_hourly.ingest_weather_data.ingest_observations manual__2025-12-29T05:25:06.144059+00:00 [queued]>
[2025-12-29T05:25:08.079+0000] {taskinstance.py:2306} INFO - Starting attempt 1 of 1
[2025-12-29T05:25:08.091+0000] {taskinstance.py:2330} INFO - Executing <Task(DockerOperator): ingest_weather_data.ingest_observations> on 2025-12-29 05:25:06.144059+00:00
[2025-12-29T05:25:08.097+0000] {standard_task_runner.py:64} INFO - Started process 214 to run task
[2025-12-29T05:25:08.099+0000] {standard_task_runner.py:90} INFO - Running: ['***', 'tasks', 'run', 'weather_hourly', 'ingest_weather_data.ingest_observations', 'manual__2025-12-29T05:25:06.144059+00:00', '--job-id', '14', '--raw', '--subdir', 'DAGS_FOLDER/weather_hourly.py', '--cfg-path', '/tmp/tmpn8386xpy']
[2025-12-29T05:25:08.101+0000] {standard_task_runner.py:91} INFO - Job 14: Subtask ingest_weather_data.ingest_observations
[2025-12-29T05:25:08.142+0000] {task_command.py:426} INFO - Running <TaskInstance: weather_hourly.ingest_weather_data.ingest_observations manual__2025-12-29T05:25:06.144059+00:00 [running]> on host 86ae71ae83a3
[2025-12-29T05:25:08.218+0000] {taskinstance.py:2648} INFO - Exporting env vars: AIRFLOW_CTX_DAG_OWNER='***' AIRFLOW_CTX_DAG_ID='weather_hourly' AIRFLOW_CTX_TASK_ID='ingest_weather_data.ingest_observations' AIRFLOW_CTX_EXECUTION_DATE='2025-12-29T05:25:06.144059+00:00' AIRFLOW_CTX_TRY_NUMBER='1' AIRFLOW_CTX_DAG_RUN_ID='manual__2025-12-29T05:25:06.144059+00:00'
[2025-12-29T05:25:08.219+0000] {taskinstance.py:430} INFO - ::endgroup::
[2025-12-29T05:25:08.251+0000] {docker.py:367} INFO - Starting docker container from image weather-ingestion:latest
[2025-12-29T05:25:09.396+0000] {docker.py:438} INFO - 2025-12-29 05:25:09,395 - INFO - Connecting with db
[2025-12-29T05:25:09.406+0000] {docker.py:438} INFO - 2025-12-29 05:25:09,405 - INFO - Fetching Berlin's Station list
[2025-12-29T05:25:09.420+0000] {docker.py:438} INFO - 2025-12-29 05:25:09,419 - INFO - Getting Current Weather for Stations 00400
[2025-12-29T05:25:09.625+0000] {docker.py:438} INFO - 2025-12-29 05:25:09,623 - INFO - Getting Current Weather for Stations 00403
[2025-12-29T05:25:09.818+0000] {docker.py:438} INFO - 2025-12-29 05:25:09,817 - INFO - Getting Current Weather for Stations 00410
[2025-12-29T05:25:09.949+0000] {docker.py:438} INFO - 2025-12-29 05:25:09,947 - ERROR - HTTP error occured: 404 Client Error: Not Found for url: https://api.brightsky.dev/current_weather?dwd_station_id=00410
[2025-12-29T05:25:09.950+0000] {docker.py:438} INFO - 2025-12-29 05:25:09,948 - ERROR - Response body: {"detail":"Could not find current weather for your location criteria"}
[2025-12-29T05:25:09.951+0000] {docker.py:438} INFO - 2025-12-29 05:25:09,948 - INFO - Getting Current Weather for Stations 00420
[2025-12-29T05:25:10.084+0000] {docker.py:438} INFO - 2025-12-29 05:25:10,082 - INFO - Getting Current Weather for Stations 00427
[2025-12-29T05:25:10.261+0000] {docker.py:438} INFO - 2025-12-29 05:25:10,260 - INFO - Getting Current Weather for Stations 00430
[2025-12-29T05:25:10.432+0000] {docker.py:438} INFO - 2025-12-29 05:25:10,431 - ERROR - HTTP error occured: 404 Client Error: Not Found for url: https://api.brightsky.dev/current_weather?dwd_station_id=00430
[2025-12-29T05:25:10.433+0000] {docker.py:438} INFO - 2025-12-29 05:25:10,432 - ERROR - Response body: {"detail":"Could not find current weather for your location criteria"}
[2025-12-29T05:25:10.433+0000] {docker.py:438} INFO - 2025-12-29 05:25:10,432 - INFO - Getting Current Weather for Stations 00433
[2025-12-29T05:25:10.610+0000] {docker.py:438} INFO - 2025-12-29 05:25:10,609 - INFO - Connecting with db
[2025-12-29T05:25:10.618+0000] {docker.py:438} INFO - 2025-12-29 05:25:10,616 - ERROR - db error : relation "raw.weather_observations" does not exist
[2025-12-29T05:25:10.618+0000] {docker.py:438} INFO - LINE 2:         INSERT INTO raw.weather_observations (
[2025-12-29T05:25:10.619+0000] {docker.py:438} INFO -                             ^
[2025-12-29T05:25:11.093+0000] {taskinstance.py:441} INFO - ::group::Post task execution logs
[2025-12-29T05:25:11.118+0000] {taskinstance.py:1206} INFO - Marking task as SUCCESS. dag_id=weather_hourly, task_id=ingest_weather_data.ingest_observations, run_id=manual__2025-12-29T05:25:06.144059+00:00, execution_date=20251229T052506, start_date=20251229T052508, end_date=20251229T052511
[2025-12-29T05:25:11.163+0000] {local_task_job_runner.py:243} INFO - Task exited with return code 0
[2025-12-29T05:25:11.187+0000] {taskinstance.py:3503} INFO - 1 downstream tasks scheduled from follow-on schedule check
[2025-12-29T05:25:11.189+0000] {local_task_job_runner.py:222} INFO - ::endgroup::
