[2025-12-29T03:41:17.990+0000] {local_task_job_runner.py:120} INFO - ::group::Pre task execution logs
[2025-12-29T03:41:18.176+0000] {taskinstance.py:2076} INFO - Dependencies all met for dep_context=non-requeueable deps ti=<TaskInstance: weather_hourly.ingest_weather_data.ingest_observations manual__2025-12-29T03:41:16.576302+00:00 [queued]>
[2025-12-29T03:41:18.184+0000] {taskinstance.py:2076} INFO - Dependencies all met for dep_context=requeueable deps ti=<TaskInstance: weather_hourly.ingest_weather_data.ingest_observations manual__2025-12-29T03:41:16.576302+00:00 [queued]>
[2025-12-29T03:41:18.185+0000] {taskinstance.py:2306} INFO - Starting attempt 1 of 1
[2025-12-29T03:41:18.200+0000] {taskinstance.py:2330} INFO - Executing <Task(DockerOperator): ingest_weather_data.ingest_observations> on 2025-12-29 03:41:16.576302+00:00
[2025-12-29T03:41:18.207+0000] {standard_task_runner.py:64} INFO - Started process 204 to run task
[2025-12-29T03:41:18.209+0000] {standard_task_runner.py:90} INFO - Running: ['***', 'tasks', 'run', 'weather_hourly', 'ingest_weather_data.ingest_observations', 'manual__2025-12-29T03:41:16.576302+00:00', '--job-id', '16', '--raw', '--subdir', 'DAGS_FOLDER/weather_hourly.py', '--cfg-path', '/tmp/tmp3cnz3_xz']
[2025-12-29T03:41:18.211+0000] {standard_task_runner.py:91} INFO - Job 16: Subtask ingest_weather_data.ingest_observations
[2025-12-29T03:41:18.256+0000] {task_command.py:426} INFO - Running <TaskInstance: weather_hourly.ingest_weather_data.ingest_observations manual__2025-12-29T03:41:16.576302+00:00 [running]> on host 58c791c417b3
[2025-12-29T03:41:18.331+0000] {taskinstance.py:2648} INFO - Exporting env vars: AIRFLOW_CTX_DAG_OWNER='***' AIRFLOW_CTX_DAG_ID='weather_hourly' AIRFLOW_CTX_TASK_ID='ingest_weather_data.ingest_observations' AIRFLOW_CTX_EXECUTION_DATE='2025-12-29T03:41:16.576302+00:00' AIRFLOW_CTX_TRY_NUMBER='1' AIRFLOW_CTX_DAG_RUN_ID='manual__2025-12-29T03:41:16.576302+00:00'
[2025-12-29T03:41:18.332+0000] {taskinstance.py:430} INFO - ::endgroup::
[2025-12-29T03:41:18.366+0000] {docker.py:367} INFO - Starting docker container from image weather-ingestion:latest
[2025-12-29T03:41:19.436+0000] {docker.py:438} INFO - 2025-12-29 03:41:19,434 - INFO - Connecting with db
[2025-12-29T03:41:19.447+0000] {docker.py:438} INFO - 2025-12-29 03:41:19,445 - INFO - Fetching Berlin's Station list
[2025-12-29T03:41:19.448+0000] {docker.py:438} INFO - 2025-12-29 03:41:19,446 - ERROR - db error : relation "dev_intermediate.int_berlin_weather_stations_plz" does not exist
[2025-12-29T03:41:19.448+0000] {docker.py:438} INFO - LINE 3:                from dev_intermediate.int_berlin_weather_stat...
[2025-12-29T03:41:19.449+0000] {docker.py:438} INFO -                             ^
[2025-12-29T03:41:19.449+0000] {docker.py:438} INFO - Traceback (most recent call last):
[2025-12-29T03:41:19.450+0000] {docker.py:438} INFO -   File "<frozen runpy>", line 198, in _run_module_as_main
[2025-12-29T03:41:19.450+0000] {docker.py:438} INFO -   File "<frozen runpy>", line 88, in _run_code
[2025-12-29T03:41:19.450+0000] {docker.py:438} INFO -   File "/app/src/ingest_observations.py", line 280, in <module>
[2025-12-29T03:41:19.451+0000] {docker.py:438} INFO - main()
[2025-12-29T03:41:19.451+0000] {docker.py:438} INFO -   File "/app/src/ingest_observations.py", line 276, in main
[2025-12-29T03:41:19.452+0000] {docker.py:438} INFO - all_station_current_weather = get_current_weather(berlin_stations)
[2025-12-29T03:41:19.452+0000] {docker.py:438} INFO - ^^^^^^^^^^^^^^^^^^^^^^^^^^^^^
[2025-12-29T03:41:19.452+0000] {docker.py:438} INFO - ^^^^^^^
[2025-12-29T03:41:19.453+0000] {docker.py:438} INFO - File "/app/src/ingest_observations.py", line 50, in get_current_weather
[2025-12-29T03:41:19.453+0000] {docker.py:438} INFO - for stations in berlin_stations:
[2025-12-29T03:41:19.454+0000] {docker.py:438} INFO - TypeError: 'NoneType' object is not iterable
[2025-12-29T03:41:20.151+0000] {taskinstance.py:441} INFO - ::group::Post task execution logs
[2025-12-29T03:41:20.162+0000] {taskinstance.py:2905} ERROR - Task failed with exception
Traceback (most recent call last):
  File "/home/airflow/.local/lib/python3.11/site-packages/airflow/models/taskinstance.py", line 465, in _execute_task
    result = _execute_callable(context=context, **execute_callable_kwargs)
             ^^^^^^^^^^^^^^^^^^^^^^^^^^^^^^^^^^^^^^^^^^^^^^^^^^^^^^^^^^^^^
  File "/home/airflow/.local/lib/python3.11/site-packages/airflow/models/taskinstance.py", line 432, in _execute_callable
    return execute_callable(context=context, **execute_callable_kwargs)
           ^^^^^^^^^^^^^^^^^^^^^^^^^^^^^^^^^^^^^^^^^^^^^^^^^^^^^^^^^^^^
  File "/home/airflow/.local/lib/python3.11/site-packages/airflow/models/baseoperator.py", line 401, in wrapper
    return func(self, *args, **kwargs)
           ^^^^^^^^^^^^^^^^^^^^^^^^^^^
  File "/home/airflow/.local/lib/python3.11/site-packages/airflow/providers/docker/operators/docker.py", line 513, in execute
    return self._run_image()
           ^^^^^^^^^^^^^^^^^
  File "/home/airflow/.local/lib/python3.11/site-packages/airflow/providers/docker/operators/docker.py", line 384, in _run_image
    return self._run_image_with_mounts(self.mounts, add_tmp_variable=False)
           ^^^^^^^^^^^^^^^^^^^^^^^^^^^^^^^^^^^^^^^^^^^^^^^^^^^^^^^^^^^^^^^^
  File "/home/airflow/.local/lib/python3.11/site-packages/airflow/providers/docker/operators/docker.py", line 446, in _run_image_with_mounts
    raise DockerContainerFailedException(f"Docker container failed: {result!r}", logs=log_lines)
airflow.providers.docker.exceptions.DockerContainerFailedException: Docker container failed: {'StatusCode': 1}
[2025-12-29T03:41:20.166+0000] {taskinstance.py:1206} INFO - Marking task as FAILED. dag_id=weather_hourly, task_id=ingest_weather_data.ingest_observations, run_id=manual__2025-12-29T03:41:16.576302+00:00, execution_date=20251229T034116, start_date=20251229T034118, end_date=20251229T034120
[2025-12-29T03:41:20.179+0000] {standard_task_runner.py:110} ERROR - Failed to execute job 16 for task ingest_weather_data.ingest_observations (Docker container failed: {'StatusCode': 1}; 204)
[2025-12-29T03:41:20.188+0000] {local_task_job_runner.py:243} INFO - Task exited with return code 1
[2025-12-29T03:41:20.214+0000] {taskinstance.py:3503} INFO - 0 downstream tasks scheduled from follow-on schedule check
[2025-12-29T03:41:20.219+0000] {local_task_job_runner.py:222} INFO - ::endgroup::
