[2025-12-29T05:25:07.882+0000] {local_task_job_runner.py:120} INFO - ::group::Pre task execution logs
[2025-12-29T05:25:08.064+0000] {taskinstance.py:2076} INFO - Dependencies all met for dep_context=non-requeueable deps ti=<TaskInstance: weather_hourly.ingest_weather_data.ingest_forecasts manual__2025-12-29T05:25:06.144059+00:00 [queued]>
[2025-12-29T05:25:08.071+0000] {taskinstance.py:2076} INFO - Dependencies all met for dep_context=requeueable deps ti=<TaskInstance: weather_hourly.ingest_weather_data.ingest_forecasts manual__2025-12-29T05:25:06.144059+00:00 [queued]>
[2025-12-29T05:25:08.072+0000] {taskinstance.py:2306} INFO - Starting attempt 1 of 1
[2025-12-29T05:25:08.083+0000] {taskinstance.py:2330} INFO - Executing <Task(DockerOperator): ingest_weather_data.ingest_forecasts> on 2025-12-29 05:25:06.144059+00:00
[2025-12-29T05:25:08.090+0000] {standard_task_runner.py:64} INFO - Started process 213 to run task
[2025-12-29T05:25:08.092+0000] {standard_task_runner.py:90} INFO - Running: ['***', 'tasks', 'run', 'weather_hourly', 'ingest_weather_data.ingest_forecasts', 'manual__2025-12-29T05:25:06.144059+00:00', '--job-id', '13', '--raw', '--subdir', 'DAGS_FOLDER/weather_hourly.py', '--cfg-path', '/tmp/tmpwvon70z_']
[2025-12-29T05:25:08.093+0000] {standard_task_runner.py:91} INFO - Job 13: Subtask ingest_weather_data.ingest_forecasts
[2025-12-29T05:25:08.135+0000] {task_command.py:426} INFO - Running <TaskInstance: weather_hourly.ingest_weather_data.ingest_forecasts manual__2025-12-29T05:25:06.144059+00:00 [running]> on host 86ae71ae83a3
[2025-12-29T05:25:08.213+0000] {taskinstance.py:2648} INFO - Exporting env vars: AIRFLOW_CTX_DAG_OWNER='***' AIRFLOW_CTX_DAG_ID='weather_hourly' AIRFLOW_CTX_TASK_ID='ingest_weather_data.ingest_forecasts' AIRFLOW_CTX_EXECUTION_DATE='2025-12-29T05:25:06.144059+00:00' AIRFLOW_CTX_TRY_NUMBER='1' AIRFLOW_CTX_DAG_RUN_ID='manual__2025-12-29T05:25:06.144059+00:00'
[2025-12-29T05:25:08.214+0000] {taskinstance.py:430} INFO - ::endgroup::
[2025-12-29T05:25:08.248+0000] {docker.py:367} INFO - Starting docker container from image weather-ingestion:latest
[2025-12-29T05:25:09.413+0000] {docker.py:438} INFO - 2025-12-29 05:25:09,412 - INFO - Connecting with db
[2025-12-29T05:25:09.434+0000] {docker.py:438} INFO - 2025-12-29 05:25:09,432 - INFO - 72 Hour forecast Weather for Stations 00400
[2025-12-29T05:25:09.577+0000] {docker.py:438} INFO - 2025-12-29 05:25:09,576 - INFO - 72 Hour forecast Weather for Stations 00403
[2025-12-29T05:25:09.721+0000] {docker.py:438} INFO - 2025-12-29 05:25:09,720 - INFO - 72 Hour forecast Weather for Stations 00410
[2025-12-29T05:25:09.864+0000] {docker.py:438} INFO - 2025-12-29 05:25:09,863 - INFO - 72 Hour forecast Weather for Stations 00420
[2025-12-29T05:25:09.998+0000] {docker.py:438} INFO - 2025-12-29 05:25:09,997 - INFO - 72 Hour forecast Weather for Stations 00427
[2025-12-29T05:25:10.126+0000] {docker.py:438} INFO - 2025-12-29 05:25:10,125 - INFO - 72 Hour forecast Weather for Stations 00430
[2025-12-29T05:25:10.266+0000] {docker.py:438} INFO - 2025-12-29 05:25:10,266 - INFO - 72 Hour forecast Weather for Stations 00433
[2025-12-29T05:25:10.400+0000] {docker.py:438} INFO - 2025-12-29 05:25:10,399 - INFO - Connecting with db
[2025-12-29T05:25:10.446+0000] {docker.py:438} INFO - 2025-12-29 05:25:10,445 - INFO - data inserted into db
[2025-12-29T05:25:10.929+0000] {taskinstance.py:441} INFO - ::group::Post task execution logs
[2025-12-29T05:25:10.954+0000] {taskinstance.py:1206} INFO - Marking task as SUCCESS. dag_id=weather_hourly, task_id=ingest_weather_data.ingest_forecasts, run_id=manual__2025-12-29T05:25:06.144059+00:00, execution_date=20251229T052506, start_date=20251229T052508, end_date=20251229T052510
[2025-12-29T05:25:10.995+0000] {local_task_job_runner.py:243} INFO - Task exited with return code 0
[2025-12-29T05:25:11.018+0000] {taskinstance.py:3503} INFO - 0 downstream tasks scheduled from follow-on schedule check
[2025-12-29T05:25:11.021+0000] {local_task_job_runner.py:222} INFO - ::endgroup::
