[2025-12-29T05:26:18.340+0000] {local_task_job_runner.py:120} INFO - ::group::Pre task execution logs
[2025-12-29T05:26:18.536+0000] {taskinstance.py:2076} INFO - Dependencies all met for dep_context=non-requeueable deps ti=<TaskInstance: weather_hourly.ingest_weather_data.ingest_observations manual__2025-12-29T05:26:16.729795+00:00 [queued]>
[2025-12-29T05:26:18.544+0000] {taskinstance.py:2076} INFO - Dependencies all met for dep_context=requeueable deps ti=<TaskInstance: weather_hourly.ingest_weather_data.ingest_observations manual__2025-12-29T05:26:16.729795+00:00 [queued]>
[2025-12-29T05:26:18.544+0000] {taskinstance.py:2306} INFO - Starting attempt 1 of 1
[2025-12-29T05:26:18.556+0000] {taskinstance.py:2330} INFO - Executing <Task(DockerOperator): ingest_weather_data.ingest_observations> on 2025-12-29 05:26:16.729795+00:00
[2025-12-29T05:26:18.563+0000] {standard_task_runner.py:64} INFO - Started process 204 to run task
[2025-12-29T05:26:18.566+0000] {standard_task_runner.py:90} INFO - Running: ['***', 'tasks', 'run', 'weather_hourly', 'ingest_weather_data.ingest_observations', 'manual__2025-12-29T05:26:16.729795+00:00', '--job-id', '19', '--raw', '--subdir', 'DAGS_FOLDER/weather_hourly.py', '--cfg-path', '/tmp/tmpptdkp936']
[2025-12-29T05:26:18.568+0000] {standard_task_runner.py:91} INFO - Job 19: Subtask ingest_weather_data.ingest_observations
[2025-12-29T05:26:18.614+0000] {task_command.py:426} INFO - Running <TaskInstance: weather_hourly.ingest_weather_data.ingest_observations manual__2025-12-29T05:26:16.729795+00:00 [running]> on host 86ae71ae83a3
[2025-12-29T05:26:18.694+0000] {taskinstance.py:2648} INFO - Exporting env vars: AIRFLOW_CTX_DAG_OWNER='***' AIRFLOW_CTX_DAG_ID='weather_hourly' AIRFLOW_CTX_TASK_ID='ingest_weather_data.ingest_observations' AIRFLOW_CTX_EXECUTION_DATE='2025-12-29T05:26:16.729795+00:00' AIRFLOW_CTX_TRY_NUMBER='1' AIRFLOW_CTX_DAG_RUN_ID='manual__2025-12-29T05:26:16.729795+00:00'
[2025-12-29T05:26:18.695+0000] {taskinstance.py:430} INFO - ::endgroup::
[2025-12-29T05:26:18.740+0000] {docker.py:367} INFO - Starting docker container from image weather-ingestion:latest
[2025-12-29T05:26:20.080+0000] {docker.py:438} INFO - 2025-12-29 05:26:20,078 - INFO - Connecting with db
[2025-12-29T05:26:20.089+0000] {docker.py:438} INFO - 2025-12-29 05:26:20,087 - INFO - Fetching Berlin's Station list
[2025-12-29T05:26:20.099+0000] {docker.py:438} INFO - 2025-12-29 05:26:20,098 - INFO - Getting Current Weather for Stations 00400
[2025-12-29T05:26:20.292+0000] {docker.py:438} INFO - 2025-12-29 05:26:20,291 - INFO - Getting Current Weather for Stations 00403
[2025-12-29T05:26:20.461+0000] {docker.py:438} INFO - 2025-12-29 05:26:20,460 - INFO - Getting Current Weather for Stations 00410
[2025-12-29T05:26:20.633+0000] {docker.py:438} INFO - 2025-12-29 05:26:20,632 - ERROR - HTTP error occured: 404 Client Error: Not Found for url: https://api.brightsky.dev/current_weather?dwd_station_id=00410
[2025-12-29T05:26:20.634+0000] {docker.py:438} INFO - 2025-12-29 05:26:20,633 - ERROR - Response body: {"detail":"Could not find current weather for your location criteria"}
[2025-12-29T05:26:20.634+0000] {docker.py:438} INFO - 2025-12-29 05:26:20,633 - INFO - Getting Current Weather for Stations 00420
[2025-12-29T05:26:20.805+0000] {docker.py:438} INFO - 2025-12-29 05:26:20,804 - INFO - Getting Current Weather for Stations 00427
[2025-12-29T05:26:20.977+0000] {docker.py:438} INFO - 2025-12-29 05:26:20,976 - INFO - Getting Current Weather for Stations 00430
[2025-12-29T05:26:21.153+0000] {docker.py:438} INFO - 2025-12-29 05:26:21,152 - ERROR - HTTP error occured: 404 Client Error: Not Found for url: https://api.brightsky.dev/current_weather?dwd_station_id=00430
[2025-12-29T05:26:21.154+0000] {docker.py:438} INFO - 2025-12-29 05:26:21,152 - ERROR - Response body: {"detail":"Could not find current weather for your location criteria"}
[2025-12-29T05:26:21.154+0000] {docker.py:438} INFO - 2025-12-29 05:26:21,152 - INFO - Getting Current Weather for Stations 00433
[2025-12-29T05:26:21.286+0000] {docker.py:438} INFO - 2025-12-29 05:26:21,285 - INFO - Connecting with db
[2025-12-29T05:26:21.294+0000] {docker.py:438} INFO - 2025-12-29 05:26:21,293 - ERROR - db error : relation "raw.weather_observations" does not exist
[2025-12-29T05:26:21.295+0000] {docker.py:438} INFO - LINE 2:         INSERT INTO raw.weather_observations (
[2025-12-29T05:26:21.295+0000] {docker.py:438} INFO -                             ^
[2025-12-29T05:26:21.900+0000] {taskinstance.py:441} INFO - ::group::Post task execution logs
[2025-12-29T05:26:21.924+0000] {taskinstance.py:1206} INFO - Marking task as SUCCESS. dag_id=weather_hourly, task_id=ingest_weather_data.ingest_observations, run_id=manual__2025-12-29T05:26:16.729795+00:00, execution_date=20251229T052616, start_date=20251229T052618, end_date=20251229T052621
[2025-12-29T05:26:21.949+0000] {local_task_job_runner.py:243} INFO - Task exited with return code 0
[2025-12-29T05:26:21.968+0000] {taskinstance.py:3503} INFO - 0 downstream tasks scheduled from follow-on schedule check
[2025-12-29T05:26:21.970+0000] {local_task_job_runner.py:222} INFO - ::endgroup::
