[2025-12-29T02:38:00.467+0000] {local_task_job_runner.py:120} INFO - ::group::Pre task execution logs
[2025-12-29T02:38:00.496+0000] {taskinstance.py:2076} INFO - Dependencies all met for dep_context=non-requeueable deps ti=<TaskInstance: reference_setup.ingest_reference_data.ingest_geo_plz scheduled__2025-12-28T00:00:00+00:00 [queued]>
[2025-12-29T02:38:00.502+0000] {taskinstance.py:2076} INFO - Dependencies all met for dep_context=requeueable deps ti=<TaskInstance: reference_setup.ingest_reference_data.ingest_geo_plz scheduled__2025-12-28T00:00:00+00:00 [queued]>
[2025-12-29T02:38:00.503+0000] {taskinstance.py:2306} INFO - Starting attempt 1 of 1
[2025-12-29T02:38:00.514+0000] {taskinstance.py:2330} INFO - Executing <Task(DockerOperator): ingest_reference_data.ingest_geo_plz> on 2025-12-28 00:00:00+00:00
[2025-12-29T02:38:00.520+0000] {standard_task_runner.py:64} INFO - Started process 400 to run task
[2025-12-29T02:38:00.522+0000] {standard_task_runner.py:90} INFO - Running: ['***', 'tasks', 'run', 'reference_setup', 'ingest_reference_data.ingest_geo_plz', 'scheduled__2025-12-28T00:00:00+00:00', '--job-id', '7', '--raw', '--subdir', 'DAGS_FOLDER/refrence_setup.py', '--cfg-path', '/tmp/tmpc7j66k3x']
[2025-12-29T02:38:00.524+0000] {standard_task_runner.py:91} INFO - Job 7: Subtask ingest_reference_data.ingest_geo_plz
[2025-12-29T02:38:00.568+0000] {task_command.py:426} INFO - Running <TaskInstance: reference_setup.ingest_reference_data.ingest_geo_plz scheduled__2025-12-28T00:00:00+00:00 [running]> on host b4f558978544
[2025-12-29T02:38:00.645+0000] {taskinstance.py:2648} INFO - Exporting env vars: AIRFLOW_CTX_DAG_OWNER='***' AIRFLOW_CTX_DAG_ID='reference_setup' AIRFLOW_CTX_TASK_ID='ingest_reference_data.ingest_geo_plz' AIRFLOW_CTX_EXECUTION_DATE='2025-12-28T00:00:00+00:00' AIRFLOW_CTX_TRY_NUMBER='1' AIRFLOW_CTX_DAG_RUN_ID='scheduled__2025-12-28T00:00:00+00:00'
[2025-12-29T02:38:00.647+0000] {taskinstance.py:430} INFO - ::endgroup::
[2025-12-29T02:38:00.660+0000] {docker.py:157} ERROR - Failed to establish connection to Docker host unix://var/run/docker.sock: Error while fetching server API version: ('Connection aborted.', FileNotFoundError(2, 'No such file or directory'))
[2025-12-29T02:38:00.661+0000] {taskinstance.py:441} INFO - ::group::Post task execution logs
[2025-12-29T02:38:00.670+0000] {taskinstance.py:2905} ERROR - Task failed with exception
Traceback (most recent call last):
  File "/home/airflow/.local/lib/python3.11/site-packages/airflow/models/taskinstance.py", line 465, in _execute_task
    result = _execute_callable(context=context, **execute_callable_kwargs)
             ^^^^^^^^^^^^^^^^^^^^^^^^^^^^^^^^^^^^^^^^^^^^^^^^^^^^^^^^^^^^^
  File "/home/airflow/.local/lib/python3.11/site-packages/airflow/models/taskinstance.py", line 432, in _execute_callable
    return execute_callable(context=context, **execute_callable_kwargs)
           ^^^^^^^^^^^^^^^^^^^^^^^^^^^^^^^^^^^^^^^^^^^^^^^^^^^^^^^^^^^^
  File "/home/airflow/.local/lib/python3.11/site-packages/airflow/models/baseoperator.py", line 401, in wrapper
    return func(self, *args, **kwargs)
           ^^^^^^^^^^^^^^^^^^^^^^^^^^^
  File "/home/airflow/.local/lib/python3.11/site-packages/airflow/providers/docker/operators/docker.py", line 495, in execute
    if self.force_pull or not self.cli.images(name=self.image):
                              ^^^^^^^^
  File "/home/airflow/.local/lib/python3.11/site-packages/airflow/providers/docker/operators/docker.py", line 363, in cli
    return self.hook.api_client
           ^^^^^^^^^^^^^^^^^^^^
  File "/usr/local/lib/python3.11/functools.py", line 1001, in __get__
    val = self.func(instance)
          ^^^^^^^^^^^^^^^^^^^
  File "/home/airflow/.local/lib/python3.11/site-packages/airflow/providers/docker/hooks/docker.py", line 161, in api_client
    raise AirflowException("Failed to establish connection to any given Docker hosts.")
airflow.exceptions.AirflowException: Failed to establish connection to any given Docker hosts.
[2025-12-29T02:38:00.674+0000] {taskinstance.py:1206} INFO - Marking task as FAILED. dag_id=reference_setup, task_id=ingest_reference_data.ingest_geo_plz, run_id=scheduled__2025-12-28T00:00:00+00:00, execution_date=20251228T000000, start_date=20251229T023800, end_date=20251229T023800
[2025-12-29T02:38:00.685+0000] {standard_task_runner.py:110} ERROR - Failed to execute job 7 for task ingest_reference_data.ingest_geo_plz (Failed to establish connection to any given Docker hosts.; 400)
[2025-12-29T02:38:00.695+0000] {local_task_job_runner.py:243} INFO - Task exited with return code 1
[2025-12-29T02:38:00.703+0000] {local_task_job_runner.py:222} INFO - ::endgroup::
[2025-12-29T03:02:21.757+0000] {local_task_job_runner.py:120} INFO - ::group::Pre task execution logs
[2025-12-29T03:02:21.782+0000] {taskinstance.py:2076} INFO - Dependencies all met for dep_context=non-requeueable deps ti=<TaskInstance: reference_setup.ingest_reference_data.ingest_geo_plz scheduled__2025-12-28T00:00:00+00:00 [queued]>
[2025-12-29T03:02:21.788+0000] {taskinstance.py:2076} INFO - Dependencies all met for dep_context=requeueable deps ti=<TaskInstance: reference_setup.ingest_reference_data.ingest_geo_plz scheduled__2025-12-28T00:00:00+00:00 [queued]>
[2025-12-29T03:02:21.789+0000] {taskinstance.py:2306} INFO - Starting attempt 1 of 1
[2025-12-29T03:02:21.798+0000] {taskinstance.py:2330} INFO - Executing <Task(DockerOperator): ingest_reference_data.ingest_geo_plz> on 2025-12-28 00:00:00+00:00
[2025-12-29T03:02:21.805+0000] {standard_task_runner.py:64} INFO - Started process 391 to run task
[2025-12-29T03:02:21.806+0000] {standard_task_runner.py:90} INFO - Running: ['***', 'tasks', 'run', 'reference_setup', 'ingest_reference_data.ingest_geo_plz', 'scheduled__2025-12-28T00:00:00+00:00', '--job-id', '5', '--raw', '--subdir', 'DAGS_FOLDER/refrence_setup.py', '--cfg-path', '/tmp/tmpwh6_c9yo']
[2025-12-29T03:02:21.808+0000] {standard_task_runner.py:91} INFO - Job 5: Subtask ingest_reference_data.ingest_geo_plz
[2025-12-29T03:02:21.854+0000] {task_command.py:426} INFO - Running <TaskInstance: reference_setup.ingest_reference_data.ingest_geo_plz scheduled__2025-12-28T00:00:00+00:00 [running]> on host 719c73d53d7e
[2025-12-29T03:02:21.925+0000] {taskinstance.py:2648} INFO - Exporting env vars: AIRFLOW_CTX_DAG_OWNER='***' AIRFLOW_CTX_DAG_ID='reference_setup' AIRFLOW_CTX_TASK_ID='ingest_reference_data.ingest_geo_plz' AIRFLOW_CTX_EXECUTION_DATE='2025-12-28T00:00:00+00:00' AIRFLOW_CTX_TRY_NUMBER='1' AIRFLOW_CTX_DAG_RUN_ID='scheduled__2025-12-28T00:00:00+00:00'
[2025-12-29T03:02:21.926+0000] {taskinstance.py:430} INFO - ::endgroup::
[2025-12-29T03:02:21.967+0000] {docker.py:367} INFO - Starting docker container from image weather-ingestion:latest
[2025-12-29T03:02:21.974+0000] {docker.py:375} WARNING - Using remote engine or docker-in-docker and mounting temporary volume from host is not supported. Falling back to `mount_tmp_dir=False` mode. You can set `mount_tmp_dir` parameter to False to disable mounting and remove the warning
[2025-12-29T03:02:23.046+0000] {docker.py:438} INFO - Traceback (most recent call last):
[2025-12-29T03:02:23.047+0000] {docker.py:438} INFO -   File "<frozen runpy>", line 198, in _run_module_as_main
[2025-12-29T03:02:23.047+0000] {docker.py:438} INFO -   File "<frozen runpy>", line 88, in _run_code
[2025-12-29T03:02:23.047+0000] {docker.py:438} INFO -   File "/app/src/ingest_geo_plz.py", line 4, in <module>
[2025-12-29T03:02:23.048+0000] {docker.py:438} INFO -     import brotli
[2025-12-29T03:02:23.048+0000] {docker.py:438} INFO - ModuleNotFoundError: No module named 'brotli'
[2025-12-29T03:02:23.504+0000] {taskinstance.py:441} INFO - ::group::Post task execution logs
[2025-12-29T03:02:23.515+0000] {taskinstance.py:2905} ERROR - Task failed with exception
Traceback (most recent call last):
  File "/home/airflow/.local/lib/python3.11/site-packages/docker/api/client.py", line 275, in _raise_for_status
    response.raise_for_status()
  File "/home/airflow/.local/lib/python3.11/site-packages/requests/models.py", line 1021, in raise_for_status
    raise HTTPError(http_error_msg, response=self)
requests.exceptions.HTTPError: 400 Client Error: Bad Request for url: http+docker://localhost/v1.52/containers/create

The above exception was the direct cause of the following exception:

Traceback (most recent call last):
  File "/home/airflow/.local/lib/python3.11/site-packages/airflow/providers/docker/operators/docker.py", line 372, in _run_image
    return self._run_image_with_mounts([*self.mounts, tmp_mount], add_tmp_variable=True)
           ^^^^^^^^^^^^^^^^^^^^^^^^^^^^^^^^^^^^^^^^^^^^^^^^^^^^^^^^^^^^^^^^^^^^^^^^^^^^^
  File "/home/airflow/.local/lib/python3.11/site-packages/airflow/providers/docker/operators/docker.py", line 399, in _run_image_with_mounts
    self.container = self.cli.create_container(
                     ^^^^^^^^^^^^^^^^^^^^^^^^^^
  File "/home/airflow/.local/lib/python3.11/site-packages/docker/api/container.py", line 440, in create_container
    return self.create_container_from_config(config, name, platform)
           ^^^^^^^^^^^^^^^^^^^^^^^^^^^^^^^^^^^^^^^^^^^^^^^^^^^^^^^^^
  File "/home/airflow/.local/lib/python3.11/site-packages/docker/api/container.py", line 457, in create_container_from_config
    return self._result(res, True)
           ^^^^^^^^^^^^^^^^^^^^^^^
  File "/home/airflow/.local/lib/python3.11/site-packages/docker/api/client.py", line 281, in _result
    self._raise_for_status(response)
  File "/home/airflow/.local/lib/python3.11/site-packages/docker/api/client.py", line 277, in _raise_for_status
    raise create_api_error_from_http_exception(e) from e
          ^^^^^^^^^^^^^^^^^^^^^^^^^^^^^^^^^^^^^^^
  File "/home/airflow/.local/lib/python3.11/site-packages/docker/errors.py", line 39, in create_api_error_from_http_exception
    raise cls(e, response=response, explanation=explanation) from e
docker.errors.APIError: 400 Client Error for http+docker://localhost/v1.52/containers/create: Bad Request ("invalid mount config for type "bind": bind source path does not exist: /tmp/airflowtmpon8iozt3")

During handling of the above exception, another exception occurred:

Traceback (most recent call last):
  File "/home/airflow/.local/lib/python3.11/site-packages/airflow/models/taskinstance.py", line 465, in _execute_task
    result = _execute_callable(context=context, **execute_callable_kwargs)
             ^^^^^^^^^^^^^^^^^^^^^^^^^^^^^^^^^^^^^^^^^^^^^^^^^^^^^^^^^^^^^
  File "/home/airflow/.local/lib/python3.11/site-packages/airflow/models/taskinstance.py", line 432, in _execute_callable
    return execute_callable(context=context, **execute_callable_kwargs)
           ^^^^^^^^^^^^^^^^^^^^^^^^^^^^^^^^^^^^^^^^^^^^^^^^^^^^^^^^^^^^
  File "/home/airflow/.local/lib/python3.11/site-packages/airflow/models/baseoperator.py", line 401, in wrapper
    return func(self, *args, **kwargs)
           ^^^^^^^^^^^^^^^^^^^^^^^^^^^
  File "/home/airflow/.local/lib/python3.11/site-packages/airflow/providers/docker/operators/docker.py", line 513, in execute
    return self._run_image()
           ^^^^^^^^^^^^^^^^^
  File "/home/airflow/.local/lib/python3.11/site-packages/airflow/providers/docker/operators/docker.py", line 381, in _run_image
    return self._run_image_with_mounts(self.mounts, add_tmp_variable=False)
           ^^^^^^^^^^^^^^^^^^^^^^^^^^^^^^^^^^^^^^^^^^^^^^^^^^^^^^^^^^^^^^^^
  File "/home/airflow/.local/lib/python3.11/site-packages/airflow/providers/docker/operators/docker.py", line 446, in _run_image_with_mounts
    raise DockerContainerFailedException(f"Docker container failed: {result!r}", logs=log_lines)
airflow.providers.docker.exceptions.DockerContainerFailedException: Docker container failed: {'StatusCode': 1}
[2025-12-29T03:02:23.520+0000] {taskinstance.py:1206} INFO - Marking task as FAILED. dag_id=reference_setup, task_id=ingest_reference_data.ingest_geo_plz, run_id=scheduled__2025-12-28T00:00:00+00:00, execution_date=20251228T000000, start_date=20251229T030221, end_date=20251229T030223
[2025-12-29T03:02:23.530+0000] {standard_task_runner.py:110} ERROR - Failed to execute job 5 for task ingest_reference_data.ingest_geo_plz (Docker container failed: {'StatusCode': 1}; 391)
[2025-12-29T03:02:23.557+0000] {local_task_job_runner.py:243} INFO - Task exited with return code 1
[2025-12-29T03:02:23.580+0000] {taskinstance.py:3503} INFO - 0 downstream tasks scheduled from follow-on schedule check
[2025-12-29T03:02:23.584+0000] {local_task_job_runner.py:222} INFO - ::endgroup::
[2025-12-29T03:07:20.333+0000] {local_task_job_runner.py:120} INFO - ::group::Pre task execution logs
[2025-12-29T03:07:20.359+0000] {taskinstance.py:2076} INFO - Dependencies all met for dep_context=non-requeueable deps ti=<TaskInstance: reference_setup.ingest_reference_data.ingest_geo_plz scheduled__2025-12-28T00:00:00+00:00 [queued]>
[2025-12-29T03:07:20.365+0000] {taskinstance.py:2076} INFO - Dependencies all met for dep_context=requeueable deps ti=<TaskInstance: reference_setup.ingest_reference_data.ingest_geo_plz scheduled__2025-12-28T00:00:00+00:00 [queued]>
[2025-12-29T03:07:20.366+0000] {taskinstance.py:2306} INFO - Starting attempt 1 of 1
[2025-12-29T03:07:20.376+0000] {taskinstance.py:2330} INFO - Executing <Task(DockerOperator): ingest_reference_data.ingest_geo_plz> on 2025-12-28 00:00:00+00:00
[2025-12-29T03:07:20.383+0000] {standard_task_runner.py:64} INFO - Started process 203 to run task
[2025-12-29T03:07:20.385+0000] {standard_task_runner.py:90} INFO - Running: ['***', 'tasks', 'run', 'reference_setup', 'ingest_reference_data.ingest_geo_plz', 'scheduled__2025-12-28T00:00:00+00:00', '--job-id', '3', '--raw', '--subdir', 'DAGS_FOLDER/refrence_setup.py', '--cfg-path', '/tmp/tmpn241ulo2']
[2025-12-29T03:07:20.387+0000] {standard_task_runner.py:91} INFO - Job 3: Subtask ingest_reference_data.ingest_geo_plz
[2025-12-29T03:07:20.437+0000] {task_command.py:426} INFO - Running <TaskInstance: reference_setup.ingest_reference_data.ingest_geo_plz scheduled__2025-12-28T00:00:00+00:00 [running]> on host 9c0baf7db61e
[2025-12-29T03:07:20.521+0000] {taskinstance.py:2648} INFO - Exporting env vars: AIRFLOW_CTX_DAG_OWNER='***' AIRFLOW_CTX_DAG_ID='reference_setup' AIRFLOW_CTX_TASK_ID='ingest_reference_data.ingest_geo_plz' AIRFLOW_CTX_EXECUTION_DATE='2025-12-28T00:00:00+00:00' AIRFLOW_CTX_TRY_NUMBER='1' AIRFLOW_CTX_DAG_RUN_ID='scheduled__2025-12-28T00:00:00+00:00'
[2025-12-29T03:07:20.522+0000] {taskinstance.py:430} INFO - ::endgroup::
[2025-12-29T03:07:20.588+0000] {docker.py:367} INFO - Starting docker container from image weather-ingestion:latest
[2025-12-29T03:07:20.595+0000] {docker.py:375} WARNING - Using remote engine or docker-in-docker and mounting temporary volume from host is not supported. Falling back to `mount_tmp_dir=False` mode. You can set `mount_tmp_dir` parameter to False to disable mounting and remove the warning
[2025-12-29T03:07:21.792+0000] {docker.py:438} INFO - Traceback (most recent call last):
[2025-12-29T03:07:21.792+0000] {docker.py:438} INFO -   File "<frozen runpy>", line 198, in _run_module_as_main
[2025-12-29T03:07:21.793+0000] {docker.py:438} INFO -   File "<frozen runpy>", line 88, in _run_code
[2025-12-29T03:07:21.793+0000] {docker.py:438} INFO -   File "/app/src/ingest_geo_plz.py", line 4, in <module>
[2025-12-29T03:07:21.793+0000] {docker.py:438} INFO -     import brotli
[2025-12-29T03:07:21.793+0000] {docker.py:438} INFO - ModuleNotFoundError: No module named 'brotli'
[2025-12-29T03:07:22.238+0000] {taskinstance.py:441} INFO - ::group::Post task execution logs
[2025-12-29T03:07:22.250+0000] {taskinstance.py:2905} ERROR - Task failed with exception
Traceback (most recent call last):
  File "/home/airflow/.local/lib/python3.11/site-packages/docker/api/client.py", line 275, in _raise_for_status
    response.raise_for_status()
  File "/home/airflow/.local/lib/python3.11/site-packages/requests/models.py", line 1021, in raise_for_status
    raise HTTPError(http_error_msg, response=self)
requests.exceptions.HTTPError: 400 Client Error: Bad Request for url: http+docker://localhost/v1.52/containers/create

The above exception was the direct cause of the following exception:

Traceback (most recent call last):
  File "/home/airflow/.local/lib/python3.11/site-packages/airflow/providers/docker/operators/docker.py", line 372, in _run_image
    return self._run_image_with_mounts([*self.mounts, tmp_mount], add_tmp_variable=True)
           ^^^^^^^^^^^^^^^^^^^^^^^^^^^^^^^^^^^^^^^^^^^^^^^^^^^^^^^^^^^^^^^^^^^^^^^^^^^^^
  File "/home/airflow/.local/lib/python3.11/site-packages/airflow/providers/docker/operators/docker.py", line 399, in _run_image_with_mounts
    self.container = self.cli.create_container(
                     ^^^^^^^^^^^^^^^^^^^^^^^^^^
  File "/home/airflow/.local/lib/python3.11/site-packages/docker/api/container.py", line 440, in create_container
    return self.create_container_from_config(config, name, platform)
           ^^^^^^^^^^^^^^^^^^^^^^^^^^^^^^^^^^^^^^^^^^^^^^^^^^^^^^^^^
  File "/home/airflow/.local/lib/python3.11/site-packages/docker/api/container.py", line 457, in create_container_from_config
    return self._result(res, True)
           ^^^^^^^^^^^^^^^^^^^^^^^
  File "/home/airflow/.local/lib/python3.11/site-packages/docker/api/client.py", line 281, in _result
    self._raise_for_status(response)
  File "/home/airflow/.local/lib/python3.11/site-packages/docker/api/client.py", line 277, in _raise_for_status
    raise create_api_error_from_http_exception(e) from e
          ^^^^^^^^^^^^^^^^^^^^^^^^^^^^^^^^^^^^^^^
  File "/home/airflow/.local/lib/python3.11/site-packages/docker/errors.py", line 39, in create_api_error_from_http_exception
    raise cls(e, response=response, explanation=explanation) from e
docker.errors.APIError: 400 Client Error for http+docker://localhost/v1.52/containers/create: Bad Request ("invalid mount config for type "bind": bind source path does not exist: /tmp/airflowtmpfrgg_nbx")

During handling of the above exception, another exception occurred:

Traceback (most recent call last):
  File "/home/airflow/.local/lib/python3.11/site-packages/airflow/models/taskinstance.py", line 465, in _execute_task
    result = _execute_callable(context=context, **execute_callable_kwargs)
             ^^^^^^^^^^^^^^^^^^^^^^^^^^^^^^^^^^^^^^^^^^^^^^^^^^^^^^^^^^^^^
  File "/home/airflow/.local/lib/python3.11/site-packages/airflow/models/taskinstance.py", line 432, in _execute_callable
    return execute_callable(context=context, **execute_callable_kwargs)
           ^^^^^^^^^^^^^^^^^^^^^^^^^^^^^^^^^^^^^^^^^^^^^^^^^^^^^^^^^^^^
  File "/home/airflow/.local/lib/python3.11/site-packages/airflow/models/baseoperator.py", line 401, in wrapper
    return func(self, *args, **kwargs)
           ^^^^^^^^^^^^^^^^^^^^^^^^^^^
  File "/home/airflow/.local/lib/python3.11/site-packages/airflow/providers/docker/operators/docker.py", line 513, in execute
    return self._run_image()
           ^^^^^^^^^^^^^^^^^
  File "/home/airflow/.local/lib/python3.11/site-packages/airflow/providers/docker/operators/docker.py", line 381, in _run_image
    return self._run_image_with_mounts(self.mounts, add_tmp_variable=False)
           ^^^^^^^^^^^^^^^^^^^^^^^^^^^^^^^^^^^^^^^^^^^^^^^^^^^^^^^^^^^^^^^^
  File "/home/airflow/.local/lib/python3.11/site-packages/airflow/providers/docker/operators/docker.py", line 446, in _run_image_with_mounts
    raise DockerContainerFailedException(f"Docker container failed: {result!r}", logs=log_lines)
airflow.providers.docker.exceptions.DockerContainerFailedException: Docker container failed: {'StatusCode': 1}
[2025-12-29T03:07:22.255+0000] {taskinstance.py:1206} INFO - Marking task as FAILED. dag_id=reference_setup, task_id=ingest_reference_data.ingest_geo_plz, run_id=scheduled__2025-12-28T00:00:00+00:00, execution_date=20251228T000000, start_date=20251229T030720, end_date=20251229T030722
[2025-12-29T03:07:22.267+0000] {standard_task_runner.py:110} ERROR - Failed to execute job 3 for task ingest_reference_data.ingest_geo_plz (Docker container failed: {'StatusCode': 1}; 203)
[2025-12-29T03:07:22.282+0000] {local_task_job_runner.py:243} INFO - Task exited with return code 1
[2025-12-29T03:07:22.293+0000] {local_task_job_runner.py:222} INFO - ::endgroup::
[2025-12-29T03:11:39.585+0000] {local_task_job_runner.py:120} INFO - ::group::Pre task execution logs
[2025-12-29T03:11:39.618+0000] {taskinstance.py:2076} INFO - Dependencies all met for dep_context=non-requeueable deps ti=<TaskInstance: reference_setup.ingest_reference_data.ingest_geo_plz scheduled__2025-12-28T00:00:00+00:00 [queued]>
[2025-12-29T03:11:39.628+0000] {taskinstance.py:2076} INFO - Dependencies all met for dep_context=requeueable deps ti=<TaskInstance: reference_setup.ingest_reference_data.ingest_geo_plz scheduled__2025-12-28T00:00:00+00:00 [queued]>
[2025-12-29T03:11:39.629+0000] {taskinstance.py:2306} INFO - Starting attempt 1 of 1
[2025-12-29T03:11:39.643+0000] {taskinstance.py:2330} INFO - Executing <Task(DockerOperator): ingest_reference_data.ingest_geo_plz> on 2025-12-28 00:00:00+00:00
[2025-12-29T03:11:39.651+0000] {standard_task_runner.py:64} INFO - Started process 203 to run task
[2025-12-29T03:11:39.655+0000] {standard_task_runner.py:90} INFO - Running: ['***', 'tasks', 'run', 'reference_setup', 'ingest_reference_data.ingest_geo_plz', 'scheduled__2025-12-28T00:00:00+00:00', '--job-id', '4', '--raw', '--subdir', 'DAGS_FOLDER/refrence_setup.py', '--cfg-path', '/tmp/tmpi4lcz8c9']
[2025-12-29T03:11:39.658+0000] {standard_task_runner.py:91} INFO - Job 4: Subtask ingest_reference_data.ingest_geo_plz
[2025-12-29T03:11:39.723+0000] {task_command.py:426} INFO - Running <TaskInstance: reference_setup.ingest_reference_data.ingest_geo_plz scheduled__2025-12-28T00:00:00+00:00 [running]> on host acec7d96cb55
[2025-12-29T03:11:39.827+0000] {taskinstance.py:2648} INFO - Exporting env vars: AIRFLOW_CTX_DAG_OWNER='***' AIRFLOW_CTX_DAG_ID='reference_setup' AIRFLOW_CTX_TASK_ID='ingest_reference_data.ingest_geo_plz' AIRFLOW_CTX_EXECUTION_DATE='2025-12-28T00:00:00+00:00' AIRFLOW_CTX_TRY_NUMBER='1' AIRFLOW_CTX_DAG_RUN_ID='scheduled__2025-12-28T00:00:00+00:00'
[2025-12-29T03:11:39.828+0000] {taskinstance.py:430} INFO - ::endgroup::
[2025-12-29T03:11:39.904+0000] {docker.py:367} INFO - Starting docker container from image weather-ingestion:latest
[2025-12-29T03:11:41.379+0000] {docker.py:438} INFO - Traceback (most recent call last):
[2025-12-29T03:11:41.380+0000] {docker.py:438} INFO -   File "<frozen runpy>", line 198, in _run_module_as_main
[2025-12-29T03:11:41.380+0000] {docker.py:438} INFO -   File "<frozen runpy>", line 88, in _run_code
[2025-12-29T03:11:41.381+0000] {docker.py:438} INFO -   File "/app/src/ingest_geo_plz.py", line 4, in <module>
[2025-12-29T03:11:41.381+0000] {docker.py:438} INFO -     import brotli
[2025-12-29T03:11:41.381+0000] {docker.py:438} INFO - ModuleNotFoundError: No module named 'brotli'
[2025-12-29T03:11:41.956+0000] {taskinstance.py:441} INFO - ::group::Post task execution logs
[2025-12-29T03:11:41.972+0000] {taskinstance.py:2905} ERROR - Task failed with exception
Traceback (most recent call last):
  File "/home/airflow/.local/lib/python3.11/site-packages/airflow/models/taskinstance.py", line 465, in _execute_task
    result = _execute_callable(context=context, **execute_callable_kwargs)
             ^^^^^^^^^^^^^^^^^^^^^^^^^^^^^^^^^^^^^^^^^^^^^^^^^^^^^^^^^^^^^
  File "/home/airflow/.local/lib/python3.11/site-packages/airflow/models/taskinstance.py", line 432, in _execute_callable
    return execute_callable(context=context, **execute_callable_kwargs)
           ^^^^^^^^^^^^^^^^^^^^^^^^^^^^^^^^^^^^^^^^^^^^^^^^^^^^^^^^^^^^
  File "/home/airflow/.local/lib/python3.11/site-packages/airflow/models/baseoperator.py", line 401, in wrapper
    return func(self, *args, **kwargs)
           ^^^^^^^^^^^^^^^^^^^^^^^^^^^
  File "/home/airflow/.local/lib/python3.11/site-packages/airflow/providers/docker/operators/docker.py", line 513, in execute
    return self._run_image()
           ^^^^^^^^^^^^^^^^^
  File "/home/airflow/.local/lib/python3.11/site-packages/airflow/providers/docker/operators/docker.py", line 384, in _run_image
    return self._run_image_with_mounts(self.mounts, add_tmp_variable=False)
           ^^^^^^^^^^^^^^^^^^^^^^^^^^^^^^^^^^^^^^^^^^^^^^^^^^^^^^^^^^^^^^^^
  File "/home/airflow/.local/lib/python3.11/site-packages/airflow/providers/docker/operators/docker.py", line 446, in _run_image_with_mounts
    raise DockerContainerFailedException(f"Docker container failed: {result!r}", logs=log_lines)
airflow.providers.docker.exceptions.DockerContainerFailedException: Docker container failed: {'StatusCode': 1}
[2025-12-29T03:11:41.977+0000] {taskinstance.py:1206} INFO - Marking task as FAILED. dag_id=reference_setup, task_id=ingest_reference_data.ingest_geo_plz, run_id=scheduled__2025-12-28T00:00:00+00:00, execution_date=20251228T000000, start_date=20251229T031139, end_date=20251229T031141
[2025-12-29T03:11:41.989+0000] {standard_task_runner.py:110} ERROR - Failed to execute job 4 for task ingest_reference_data.ingest_geo_plz (Docker container failed: {'StatusCode': 1}; 203)
[2025-12-29T03:11:42.035+0000] {local_task_job_runner.py:243} INFO - Task exited with return code 1
[2025-12-29T03:11:42.065+0000] {taskinstance.py:3503} INFO - 0 downstream tasks scheduled from follow-on schedule check
[2025-12-29T03:11:42.070+0000] {local_task_job_runner.py:222} INFO - ::endgroup::
[2025-12-29T03:18:51.050+0000] {local_task_job_runner.py:120} INFO - ::group::Pre task execution logs
[2025-12-29T03:18:51.076+0000] {taskinstance.py:2076} INFO - Dependencies all met for dep_context=non-requeueable deps ti=<TaskInstance: reference_setup.ingest_reference_data.ingest_geo_plz scheduled__2025-12-28T00:00:00+00:00 [queued]>
[2025-12-29T03:18:51.082+0000] {taskinstance.py:2076} INFO - Dependencies all met for dep_context=requeueable deps ti=<TaskInstance: reference_setup.ingest_reference_data.ingest_geo_plz scheduled__2025-12-28T00:00:00+00:00 [queued]>
[2025-12-29T03:18:51.083+0000] {taskinstance.py:2306} INFO - Starting attempt 1 of 1
[2025-12-29T03:18:51.093+0000] {taskinstance.py:2330} INFO - Executing <Task(DockerOperator): ingest_reference_data.ingest_geo_plz> on 2025-12-28 00:00:00+00:00
[2025-12-29T03:18:51.100+0000] {standard_task_runner.py:64} INFO - Started process 202 to run task
[2025-12-29T03:18:51.104+0000] {standard_task_runner.py:90} INFO - Running: ['***', 'tasks', 'run', 'reference_setup', 'ingest_reference_data.ingest_geo_plz', 'scheduled__2025-12-28T00:00:00+00:00', '--job-id', '4', '--raw', '--subdir', 'DAGS_FOLDER/refrence_setup.py', '--cfg-path', '/tmp/tmpra6sxna1']
[2025-12-29T03:18:51.106+0000] {standard_task_runner.py:91} INFO - Job 4: Subtask ingest_reference_data.ingest_geo_plz
[2025-12-29T03:18:51.161+0000] {task_command.py:426} INFO - Running <TaskInstance: reference_setup.ingest_reference_data.ingest_geo_plz scheduled__2025-12-28T00:00:00+00:00 [running]> on host 6c9bd7c2afeb
[2025-12-29T03:18:51.254+0000] {taskinstance.py:2648} INFO - Exporting env vars: AIRFLOW_CTX_DAG_OWNER='***' AIRFLOW_CTX_DAG_ID='reference_setup' AIRFLOW_CTX_TASK_ID='ingest_reference_data.ingest_geo_plz' AIRFLOW_CTX_EXECUTION_DATE='2025-12-28T00:00:00+00:00' AIRFLOW_CTX_TRY_NUMBER='1' AIRFLOW_CTX_DAG_RUN_ID='scheduled__2025-12-28T00:00:00+00:00'
[2025-12-29T03:18:51.255+0000] {taskinstance.py:430} INFO - ::endgroup::
[2025-12-29T03:18:51.305+0000] {docker.py:367} INFO - Starting docker container from image weather-ingestion:latest
[2025-12-29T03:18:52.700+0000] {docker.py:438} INFO - 2025-12-29 03:18:52,698 - INFO - Deleting File : postleitzahlen.geojson
[2025-12-29T03:18:52.700+0000] {docker.py:438} INFO - 2025-12-29 03:18:52,698 - ERROR - Unable to delete File, Error : [Errno 2] No such file or directory: 'postleitzahlen.geojson'
[2025-12-29T03:18:52.700+0000] {docker.py:438} INFO - 2025-12-29 03:18:52,698 - INFO - Decompressing Plz File
[2025-12-29T03:18:52.701+0000] {docker.py:438} INFO - 2025-12-29 03:18:52,698 - ERROR - Unable to decompress Plz.br file, Error : [Errno 2] No such file or directory: 'postleitzahlen.geojson.br' 
[2025-12-29T03:18:52.701+0000] {docker.py:438} INFO - Traceback (most recent call last):
[2025-12-29T03:18:52.701+0000] {docker.py:438} INFO -   File "<frozen runpy>", line 198, in _run_module_as_main
[2025-12-29T03:18:52.701+0000] {docker.py:438} INFO -   File "<frozen runpy>", line 88, in _run_code
[2025-12-29T03:18:52.702+0000] {docker.py:438} INFO -   File "/app/src/ingest_geo_plz.py", line 98, in <module>
[2025-12-29T03:18:52.702+0000] {docker.py:438} INFO - main()
[2025-12-29T03:18:52.702+0000] {docker.py:438} INFO -   File "/app/src/ingest_geo_plz.py", line 92, in main
[2025-12-29T03:18:52.702+0000] {docker.py:438} INFO -     decompress_plz()
[2025-12-29T03:18:52.703+0000] {docker.py:438} INFO - File "/app/src/ingest_geo_plz.py", line 24, in decompress_plz
[2025-12-29T03:18:52.703+0000] {docker.py:438} INFO - with open(plz_file_comp,"rb") as f:
[2025-12-29T03:18:52.703+0000] {docker.py:438} INFO -          ^^^^^^^^^^^^^^^^^^^^^^^^
[2025-12-29T03:18:52.703+0000] {docker.py:438} INFO - FileNotFoundError: [Errno 2] No such file or directory: 'postleitzahlen.geojson.br'
[2025-12-29T03:18:53.248+0000] {taskinstance.py:441} INFO - ::group::Post task execution logs
[2025-12-29T03:18:53.260+0000] {taskinstance.py:2905} ERROR - Task failed with exception
Traceback (most recent call last):
  File "/home/airflow/.local/lib/python3.11/site-packages/airflow/models/taskinstance.py", line 465, in _execute_task
    result = _execute_callable(context=context, **execute_callable_kwargs)
             ^^^^^^^^^^^^^^^^^^^^^^^^^^^^^^^^^^^^^^^^^^^^^^^^^^^^^^^^^^^^^
  File "/home/airflow/.local/lib/python3.11/site-packages/airflow/models/taskinstance.py", line 432, in _execute_callable
    return execute_callable(context=context, **execute_callable_kwargs)
           ^^^^^^^^^^^^^^^^^^^^^^^^^^^^^^^^^^^^^^^^^^^^^^^^^^^^^^^^^^^^
  File "/home/airflow/.local/lib/python3.11/site-packages/airflow/models/baseoperator.py", line 401, in wrapper
    return func(self, *args, **kwargs)
           ^^^^^^^^^^^^^^^^^^^^^^^^^^^
  File "/home/airflow/.local/lib/python3.11/site-packages/airflow/providers/docker/operators/docker.py", line 513, in execute
    return self._run_image()
           ^^^^^^^^^^^^^^^^^
  File "/home/airflow/.local/lib/python3.11/site-packages/airflow/providers/docker/operators/docker.py", line 384, in _run_image
    return self._run_image_with_mounts(self.mounts, add_tmp_variable=False)
           ^^^^^^^^^^^^^^^^^^^^^^^^^^^^^^^^^^^^^^^^^^^^^^^^^^^^^^^^^^^^^^^^
  File "/home/airflow/.local/lib/python3.11/site-packages/airflow/providers/docker/operators/docker.py", line 446, in _run_image_with_mounts
    raise DockerContainerFailedException(f"Docker container failed: {result!r}", logs=log_lines)
airflow.providers.docker.exceptions.DockerContainerFailedException: Docker container failed: {'StatusCode': 1}
[2025-12-29T03:18:53.265+0000] {taskinstance.py:1206} INFO - Marking task as FAILED. dag_id=reference_setup, task_id=ingest_reference_data.ingest_geo_plz, run_id=scheduled__2025-12-28T00:00:00+00:00, execution_date=20251228T000000, start_date=20251229T031851, end_date=20251229T031853
[2025-12-29T03:18:53.278+0000] {standard_task_runner.py:110} ERROR - Failed to execute job 4 for task ingest_reference_data.ingest_geo_plz (Docker container failed: {'StatusCode': 1}; 202)
[2025-12-29T03:18:53.289+0000] {local_task_job_runner.py:243} INFO - Task exited with return code 1
[2025-12-29T03:18:53.316+0000] {taskinstance.py:3503} INFO - 0 downstream tasks scheduled from follow-on schedule check
[2025-12-29T03:18:53.322+0000] {local_task_job_runner.py:222} INFO - ::endgroup::
[2025-12-29T03:29:38.994+0000] {local_task_job_runner.py:120} INFO - ::group::Pre task execution logs
[2025-12-29T03:29:39.021+0000] {taskinstance.py:2076} INFO - Dependencies all met for dep_context=non-requeueable deps ti=<TaskInstance: reference_setup.ingest_reference_data.ingest_geo_plz scheduled__2025-12-28T00:00:00+00:00 [queued]>
[2025-12-29T03:29:39.028+0000] {taskinstance.py:2076} INFO - Dependencies all met for dep_context=requeueable deps ti=<TaskInstance: reference_setup.ingest_reference_data.ingest_geo_plz scheduled__2025-12-28T00:00:00+00:00 [queued]>
[2025-12-29T03:29:39.028+0000] {taskinstance.py:2306} INFO - Starting attempt 1 of 1
[2025-12-29T03:29:39.039+0000] {taskinstance.py:2330} INFO - Executing <Task(DockerOperator): ingest_reference_data.ingest_geo_plz> on 2025-12-28 00:00:00+00:00
[2025-12-29T03:29:39.045+0000] {standard_task_runner.py:64} INFO - Started process 203 to run task
[2025-12-29T03:29:39.047+0000] {standard_task_runner.py:90} INFO - Running: ['***', 'tasks', 'run', 'reference_setup', 'ingest_reference_data.ingest_geo_plz', 'scheduled__2025-12-28T00:00:00+00:00', '--job-id', '4', '--raw', '--subdir', 'DAGS_FOLDER/refrence_setup.py', '--cfg-path', '/tmp/tmp61ir4aa0']
[2025-12-29T03:29:39.049+0000] {standard_task_runner.py:91} INFO - Job 4: Subtask ingest_reference_data.ingest_geo_plz
[2025-12-29T03:29:39.097+0000] {task_command.py:426} INFO - Running <TaskInstance: reference_setup.ingest_reference_data.ingest_geo_plz scheduled__2025-12-28T00:00:00+00:00 [running]> on host 58c791c417b3
[2025-12-29T03:29:39.181+0000] {taskinstance.py:2648} INFO - Exporting env vars: AIRFLOW_CTX_DAG_OWNER='***' AIRFLOW_CTX_DAG_ID='reference_setup' AIRFLOW_CTX_TASK_ID='ingest_reference_data.ingest_geo_plz' AIRFLOW_CTX_EXECUTION_DATE='2025-12-28T00:00:00+00:00' AIRFLOW_CTX_TRY_NUMBER='1' AIRFLOW_CTX_DAG_RUN_ID='scheduled__2025-12-28T00:00:00+00:00'
[2025-12-29T03:29:39.182+0000] {taskinstance.py:430} INFO - ::endgroup::
[2025-12-29T03:29:39.225+0000] {docker.py:367} INFO - Starting docker container from image weather-ingestion:latest
[2025-12-29T03:29:40.433+0000] {docker.py:438} INFO - 2025-12-29 03:29:40,432 - INFO - Deleting File : postleitzahlen.geojson
[2025-12-29T03:29:40.434+0000] {docker.py:438} INFO - 2025-12-29 03:29:40,432 - ERROR - Unable to delete File, Error : [Errno 2] No such file or directory: 'postleitzahlen.geojson'
[2025-12-29T03:29:40.434+0000] {docker.py:438} INFO - 2025-12-29 03:29:40,432 - INFO - Decompressing Plz File
[2025-12-29T03:29:40.434+0000] {docker.py:438} INFO - 2025-12-29 03:29:40,432 - ERROR - Unable to decompress Plz.br file, Error : [Errno 2] No such file or directory: 'postleitzahlen.geojson.br'
[2025-12-29T03:29:40.435+0000] {docker.py:438} INFO - Traceback (most recent call last):
[2025-12-29T03:29:40.435+0000] {docker.py:438} INFO -   File "<frozen runpy>", line 198, in _run_module_as_main
[2025-12-29T03:29:40.435+0000] {docker.py:438} INFO -   File "<frozen runpy>", line 88, in _run_code
[2025-12-29T03:29:40.435+0000] {docker.py:438} INFO -   File "/app/src/ingest_geo_plz.py", line 98, in <module>
[2025-12-29T03:29:40.436+0000] {docker.py:438} INFO - main()
[2025-12-29T03:29:40.436+0000] {docker.py:438} INFO -   File "/app/src/ingest_geo_plz.py", line 92, in main
[2025-12-29T03:29:40.436+0000] {docker.py:438} INFO -     decompress_plz()
[2025-12-29T03:29:40.436+0000] {docker.py:438} INFO -   File "/app/src/ingest_geo_plz.py", line 24, in decompress_plz
[2025-12-29T03:29:40.437+0000] {docker.py:438} INFO - with open(plz_file_comp,"rb") as f:
[2025-12-29T03:29:40.437+0000] {docker.py:438} INFO -          ^^^^^^^^^^^^^^^^^^^^^^^^
[2025-12-29T03:29:40.437+0000] {docker.py:438} INFO - FileNotFoundError: [Errno 2] No such file or directory: 'postleitzahlen.geojson.br'
[2025-12-29T03:29:41.099+0000] {taskinstance.py:441} INFO - ::group::Post task execution logs
[2025-12-29T03:29:41.111+0000] {taskinstance.py:2905} ERROR - Task failed with exception
Traceback (most recent call last):
  File "/home/airflow/.local/lib/python3.11/site-packages/airflow/models/taskinstance.py", line 465, in _execute_task
    result = _execute_callable(context=context, **execute_callable_kwargs)
             ^^^^^^^^^^^^^^^^^^^^^^^^^^^^^^^^^^^^^^^^^^^^^^^^^^^^^^^^^^^^^
  File "/home/airflow/.local/lib/python3.11/site-packages/airflow/models/taskinstance.py", line 432, in _execute_callable
    return execute_callable(context=context, **execute_callable_kwargs)
           ^^^^^^^^^^^^^^^^^^^^^^^^^^^^^^^^^^^^^^^^^^^^^^^^^^^^^^^^^^^^
  File "/home/airflow/.local/lib/python3.11/site-packages/airflow/models/baseoperator.py", line 401, in wrapper
    return func(self, *args, **kwargs)
           ^^^^^^^^^^^^^^^^^^^^^^^^^^^
  File "/home/airflow/.local/lib/python3.11/site-packages/airflow/providers/docker/operators/docker.py", line 513, in execute
    return self._run_image()
           ^^^^^^^^^^^^^^^^^
  File "/home/airflow/.local/lib/python3.11/site-packages/airflow/providers/docker/operators/docker.py", line 384, in _run_image
    return self._run_image_with_mounts(self.mounts, add_tmp_variable=False)
           ^^^^^^^^^^^^^^^^^^^^^^^^^^^^^^^^^^^^^^^^^^^^^^^^^^^^^^^^^^^^^^^^
  File "/home/airflow/.local/lib/python3.11/site-packages/airflow/providers/docker/operators/docker.py", line 446, in _run_image_with_mounts
    raise DockerContainerFailedException(f"Docker container failed: {result!r}", logs=log_lines)
airflow.providers.docker.exceptions.DockerContainerFailedException: Docker container failed: {'StatusCode': 1}
[2025-12-29T03:29:41.115+0000] {taskinstance.py:1206} INFO - Marking task as FAILED. dag_id=reference_setup, task_id=ingest_reference_data.ingest_geo_plz, run_id=scheduled__2025-12-28T00:00:00+00:00, execution_date=20251228T000000, start_date=20251229T032939, end_date=20251229T032941
[2025-12-29T03:29:41.125+0000] {standard_task_runner.py:110} ERROR - Failed to execute job 4 for task ingest_reference_data.ingest_geo_plz (Docker container failed: {'StatusCode': 1}; 203)
[2025-12-29T03:29:41.146+0000] {local_task_job_runner.py:243} INFO - Task exited with return code 1
[2025-12-29T03:29:41.172+0000] {taskinstance.py:3503} INFO - 0 downstream tasks scheduled from follow-on schedule check
[2025-12-29T03:29:41.176+0000] {local_task_job_runner.py:222} INFO - ::endgroup::
[2025-12-29T03:45:42.137+0000] {local_task_job_runner.py:120} INFO - ::group::Pre task execution logs
[2025-12-29T03:45:42.165+0000] {taskinstance.py:2076} INFO - Dependencies all met for dep_context=non-requeueable deps ti=<TaskInstance: reference_setup.ingest_reference_data.ingest_geo_plz scheduled__2025-12-28T00:00:00+00:00 [queued]>
[2025-12-29T03:45:42.172+0000] {taskinstance.py:2076} INFO - Dependencies all met for dep_context=requeueable deps ti=<TaskInstance: reference_setup.ingest_reference_data.ingest_geo_plz scheduled__2025-12-28T00:00:00+00:00 [queued]>
[2025-12-29T03:45:42.173+0000] {taskinstance.py:2306} INFO - Starting attempt 1 of 1
[2025-12-29T03:45:42.184+0000] {taskinstance.py:2330} INFO - Executing <Task(DockerOperator): ingest_reference_data.ingest_geo_plz> on 2025-12-28 00:00:00+00:00
[2025-12-29T03:45:42.192+0000] {standard_task_runner.py:64} INFO - Started process 203 to run task
[2025-12-29T03:45:42.194+0000] {standard_task_runner.py:90} INFO - Running: ['***', 'tasks', 'run', 'reference_setup', 'ingest_reference_data.ingest_geo_plz', 'scheduled__2025-12-28T00:00:00+00:00', '--job-id', '4', '--raw', '--subdir', 'DAGS_FOLDER/refrence_setup.py', '--cfg-path', '/tmp/tmpwrziaudr']
[2025-12-29T03:45:42.196+0000] {standard_task_runner.py:91} INFO - Job 4: Subtask ingest_reference_data.ingest_geo_plz
[2025-12-29T03:45:42.250+0000] {task_command.py:426} INFO - Running <TaskInstance: reference_setup.ingest_reference_data.ingest_geo_plz scheduled__2025-12-28T00:00:00+00:00 [running]> on host a89c93f0f8bf
[2025-12-29T03:45:42.338+0000] {taskinstance.py:2648} INFO - Exporting env vars: AIRFLOW_CTX_DAG_OWNER='***' AIRFLOW_CTX_DAG_ID='reference_setup' AIRFLOW_CTX_TASK_ID='ingest_reference_data.ingest_geo_plz' AIRFLOW_CTX_EXECUTION_DATE='2025-12-28T00:00:00+00:00' AIRFLOW_CTX_TRY_NUMBER='1' AIRFLOW_CTX_DAG_RUN_ID='scheduled__2025-12-28T00:00:00+00:00'
[2025-12-29T03:45:42.339+0000] {taskinstance.py:430} INFO - ::endgroup::
[2025-12-29T03:45:42.383+0000] {docker.py:367} INFO - Starting docker container from image weather-ingestion:latest
[2025-12-29T03:45:43.662+0000] {docker.py:438} INFO - 2025-12-29 03:45:43,660 - ERROR - Unable to delete File, Error : name 'plz_file_decomp' is not defined
[2025-12-29T03:45:43.663+0000] {docker.py:438} INFO - 2025-12-29 03:45:43,660 - INFO - Decompressing Plz File
[2025-12-29T03:45:44.505+0000] {docker.py:438} INFO - 2025-12-29 03:45:44,503 - INFO - Writing Plz File
[2025-12-29T03:45:44.827+0000] {docker.py:438} INFO - 2025-12-29 03:45:44,826 - INFO - File Written Successfully
[2025-12-29T03:45:44.828+0000] {docker.py:438} INFO - 2025-12-29 03:45:44,827 - INFO - Reading Plz File
[2025-12-29T03:45:54.198+0000] {docker.py:438} INFO - 2025-12-29 03:45:54,195 - INFO - Restricting Postal Codes to Berlin
[2025-12-29T03:45:54.245+0000] {docker.py:438} INFO - 
[2025-12-29T03:45:54.245+0000] {docker.py:438} INFO - 2025-12-29 03:45:54,243 - INFO - Connecting with db
[2025-12-29T03:45:54.393+0000] {docker.py:438} INFO - 2025-12-29 03:45:54,392 - ERROR - Unable to delete File, Error : name 'plz_file_decomp' is not defined
[2025-12-29T03:45:55.197+0000] {taskinstance.py:441} INFO - ::group::Post task execution logs
[2025-12-29T03:45:55.221+0000] {taskinstance.py:1206} INFO - Marking task as SUCCESS. dag_id=reference_setup, task_id=ingest_reference_data.ingest_geo_plz, run_id=scheduled__2025-12-28T00:00:00+00:00, execution_date=20251228T000000, start_date=20251229T034542, end_date=20251229T034555
[2025-12-29T03:45:55.239+0000] {local_task_job_runner.py:243} INFO - Task exited with return code 0
[2025-12-29T03:45:55.264+0000] {taskinstance.py:3503} INFO - 1 downstream tasks scheduled from follow-on schedule check
[2025-12-29T03:45:55.266+0000] {local_task_job_runner.py:222} INFO - ::endgroup::
[2025-12-29T05:20:21.547+0000] {local_task_job_runner.py:120} INFO - ::group::Pre task execution logs
[2025-12-29T05:20:21.582+0000] {taskinstance.py:2076} INFO - Dependencies all met for dep_context=non-requeueable deps ti=<TaskInstance: reference_setup.ingest_reference_data.ingest_geo_plz scheduled__2025-12-28T00:00:00+00:00 [queued]>
[2025-12-29T05:20:21.591+0000] {taskinstance.py:2076} INFO - Dependencies all met for dep_context=requeueable deps ti=<TaskInstance: reference_setup.ingest_reference_data.ingest_geo_plz scheduled__2025-12-28T00:00:00+00:00 [queued]>
[2025-12-29T05:20:21.592+0000] {taskinstance.py:2306} INFO - Starting attempt 1 of 1
[2025-12-29T05:20:21.606+0000] {taskinstance.py:2330} INFO - Executing <Task(DockerOperator): ingest_reference_data.ingest_geo_plz> on 2025-12-28 00:00:00+00:00
[2025-12-29T05:20:21.613+0000] {standard_task_runner.py:64} INFO - Started process 203 to run task
[2025-12-29T05:20:21.615+0000] {standard_task_runner.py:90} INFO - Running: ['***', 'tasks', 'run', 'reference_setup', 'ingest_reference_data.ingest_geo_plz', 'scheduled__2025-12-28T00:00:00+00:00', '--job-id', '3', '--raw', '--subdir', 'DAGS_FOLDER/refrence_setup.py', '--cfg-path', '/tmp/tmp7eqatp78']
[2025-12-29T05:20:21.618+0000] {standard_task_runner.py:91} INFO - Job 3: Subtask ingest_reference_data.ingest_geo_plz
[2025-12-29T05:20:21.669+0000] {task_command.py:426} INFO - Running <TaskInstance: reference_setup.ingest_reference_data.ingest_geo_plz scheduled__2025-12-28T00:00:00+00:00 [running]> on host 86ae71ae83a3
[2025-12-29T05:20:21.756+0000] {taskinstance.py:2648} INFO - Exporting env vars: AIRFLOW_CTX_DAG_OWNER='***' AIRFLOW_CTX_DAG_ID='reference_setup' AIRFLOW_CTX_TASK_ID='ingest_reference_data.ingest_geo_plz' AIRFLOW_CTX_EXECUTION_DATE='2025-12-28T00:00:00+00:00' AIRFLOW_CTX_TRY_NUMBER='1' AIRFLOW_CTX_DAG_RUN_ID='scheduled__2025-12-28T00:00:00+00:00'
[2025-12-29T05:20:21.757+0000] {taskinstance.py:430} INFO - ::endgroup::
[2025-12-29T05:20:21.814+0000] {docker.py:367} INFO - Starting docker container from image weather-ingestion:latest
[2025-12-29T05:20:23.298+0000] {docker.py:438} INFO - 2025-12-29 05:20:23,295 - ERROR - Unable to delete File, Error : name 'plz_file_decomp' is not defined
[2025-12-29T05:20:23.299+0000] {docker.py:438} INFO - 2025-12-29 05:20:23,296 - INFO - Decompressing Plz File
[2025-12-29T05:20:24.391+0000] {docker.py:438} INFO - 2025-12-29 05:20:24,390 - INFO - Writing Plz File
[2025-12-29T05:20:24.774+0000] {docker.py:438} INFO - 2025-12-29 05:20:24,773 - INFO - File Written Successfully
[2025-12-29T05:20:24.775+0000] {docker.py:438} INFO - 2025-12-29 05:20:24,774 - INFO - Reading Plz File
[2025-12-29T05:20:34.691+0000] {docker.py:438} INFO - 2025-12-29 05:20:34,688 - INFO - Restricting Postal Codes to Berlin
[2025-12-29T05:20:34.743+0000] {docker.py:438} INFO - 
[2025-12-29T05:20:34.743+0000] {docker.py:438} INFO - 2025-12-29 05:20:34,741 - INFO - Connecting with db
[2025-12-29T05:20:34.922+0000] {docker.py:438} INFO - 2025-12-29 05:20:34,920 - ERROR - Unable to delete File, Error : name 'plz_file_decomp' is not defined
[2025-12-29T05:20:35.896+0000] {taskinstance.py:441} INFO - ::group::Post task execution logs
[2025-12-29T05:20:35.926+0000] {taskinstance.py:1206} INFO - Marking task as SUCCESS. dag_id=reference_setup, task_id=ingest_reference_data.ingest_geo_plz, run_id=scheduled__2025-12-28T00:00:00+00:00, execution_date=20251228T000000, start_date=20251229T052021, end_date=20251229T052035
[2025-12-29T05:20:35.956+0000] {local_task_job_runner.py:243} INFO - Task exited with return code 0
[2025-12-29T05:20:35.983+0000] {taskinstance.py:3503} INFO - 1 downstream tasks scheduled from follow-on schedule check
[2025-12-29T05:20:35.986+0000] {local_task_job_runner.py:222} INFO - ::endgroup::
[2025-12-29T05:32:25.149+0000] {local_task_job_runner.py:120} INFO - ::group::Pre task execution logs
[2025-12-29T05:32:25.181+0000] {taskinstance.py:2076} INFO - Dependencies all met for dep_context=non-requeueable deps ti=<TaskInstance: reference_setup.ingest_reference_data.ingest_geo_plz scheduled__2025-12-28T00:00:00+00:00 [queued]>
[2025-12-29T05:32:25.189+0000] {taskinstance.py:2076} INFO - Dependencies all met for dep_context=requeueable deps ti=<TaskInstance: reference_setup.ingest_reference_data.ingest_geo_plz scheduled__2025-12-28T00:00:00+00:00 [queued]>
[2025-12-29T05:32:25.190+0000] {taskinstance.py:2306} INFO - Starting attempt 1 of 1
[2025-12-29T05:32:25.204+0000] {taskinstance.py:2330} INFO - Executing <Task(DockerOperator): ingest_reference_data.ingest_geo_plz> on 2025-12-28 00:00:00+00:00
[2025-12-29T05:32:25.211+0000] {standard_task_runner.py:64} INFO - Started process 203 to run task
[2025-12-29T05:32:25.214+0000] {standard_task_runner.py:90} INFO - Running: ['***', 'tasks', 'run', 'reference_setup', 'ingest_reference_data.ingest_geo_plz', 'scheduled__2025-12-28T00:00:00+00:00', '--job-id', '3', '--raw', '--subdir', 'DAGS_FOLDER/refrence_setup.py', '--cfg-path', '/tmp/tmp7evlt3tc']
[2025-12-29T05:32:25.217+0000] {standard_task_runner.py:91} INFO - Job 3: Subtask ingest_reference_data.ingest_geo_plz
[2025-12-29T05:32:25.276+0000] {task_command.py:426} INFO - Running <TaskInstance: reference_setup.ingest_reference_data.ingest_geo_plz scheduled__2025-12-28T00:00:00+00:00 [running]> on host 9d8f0caf82bb
[2025-12-29T05:32:25.368+0000] {taskinstance.py:2648} INFO - Exporting env vars: AIRFLOW_CTX_DAG_OWNER='***' AIRFLOW_CTX_DAG_ID='reference_setup' AIRFLOW_CTX_TASK_ID='ingest_reference_data.ingest_geo_plz' AIRFLOW_CTX_EXECUTION_DATE='2025-12-28T00:00:00+00:00' AIRFLOW_CTX_TRY_NUMBER='1' AIRFLOW_CTX_DAG_RUN_ID='scheduled__2025-12-28T00:00:00+00:00'
[2025-12-29T05:32:25.368+0000] {taskinstance.py:430} INFO - ::endgroup::
[2025-12-29T05:32:25.420+0000] {docker.py:367} INFO - Starting docker container from image weather-ingestion:latest
[2025-12-29T05:32:26.890+0000] {docker.py:438} INFO - 2025-12-29 05:32:26,889 - ERROR - Unable to delete File, Error : name 'plz_file_decomp' is not defined
[2025-12-29T05:32:26.891+0000] {docker.py:438} INFO - 2025-12-29 05:32:26,889 - INFO - Decompressing Plz File
[2025-12-29T05:32:27.765+0000] {docker.py:438} INFO - 2025-12-29 05:32:27,764 - INFO - Writing Plz File
[2025-12-29T05:32:28.014+0000] {docker.py:438} INFO - 2025-12-29 05:32:28,013 - INFO - File Written Successfully
[2025-12-29T05:32:28.015+0000] {docker.py:438} INFO - 2025-12-29 05:32:28,014 - INFO - Reading Plz File
[2025-12-29T05:32:37.698+0000] {docker.py:438} INFO - 2025-12-29 05:32:37,696 - INFO - Restricting Postal Codes to Berlin
[2025-12-29T05:32:37.739+0000] {docker.py:438} INFO - 
[2025-12-29T05:32:37.740+0000] {docker.py:438} INFO - 2025-12-29 05:32:37,738 - INFO - Connecting with db
[2025-12-29T05:32:37.907+0000] {docker.py:438} INFO - 2025-12-29 05:32:37,905 - ERROR - Unable to delete File, Error : name 'plz_file_decomp' is not defined
[2025-12-29T05:32:38.828+0000] {taskinstance.py:441} INFO - ::group::Post task execution logs
[2025-12-29T05:32:38.861+0000] {taskinstance.py:1206} INFO - Marking task as SUCCESS. dag_id=reference_setup, task_id=ingest_reference_data.ingest_geo_plz, run_id=scheduled__2025-12-28T00:00:00+00:00, execution_date=20251228T000000, start_date=20251229T053225, end_date=20251229T053238
[2025-12-29T05:32:38.908+0000] {local_task_job_runner.py:243} INFO - Task exited with return code 0
[2025-12-29T05:32:38.938+0000] {taskinstance.py:3503} INFO - 1 downstream tasks scheduled from follow-on schedule check
[2025-12-29T05:32:38.940+0000] {local_task_job_runner.py:222} INFO - ::endgroup::
