[2025-12-29T03:52:00.563+0000] {local_task_job_runner.py:120} INFO - ::group::Pre task execution logs
[2025-12-29T03:52:00.728+0000] {taskinstance.py:2076} INFO - Dependencies all met for dep_context=non-requeueable deps ti=<TaskInstance: weather_hourly.dbt_weather_models manual__2025-12-29T03:51:54.963570+00:00 [queued]>
[2025-12-29T03:52:00.735+0000] {taskinstance.py:2076} INFO - Dependencies all met for dep_context=requeueable deps ti=<TaskInstance: weather_hourly.dbt_weather_models manual__2025-12-29T03:51:54.963570+00:00 [queued]>
[2025-12-29T03:52:00.736+0000] {taskinstance.py:2306} INFO - Starting attempt 1 of 1
[2025-12-29T03:52:00.747+0000] {taskinstance.py:2330} INFO - Executing <Task(DockerOperator): dbt_weather_models> on 2025-12-29 03:51:54.963570+00:00
[2025-12-29T03:52:00.753+0000] {standard_task_runner.py:64} INFO - Started process 206 to run task
[2025-12-29T03:52:00.755+0000] {standard_task_runner.py:90} INFO - Running: ['***', 'tasks', 'run', 'weather_hourly', 'dbt_weather_models', 'manual__2025-12-29T03:51:54.963570+00:00', '--job-id', '25', '--raw', '--subdir', 'DAGS_FOLDER/weather_hourly.py', '--cfg-path', '/tmp/tmp62_1749z']
[2025-12-29T03:52:00.756+0000] {standard_task_runner.py:91} INFO - Job 25: Subtask dbt_weather_models
[2025-12-29T03:52:00.795+0000] {task_command.py:426} INFO - Running <TaskInstance: weather_hourly.dbt_weather_models manual__2025-12-29T03:51:54.963570+00:00 [running]> on host a89c93f0f8bf
[2025-12-29T03:52:00.868+0000] {taskinstance.py:2648} INFO - Exporting env vars: AIRFLOW_CTX_DAG_OWNER='***' AIRFLOW_CTX_DAG_ID='weather_hourly' AIRFLOW_CTX_TASK_ID='dbt_weather_models' AIRFLOW_CTX_EXECUTION_DATE='2025-12-29T03:51:54.963570+00:00' AIRFLOW_CTX_TRY_NUMBER='1' AIRFLOW_CTX_DAG_RUN_ID='manual__2025-12-29T03:51:54.963570+00:00'
[2025-12-29T03:52:00.870+0000] {taskinstance.py:430} INFO - ::endgroup::
[2025-12-29T03:52:00.905+0000] {docker.py:367} INFO - Starting docker container from image ghcr.io/dbt-labs/dbt-postgres:1.8.2
[2025-12-29T03:52:02.420+0000] {docker.py:438} INFO - [0m03:52:02  Running with dbt=1.8.3
[2025-12-29T03:52:02.610+0000] {docker.py:438} INFO - [0m03:52:02  Registered adapter: postgres=1.8.2
[2025-12-29T03:52:03.094+0000] {docker.py:438} INFO - [0m03:52:03  [[33mWARNING[0m]: Configuration paths exist in your dbt_project.yml file which do not apply to any resources.
[2025-12-29T03:52:03.094+0000] {docker.py:438} INFO - There are 1 unused configuration paths:
[2025-12-29T03:52:03.095+0000] {docker.py:438} INFO - - models.dbt_project.final
[2025-12-29T03:52:03.198+0000] {docker.py:438} INFO - [0m03:52:03  Found 12 models, 4 data tests, 415 macros
[2025-12-29T03:52:03.202+0000] {docker.py:438} INFO - [0m03:52:03
[2025-12-29T03:52:03.372+0000] {docker.py:438} INFO - [0m03:52:03  Concurrency: 1 threads (target='dev')
[2025-12-29T03:52:03.372+0000] {docker.py:438} INFO - [0m03:52:03
[2025-12-29T03:52:03.382+0000] {docker.py:438} INFO - [0m03:52:03  1 of 4 START sql view model dev_staging.stg_current_weather_observations ....... [RUN]
[2025-12-29T03:52:03.522+0000] {docker.py:438} INFO - [0m03:52:03  1 of 4 OK created sql view model dev_staging.stg_current_weather_observations .. [[32mCREATE VIEW[0m in 0.14s]
[2025-12-29T03:52:03.525+0000] {docker.py:438} INFO - [0m03:52:03  2 of 4 START sql view model dev_staging.stg_forecast_weather ................... [RUN]
[2025-12-29T03:52:03.591+0000] {docker.py:438} INFO - [0m03:52:03  2 of 4 OK created sql view model dev_staging.stg_forecast_weather .............. [[32mCREATE VIEW[0m in 0.06s]
[2025-12-29T03:52:03.594+0000] {docker.py:438} INFO - [0m03:52:03  3 of 4 START sql view model dev_intermediate.int_latest_current_weather_observations  [RUN]
[2025-12-29T03:52:03.653+0000] {docker.py:438} INFO - [0m03:52:03  3 of 4 OK created sql view model dev_intermediate.int_latest_current_weather_observations  [[32mCREATE VIEW[0m in 0.06s]
[2025-12-29T03:52:03.655+0000] {docker.py:438} INFO - [0m03:52:03  4 of 4 START sql incremental model dev_intermediate.int_forecast_weather_scd2 .. [RUN]
[2025-12-29T03:52:03.891+0000] {docker.py:438} INFO - [0m03:52:03  4 of 4 OK created sql incremental model dev_intermediate.int_forecast_weather_scd2  [[32mINSERT 0 0[0m in 0.23s]
[2025-12-29T03:52:03.907+0000] {docker.py:438} INFO - [0m03:52:03
[2025-12-29T03:52:03.908+0000] {docker.py:438} INFO - [0m03:52:03  Finished running 3 view models, 1 incremental model in 0 hours 0 minutes and 0.70 seconds (0.70s).
[2025-12-29T03:52:03.954+0000] {docker.py:438} INFO - [0m03:52:03
[2025-12-29T03:52:03.954+0000] {docker.py:438} INFO - [0m03:52:03  [32mCompleted successfully[0m
[2025-12-29T03:52:03.955+0000] {docker.py:438} INFO - [0m03:52:03
[2025-12-29T03:52:03.956+0000] {docker.py:438} INFO - [0m03:52:03  Done. PASS=4 WARN=0 ERROR=0 SKIP=0 TOTAL=4
[2025-12-29T03:52:05.168+0000] {taskinstance.py:441} INFO - ::group::Post task execution logs
[2025-12-29T03:52:05.189+0000] {taskinstance.py:1206} INFO - Marking task as SUCCESS. dag_id=weather_hourly, task_id=dbt_weather_models, run_id=manual__2025-12-29T03:51:54.963570+00:00, execution_date=20251229T035154, start_date=20251229T035200, end_date=20251229T035205
[2025-12-29T03:52:05.224+0000] {local_task_job_runner.py:243} INFO - Task exited with return code 0
[2025-12-29T03:52:05.239+0000] {taskinstance.py:3503} INFO - 0 downstream tasks scheduled from follow-on schedule check
[2025-12-29T03:52:05.241+0000] {local_task_job_runner.py:222} INFO - ::endgroup::
