[2025-12-30T17:16:41.814+0000] {local_task_job_runner.py:120} INFO - ::group::Pre task execution logs
[2025-12-30T17:16:41.864+0000] {taskinstance.py:2076} INFO - Dependencies all met for dep_context=non-requeueable deps ti=<TaskInstance: reference_setup.ingest_reference_data.ingest_geo_plz scheduled__2025-12-29T00:00:00+00:00 [queued]>
[2025-12-30T17:16:41.878+0000] {taskinstance.py:2076} INFO - Dependencies all met for dep_context=requeueable deps ti=<TaskInstance: reference_setup.ingest_reference_data.ingest_geo_plz scheduled__2025-12-29T00:00:00+00:00 [queued]>
[2025-12-30T17:16:41.882+0000] {taskinstance.py:2306} INFO - Starting attempt 1 of 1
[2025-12-30T17:16:41.910+0000] {taskinstance.py:2330} INFO - Executing <Task(DockerOperator): ingest_reference_data.ingest_geo_plz> on 2025-12-29 00:00:00+00:00
[2025-12-30T17:16:41.920+0000] {standard_task_runner.py:64} INFO - Started process 203 to run task
[2025-12-30T17:16:41.926+0000] {standard_task_runner.py:90} INFO - Running: ['***', 'tasks', 'run', 'reference_setup', 'ingest_reference_data.ingest_geo_plz', 'scheduled__2025-12-29T00:00:00+00:00', '--job-id', '4', '--raw', '--subdir', 'DAGS_FOLDER/refrence_setup.py', '--cfg-path', '/tmp/tmpga0utnpo']
[2025-12-30T17:16:41.932+0000] {standard_task_runner.py:91} INFO - Job 4: Subtask ingest_reference_data.ingest_geo_plz
[2025-12-30T17:16:42.061+0000] {task_command.py:426} INFO - Running <TaskInstance: reference_setup.ingest_reference_data.ingest_geo_plz scheduled__2025-12-29T00:00:00+00:00 [running]> on host a6fd50e4079d
[2025-12-30T17:16:42.233+0000] {taskinstance.py:2648} INFO - Exporting env vars: AIRFLOW_CTX_DAG_OWNER='***' AIRFLOW_CTX_DAG_ID='reference_setup' AIRFLOW_CTX_TASK_ID='ingest_reference_data.ingest_geo_plz' AIRFLOW_CTX_EXECUTION_DATE='2025-12-29T00:00:00+00:00' AIRFLOW_CTX_TRY_NUMBER='1' AIRFLOW_CTX_DAG_RUN_ID='scheduled__2025-12-29T00:00:00+00:00'
[2025-12-30T17:16:42.235+0000] {taskinstance.py:430} INFO - ::endgroup::
[2025-12-30T17:16:42.327+0000] {docker.py:367} INFO - Starting docker container from image weather-ingestion:latest
[2025-12-30T17:16:44.498+0000] {docker.py:438} INFO - 2025-12-30 17:16:44,495 - ERROR - Unable to delete File, Error : name 'plz_file_decomp' is not defined
[2025-12-30T17:16:44.499+0000] {docker.py:438} INFO - 2025-12-30 17:16:44,496 - INFO - Decompressing Plz File
[2025-12-30T17:16:47.853+0000] {docker.py:438} INFO - 2025-12-30 17:16:47,851 - INFO - Writing Plz File
[2025-12-30T17:16:48.524+0000] {docker.py:438} INFO - 2025-12-30 17:16:48,522 - INFO - File Written Successfully
[2025-12-30T17:16:48.531+0000] {docker.py:438} INFO - 2025-12-30 17:16:48,529 - INFO - Reading Plz File
[2025-12-30T17:17:07.452+0000] {docker.py:438} INFO - 2025-12-30 17:17:07,448 - INFO - Restricting Postal Codes to Berlin
[2025-12-30T17:17:07.552+0000] {docker.py:438} INFO - 
[2025-12-30T17:17:07.553+0000] {docker.py:438} INFO - 2025-12-30 17:17:07,550 - INFO - Connecting with db
[2025-12-30T17:17:08.203+0000] {docker.py:438} INFO - 2025-12-30 17:17:08,201 - ERROR - Unable to delete File, Error : name 'plz_file_decomp' is not defined
[2025-12-30T17:17:09.141+0000] {taskinstance.py:441} INFO - ::group::Post task execution logs
[2025-12-30T17:17:09.183+0000] {taskinstance.py:1206} INFO - Marking task as SUCCESS. dag_id=reference_setup, task_id=ingest_reference_data.ingest_geo_plz, run_id=scheduled__2025-12-29T00:00:00+00:00, execution_date=20251229T000000, start_date=20251230T171641, end_date=20251230T171709
[2025-12-30T17:17:09.232+0000] {local_task_job_runner.py:243} INFO - Task exited with return code 0
[2025-12-30T17:17:09.272+0000] {taskinstance.py:3503} INFO - 1 downstream tasks scheduled from follow-on schedule check
[2025-12-30T17:17:09.276+0000] {local_task_job_runner.py:222} INFO - ::endgroup::
