[2026-01-04T17:37:49.390+0000] {local_task_job_runner.py:120} INFO - ::group::Pre task execution logs
[2026-01-04T17:37:49.416+0000] {taskinstance.py:2076} INFO - Dependencies all met for dep_context=non-requeueable deps ti=<TaskInstance: weather_hourly.dbt_weather_models manual__2026-01-04T17:37:43.432483+00:00 [queued]>
[2026-01-04T17:37:49.421+0000] {taskinstance.py:2076} INFO - Dependencies all met for dep_context=requeueable deps ti=<TaskInstance: weather_hourly.dbt_weather_models manual__2026-01-04T17:37:43.432483+00:00 [queued]>
[2026-01-04T17:37:49.422+0000] {taskinstance.py:2306} INFO - Starting attempt 1 of 1
[2026-01-04T17:37:49.433+0000] {taskinstance.py:2330} INFO - Executing <Task(DockerOperator): dbt_weather_models> on 2026-01-04 17:37:43.432483+00:00
[2026-01-04T17:37:49.440+0000] {standard_task_runner.py:64} INFO - Started process 2094 to run task
[2026-01-04T17:37:49.442+0000] {standard_task_runner.py:90} INFO - Running: ['***', 'tasks', 'run', 'weather_hourly', 'dbt_weather_models', 'manual__2026-01-04T17:37:43.432483+00:00', '--job-id', '34', '--raw', '--subdir', 'DAGS_FOLDER/weather_hourly.py', '--cfg-path', '/tmp/tmp6irkr4qw']
[2026-01-04T17:37:49.443+0000] {standard_task_runner.py:91} INFO - Job 34: Subtask dbt_weather_models
[2026-01-04T17:37:49.481+0000] {task_command.py:426} INFO - Running <TaskInstance: weather_hourly.dbt_weather_models manual__2026-01-04T17:37:43.432483+00:00 [running]> on host a6fd50e4079d
[2026-01-04T17:37:49.556+0000] {taskinstance.py:2648} INFO - Exporting env vars: AIRFLOW_CTX_DAG_OWNER='***' AIRFLOW_CTX_DAG_ID='weather_hourly' AIRFLOW_CTX_TASK_ID='dbt_weather_models' AIRFLOW_CTX_EXECUTION_DATE='2026-01-04T17:37:43.432483+00:00' AIRFLOW_CTX_TRY_NUMBER='1' AIRFLOW_CTX_DAG_RUN_ID='manual__2026-01-04T17:37:43.432483+00:00'
[2026-01-04T17:37:49.557+0000] {taskinstance.py:430} INFO - ::endgroup::
[2026-01-04T17:37:49.590+0000] {docker.py:367} INFO - Starting docker container from image ghcr.io/dbt-labs/dbt-postgres:1.8.2
[2026-01-04T17:37:51.452+0000] {docker.py:438} INFO - [0m17:37:51  Running with dbt=1.8.3
[2026-01-04T17:37:51.666+0000] {docker.py:438} INFO - [0m17:37:51  Registered adapter: postgres=1.8.2
[2026-01-04T17:37:51.985+0000] {docker.py:438} INFO - [0m17:37:51  [[33mWARNING[0m]: Configuration paths exist in your dbt_project.yml file which do not apply to any resources.
[2026-01-04T17:37:51.986+0000] {docker.py:438} INFO - There are 1 unused configuration paths:
[2026-01-04T17:37:51.986+0000] {docker.py:438} INFO - - models.dbt_project.final
[2026-01-04T17:37:52.133+0000] {docker.py:438} INFO - [0m17:37:52  Found 12 models, 4 data tests, 415 macros
[2026-01-04T17:37:52.137+0000] {docker.py:438} INFO - [0m17:37:52
[2026-01-04T17:37:52.351+0000] {docker.py:438} INFO - [0m17:37:52  Concurrency: 1 threads (target='dev')
[2026-01-04T17:37:52.352+0000] {docker.py:438} INFO - [0m17:37:52
[2026-01-04T17:37:52.363+0000] {docker.py:438} INFO - [0m17:37:52  1 of 4 START sql view model dev_staging.stg_current_weather_observations ....... [RUN]
[2026-01-04T17:37:52.500+0000] {docker.py:438} INFO - [0m17:37:52  1 of 4 OK created sql view model dev_staging.stg_current_weather_observations .. [[32mCREATE VIEW[0m in 0.13s]
[2026-01-04T17:37:52.504+0000] {docker.py:438} INFO - [0m17:37:52  2 of 4 START sql view model dev_staging.stg_forecast_weather ................... [RUN]
[2026-01-04T17:37:52.581+0000] {docker.py:438} INFO - [0m17:37:52  2 of 4 OK created sql view model dev_staging.stg_forecast_weather .............. [[32mCREATE VIEW[0m in 0.08s]
[2026-01-04T17:37:52.586+0000] {docker.py:438} INFO - [0m17:37:52  3 of 4 START sql view model dev_intermediate.int_latest_current_weather_observations  [RUN]
[2026-01-04T17:37:52.649+0000] {docker.py:438} INFO - [0m17:37:52  3 of 4 OK created sql view model dev_intermediate.int_latest_current_weather_observations  [[32mCREATE VIEW[0m in 0.06s]
[2026-01-04T17:37:52.652+0000] {docker.py:438} INFO - [0m17:37:52  4 of 4 START sql incremental model dev_intermediate.int_forecast_weather_scd2 .. [RUN]
[2026-01-04T17:37:52.808+0000] {docker.py:438} INFO - [0m17:37:52  4 of 4 OK created sql incremental model dev_intermediate.int_forecast_weather_scd2  [[32mINSERT 0 0[0m in 0.15s]
[2026-01-04T17:37:52.825+0000] {docker.py:438} INFO - [0m17:37:52
[2026-01-04T17:37:52.826+0000] {docker.py:438} INFO - [0m17:37:52  Finished running 3 view models, 1 incremental model in 0 hours 0 minutes and 0.69 seconds (0.69s).
[2026-01-04T17:37:52.871+0000] {docker.py:438} INFO - [0m17:37:52
[2026-01-04T17:37:52.871+0000] {docker.py:438} INFO - [0m17:37:52  [32mCompleted successfully[0m
[2026-01-04T17:37:52.872+0000] {docker.py:438} INFO - [0m17:37:52
[2026-01-04T17:37:52.873+0000] {docker.py:438} INFO - [0m17:37:52  Done. PASS=4 WARN=0 ERROR=0 SKIP=0 TOTAL=4
[2026-01-04T17:37:54.252+0000] {taskinstance.py:441} INFO - ::group::Post task execution logs
[2026-01-04T17:37:54.276+0000] {taskinstance.py:1206} INFO - Marking task as SUCCESS. dag_id=weather_hourly, task_id=dbt_weather_models, run_id=manual__2026-01-04T17:37:43.432483+00:00, execution_date=20260104T173743, start_date=20260104T173749, end_date=20260104T173754
[2026-01-04T17:37:54.312+0000] {local_task_job_runner.py:243} INFO - Task exited with return code 0
[2026-01-04T17:37:54.329+0000] {taskinstance.py:3503} INFO - 0 downstream tasks scheduled from follow-on schedule check
[2026-01-04T17:37:54.331+0000] {local_task_job_runner.py:222} INFO - ::endgroup::
