[2025-12-29T03:08:05.450+0000] {local_task_job_runner.py:120} INFO - ::group::Pre task execution logs
[2025-12-29T03:08:05.475+0000] {taskinstance.py:2076} INFO - Dependencies all met for dep_context=non-requeueable deps ti=<TaskInstance: reference_setup.ingest_reference_data.ingest_geo_plz manual__2025-12-29T03:08:04+00:00 [queued]>
[2025-12-29T03:08:05.481+0000] {taskinstance.py:2076} INFO - Dependencies all met for dep_context=requeueable deps ti=<TaskInstance: reference_setup.ingest_reference_data.ingest_geo_plz manual__2025-12-29T03:08:04+00:00 [queued]>
[2025-12-29T03:08:05.482+0000] {taskinstance.py:2306} INFO - Starting attempt 1 of 1
[2025-12-29T03:08:05.492+0000] {taskinstance.py:2330} INFO - Executing <Task(DockerOperator): ingest_reference_data.ingest_geo_plz> on 2025-12-29 03:08:04+00:00
[2025-12-29T03:08:05.498+0000] {standard_task_runner.py:64} INFO - Started process 238 to run task
[2025-12-29T03:08:05.500+0000] {standard_task_runner.py:90} INFO - Running: ['***', 'tasks', 'run', 'reference_setup', 'ingest_reference_data.ingest_geo_plz', 'manual__2025-12-29T03:08:04+00:00', '--job-id', '5', '--raw', '--subdir', 'DAGS_FOLDER/refrence_setup.py', '--cfg-path', '/tmp/tmptq7d22sd']
[2025-12-29T03:08:05.502+0000] {standard_task_runner.py:91} INFO - Job 5: Subtask ingest_reference_data.ingest_geo_plz
[2025-12-29T03:08:05.547+0000] {task_command.py:426} INFO - Running <TaskInstance: reference_setup.ingest_reference_data.ingest_geo_plz manual__2025-12-29T03:08:04+00:00 [running]> on host 9c0baf7db61e
[2025-12-29T03:08:05.617+0000] {taskinstance.py:2648} INFO - Exporting env vars: AIRFLOW_CTX_DAG_OWNER='***' AIRFLOW_CTX_DAG_ID='reference_setup' AIRFLOW_CTX_TASK_ID='ingest_reference_data.ingest_geo_plz' AIRFLOW_CTX_EXECUTION_DATE='2025-12-29T03:08:04+00:00' AIRFLOW_CTX_TRY_NUMBER='1' AIRFLOW_CTX_DAG_RUN_ID='manual__2025-12-29T03:08:04+00:00'
[2025-12-29T03:08:05.618+0000] {taskinstance.py:430} INFO - ::endgroup::
[2025-12-29T03:08:05.650+0000] {docker.py:367} INFO - Starting docker container from image weather-ingestion:latest
[2025-12-29T03:08:05.656+0000] {docker.py:375} WARNING - Using remote engine or docker-in-docker and mounting temporary volume from host is not supported. Falling back to `mount_tmp_dir=False` mode. You can set `mount_tmp_dir` parameter to False to disable mounting and remove the warning
[2025-12-29T03:08:06.752+0000] {docker.py:438} INFO - Traceback (most recent call last):
[2025-12-29T03:08:06.753+0000] {docker.py:438} INFO -   File "<frozen runpy>", line 198, in _run_module_as_main
[2025-12-29T03:08:06.753+0000] {docker.py:438} INFO -   File "<frozen runpy>", line 88, in _run_code
[2025-12-29T03:08:06.753+0000] {docker.py:438} INFO -   File "/app/src/ingest_geo_plz.py", line 4, in <module>
[2025-12-29T03:08:06.753+0000] {docker.py:438} INFO -     import brotli
[2025-12-29T03:08:06.754+0000] {docker.py:438} INFO - ModuleNotFoundError: No module named 'brotli'
[2025-12-29T03:08:07.237+0000] {taskinstance.py:441} INFO - ::group::Post task execution logs
[2025-12-29T03:08:07.247+0000] {taskinstance.py:2905} ERROR - Task failed with exception
Traceback (most recent call last):
  File "/home/airflow/.local/lib/python3.11/site-packages/docker/api/client.py", line 275, in _raise_for_status
    response.raise_for_status()
  File "/home/airflow/.local/lib/python3.11/site-packages/requests/models.py", line 1021, in raise_for_status
    raise HTTPError(http_error_msg, response=self)
requests.exceptions.HTTPError: 400 Client Error: Bad Request for url: http+docker://localhost/v1.52/containers/create

The above exception was the direct cause of the following exception:

Traceback (most recent call last):
  File "/home/airflow/.local/lib/python3.11/site-packages/airflow/providers/docker/operators/docker.py", line 372, in _run_image
    return self._run_image_with_mounts([*self.mounts, tmp_mount], add_tmp_variable=True)
           ^^^^^^^^^^^^^^^^^^^^^^^^^^^^^^^^^^^^^^^^^^^^^^^^^^^^^^^^^^^^^^^^^^^^^^^^^^^^^
  File "/home/airflow/.local/lib/python3.11/site-packages/airflow/providers/docker/operators/docker.py", line 399, in _run_image_with_mounts
    self.container = self.cli.create_container(
                     ^^^^^^^^^^^^^^^^^^^^^^^^^^
  File "/home/airflow/.local/lib/python3.11/site-packages/docker/api/container.py", line 440, in create_container
    return self.create_container_from_config(config, name, platform)
           ^^^^^^^^^^^^^^^^^^^^^^^^^^^^^^^^^^^^^^^^^^^^^^^^^^^^^^^^^
  File "/home/airflow/.local/lib/python3.11/site-packages/docker/api/container.py", line 457, in create_container_from_config
    return self._result(res, True)
           ^^^^^^^^^^^^^^^^^^^^^^^
  File "/home/airflow/.local/lib/python3.11/site-packages/docker/api/client.py", line 281, in _result
    self._raise_for_status(response)
  File "/home/airflow/.local/lib/python3.11/site-packages/docker/api/client.py", line 277, in _raise_for_status
    raise create_api_error_from_http_exception(e) from e
          ^^^^^^^^^^^^^^^^^^^^^^^^^^^^^^^^^^^^^^^
  File "/home/airflow/.local/lib/python3.11/site-packages/docker/errors.py", line 39, in create_api_error_from_http_exception
    raise cls(e, response=response, explanation=explanation) from e
docker.errors.APIError: 400 Client Error for http+docker://localhost/v1.52/containers/create: Bad Request ("invalid mount config for type "bind": bind source path does not exist: /tmp/airflowtmprigey3w5")

During handling of the above exception, another exception occurred:

Traceback (most recent call last):
  File "/home/airflow/.local/lib/python3.11/site-packages/airflow/models/taskinstance.py", line 465, in _execute_task
    result = _execute_callable(context=context, **execute_callable_kwargs)
             ^^^^^^^^^^^^^^^^^^^^^^^^^^^^^^^^^^^^^^^^^^^^^^^^^^^^^^^^^^^^^
  File "/home/airflow/.local/lib/python3.11/site-packages/airflow/models/taskinstance.py", line 432, in _execute_callable
    return execute_callable(context=context, **execute_callable_kwargs)
           ^^^^^^^^^^^^^^^^^^^^^^^^^^^^^^^^^^^^^^^^^^^^^^^^^^^^^^^^^^^^
  File "/home/airflow/.local/lib/python3.11/site-packages/airflow/models/baseoperator.py", line 401, in wrapper
    return func(self, *args, **kwargs)
           ^^^^^^^^^^^^^^^^^^^^^^^^^^^
  File "/home/airflow/.local/lib/python3.11/site-packages/airflow/providers/docker/operators/docker.py", line 513, in execute
    return self._run_image()
           ^^^^^^^^^^^^^^^^^
  File "/home/airflow/.local/lib/python3.11/site-packages/airflow/providers/docker/operators/docker.py", line 381, in _run_image
    return self._run_image_with_mounts(self.mounts, add_tmp_variable=False)
           ^^^^^^^^^^^^^^^^^^^^^^^^^^^^^^^^^^^^^^^^^^^^^^^^^^^^^^^^^^^^^^^^
  File "/home/airflow/.local/lib/python3.11/site-packages/airflow/providers/docker/operators/docker.py", line 446, in _run_image_with_mounts
    raise DockerContainerFailedException(f"Docker container failed: {result!r}", logs=log_lines)
airflow.providers.docker.exceptions.DockerContainerFailedException: Docker container failed: {'StatusCode': 1}
[2025-12-29T03:08:07.252+0000] {taskinstance.py:1206} INFO - Marking task as FAILED. dag_id=reference_setup, task_id=ingest_reference_data.ingest_geo_plz, run_id=manual__2025-12-29T03:08:04+00:00, execution_date=20251229T030804, start_date=20251229T030805, end_date=20251229T030807
[2025-12-29T03:08:07.265+0000] {standard_task_runner.py:110} ERROR - Failed to execute job 5 for task ingest_reference_data.ingest_geo_plz (Docker container failed: {'StatusCode': 1}; 238)
[2025-12-29T03:08:07.280+0000] {local_task_job_runner.py:243} INFO - Task exited with return code 1
[2025-12-29T03:08:07.303+0000] {taskinstance.py:3503} INFO - 0 downstream tasks scheduled from follow-on schedule check
[2025-12-29T03:08:07.307+0000] {local_task_job_runner.py:222} INFO - ::endgroup::
