[2025-12-29T03:50:53.704+0000] {local_task_job_runner.py:120} INFO - ::group::Pre task execution logs
[2025-12-29T03:50:53.873+0000] {taskinstance.py:2076} INFO - Dependencies all met for dep_context=non-requeueable deps ti=<TaskInstance: weather_hourly.dbt_weather_models manual__2025-12-29T03:50:48.203697+00:00 [queued]>
[2025-12-29T03:50:53.880+0000] {taskinstance.py:2076} INFO - Dependencies all met for dep_context=requeueable deps ti=<TaskInstance: weather_hourly.dbt_weather_models manual__2025-12-29T03:50:48.203697+00:00 [queued]>
[2025-12-29T03:50:53.881+0000] {taskinstance.py:2306} INFO - Starting attempt 1 of 1
[2025-12-29T03:50:53.893+0000] {taskinstance.py:2330} INFO - Executing <Task(DockerOperator): dbt_weather_models> on 2025-12-29 03:50:48.203697+00:00
[2025-12-29T03:50:53.899+0000] {standard_task_runner.py:64} INFO - Started process 206 to run task
[2025-12-29T03:50:53.901+0000] {standard_task_runner.py:90} INFO - Running: ['***', 'tasks', 'run', 'weather_hourly', 'dbt_weather_models', 'manual__2025-12-29T03:50:48.203697+00:00', '--job-id', '20', '--raw', '--subdir', 'DAGS_FOLDER/weather_hourly.py', '--cfg-path', '/tmp/tmpp7z9e450']
[2025-12-29T03:50:53.902+0000] {standard_task_runner.py:91} INFO - Job 20: Subtask dbt_weather_models
[2025-12-29T03:50:53.946+0000] {task_command.py:426} INFO - Running <TaskInstance: weather_hourly.dbt_weather_models manual__2025-12-29T03:50:48.203697+00:00 [running]> on host a89c93f0f8bf
[2025-12-29T03:50:54.021+0000] {taskinstance.py:2648} INFO - Exporting env vars: AIRFLOW_CTX_DAG_OWNER='***' AIRFLOW_CTX_DAG_ID='weather_hourly' AIRFLOW_CTX_TASK_ID='dbt_weather_models' AIRFLOW_CTX_EXECUTION_DATE='2025-12-29T03:50:48.203697+00:00' AIRFLOW_CTX_TRY_NUMBER='1' AIRFLOW_CTX_DAG_RUN_ID='manual__2025-12-29T03:50:48.203697+00:00'
[2025-12-29T03:50:54.022+0000] {taskinstance.py:430} INFO - ::endgroup::
[2025-12-29T03:50:54.057+0000] {docker.py:367} INFO - Starting docker container from image ghcr.io/dbt-labs/dbt-postgres:1.8.2
[2025-12-29T03:50:55.573+0000] {docker.py:438} INFO - [0m03:50:55  Running with dbt=1.8.3
[2025-12-29T03:50:55.764+0000] {docker.py:438} INFO - [0m03:50:55  Registered adapter: postgres=1.8.2
[2025-12-29T03:50:56.284+0000] {docker.py:438} INFO - [0m03:50:56  [[33mWARNING[0m]: Configuration paths exist in your dbt_project.yml file which do not apply to any resources.
[2025-12-29T03:50:56.285+0000] {docker.py:438} INFO - There are 1 unused configuration paths:
[2025-12-29T03:50:56.285+0000] {docker.py:438} INFO - - models.dbt_project.final
[2025-12-29T03:50:56.398+0000] {docker.py:438} INFO - [0m03:50:56  Found 12 models, 4 data tests, 415 macros
[2025-12-29T03:50:56.401+0000] {docker.py:438} INFO - [0m03:50:56
[2025-12-29T03:50:56.582+0000] {docker.py:438} INFO - [0m03:50:56  Concurrency: 1 threads (target='dev')
[2025-12-29T03:50:56.582+0000] {docker.py:438} INFO - [0m03:50:56
[2025-12-29T03:50:56.592+0000] {docker.py:438} INFO - [0m03:50:56  1 of 4 START sql view model dev_staging.stg_current_weather_observations ....... [RUN]
[2025-12-29T03:50:56.727+0000] {docker.py:438} INFO - [0m03:50:56  1 of 4 OK created sql view model dev_staging.stg_current_weather_observations .. [[32mCREATE VIEW[0m in 0.13s]
[2025-12-29T03:50:56.729+0000] {docker.py:438} INFO - [0m03:50:56  2 of 4 START sql view model dev_staging.stg_forecast_weather ................... [RUN]
[2025-12-29T03:50:56.788+0000] {docker.py:438} INFO - [0m03:50:56  2 of 4 OK created sql view model dev_staging.stg_forecast_weather .............. [[32mCREATE VIEW[0m in 0.06s]
[2025-12-29T03:50:56.791+0000] {docker.py:438} INFO - [0m03:50:56  3 of 4 START sql view model dev_intermediate.int_latest_current_weather_observations  [RUN]
[2025-12-29T03:50:56.832+0000] {docker.py:438} INFO - [0m03:50:56  3 of 4 ERROR creating sql view model dev_intermediate.int_latest_current_weather_observations  [[31mERROR[0m in 0.04s]
[2025-12-29T03:50:56.835+0000] {docker.py:438} INFO - [0m03:50:56  4 of 4 START sql incremental model dev_intermediate.int_forecast_weather_scd2 .. [RUN]
[2025-12-29T03:50:57.070+0000] {docker.py:438} INFO - [0m03:50:57  4 of 4 OK created sql incremental model dev_intermediate.int_forecast_weather_scd2  [[32mINSERT 0 0[0m in 0.23s]
[2025-12-29T03:50:57.085+0000] {docker.py:438} INFO - [0m03:50:57
[2025-12-29T03:50:57.086+0000] {docker.py:438} INFO - [0m03:50:57  Finished running 3 view models, 1 incremental model in 0 hours 0 minutes and 0.68 seconds (0.68s).
[2025-12-29T03:50:57.131+0000] {docker.py:438} INFO - [0m03:50:57
[2025-12-29T03:50:57.132+0000] {docker.py:438} INFO - [0m03:50:57  [31mCompleted with 1 error and 0 warnings:[0m
[2025-12-29T03:50:57.133+0000] {docker.py:438} INFO - [0m03:50:57
[2025-12-29T03:50:57.134+0000] {docker.py:438} INFO - [0m03:50:57    Database Error in model int_latest_current_weather_observations (models/intermediate/int_latest_current_weather_observations.sql)
[2025-12-29T03:50:57.134+0000] {docker.py:438} INFO -   column "precipitation_window_min" does not exist
[2025-12-29T03:50:57.134+0000] {docker.py:438} INFO -   LINE 76:         precipitation_window_min,
[2025-12-29T03:50:57.135+0000] {docker.py:438} INFO -                    ^
[2025-12-29T03:50:57.135+0000] {docker.py:438} INFO -   compiled Code at target/run/dbt_project/models/intermediate/int_latest_current_weather_observations.sql
[2025-12-29T03:50:57.135+0000] {docker.py:438} INFO - [0m03:50:57
[2025-12-29T03:50:57.136+0000] {docker.py:438} INFO - [0m03:50:57  Done. PASS=3 WARN=0 ERROR=1 SKIP=0 TOTAL=4
[2025-12-29T03:50:58.320+0000] {taskinstance.py:441} INFO - ::group::Post task execution logs
[2025-12-29T03:50:58.329+0000] {taskinstance.py:2905} ERROR - Task failed with exception
Traceback (most recent call last):
  File "/home/airflow/.local/lib/python3.11/site-packages/airflow/models/taskinstance.py", line 465, in _execute_task
    result = _execute_callable(context=context, **execute_callable_kwargs)
             ^^^^^^^^^^^^^^^^^^^^^^^^^^^^^^^^^^^^^^^^^^^^^^^^^^^^^^^^^^^^^
  File "/home/airflow/.local/lib/python3.11/site-packages/airflow/models/taskinstance.py", line 432, in _execute_callable
    return execute_callable(context=context, **execute_callable_kwargs)
           ^^^^^^^^^^^^^^^^^^^^^^^^^^^^^^^^^^^^^^^^^^^^^^^^^^^^^^^^^^^^
  File "/home/airflow/.local/lib/python3.11/site-packages/airflow/models/baseoperator.py", line 401, in wrapper
    return func(self, *args, **kwargs)
           ^^^^^^^^^^^^^^^^^^^^^^^^^^^
  File "/home/airflow/.local/lib/python3.11/site-packages/airflow/providers/docker/operators/docker.py", line 513, in execute
    return self._run_image()
           ^^^^^^^^^^^^^^^^^
  File "/home/airflow/.local/lib/python3.11/site-packages/airflow/providers/docker/operators/docker.py", line 384, in _run_image
    return self._run_image_with_mounts(self.mounts, add_tmp_variable=False)
           ^^^^^^^^^^^^^^^^^^^^^^^^^^^^^^^^^^^^^^^^^^^^^^^^^^^^^^^^^^^^^^^^
  File "/home/airflow/.local/lib/python3.11/site-packages/airflow/providers/docker/operators/docker.py", line 446, in _run_image_with_mounts
    raise DockerContainerFailedException(f"Docker container failed: {result!r}", logs=log_lines)
airflow.providers.docker.exceptions.DockerContainerFailedException: Docker container failed: {'StatusCode': 1}
[2025-12-29T03:50:58.333+0000] {taskinstance.py:1206} INFO - Marking task as FAILED. dag_id=weather_hourly, task_id=dbt_weather_models, run_id=manual__2025-12-29T03:50:48.203697+00:00, execution_date=20251229T035048, start_date=20251229T035053, end_date=20251229T035058
[2025-12-29T03:50:58.343+0000] {standard_task_runner.py:110} ERROR - Failed to execute job 20 for task dbt_weather_models (Docker container failed: {'StatusCode': 1}; 206)
[2025-12-29T03:50:58.370+0000] {local_task_job_runner.py:243} INFO - Task exited with return code 1
[2025-12-29T03:50:58.386+0000] {taskinstance.py:3503} INFO - 0 downstream tasks scheduled from follow-on schedule check
[2025-12-29T03:50:58.389+0000] {local_task_job_runner.py:222} INFO - ::endgroup::
