[2025-12-29T04:15:07.824+0000] {local_task_job_runner.py:120} INFO - ::group::Pre task execution logs
[2025-12-29T04:15:07.992+0000] {taskinstance.py:2076} INFO - Dependencies all met for dep_context=non-requeueable deps ti=<TaskInstance: weather_hourly.dbt_weather_models scheduled__2025-12-29T03:15:00+00:00 [queued]>
[2025-12-29T04:15:07.998+0000] {taskinstance.py:2076} INFO - Dependencies all met for dep_context=requeueable deps ti=<TaskInstance: weather_hourly.dbt_weather_models scheduled__2025-12-29T03:15:00+00:00 [queued]>
[2025-12-29T04:15:07.999+0000] {taskinstance.py:2306} INFO - Starting attempt 1 of 1
[2025-12-29T04:15:08.009+0000] {taskinstance.py:2330} INFO - Executing <Task(DockerOperator): dbt_weather_models> on 2025-12-29 03:15:00+00:00
[2025-12-29T04:15:08.015+0000] {standard_task_runner.py:64} INFO - Started process 674 to run task
[2025-12-29T04:15:08.017+0000] {standard_task_runner.py:90} INFO - Running: ['***', 'tasks', 'run', 'weather_hourly', 'dbt_weather_models', 'scheduled__2025-12-29T03:15:00+00:00', '--job-id', '29', '--raw', '--subdir', 'DAGS_FOLDER/weather_hourly.py', '--cfg-path', '/tmp/tmp8mm9395w']
[2025-12-29T04:15:08.019+0000] {standard_task_runner.py:91} INFO - Job 29: Subtask dbt_weather_models
[2025-12-29T04:15:08.057+0000] {task_command.py:426} INFO - Running <TaskInstance: weather_hourly.dbt_weather_models scheduled__2025-12-29T03:15:00+00:00 [running]> on host a89c93f0f8bf
[2025-12-29T04:15:08.126+0000] {taskinstance.py:2648} INFO - Exporting env vars: AIRFLOW_CTX_DAG_OWNER='***' AIRFLOW_CTX_DAG_ID='weather_hourly' AIRFLOW_CTX_TASK_ID='dbt_weather_models' AIRFLOW_CTX_EXECUTION_DATE='2025-12-29T03:15:00+00:00' AIRFLOW_CTX_TRY_NUMBER='1' AIRFLOW_CTX_DAG_RUN_ID='scheduled__2025-12-29T03:15:00+00:00'
[2025-12-29T04:15:08.127+0000] {taskinstance.py:430} INFO - ::endgroup::
[2025-12-29T04:15:08.157+0000] {docker.py:367} INFO - Starting docker container from image ghcr.io/dbt-labs/dbt-postgres:1.8.2
[2025-12-29T04:15:09.702+0000] {docker.py:438} INFO - [0m04:15:09  Running with dbt=1.8.3
[2025-12-29T04:15:09.881+0000] {docker.py:438} INFO - [0m04:15:09  Registered adapter: postgres=1.8.2
[2025-12-29T04:15:10.452+0000] {docker.py:438} INFO - [0m04:15:10  [[33mWARNING[0m]: Configuration paths exist in your dbt_project.yml file which do not apply to any resources.
[2025-12-29T04:15:10.452+0000] {docker.py:438} INFO - There are 1 unused configuration paths:
[2025-12-29T04:15:10.453+0000] {docker.py:438} INFO - - models.dbt_project.final
[2025-12-29T04:15:10.560+0000] {docker.py:438} INFO - [0m04:15:10  Found 12 models, 4 data tests, 415 macros
[2025-12-29T04:15:10.563+0000] {docker.py:438} INFO - [0m04:15:10
[2025-12-29T04:15:10.738+0000] {docker.py:438} INFO - [0m04:15:10  Concurrency: 1 threads (target='dev')
[2025-12-29T04:15:10.739+0000] {docker.py:438} INFO - [0m04:15:10
[2025-12-29T04:15:10.750+0000] {docker.py:438} INFO - [0m04:15:10  1 of 4 START sql view model dev_staging.stg_current_weather_observations ....... [RUN]
[2025-12-29T04:15:10.836+0000] {docker.py:438} INFO - [0m04:15:10  1 of 4 ERROR creating sql view model dev_staging.stg_current_weather_observations  [[31mERROR[0m in 0.08s]
[2025-12-29T04:15:10.840+0000] {docker.py:438} INFO - [0m04:15:10  2 of 4 START sql view model dev_staging.stg_forecast_weather ................... [RUN]
[2025-12-29T04:15:10.934+0000] {docker.py:438} INFO - [0m04:15:10  2 of 4 OK created sql view model dev_staging.stg_forecast_weather .............. [[32mCREATE VIEW[0m in 0.09s]
[2025-12-29T04:15:10.937+0000] {docker.py:438} INFO - [0m04:15:10  3 of 4 SKIP relation dev_intermediate.int_latest_current_weather_observations .. [[33mSKIP[0m]
[2025-12-29T04:15:10.939+0000] {docker.py:438} INFO - [0m04:15:10  4 of 4 START sql incremental model dev_intermediate.int_forecast_weather_scd2 .. [RUN]
[2025-12-29T04:15:11.095+0000] {docker.py:438} INFO - [0m04:15:11  4 of 4 OK created sql incremental model dev_intermediate.int_forecast_weather_scd2  [[32mINSERT 0 293[0m in 0.15s]
[2025-12-29T04:15:11.109+0000] {docker.py:438} INFO - [0m04:15:11
[2025-12-29T04:15:11.109+0000] {docker.py:438} INFO - [0m04:15:11  Finished running 3 view models, 1 incremental model in 0 hours 0 minutes and 0.54 seconds (0.54s).
[2025-12-29T04:15:11.222+0000] {docker.py:438} INFO - [0m04:15:11
[2025-12-29T04:15:11.223+0000] {docker.py:438} INFO - [0m04:15:11  [31mCompleted with 1 error and 0 warnings:[0m
[2025-12-29T04:15:11.224+0000] {docker.py:438} INFO - [0m04:15:11
[2025-12-29T04:15:11.224+0000] {docker.py:438} INFO - [0m04:15:11    Database Error in model stg_current_weather_observations (models/staging/stg_current_weather_observations.sql)
[2025-12-29T04:15:11.225+0000] {docker.py:438} INFO -   syntax error at or near ";"
[2025-12-29T04:15:11.225+0000] {docker.py:438} INFO -   LINE 42: FROM   raw.current_weather_observations;
[2025-12-29T04:15:11.225+0000] {docker.py:438} INFO -                                                   ^
[2025-12-29T04:15:11.226+0000] {docker.py:438} INFO -   compiled Code at target/run/dbt_project/models/staging/stg_current_weather_observations.sql
[2025-12-29T04:15:11.226+0000] {docker.py:438} INFO - [0m04:15:11
[2025-12-29T04:15:11.226+0000] {docker.py:438} INFO - [0m04:15:11  Done. PASS=2 WARN=0 ERROR=1 SKIP=1 TOTAL=4
[2025-12-29T04:15:12.407+0000] {taskinstance.py:441} INFO - ::group::Post task execution logs
[2025-12-29T04:15:12.418+0000] {taskinstance.py:2905} ERROR - Task failed with exception
Traceback (most recent call last):
  File "/home/airflow/.local/lib/python3.11/site-packages/airflow/models/taskinstance.py", line 465, in _execute_task
    result = _execute_callable(context=context, **execute_callable_kwargs)
             ^^^^^^^^^^^^^^^^^^^^^^^^^^^^^^^^^^^^^^^^^^^^^^^^^^^^^^^^^^^^^
  File "/home/airflow/.local/lib/python3.11/site-packages/airflow/models/taskinstance.py", line 432, in _execute_callable
    return execute_callable(context=context, **execute_callable_kwargs)
           ^^^^^^^^^^^^^^^^^^^^^^^^^^^^^^^^^^^^^^^^^^^^^^^^^^^^^^^^^^^^
  File "/home/airflow/.local/lib/python3.11/site-packages/airflow/models/baseoperator.py", line 401, in wrapper
    return func(self, *args, **kwargs)
           ^^^^^^^^^^^^^^^^^^^^^^^^^^^
  File "/home/airflow/.local/lib/python3.11/site-packages/airflow/providers/docker/operators/docker.py", line 513, in execute
    return self._run_image()
           ^^^^^^^^^^^^^^^^^
  File "/home/airflow/.local/lib/python3.11/site-packages/airflow/providers/docker/operators/docker.py", line 384, in _run_image
    return self._run_image_with_mounts(self.mounts, add_tmp_variable=False)
           ^^^^^^^^^^^^^^^^^^^^^^^^^^^^^^^^^^^^^^^^^^^^^^^^^^^^^^^^^^^^^^^^
  File "/home/airflow/.local/lib/python3.11/site-packages/airflow/providers/docker/operators/docker.py", line 446, in _run_image_with_mounts
    raise DockerContainerFailedException(f"Docker container failed: {result!r}", logs=log_lines)
airflow.providers.docker.exceptions.DockerContainerFailedException: Docker container failed: {'StatusCode': 1}
[2025-12-29T04:15:12.422+0000] {taskinstance.py:1206} INFO - Marking task as FAILED. dag_id=weather_hourly, task_id=dbt_weather_models, run_id=scheduled__2025-12-29T03:15:00+00:00, execution_date=20251229T031500, start_date=20251229T041507, end_date=20251229T041512
[2025-12-29T04:15:12.432+0000] {standard_task_runner.py:110} ERROR - Failed to execute job 29 for task dbt_weather_models (Docker container failed: {'StatusCode': 1}; 674)
[2025-12-29T04:15:12.447+0000] {local_task_job_runner.py:243} INFO - Task exited with return code 1
[2025-12-29T04:15:12.471+0000] {taskinstance.py:3503} INFO - 0 downstream tasks scheduled from follow-on schedule check
[2025-12-29T04:15:12.474+0000] {local_task_job_runner.py:222} INFO - ::endgroup::
