[2025-12-29T05:27:31.041+0000] {local_task_job_runner.py:120} INFO - ::group::Pre task execution logs
[2025-12-29T05:27:31.249+0000] {taskinstance.py:2076} INFO - Dependencies all met for dep_context=non-requeueable deps ti=<TaskInstance: weather_hourly.ingest_weather_data.ingest_forecasts manual__2025-12-29T05:27:28.556445+00:00 [queued]>
[2025-12-29T05:27:31.257+0000] {taskinstance.py:2076} INFO - Dependencies all met for dep_context=requeueable deps ti=<TaskInstance: weather_hourly.ingest_weather_data.ingest_forecasts manual__2025-12-29T05:27:28.556445+00:00 [queued]>
[2025-12-29T05:27:31.259+0000] {taskinstance.py:2306} INFO - Starting attempt 1 of 1
[2025-12-29T05:27:31.271+0000] {taskinstance.py:2330} INFO - Executing <Task(DockerOperator): ingest_weather_data.ingest_forecasts> on 2025-12-29 05:27:28.556445+00:00
[2025-12-29T05:27:31.276+0000] {standard_task_runner.py:64} INFO - Started process 204 to run task
[2025-12-29T05:27:31.279+0000] {standard_task_runner.py:90} INFO - Running: ['***', 'tasks', 'run', 'weather_hourly', 'ingest_weather_data.ingest_forecasts', 'manual__2025-12-29T05:27:28.556445+00:00', '--job-id', '23', '--raw', '--subdir', 'DAGS_FOLDER/weather_hourly.py', '--cfg-path', '/tmp/tmpfeavql82']
[2025-12-29T05:27:31.281+0000] {standard_task_runner.py:91} INFO - Job 23: Subtask ingest_weather_data.ingest_forecasts
[2025-12-29T05:27:31.328+0000] {task_command.py:426} INFO - Running <TaskInstance: weather_hourly.ingest_weather_data.ingest_forecasts manual__2025-12-29T05:27:28.556445+00:00 [running]> on host 86ae71ae83a3
[2025-12-29T05:27:31.411+0000] {taskinstance.py:2648} INFO - Exporting env vars: AIRFLOW_CTX_DAG_OWNER='***' AIRFLOW_CTX_DAG_ID='weather_hourly' AIRFLOW_CTX_TASK_ID='ingest_weather_data.ingest_forecasts' AIRFLOW_CTX_EXECUTION_DATE='2025-12-29T05:27:28.556445+00:00' AIRFLOW_CTX_TRY_NUMBER='1' AIRFLOW_CTX_DAG_RUN_ID='manual__2025-12-29T05:27:28.556445+00:00'
[2025-12-29T05:27:31.412+0000] {taskinstance.py:430} INFO - ::endgroup::
[2025-12-29T05:27:31.454+0000] {docker.py:367} INFO - Starting docker container from image weather-ingestion:latest
[2025-12-29T05:27:32.671+0000] {docker.py:438} INFO - 2025-12-29 05:27:32,670 - INFO - Connecting with db
[2025-12-29T05:27:32.693+0000] {docker.py:438} INFO - 2025-12-29 05:27:32,691 - INFO - 72 Hour forecast Weather for Stations 00400
[2025-12-29T05:27:32.847+0000] {docker.py:438} INFO - 2025-12-29 05:27:32,846 - INFO - 72 Hour forecast Weather for Stations 00403
[2025-12-29T05:27:32.983+0000] {docker.py:438} INFO - 2025-12-29 05:27:32,982 - INFO - 72 Hour forecast Weather for Stations 00410
[2025-12-29T05:27:33.117+0000] {docker.py:438} INFO - 2025-12-29 05:27:33,116 - INFO - 72 Hour forecast Weather for Stations 00420
[2025-12-29T05:27:33.251+0000] {docker.py:438} INFO - 2025-12-29 05:27:33,250 - INFO - 72 Hour forecast Weather for Stations 00427
[2025-12-29T05:27:33.381+0000] {docker.py:438} INFO - 2025-12-29 05:27:33,380 - INFO - 72 Hour forecast Weather for Stations 00430
[2025-12-29T05:27:33.515+0000] {docker.py:438} INFO - 2025-12-29 05:27:33,514 - INFO - 72 Hour forecast Weather for Stations 00433
[2025-12-29T05:27:33.644+0000] {docker.py:438} INFO - 2025-12-29 05:27:33,643 - INFO - Connecting with db
[2025-12-29T05:27:33.691+0000] {docker.py:438} INFO - 2025-12-29 05:27:33,690 - INFO - data inserted into db
[2025-12-29T05:27:34.177+0000] {taskinstance.py:441} INFO - ::group::Post task execution logs
[2025-12-29T05:27:34.200+0000] {taskinstance.py:1206} INFO - Marking task as SUCCESS. dag_id=weather_hourly, task_id=ingest_weather_data.ingest_forecasts, run_id=manual__2025-12-29T05:27:28.556445+00:00, execution_date=20251229T052728, start_date=20251229T052731, end_date=20251229T052734
[2025-12-29T05:27:34.222+0000] {local_task_job_runner.py:243} INFO - Task exited with return code 0
[2025-12-29T05:27:34.244+0000] {taskinstance.py:3503} INFO - 0 downstream tasks scheduled from follow-on schedule check
[2025-12-29T05:27:34.246+0000] {local_task_job_runner.py:222} INFO - ::endgroup::
