[2026-01-04T16:46:29.592+0000] {local_task_job_runner.py:120} INFO - ::group::Pre task execution logs
[2026-01-04T16:46:29.686+0000] {taskinstance.py:2076} INFO - Dependencies all met for dep_context=non-requeueable deps ti=<TaskInstance: reference_setup.ingest_reference_data.ingest_geo_plz scheduled__2025-12-30T00:00:00+00:00 [queued]>
[2026-01-04T16:46:29.703+0000] {taskinstance.py:2076} INFO - Dependencies all met for dep_context=requeueable deps ti=<TaskInstance: reference_setup.ingest_reference_data.ingest_geo_plz scheduled__2025-12-30T00:00:00+00:00 [queued]>
[2026-01-04T16:46:29.712+0000] {taskinstance.py:2306} INFO - Starting attempt 1 of 1
[2026-01-04T16:46:29.842+0000] {taskinstance.py:2330} INFO - Executing <Task(DockerOperator): ingest_reference_data.ingest_geo_plz> on 2025-12-30 00:00:00+00:00
[2026-01-04T16:46:29.866+0000] {standard_task_runner.py:90} INFO - Running: ['***', 'tasks', 'run', 'reference_setup', 'ingest_reference_data.ingest_geo_plz', 'scheduled__2025-12-30T00:00:00+00:00', '--job-id', '13', '--raw', '--subdir', 'DAGS_FOLDER/refrence_setup.py', '--cfg-path', '/tmp/tmp3w6geu10']
[2026-01-04T16:46:29.869+0000] {standard_task_runner.py:64} INFO - Started process 1042 to run task
[2026-01-04T16:46:29.875+0000] {standard_task_runner.py:91} INFO - Job 13: Subtask ingest_reference_data.ingest_geo_plz
[2026-01-04T16:46:30.330+0000] {task_command.py:426} INFO - Running <TaskInstance: reference_setup.ingest_reference_data.ingest_geo_plz scheduled__2025-12-30T00:00:00+00:00 [running]> on host a6fd50e4079d
[2026-01-04T16:46:31.934+0000] {taskinstance.py:2648} INFO - Exporting env vars: AIRFLOW_CTX_DAG_OWNER='***' AIRFLOW_CTX_DAG_ID='reference_setup' AIRFLOW_CTX_TASK_ID='ingest_reference_data.ingest_geo_plz' AIRFLOW_CTX_EXECUTION_DATE='2025-12-30T00:00:00+00:00' AIRFLOW_CTX_TRY_NUMBER='1' AIRFLOW_CTX_DAG_RUN_ID='scheduled__2025-12-30T00:00:00+00:00'
[2026-01-04T16:46:32.047+0000] {taskinstance.py:430} INFO - ::endgroup::
[2026-01-04T16:46:32.702+0000] {docker.py:367} INFO - Starting docker container from image weather-ingestion:latest
[2026-01-04T16:46:52.626+0000] {docker.py:438} INFO - 2026-01-04 16:46:52,476 - ERROR - Unable to delete File, Error : name 'plz_file_decomp' is not defined
[2026-01-04T16:46:52.629+0000] {docker.py:438} INFO - 2026-01-04 16:46:52,477 - INFO - Decompressing Plz File
[2026-01-04T16:47:26.277+0000] {docker.py:438} INFO - 2026-01-04 16:47:26,269 - INFO - Writing Plz File
[2026-01-04T16:47:28.434+0000] {docker.py:438} INFO - 2026-01-04 16:47:28,431 - INFO - File Written Successfully
[2026-01-04T16:47:28.487+0000] {docker.py:438} INFO - 2026-01-04 16:47:28,484 - INFO - Reading Plz File
[2026-01-04T16:47:48.995+0000] {docker.py:438} INFO - 2026-01-04 16:47:48,991 - INFO - Restricting Postal Codes to Berlin
[2026-01-04T16:47:49.057+0000] {docker.py:438} INFO - 
[2026-01-04T16:47:49.058+0000] {docker.py:438} INFO - 2026-01-04 16:47:49,056 - INFO - Connecting with db
[2026-01-04T16:47:49.250+0000] {docker.py:438} INFO - 2026-01-04 16:47:49,248 - ERROR - Unable to delete File, Error : name 'plz_file_decomp' is not defined
[2026-01-04T16:47:49.928+0000] {taskinstance.py:441} INFO - ::group::Post task execution logs
[2026-01-04T16:47:49.964+0000] {taskinstance.py:1206} INFO - Marking task as SUCCESS. dag_id=reference_setup, task_id=ingest_reference_data.ingest_geo_plz, run_id=scheduled__2025-12-30T00:00:00+00:00, execution_date=20251230T000000, start_date=20260104T164629, end_date=20260104T164749
[2026-01-04T16:47:50.010+0000] {local_task_job_runner.py:243} INFO - Task exited with return code 0
[2026-01-04T16:47:50.041+0000] {taskinstance.py:3503} INFO - 1 downstream tasks scheduled from follow-on schedule check
[2026-01-04T16:47:50.044+0000] {local_task_job_runner.py:222} INFO - ::endgroup::
