[2025-12-29T05:27:31.041+0000] {local_task_job_runner.py:120} INFO - ::group::Pre task execution logs
[2025-12-29T05:27:31.249+0000] {taskinstance.py:2076} INFO - Dependencies all met for dep_context=non-requeueable deps ti=<TaskInstance: weather_hourly.ingest_weather_data.ingest_observations manual__2025-12-29T05:27:28.556445+00:00 [queued]>
[2025-12-29T05:27:31.257+0000] {taskinstance.py:2076} INFO - Dependencies all met for dep_context=requeueable deps ti=<TaskInstance: weather_hourly.ingest_weather_data.ingest_observations manual__2025-12-29T05:27:28.556445+00:00 [queued]>
[2025-12-29T05:27:31.258+0000] {taskinstance.py:2306} INFO - Starting attempt 1 of 1
[2025-12-29T05:27:31.270+0000] {taskinstance.py:2330} INFO - Executing <Task(DockerOperator): ingest_weather_data.ingest_observations> on 2025-12-29 05:27:28.556445+00:00
[2025-12-29T05:27:31.276+0000] {standard_task_runner.py:64} INFO - Started process 203 to run task
[2025-12-29T05:27:31.279+0000] {standard_task_runner.py:90} INFO - Running: ['***', 'tasks', 'run', 'weather_hourly', 'ingest_weather_data.ingest_observations', 'manual__2025-12-29T05:27:28.556445+00:00', '--job-id', '24', '--raw', '--subdir', 'DAGS_FOLDER/weather_hourly.py', '--cfg-path', '/tmp/tmp9unew25v']
[2025-12-29T05:27:31.281+0000] {standard_task_runner.py:91} INFO - Job 24: Subtask ingest_weather_data.ingest_observations
[2025-12-29T05:27:31.328+0000] {task_command.py:426} INFO - Running <TaskInstance: weather_hourly.ingest_weather_data.ingest_observations manual__2025-12-29T05:27:28.556445+00:00 [running]> on host 86ae71ae83a3
[2025-12-29T05:27:31.411+0000] {taskinstance.py:2648} INFO - Exporting env vars: AIRFLOW_CTX_DAG_OWNER='***' AIRFLOW_CTX_DAG_ID='weather_hourly' AIRFLOW_CTX_TASK_ID='ingest_weather_data.ingest_observations' AIRFLOW_CTX_EXECUTION_DATE='2025-12-29T05:27:28.556445+00:00' AIRFLOW_CTX_TRY_NUMBER='1' AIRFLOW_CTX_DAG_RUN_ID='manual__2025-12-29T05:27:28.556445+00:00'
[2025-12-29T05:27:31.412+0000] {taskinstance.py:430} INFO - ::endgroup::
[2025-12-29T05:27:31.447+0000] {docker.py:367} INFO - Starting docker container from image weather-ingestion:latest
[2025-12-29T05:27:32.671+0000] {docker.py:438} INFO - 2025-12-29 05:27:32,669 - INFO - Connecting with db
[2025-12-29T05:27:32.680+0000] {docker.py:438} INFO - 2025-12-29 05:27:32,679 - INFO - Fetching Berlin's Station list
[2025-12-29T05:27:32.693+0000] {docker.py:438} INFO - 2025-12-29 05:27:32,691 - INFO - Getting Current Weather for Stations 00400
[2025-12-29T05:27:32.850+0000] {docker.py:438} INFO - 2025-12-29 05:27:32,849 - INFO - Getting Current Weather for Stations 00403
[2025-12-29T05:27:33.021+0000] {docker.py:438} INFO - 2025-12-29 05:27:33,020 - INFO - Getting Current Weather for Stations 00410
[2025-12-29T05:27:33.193+0000] {docker.py:438} INFO - 2025-12-29 05:27:33,192 - ERROR - HTTP error occured: 404 Client Error: Not Found for url: https://api.brightsky.dev/current_weather?dwd_station_id=00410
[2025-12-29T05:27:33.194+0000] {docker.py:438} INFO - 2025-12-29 05:27:33,192 - ERROR - Response body: {"detail":"Could not find current weather for your location criteria"}
[2025-12-29T05:27:33.194+0000] {docker.py:438} INFO - 2025-12-29 05:27:33,192 - INFO - Getting Current Weather for Stations 00420
[2025-12-29T05:27:33.365+0000] {docker.py:438} INFO - 2025-12-29 05:27:33,364 - INFO - Getting Current Weather for Stations 00427
[2025-12-29T05:27:33.501+0000] {docker.py:438} INFO - 2025-12-29 05:27:33,500 - INFO - Getting Current Weather for Stations 00430
[2025-12-29T05:27:33.669+0000] {docker.py:438} INFO - 2025-12-29 05:27:33,667 - ERROR - HTTP error occured: 404 Client Error: Not Found for url: https://api.brightsky.dev/current_weather?dwd_station_id=00430
[2025-12-29T05:27:33.669+0000] {docker.py:438} INFO - 2025-12-29 05:27:33,668 - ERROR - Response body: {"detail":"Could not find current weather for your location criteria"}
[2025-12-29T05:27:33.670+0000] {docker.py:438} INFO - 2025-12-29 05:27:33,668 - INFO - Getting Current Weather for Stations 00433
[2025-12-29T05:27:33.846+0000] {docker.py:438} INFO - 2025-12-29 05:27:33,845 - INFO - Connecting with db
[2025-12-29T05:27:33.853+0000] {docker.py:438} INFO - 2025-12-29 05:27:33,852 - ERROR - db error : relation "raw.weather_observations" does not exist
[2025-12-29T05:27:33.854+0000] {docker.py:438} INFO - LINE 2:         INSERT INTO raw.weather_observations (
[2025-12-29T05:27:33.854+0000] {docker.py:438} INFO -                             ^
[2025-12-29T05:27:34.385+0000] {taskinstance.py:441} INFO - ::group::Post task execution logs
[2025-12-29T05:27:34.408+0000] {taskinstance.py:1206} INFO - Marking task as SUCCESS. dag_id=weather_hourly, task_id=ingest_weather_data.ingest_observations, run_id=manual__2025-12-29T05:27:28.556445+00:00, execution_date=20251229T052728, start_date=20251229T052731, end_date=20251229T052734
[2025-12-29T05:27:34.462+0000] {local_task_job_runner.py:243} INFO - Task exited with return code 0
[2025-12-29T05:27:34.483+0000] {taskinstance.py:3503} INFO - 1 downstream tasks scheduled from follow-on schedule check
[2025-12-29T05:27:34.485+0000] {local_task_job_runner.py:222} INFO - ::endgroup::
