[2026-01-04T17:37:45.401+0000] {local_task_job_runner.py:120} INFO - ::group::Pre task execution logs
[2026-01-04T17:37:45.431+0000] {taskinstance.py:2076} INFO - Dependencies all met for dep_context=non-requeueable deps ti=<TaskInstance: weather_hourly.ingest_weather_data.ingest_forecasts manual__2026-01-04T17:37:43.432483+00:00 [queued]>
[2026-01-04T17:37:45.439+0000] {taskinstance.py:2076} INFO - Dependencies all met for dep_context=requeueable deps ti=<TaskInstance: weather_hourly.ingest_weather_data.ingest_forecasts manual__2026-01-04T17:37:43.432483+00:00 [queued]>
[2026-01-04T17:37:45.440+0000] {taskinstance.py:2306} INFO - Starting attempt 1 of 1
[2026-01-04T17:37:45.452+0000] {taskinstance.py:2330} INFO - Executing <Task(DockerOperator): ingest_weather_data.ingest_forecasts> on 2026-01-04 17:37:43.432483+00:00
[2026-01-04T17:37:45.457+0000] {standard_task_runner.py:64} INFO - Started process 2092 to run task
[2026-01-04T17:37:45.460+0000] {standard_task_runner.py:90} INFO - Running: ['***', 'tasks', 'run', 'weather_hourly', 'ingest_weather_data.ingest_forecasts', 'manual__2026-01-04T17:37:43.432483+00:00', '--job-id', '33', '--raw', '--subdir', 'DAGS_FOLDER/weather_hourly.py', '--cfg-path', '/tmp/tmppan5rssj']
[2026-01-04T17:37:45.463+0000] {standard_task_runner.py:91} INFO - Job 33: Subtask ingest_weather_data.ingest_forecasts
[2026-01-04T17:37:45.514+0000] {task_command.py:426} INFO - Running <TaskInstance: weather_hourly.ingest_weather_data.ingest_forecasts manual__2026-01-04T17:37:43.432483+00:00 [running]> on host a6fd50e4079d
[2026-01-04T17:37:45.609+0000] {taskinstance.py:2648} INFO - Exporting env vars: AIRFLOW_CTX_DAG_OWNER='***' AIRFLOW_CTX_DAG_ID='weather_hourly' AIRFLOW_CTX_TASK_ID='ingest_weather_data.ingest_forecasts' AIRFLOW_CTX_EXECUTION_DATE='2026-01-04T17:37:43.432483+00:00' AIRFLOW_CTX_TRY_NUMBER='1' AIRFLOW_CTX_DAG_RUN_ID='manual__2026-01-04T17:37:43.432483+00:00'
[2026-01-04T17:37:45.611+0000] {taskinstance.py:430} INFO - ::endgroup::
[2026-01-04T17:37:45.653+0000] {docker.py:367} INFO - Starting docker container from image weather-ingestion:latest
[2026-01-04T17:37:46.886+0000] {docker.py:438} INFO - 2026-01-04 17:37:46,884 - INFO - Connecting with db
[2026-01-04T17:37:46.905+0000] {docker.py:438} INFO - 2026-01-04 17:37:46,904 - INFO - 72 Hour forecast Weather for Stations 00400
[2026-01-04T17:37:47.067+0000] {docker.py:438} INFO - 2026-01-04 17:37:47,066 - INFO - 72 Hour forecast Weather for Stations 00403
[2026-01-04T17:37:47.208+0000] {docker.py:438} INFO - 2026-01-04 17:37:47,206 - INFO - 72 Hour forecast Weather for Stations 00410
[2026-01-04T17:37:47.344+0000] {docker.py:438} INFO - 2026-01-04 17:37:47,343 - INFO - 72 Hour forecast Weather for Stations 00420
[2026-01-04T17:37:47.485+0000] {docker.py:438} INFO - 2026-01-04 17:37:47,484 - INFO - 72 Hour forecast Weather for Stations 00427
[2026-01-04T17:37:47.617+0000] {docker.py:438} INFO - 2026-01-04 17:37:47,616 - INFO - 72 Hour forecast Weather for Stations 00430
[2026-01-04T17:37:47.762+0000] {docker.py:438} INFO - 2026-01-04 17:37:47,761 - INFO - 72 Hour forecast Weather for Stations 00433
[2026-01-04T17:37:47.901+0000] {docker.py:438} INFO - 2026-01-04 17:37:47,900 - INFO - Connecting with db
[2026-01-04T17:37:47.950+0000] {docker.py:438} INFO - 2026-01-04 17:37:47,949 - INFO - data inserted into db
[2026-01-04T17:37:48.481+0000] {taskinstance.py:441} INFO - ::group::Post task execution logs
[2026-01-04T17:37:48.506+0000] {taskinstance.py:1206} INFO - Marking task as SUCCESS. dag_id=weather_hourly, task_id=ingest_weather_data.ingest_forecasts, run_id=manual__2026-01-04T17:37:43.432483+00:00, execution_date=20260104T173743, start_date=20260104T173745, end_date=20260104T173748
[2026-01-04T17:37:48.523+0000] {local_task_job_runner.py:243} INFO - Task exited with return code 0
[2026-01-04T17:37:48.549+0000] {taskinstance.py:3503} INFO - 0 downstream tasks scheduled from follow-on schedule check
[2026-01-04T17:37:48.551+0000] {local_task_job_runner.py:222} INFO - ::endgroup::
