[2025-12-29T03:46:48.348+0000] {local_task_job_runner.py:120} INFO - ::group::Pre task execution logs
[2025-12-29T03:46:48.543+0000] {taskinstance.py:2076} INFO - Dependencies all met for dep_context=non-requeueable deps ti=<TaskInstance: weather_hourly.dbt_weather_models scheduled__2025-12-29T02:15:00+00:00 [queued]>
[2025-12-29T03:46:48.552+0000] {taskinstance.py:2076} INFO - Dependencies all met for dep_context=requeueable deps ti=<TaskInstance: weather_hourly.dbt_weather_models scheduled__2025-12-29T02:15:00+00:00 [queued]>
[2025-12-29T03:46:48.553+0000] {taskinstance.py:2306} INFO - Starting attempt 1 of 1
[2025-12-29T03:46:48.566+0000] {taskinstance.py:2330} INFO - Executing <Task(DockerOperator): dbt_weather_models> on 2025-12-29 02:15:00+00:00
[2025-12-29T03:46:48.574+0000] {standard_task_runner.py:64} INFO - Started process 236 to run task
[2025-12-29T03:46:48.576+0000] {standard_task_runner.py:90} INFO - Running: ['***', 'tasks', 'run', 'weather_hourly', 'dbt_weather_models', 'scheduled__2025-12-29T02:15:00+00:00', '--job-id', '10', '--raw', '--subdir', 'DAGS_FOLDER/weather_hourly.py', '--cfg-path', '/tmp/tmphyq2m9uy']
[2025-12-29T03:46:48.578+0000] {standard_task_runner.py:91} INFO - Job 10: Subtask dbt_weather_models
[2025-12-29T03:46:48.625+0000] {task_command.py:426} INFO - Running <TaskInstance: weather_hourly.dbt_weather_models scheduled__2025-12-29T02:15:00+00:00 [running]> on host a89c93f0f8bf
[2025-12-29T03:46:48.716+0000] {taskinstance.py:2648} INFO - Exporting env vars: AIRFLOW_CTX_DAG_OWNER='***' AIRFLOW_CTX_DAG_ID='weather_hourly' AIRFLOW_CTX_TASK_ID='dbt_weather_models' AIRFLOW_CTX_EXECUTION_DATE='2025-12-29T02:15:00+00:00' AIRFLOW_CTX_TRY_NUMBER='1' AIRFLOW_CTX_DAG_RUN_ID='scheduled__2025-12-29T02:15:00+00:00'
[2025-12-29T03:46:48.717+0000] {taskinstance.py:430} INFO - ::endgroup::
[2025-12-29T03:46:48.755+0000] {docker.py:367} INFO - Starting docker container from image ghcr.io/dbt-labs/dbt-postgres:1.8.2
[2025-12-29T03:46:50.410+0000] {docker.py:438} INFO - [0m03:46:50  Running with dbt=1.8.3
[2025-12-29T03:46:50.599+0000] {docker.py:438} INFO - [0m03:46:50  Registered adapter: postgres=1.8.2
[2025-12-29T03:46:50.922+0000] {docker.py:438} INFO - [0m03:46:50  [[33mWARNING[0m]: Configuration paths exist in your dbt_project.yml file which do not apply to any resources.
[2025-12-29T03:46:50.923+0000] {docker.py:438} INFO - There are 1 unused configuration paths:
[2025-12-29T03:46:50.923+0000] {docker.py:438} INFO - - models.dbt_project.final
[2025-12-29T03:46:51.068+0000] {docker.py:438} INFO - [0m03:46:51  Found 12 models, 4 data tests, 415 macros
[2025-12-29T03:46:51.072+0000] {docker.py:438} INFO - [0m03:46:51
[2025-12-29T03:46:51.253+0000] {docker.py:438} INFO - [0m03:46:51  Concurrency: 1 threads (target='dev')
[2025-12-29T03:46:51.253+0000] {docker.py:438} INFO - [0m03:46:51
[2025-12-29T03:46:51.266+0000] {docker.py:438} INFO - [0m03:46:51  1 of 4 START sql view model dev_staging.stg_current_weather_observations ....... [RUN]
[2025-12-29T03:46:51.421+0000] {docker.py:438} INFO - [0m03:46:51  1 of 4 OK created sql view model dev_staging.stg_current_weather_observations .. [[32mCREATE VIEW[0m in 0.15s]
[2025-12-29T03:46:51.426+0000] {docker.py:438} INFO - [0m03:46:51  2 of 4 START sql view model dev_staging.stg_forecast_weather ................... [RUN]
[2025-12-29T03:46:51.506+0000] {docker.py:438} INFO - [0m03:46:51  2 of 4 OK created sql view model dev_staging.stg_forecast_weather .............. [[32mCREATE VIEW[0m in 0.08s]
[2025-12-29T03:46:51.510+0000] {docker.py:438} INFO - [0m03:46:51  3 of 4 START sql view model dev_intermediate.int_latest_current_weather_observations  [RUN]
[2025-12-29T03:46:51.570+0000] {docker.py:438} INFO - [0m03:46:51  3 of 4 ERROR creating sql view model dev_intermediate.int_latest_current_weather_observations  [[31mERROR[0m in 0.06s]
[2025-12-29T03:46:51.574+0000] {docker.py:438} INFO - [0m03:46:51  4 of 4 START sql incremental model dev_intermediate.int_forecast_weather_scd2 .. [RUN]
[2025-12-29T03:46:51.706+0000] {docker.py:438} INFO - [0m03:46:51  4 of 4 OK created sql incremental model dev_intermediate.int_forecast_weather_scd2  [[32mSELECT 511[0m in 0.13s]
[2025-12-29T03:46:51.728+0000] {docker.py:438} INFO - [0m03:46:51
[2025-12-29T03:46:51.729+0000] {docker.py:438} INFO - [0m03:46:51  Finished running 3 view models, 1 incremental model in 0 hours 0 minutes and 0.65 seconds (0.65s).
[2025-12-29T03:46:51.793+0000] {docker.py:438} INFO - [0m03:46:51
[2025-12-29T03:46:51.794+0000] {docker.py:438} INFO - [0m03:46:51  [31mCompleted with 1 error and 0 warnings:[0m
[2025-12-29T03:46:51.795+0000] {docker.py:438} INFO - [0m03:46:51
[2025-12-29T03:46:51.796+0000] {docker.py:438} INFO - [0m03:46:51    Database Error in model int_latest_current_weather_observations (models/intermediate/int_latest_current_weather_observations.sql)
[2025-12-29T03:46:51.796+0000] {docker.py:438} INFO -   syntax error at or near "from"
[2025-12-29T03:46:51.797+0000] {docker.py:438} INFO -   LINE 34:     from "dw"."dev_staging"."stg_current_weather_observation...
[2025-12-29T03:46:51.797+0000] {docker.py:438} INFO -                ^
[2025-12-29T03:46:51.798+0000] {docker.py:438} INFO -   compiled Code at target/run/dbt_project/models/intermediate/int_latest_current_weather_observations.sql
[2025-12-29T03:46:51.798+0000] {docker.py:438} INFO - [0m03:46:51
[2025-12-29T03:46:51.798+0000] {docker.py:438} INFO - [0m03:46:51  Done. PASS=3 WARN=0 ERROR=1 SKIP=0 TOTAL=4
[2025-12-29T03:46:52.903+0000] {taskinstance.py:441} INFO - ::group::Post task execution logs
[2025-12-29T03:46:52.914+0000] {taskinstance.py:2905} ERROR - Task failed with exception
Traceback (most recent call last):
  File "/home/airflow/.local/lib/python3.11/site-packages/airflow/models/taskinstance.py", line 465, in _execute_task
    result = _execute_callable(context=context, **execute_callable_kwargs)
             ^^^^^^^^^^^^^^^^^^^^^^^^^^^^^^^^^^^^^^^^^^^^^^^^^^^^^^^^^^^^^
  File "/home/airflow/.local/lib/python3.11/site-packages/airflow/models/taskinstance.py", line 432, in _execute_callable
    return execute_callable(context=context, **execute_callable_kwargs)
           ^^^^^^^^^^^^^^^^^^^^^^^^^^^^^^^^^^^^^^^^^^^^^^^^^^^^^^^^^^^^
  File "/home/airflow/.local/lib/python3.11/site-packages/airflow/models/baseoperator.py", line 401, in wrapper
    return func(self, *args, **kwargs)
           ^^^^^^^^^^^^^^^^^^^^^^^^^^^
  File "/home/airflow/.local/lib/python3.11/site-packages/airflow/providers/docker/operators/docker.py", line 513, in execute
    return self._run_image()
           ^^^^^^^^^^^^^^^^^
  File "/home/airflow/.local/lib/python3.11/site-packages/airflow/providers/docker/operators/docker.py", line 384, in _run_image
    return self._run_image_with_mounts(self.mounts, add_tmp_variable=False)
           ^^^^^^^^^^^^^^^^^^^^^^^^^^^^^^^^^^^^^^^^^^^^^^^^^^^^^^^^^^^^^^^^
  File "/home/airflow/.local/lib/python3.11/site-packages/airflow/providers/docker/operators/docker.py", line 446, in _run_image_with_mounts
    raise DockerContainerFailedException(f"Docker container failed: {result!r}", logs=log_lines)
airflow.providers.docker.exceptions.DockerContainerFailedException: Docker container failed: {'StatusCode': 1}
[2025-12-29T03:46:52.919+0000] {taskinstance.py:1206} INFO - Marking task as FAILED. dag_id=weather_hourly, task_id=dbt_weather_models, run_id=scheduled__2025-12-29T02:15:00+00:00, execution_date=20251229T021500, start_date=20251229T034648, end_date=20251229T034652
[2025-12-29T03:46:52.933+0000] {standard_task_runner.py:110} ERROR - Failed to execute job 10 for task dbt_weather_models (Docker container failed: {'StatusCode': 1}; 236)
[2025-12-29T03:46:52.964+0000] {local_task_job_runner.py:243} INFO - Task exited with return code 1
[2025-12-29T03:46:52.982+0000] {taskinstance.py:3503} INFO - 0 downstream tasks scheduled from follow-on schedule check
[2025-12-29T03:46:52.984+0000] {local_task_job_runner.py:222} INFO - ::endgroup::
