[2025-12-29T05:15:02.296+0000] {local_task_job_runner.py:120} INFO - ::group::Pre task execution logs
[2025-12-29T05:15:02.487+0000] {taskinstance.py:2076} INFO - Dependencies all met for dep_context=non-requeueable deps ti=<TaskInstance: weather_hourly.ingest_weather_data.ingest_forecasts scheduled__2025-12-29T04:15:00+00:00 [queued]>
[2025-12-29T05:15:02.495+0000] {taskinstance.py:2076} INFO - Dependencies all met for dep_context=requeueable deps ti=<TaskInstance: weather_hourly.ingest_weather_data.ingest_forecasts scheduled__2025-12-29T04:15:00+00:00 [queued]>
[2025-12-29T05:15:02.497+0000] {taskinstance.py:2306} INFO - Starting attempt 1 of 1
[2025-12-29T05:15:02.507+0000] {taskinstance.py:2330} INFO - Executing <Task(DockerOperator): ingest_weather_data.ingest_forecasts> on 2025-12-29 04:15:00+00:00
[2025-12-29T05:15:02.515+0000] {standard_task_runner.py:64} INFO - Started process 1870 to run task
[2025-12-29T05:15:02.518+0000] {standard_task_runner.py:90} INFO - Running: ['***', 'tasks', 'run', 'weather_hourly', 'ingest_weather_data.ingest_forecasts', 'scheduled__2025-12-29T04:15:00+00:00', '--job-id', '31', '--raw', '--subdir', 'DAGS_FOLDER/weather_hourly.py', '--cfg-path', '/tmp/tmp7saqe298']
[2025-12-29T05:15:02.520+0000] {standard_task_runner.py:91} INFO - Job 31: Subtask ingest_weather_data.ingest_forecasts
[2025-12-29T05:15:02.563+0000] {task_command.py:426} INFO - Running <TaskInstance: weather_hourly.ingest_weather_data.ingest_forecasts scheduled__2025-12-29T04:15:00+00:00 [running]> on host a89c93f0f8bf
[2025-12-29T05:15:02.646+0000] {taskinstance.py:2648} INFO - Exporting env vars: AIRFLOW_CTX_DAG_OWNER='***' AIRFLOW_CTX_DAG_ID='weather_hourly' AIRFLOW_CTX_TASK_ID='ingest_weather_data.ingest_forecasts' AIRFLOW_CTX_EXECUTION_DATE='2025-12-29T04:15:00+00:00' AIRFLOW_CTX_TRY_NUMBER='1' AIRFLOW_CTX_DAG_RUN_ID='scheduled__2025-12-29T04:15:00+00:00'
[2025-12-29T05:15:02.647+0000] {taskinstance.py:430} INFO - ::endgroup::
[2025-12-29T05:15:02.684+0000] {docker.py:367} INFO - Starting docker container from image weather-ingestion:latest
[2025-12-29T05:15:04.077+0000] {docker.py:438} INFO - 2025-12-29 05:15:04,075 - INFO - Connecting with db
[2025-12-29T05:15:04.132+0000] {docker.py:438} INFO - 2025-12-29 05:15:04,130 - INFO - 72 Hour forecast Weather for Stations 00400
[2025-12-29T05:15:04.300+0000] {docker.py:438} INFO - 2025-12-29 05:15:04,298 - INFO - 72 Hour forecast Weather for Stations 00403
[2025-12-29T05:15:04.450+0000] {docker.py:438} INFO - 2025-12-29 05:15:04,448 - INFO - 72 Hour forecast Weather for Stations 00410
[2025-12-29T05:15:04.604+0000] {docker.py:438} INFO - 2025-12-29 05:15:04,602 - INFO - 72 Hour forecast Weather for Stations 00420
[2025-12-29T05:15:04.742+0000] {docker.py:438} INFO - 2025-12-29 05:15:04,740 - INFO - 72 Hour forecast Weather for Stations 00427
[2025-12-29T05:15:04.874+0000] {docker.py:438} INFO - 2025-12-29 05:15:04,873 - INFO - 72 Hour forecast Weather for Stations 00430
[2025-12-29T05:15:05.004+0000] {docker.py:438} INFO - 2025-12-29 05:15:05,003 - INFO - 72 Hour forecast Weather for Stations 00433
[2025-12-29T05:15:05.135+0000] {docker.py:438} INFO - 2025-12-29 05:15:05,134 - INFO - Connecting with db
[2025-12-29T05:15:05.188+0000] {docker.py:438} INFO - 2025-12-29 05:15:05,187 - INFO - data inserted into db
[2025-12-29T05:15:05.724+0000] {taskinstance.py:441} INFO - ::group::Post task execution logs
[2025-12-29T05:15:05.747+0000] {taskinstance.py:1206} INFO - Marking task as SUCCESS. dag_id=weather_hourly, task_id=ingest_weather_data.ingest_forecasts, run_id=scheduled__2025-12-29T04:15:00+00:00, execution_date=20251229T041500, start_date=20251229T051502, end_date=20251229T051505
[2025-12-29T05:15:05.783+0000] {local_task_job_runner.py:243} INFO - Task exited with return code 0
[2025-12-29T05:15:05.807+0000] {taskinstance.py:3503} INFO - 0 downstream tasks scheduled from follow-on schedule check
[2025-12-29T05:15:05.810+0000] {local_task_job_runner.py:222} INFO - ::endgroup::
[2025-12-29T05:21:23.734+0000] {local_task_job_runner.py:120} INFO - ::group::Pre task execution logs
[2025-12-29T05:21:23.947+0000] {taskinstance.py:2076} INFO - Dependencies all met for dep_context=non-requeueable deps ti=<TaskInstance: weather_hourly.ingest_weather_data.ingest_forecasts scheduled__2025-12-29T04:15:00+00:00 [queued]>
[2025-12-29T05:21:23.961+0000] {taskinstance.py:2076} INFO - Dependencies all met for dep_context=requeueable deps ti=<TaskInstance: weather_hourly.ingest_weather_data.ingest_forecasts scheduled__2025-12-29T04:15:00+00:00 [queued]>
[2025-12-29T05:21:23.962+0000] {taskinstance.py:2306} INFO - Starting attempt 1 of 1
[2025-12-29T05:21:23.977+0000] {taskinstance.py:2330} INFO - Executing <Task(DockerOperator): ingest_weather_data.ingest_forecasts> on 2025-12-29 04:15:00+00:00
[2025-12-29T05:21:23.986+0000] {standard_task_runner.py:64} INFO - Started process 233 to run task
[2025-12-29T05:21:23.988+0000] {standard_task_runner.py:90} INFO - Running: ['***', 'tasks', 'run', 'weather_hourly', 'ingest_weather_data.ingest_forecasts', 'scheduled__2025-12-29T04:15:00+00:00', '--job-id', '8', '--raw', '--subdir', 'DAGS_FOLDER/weather_hourly.py', '--cfg-path', '/tmp/tmpx70rlutp']
[2025-12-29T05:21:23.990+0000] {standard_task_runner.py:91} INFO - Job 8: Subtask ingest_weather_data.ingest_forecasts
[2025-12-29T05:21:24.043+0000] {task_command.py:426} INFO - Running <TaskInstance: weather_hourly.ingest_weather_data.ingest_forecasts scheduled__2025-12-29T04:15:00+00:00 [running]> on host 86ae71ae83a3
[2025-12-29T05:21:24.129+0000] {taskinstance.py:2648} INFO - Exporting env vars: AIRFLOW_CTX_DAG_OWNER='***' AIRFLOW_CTX_DAG_ID='weather_hourly' AIRFLOW_CTX_TASK_ID='ingest_weather_data.ingest_forecasts' AIRFLOW_CTX_EXECUTION_DATE='2025-12-29T04:15:00+00:00' AIRFLOW_CTX_TRY_NUMBER='1' AIRFLOW_CTX_DAG_RUN_ID='scheduled__2025-12-29T04:15:00+00:00'
[2025-12-29T05:21:24.130+0000] {taskinstance.py:430} INFO - ::endgroup::
[2025-12-29T05:21:24.173+0000] {docker.py:367} INFO - Starting docker container from image weather-ingestion:latest
[2025-12-29T05:21:25.407+0000] {docker.py:438} INFO - 2025-12-29 05:21:25,404 - INFO - Connecting with db
[2025-12-29T05:21:25.437+0000] {docker.py:438} INFO - 2025-12-29 05:21:25,436 - INFO - 72 Hour forecast Weather for Stations 00400
[2025-12-29T05:21:25.584+0000] {docker.py:438} INFO - 2025-12-29 05:21:25,582 - INFO - 72 Hour forecast Weather for Stations 00403
[2025-12-29T05:21:25.713+0000] {docker.py:438} INFO - 2025-12-29 05:21:25,712 - INFO - 72 Hour forecast Weather for Stations 00410
[2025-12-29T05:21:25.843+0000] {docker.py:438} INFO - 2025-12-29 05:21:25,842 - INFO - 72 Hour forecast Weather for Stations 00420
[2025-12-29T05:21:25.973+0000] {docker.py:438} INFO - 2025-12-29 05:21:25,972 - INFO - 72 Hour forecast Weather for Stations 00427
[2025-12-29T05:21:26.109+0000] {docker.py:438} INFO - 2025-12-29 05:21:26,108 - INFO - 72 Hour forecast Weather for Stations 00430
[2025-12-29T05:21:26.240+0000] {docker.py:438} INFO - 2025-12-29 05:21:26,239 - INFO - 72 Hour forecast Weather for Stations 00433
[2025-12-29T05:21:26.390+0000] {docker.py:438} INFO - 2025-12-29 05:21:26,388 - INFO - Connecting with db
[2025-12-29T05:21:26.440+0000] {docker.py:438} INFO - 2025-12-29 05:21:26,439 - INFO - data inserted into db
[2025-12-29T05:21:27.006+0000] {taskinstance.py:441} INFO - ::group::Post task execution logs
[2025-12-29T05:21:27.031+0000] {taskinstance.py:1206} INFO - Marking task as SUCCESS. dag_id=weather_hourly, task_id=ingest_weather_data.ingest_forecasts, run_id=scheduled__2025-12-29T04:15:00+00:00, execution_date=20251229T041500, start_date=20251229T052123, end_date=20251229T052127
[2025-12-29T05:21:27.053+0000] {local_task_job_runner.py:243} INFO - Task exited with return code 0
[2025-12-29T05:21:27.074+0000] {taskinstance.py:3503} INFO - 0 downstream tasks scheduled from follow-on schedule check
[2025-12-29T05:21:27.077+0000] {local_task_job_runner.py:222} INFO - ::endgroup::
[2025-12-29T05:33:27.309+0000] {local_task_job_runner.py:120} INFO - ::group::Pre task execution logs
[2025-12-29T05:33:27.484+0000] {taskinstance.py:2076} INFO - Dependencies all met for dep_context=non-requeueable deps ti=<TaskInstance: weather_hourly.ingest_weather_data.ingest_forecasts scheduled__2025-12-29T04:15:00+00:00 [queued]>
[2025-12-29T05:33:27.492+0000] {taskinstance.py:2076} INFO - Dependencies all met for dep_context=requeueable deps ti=<TaskInstance: weather_hourly.ingest_weather_data.ingest_forecasts scheduled__2025-12-29T04:15:00+00:00 [queued]>
[2025-12-29T05:33:27.492+0000] {taskinstance.py:2306} INFO - Starting attempt 1 of 1
[2025-12-29T05:33:27.503+0000] {taskinstance.py:2330} INFO - Executing <Task(DockerOperator): ingest_weather_data.ingest_forecasts> on 2025-12-29 04:15:00+00:00
[2025-12-29T05:33:27.509+0000] {standard_task_runner.py:64} INFO - Started process 233 to run task
[2025-12-29T05:33:27.511+0000] {standard_task_runner.py:90} INFO - Running: ['***', 'tasks', 'run', 'weather_hourly', 'ingest_weather_data.ingest_forecasts', 'scheduled__2025-12-29T04:15:00+00:00', '--job-id', '8', '--raw', '--subdir', 'DAGS_FOLDER/weather_hourly.py', '--cfg-path', '/tmp/tmpfdfdh931']
[2025-12-29T05:33:27.513+0000] {standard_task_runner.py:91} INFO - Job 8: Subtask ingest_weather_data.ingest_forecasts
[2025-12-29T05:33:27.559+0000] {task_command.py:426} INFO - Running <TaskInstance: weather_hourly.ingest_weather_data.ingest_forecasts scheduled__2025-12-29T04:15:00+00:00 [running]> on host 9d8f0caf82bb
[2025-12-29T05:33:27.639+0000] {taskinstance.py:2648} INFO - Exporting env vars: AIRFLOW_CTX_DAG_OWNER='***' AIRFLOW_CTX_DAG_ID='weather_hourly' AIRFLOW_CTX_TASK_ID='ingest_weather_data.ingest_forecasts' AIRFLOW_CTX_EXECUTION_DATE='2025-12-29T04:15:00+00:00' AIRFLOW_CTX_TRY_NUMBER='1' AIRFLOW_CTX_DAG_RUN_ID='scheduled__2025-12-29T04:15:00+00:00'
[2025-12-29T05:33:27.640+0000] {taskinstance.py:430} INFO - ::endgroup::
[2025-12-29T05:33:27.685+0000] {docker.py:367} INFO - Starting docker container from image weather-ingestion:latest
[2025-12-29T05:33:28.889+0000] {docker.py:438} INFO - 2025-12-29 05:33:28,887 - INFO - Connecting with db
[2025-12-29T05:33:28.909+0000] {docker.py:438} INFO - 2025-12-29 05:33:28,907 - INFO - 72 Hour forecast Weather for Stations 00400
[2025-12-29T05:33:29.054+0000] {docker.py:438} INFO - 2025-12-29 05:33:29,053 - INFO - 72 Hour forecast Weather for Stations 00403
[2025-12-29T05:33:29.193+0000] {docker.py:438} INFO - 2025-12-29 05:33:29,192 - INFO - 72 Hour forecast Weather for Stations 00410
[2025-12-29T05:33:29.329+0000] {docker.py:438} INFO - 2025-12-29 05:33:29,328 - INFO - 72 Hour forecast Weather for Stations 00420
[2025-12-29T05:33:29.467+0000] {docker.py:438} INFO - 2025-12-29 05:33:29,466 - INFO - 72 Hour forecast Weather for Stations 00427
[2025-12-29T05:33:29.601+0000] {docker.py:438} INFO - 2025-12-29 05:33:29,599 - INFO - 72 Hour forecast Weather for Stations 00430
[2025-12-29T05:33:29.735+0000] {docker.py:438} INFO - 2025-12-29 05:33:29,734 - INFO - 72 Hour forecast Weather for Stations 00433
[2025-12-29T05:33:29.873+0000] {docker.py:438} INFO - 2025-12-29 05:33:29,872 - INFO - Connecting with db
[2025-12-29T05:33:29.919+0000] {docker.py:438} INFO - 2025-12-29 05:33:29,918 - INFO - data inserted into db
[2025-12-29T05:33:30.552+0000] {taskinstance.py:441} INFO - ::group::Post task execution logs
[2025-12-29T05:33:30.579+0000] {taskinstance.py:1206} INFO - Marking task as SUCCESS. dag_id=weather_hourly, task_id=ingest_weather_data.ingest_forecasts, run_id=scheduled__2025-12-29T04:15:00+00:00, execution_date=20251229T041500, start_date=20251229T053327, end_date=20251229T053330
[2025-12-29T05:33:30.621+0000] {local_task_job_runner.py:243} INFO - Task exited with return code 0
[2025-12-29T05:33:30.645+0000] {taskinstance.py:3503} INFO - 0 downstream tasks scheduled from follow-on schedule check
[2025-12-29T05:33:30.647+0000] {local_task_job_runner.py:222} INFO - ::endgroup::
