[2025-12-29T03:33:45.475+0000] {local_task_job_runner.py:120} INFO - ::group::Pre task execution logs
[2025-12-29T03:33:45.503+0000] {taskinstance.py:2076} INFO - Dependencies all met for dep_context=non-requeueable deps ti=<TaskInstance: reference_setup.ingest_reference_data.ingest_geo_plz manual__2025-12-29T03:33:44.680839+00:00 [queued]>
[2025-12-29T03:33:45.509+0000] {taskinstance.py:2076} INFO - Dependencies all met for dep_context=requeueable deps ti=<TaskInstance: reference_setup.ingest_reference_data.ingest_geo_plz manual__2025-12-29T03:33:44.680839+00:00 [queued]>
[2025-12-29T03:33:45.510+0000] {taskinstance.py:2306} INFO - Starting attempt 1 of 1
[2025-12-29T03:33:45.521+0000] {taskinstance.py:2330} INFO - Executing <Task(DockerOperator): ingest_reference_data.ingest_geo_plz> on 2025-12-29 03:33:44.680839+00:00
[2025-12-29T03:33:45.527+0000] {standard_task_runner.py:64} INFO - Started process 288 to run task
[2025-12-29T03:33:45.529+0000] {standard_task_runner.py:90} INFO - Running: ['***', 'tasks', 'run', 'reference_setup', 'ingest_reference_data.ingest_geo_plz', 'manual__2025-12-29T03:33:44.680839+00:00', '--job-id', '6', '--raw', '--subdir', 'DAGS_FOLDER/refrence_setup.py', '--cfg-path', '/tmp/tmpp7x6b749']
[2025-12-29T03:33:45.532+0000] {standard_task_runner.py:91} INFO - Job 6: Subtask ingest_reference_data.ingest_geo_plz
[2025-12-29T03:33:45.581+0000] {task_command.py:426} INFO - Running <TaskInstance: reference_setup.ingest_reference_data.ingest_geo_plz manual__2025-12-29T03:33:44.680839+00:00 [running]> on host 58c791c417b3
[2025-12-29T03:33:45.656+0000] {taskinstance.py:2648} INFO - Exporting env vars: AIRFLOW_CTX_DAG_OWNER='***' AIRFLOW_CTX_DAG_ID='reference_setup' AIRFLOW_CTX_TASK_ID='ingest_reference_data.ingest_geo_plz' AIRFLOW_CTX_EXECUTION_DATE='2025-12-29T03:33:44.680839+00:00' AIRFLOW_CTX_TRY_NUMBER='1' AIRFLOW_CTX_DAG_RUN_ID='manual__2025-12-29T03:33:44.680839+00:00'
[2025-12-29T03:33:45.657+0000] {taskinstance.py:430} INFO - ::endgroup::
[2025-12-29T03:33:45.690+0000] {docker.py:367} INFO - Starting docker container from image weather-ingestion:latest
[2025-12-29T03:33:46.866+0000] {docker.py:438} INFO - 2025-12-29 03:33:46,865 - ERROR - Unable to delete File, Error : name 'plz_file_decomp' is not defined
[2025-12-29T03:33:46.867+0000] {docker.py:438} INFO - 2025-12-29 03:33:46,865 - INFO - Decompressing Plz File
[2025-12-29T03:33:47.774+0000] {docker.py:438} INFO - 2025-12-29 03:33:47,772 - INFO - Writing Plz File
[2025-12-29T03:33:47.989+0000] {docker.py:438} INFO - 2025-12-29 03:33:47,987 - INFO - File Written Successfully
[2025-12-29T03:33:47.989+0000] {docker.py:438} INFO - 2025-12-29 03:33:47,988 - INFO - Reading Plz File
[2025-12-29T03:33:56.541+0000] {docker.py:438} INFO - 2025-12-29 03:33:56,539 - INFO - Restricting Postal Codes to Berlin
[2025-12-29T03:33:56.579+0000] {docker.py:438} INFO - 
[2025-12-29T03:33:56.580+0000] {docker.py:438} INFO - 2025-12-29 03:33:56,578 - INFO - Connecting with db
[2025-12-29T03:33:56.717+0000] {docker.py:438} INFO - 2025-12-29 03:33:56,715 - ERROR - Unable to delete File, Error : name 'plz_file_decomp' is not defined
[2025-12-29T03:33:57.431+0000] {taskinstance.py:441} INFO - ::group::Post task execution logs
[2025-12-29T03:33:57.453+0000] {taskinstance.py:1206} INFO - Marking task as SUCCESS. dag_id=reference_setup, task_id=ingest_reference_data.ingest_geo_plz, run_id=manual__2025-12-29T03:33:44.680839+00:00, execution_date=20251229T033344, start_date=20251229T033345, end_date=20251229T033357
[2025-12-29T03:33:57.494+0000] {local_task_job_runner.py:243} INFO - Task exited with return code 0
[2025-12-29T03:33:57.517+0000] {taskinstance.py:3503} INFO - 1 downstream tasks scheduled from follow-on schedule check
[2025-12-29T03:33:57.519+0000] {local_task_job_runner.py:222} INFO - ::endgroup::
