[2025-12-29T03:51:56.446+0000] {local_task_job_runner.py:120} INFO - ::group::Pre task execution logs
[2025-12-29T03:51:56.625+0000] {taskinstance.py:2076} INFO - Dependencies all met for dep_context=non-requeueable deps ti=<TaskInstance: weather_hourly.ingest_weather_data.ingest_observations manual__2025-12-29T03:51:54.963570+00:00 [queued]>
[2025-12-29T03:51:56.634+0000] {taskinstance.py:2076} INFO - Dependencies all met for dep_context=requeueable deps ti=<TaskInstance: weather_hourly.ingest_weather_data.ingest_observations manual__2025-12-29T03:51:54.963570+00:00 [queued]>
[2025-12-29T03:51:56.635+0000] {taskinstance.py:2306} INFO - Starting attempt 1 of 1
[2025-12-29T03:51:56.646+0000] {taskinstance.py:2330} INFO - Executing <Task(DockerOperator): ingest_weather_data.ingest_observations> on 2025-12-29 03:51:54.963570+00:00
[2025-12-29T03:51:56.652+0000] {standard_task_runner.py:64} INFO - Started process 203 to run task
[2025-12-29T03:51:56.655+0000] {standard_task_runner.py:90} INFO - Running: ['***', 'tasks', 'run', 'weather_hourly', 'ingest_weather_data.ingest_observations', 'manual__2025-12-29T03:51:54.963570+00:00', '--job-id', '23', '--raw', '--subdir', 'DAGS_FOLDER/weather_hourly.py', '--cfg-path', '/tmp/tmpmtd6nmcg']
[2025-12-29T03:51:56.657+0000] {standard_task_runner.py:91} INFO - Job 23: Subtask ingest_weather_data.ingest_observations
[2025-12-29T03:51:56.703+0000] {task_command.py:426} INFO - Running <TaskInstance: weather_hourly.ingest_weather_data.ingest_observations manual__2025-12-29T03:51:54.963570+00:00 [running]> on host a89c93f0f8bf
[2025-12-29T03:51:56.778+0000] {taskinstance.py:2648} INFO - Exporting env vars: AIRFLOW_CTX_DAG_OWNER='***' AIRFLOW_CTX_DAG_ID='weather_hourly' AIRFLOW_CTX_TASK_ID='ingest_weather_data.ingest_observations' AIRFLOW_CTX_EXECUTION_DATE='2025-12-29T03:51:54.963570+00:00' AIRFLOW_CTX_TRY_NUMBER='1' AIRFLOW_CTX_DAG_RUN_ID='manual__2025-12-29T03:51:54.963570+00:00'
[2025-12-29T03:51:56.779+0000] {taskinstance.py:430} INFO - ::endgroup::
[2025-12-29T03:51:56.812+0000] {docker.py:367} INFO - Starting docker container from image weather-ingestion:latest
[2025-12-29T03:51:57.901+0000] {docker.py:438} INFO - 2025-12-29 03:51:57,899 - INFO - Connecting with db
[2025-12-29T03:51:57.910+0000] {docker.py:438} INFO - 2025-12-29 03:51:57,909 - INFO - Fetching Berlin's Station list
[2025-12-29T03:51:57.922+0000] {docker.py:438} INFO - 2025-12-29 03:51:57,920 - INFO - Getting Current Weather for Stations 00400
[2025-12-29T03:51:58.068+0000] {docker.py:438} INFO - 2025-12-29 03:51:58,067 - INFO - Getting Current Weather for Stations 00403
[2025-12-29T03:51:58.256+0000] {docker.py:438} INFO - 2025-12-29 03:51:58,255 - INFO - Getting Current Weather for Stations 00410
[2025-12-29T03:51:58.422+0000] {docker.py:438} INFO - 2025-12-29 03:51:58,421 - ERROR - HTTP error occured: 404 Client Error: Not Found for url: https://api.brightsky.dev/current_weather?dwd_station_id=00410
[2025-12-29T03:51:58.423+0000] {docker.py:438} INFO - 2025-12-29 03:51:58,421 - ERROR - Response body: {"detail":"Could not find current weather for your location criteria"}
[2025-12-29T03:51:58.423+0000] {docker.py:438} INFO - 2025-12-29 03:51:58,421 - INFO - Getting Current Weather for Stations 00420
[2025-12-29T03:51:58.563+0000] {docker.py:438} INFO - 2025-12-29 03:51:58,562 - INFO - Getting Current Weather for Stations 00427
[2025-12-29T03:51:58.696+0000] {docker.py:438} INFO - 2025-12-29 03:51:58,695 - INFO - Getting Current Weather for Stations 00430
[2025-12-29T03:51:58.831+0000] {docker.py:438} INFO - 2025-12-29 03:51:58,830 - ERROR - HTTP error occured: 404 Client Error: Not Found for url: https://api.brightsky.dev/current_weather?dwd_station_id=00430
[2025-12-29T03:51:58.831+0000] {docker.py:438} INFO - 2025-12-29 03:51:58,830 - ERROR - Response body: {"detail":"Could not find current weather for your location criteria"}
[2025-12-29T03:51:58.832+0000] {docker.py:438} INFO - 2025-12-29 03:51:58,830 - INFO - Getting Current Weather for Stations 00433
[2025-12-29T03:51:58.974+0000] {docker.py:438} INFO - 2025-12-29 03:51:58,973 - INFO - Connecting with db
[2025-12-29T03:51:58.981+0000] {docker.py:438} INFO - 2025-12-29 03:51:58,980 - ERROR - db error : relation "raw.weather_observations" does not exist
[2025-12-29T03:51:58.982+0000] {docker.py:438} INFO - LINE 2:         INSERT INTO raw.weather_observations (
[2025-12-29T03:51:58.983+0000] {docker.py:438} INFO -                             ^
[2025-12-29T03:51:59.526+0000] {taskinstance.py:441} INFO - ::group::Post task execution logs
[2025-12-29T03:51:59.555+0000] {taskinstance.py:1206} INFO - Marking task as SUCCESS. dag_id=weather_hourly, task_id=ingest_weather_data.ingest_observations, run_id=manual__2025-12-29T03:51:54.963570+00:00, execution_date=20251229T035154, start_date=20251229T035156, end_date=20251229T035159
[2025-12-29T03:51:59.599+0000] {local_task_job_runner.py:243} INFO - Task exited with return code 0
[2025-12-29T03:51:59.627+0000] {taskinstance.py:3503} INFO - 0 downstream tasks scheduled from follow-on schedule check
[2025-12-29T03:51:59.629+0000] {local_task_job_runner.py:222} INFO - ::endgroup::
