[2026-01-04T18:07:27.369+0000] {processor.py:161} INFO - Started process (PID=192) to work on /opt/airflow/dags/refrence_setup.py
[2026-01-04T18:07:27.370+0000] {processor.py:830} INFO - Processing file /opt/airflow/dags/refrence_setup.py for tasks to queue
[2026-01-04T18:07:27.372+0000] {logging_mixin.py:188} INFO - [2026-01-04T18:07:27.372+0000] {dagbag.py:545} INFO - Filling up the DagBag from /opt/airflow/dags/refrence_setup.py
[2026-01-04T18:07:27.392+0000] {processor.py:840} INFO - DAG(s) 'reference_setup' retrieved from /opt/airflow/dags/refrence_setup.py
[2026-01-04T18:07:27.785+0000] {logging_mixin.py:188} INFO - [2026-01-04T18:07:27.785+0000] {override.py:1858} INFO - Created Permission View: can read on DAG:reference_setup
[2026-01-04T18:07:27.793+0000] {logging_mixin.py:188} INFO - [2026-01-04T18:07:27.793+0000] {override.py:1858} INFO - Created Permission View: can edit on DAG:reference_setup
[2026-01-04T18:07:27.799+0000] {logging_mixin.py:188} INFO - [2026-01-04T18:07:27.799+0000] {override.py:1858} INFO - Created Permission View: can delete on DAG:reference_setup
[2026-01-04T18:07:27.799+0000] {logging_mixin.py:188} INFO - [2026-01-04T18:07:27.799+0000] {dag.py:3089} INFO - Sync 1 DAGs
[2026-01-04T18:07:27.808+0000] {logging_mixin.py:188} INFO - [2026-01-04T18:07:27.808+0000] {dag.py:3111} INFO - Creating ORM DAG for reference_setup
[2026-01-04T18:07:27.818+0000] {logging_mixin.py:188} INFO - [2026-01-04T18:07:27.818+0000] {dag.py:3947} INFO - Setting next_dagrun for reference_setup to 2026-01-03 00:00:00+00:00, run_after=2026-01-04 00:00:00+00:00
[2026-01-04T18:07:27.842+0000] {processor.py:183} INFO - Processing /opt/airflow/dags/refrence_setup.py took 0.478 seconds
[2026-01-04T18:07:58.197+0000] {processor.py:161} INFO - Started process (PID=212) to work on /opt/airflow/dags/refrence_setup.py
[2026-01-04T18:07:58.198+0000] {processor.py:830} INFO - Processing file /opt/airflow/dags/refrence_setup.py for tasks to queue
[2026-01-04T18:07:58.200+0000] {logging_mixin.py:188} INFO - [2026-01-04T18:07:58.200+0000] {dagbag.py:545} INFO - Filling up the DagBag from /opt/airflow/dags/refrence_setup.py
[2026-01-04T18:07:58.217+0000] {processor.py:840} INFO - DAG(s) 'reference_setup' retrieved from /opt/airflow/dags/refrence_setup.py
[2026-01-04T18:07:58.249+0000] {logging_mixin.py:188} INFO - [2026-01-04T18:07:58.249+0000] {dag.py:3089} INFO - Sync 1 DAGs
[2026-01-04T18:07:58.272+0000] {logging_mixin.py:188} INFO - [2026-01-04T18:07:58.272+0000] {dag.py:3947} INFO - Setting next_dagrun for reference_setup to 2026-01-04 00:00:00+00:00, run_after=2026-01-05 00:00:00+00:00
[2026-01-04T18:07:58.295+0000] {processor.py:183} INFO - Processing /opt/airflow/dags/refrence_setup.py took 0.102 seconds
[2026-01-04T18:08:28.513+0000] {processor.py:161} INFO - Started process (PID=222) to work on /opt/airflow/dags/refrence_setup.py
[2026-01-04T18:08:28.514+0000] {processor.py:830} INFO - Processing file /opt/airflow/dags/refrence_setup.py for tasks to queue
[2026-01-04T18:08:28.515+0000] {logging_mixin.py:188} INFO - [2026-01-04T18:08:28.515+0000] {dagbag.py:545} INFO - Filling up the DagBag from /opt/airflow/dags/refrence_setup.py
[2026-01-04T18:08:28.531+0000] {processor.py:840} INFO - DAG(s) 'reference_setup' retrieved from /opt/airflow/dags/refrence_setup.py
[2026-01-04T18:08:28.562+0000] {logging_mixin.py:188} INFO - [2026-01-04T18:08:28.561+0000] {dag.py:3089} INFO - Sync 1 DAGs
[2026-01-04T18:08:28.592+0000] {logging_mixin.py:188} INFO - [2026-01-04T18:08:28.592+0000] {dag.py:3947} INFO - Setting next_dagrun for reference_setup to 2026-01-04 00:00:00+00:00, run_after=2026-01-05 00:00:00+00:00
[2026-01-04T18:08:28.613+0000] {processor.py:183} INFO - Processing /opt/airflow/dags/refrence_setup.py took 0.106 seconds
[2026-01-04T18:08:58.710+0000] {processor.py:161} INFO - Started process (PID=240) to work on /opt/airflow/dags/refrence_setup.py
[2026-01-04T18:08:58.711+0000] {processor.py:830} INFO - Processing file /opt/airflow/dags/refrence_setup.py for tasks to queue
[2026-01-04T18:08:58.713+0000] {logging_mixin.py:188} INFO - [2026-01-04T18:08:58.712+0000] {dagbag.py:545} INFO - Filling up the DagBag from /opt/airflow/dags/refrence_setup.py
[2026-01-04T18:08:58.729+0000] {processor.py:840} INFO - DAG(s) 'reference_setup' retrieved from /opt/airflow/dags/refrence_setup.py
[2026-01-04T18:08:58.757+0000] {logging_mixin.py:188} INFO - [2026-01-04T18:08:58.757+0000] {dag.py:3089} INFO - Sync 1 DAGs
[2026-01-04T18:08:58.782+0000] {logging_mixin.py:188} INFO - [2026-01-04T18:08:58.782+0000] {dag.py:3947} INFO - Setting next_dagrun for reference_setup to 2026-01-04 00:00:00+00:00, run_after=2026-01-05 00:00:00+00:00
[2026-01-04T18:08:58.803+0000] {processor.py:183} INFO - Processing /opt/airflow/dags/refrence_setup.py took 0.098 seconds
[2026-01-04T18:09:29.009+0000] {processor.py:161} INFO - Started process (PID=250) to work on /opt/airflow/dags/refrence_setup.py
[2026-01-04T18:09:29.010+0000] {processor.py:830} INFO - Processing file /opt/airflow/dags/refrence_setup.py for tasks to queue
[2026-01-04T18:09:29.011+0000] {logging_mixin.py:188} INFO - [2026-01-04T18:09:29.011+0000] {dagbag.py:545} INFO - Filling up the DagBag from /opt/airflow/dags/refrence_setup.py
[2026-01-04T18:09:29.026+0000] {processor.py:840} INFO - DAG(s) 'reference_setup' retrieved from /opt/airflow/dags/refrence_setup.py
[2026-01-04T18:09:29.054+0000] {logging_mixin.py:188} INFO - [2026-01-04T18:09:29.054+0000] {dag.py:3089} INFO - Sync 1 DAGs
[2026-01-04T18:09:29.075+0000] {logging_mixin.py:188} INFO - [2026-01-04T18:09:29.075+0000] {dag.py:3947} INFO - Setting next_dagrun for reference_setup to 2026-01-04 00:00:00+00:00, run_after=2026-01-05 00:00:00+00:00
[2026-01-04T18:09:29.091+0000] {processor.py:183} INFO - Processing /opt/airflow/dags/refrence_setup.py took 0.086 seconds
[2026-01-04T18:09:59.309+0000] {processor.py:161} INFO - Started process (PID=260) to work on /opt/airflow/dags/refrence_setup.py
[2026-01-04T18:09:59.310+0000] {processor.py:830} INFO - Processing file /opt/airflow/dags/refrence_setup.py for tasks to queue
[2026-01-04T18:09:59.311+0000] {logging_mixin.py:188} INFO - [2026-01-04T18:09:59.311+0000] {dagbag.py:545} INFO - Filling up the DagBag from /opt/airflow/dags/refrence_setup.py
[2026-01-04T18:09:59.329+0000] {processor.py:840} INFO - DAG(s) 'reference_setup' retrieved from /opt/airflow/dags/refrence_setup.py
[2026-01-04T18:09:59.357+0000] {logging_mixin.py:188} INFO - [2026-01-04T18:09:59.357+0000] {dag.py:3089} INFO - Sync 1 DAGs
[2026-01-04T18:09:59.378+0000] {logging_mixin.py:188} INFO - [2026-01-04T18:09:59.378+0000] {dag.py:3947} INFO - Setting next_dagrun for reference_setup to 2026-01-04 00:00:00+00:00, run_after=2026-01-05 00:00:00+00:00
[2026-01-04T18:09:59.395+0000] {processor.py:183} INFO - Processing /opt/airflow/dags/refrence_setup.py took 0.090 seconds
[2026-01-04T18:10:29.618+0000] {processor.py:161} INFO - Started process (PID=270) to work on /opt/airflow/dags/refrence_setup.py
[2026-01-04T18:10:29.619+0000] {processor.py:830} INFO - Processing file /opt/airflow/dags/refrence_setup.py for tasks to queue
[2026-01-04T18:10:29.620+0000] {logging_mixin.py:188} INFO - [2026-01-04T18:10:29.620+0000] {dagbag.py:545} INFO - Filling up the DagBag from /opt/airflow/dags/refrence_setup.py
[2026-01-04T18:10:29.637+0000] {processor.py:840} INFO - DAG(s) 'reference_setup' retrieved from /opt/airflow/dags/refrence_setup.py
[2026-01-04T18:10:29.665+0000] {logging_mixin.py:188} INFO - [2026-01-04T18:10:29.665+0000] {dag.py:3089} INFO - Sync 1 DAGs
[2026-01-04T18:10:29.686+0000] {logging_mixin.py:188} INFO - [2026-01-04T18:10:29.686+0000] {dag.py:3947} INFO - Setting next_dagrun for reference_setup to 2026-01-04 00:00:00+00:00, run_after=2026-01-05 00:00:00+00:00
[2026-01-04T18:10:29.703+0000] {processor.py:183} INFO - Processing /opt/airflow/dags/refrence_setup.py took 0.091 seconds
[2026-01-04T18:10:59.928+0000] {processor.py:161} INFO - Started process (PID=280) to work on /opt/airflow/dags/refrence_setup.py
[2026-01-04T18:10:59.929+0000] {processor.py:830} INFO - Processing file /opt/airflow/dags/refrence_setup.py for tasks to queue
[2026-01-04T18:10:59.931+0000] {logging_mixin.py:188} INFO - [2026-01-04T18:10:59.930+0000] {dagbag.py:545} INFO - Filling up the DagBag from /opt/airflow/dags/refrence_setup.py
[2026-01-04T18:10:59.947+0000] {processor.py:840} INFO - DAG(s) 'reference_setup' retrieved from /opt/airflow/dags/refrence_setup.py
[2026-01-04T18:10:59.976+0000] {logging_mixin.py:188} INFO - [2026-01-04T18:10:59.975+0000] {dag.py:3089} INFO - Sync 1 DAGs
[2026-01-04T18:10:59.995+0000] {logging_mixin.py:188} INFO - [2026-01-04T18:10:59.995+0000] {dag.py:3947} INFO - Setting next_dagrun for reference_setup to 2026-01-04 00:00:00+00:00, run_after=2026-01-05 00:00:00+00:00
[2026-01-04T18:11:00.016+0000] {processor.py:183} INFO - Processing /opt/airflow/dags/refrence_setup.py took 0.091 seconds
[2026-01-04T18:11:30.144+0000] {processor.py:161} INFO - Started process (PID=290) to work on /opt/airflow/dags/refrence_setup.py
[2026-01-04T18:11:30.144+0000] {processor.py:830} INFO - Processing file /opt/airflow/dags/refrence_setup.py for tasks to queue
[2026-01-04T18:11:30.145+0000] {logging_mixin.py:188} INFO - [2026-01-04T18:11:30.145+0000] {dagbag.py:545} INFO - Filling up the DagBag from /opt/airflow/dags/refrence_setup.py
[2026-01-04T18:11:30.160+0000] {processor.py:840} INFO - DAG(s) 'reference_setup' retrieved from /opt/airflow/dags/refrence_setup.py
[2026-01-04T18:11:30.188+0000] {logging_mixin.py:188} INFO - [2026-01-04T18:11:30.188+0000] {dag.py:3089} INFO - Sync 1 DAGs
[2026-01-04T18:11:30.210+0000] {logging_mixin.py:188} INFO - [2026-01-04T18:11:30.210+0000] {dag.py:3947} INFO - Setting next_dagrun for reference_setup to 2026-01-04 00:00:00+00:00, run_after=2026-01-05 00:00:00+00:00
[2026-01-04T18:11:30.227+0000] {processor.py:183} INFO - Processing /opt/airflow/dags/refrence_setup.py took 0.088 seconds
[2026-01-04T18:12:00.439+0000] {processor.py:161} INFO - Started process (PID=300) to work on /opt/airflow/dags/refrence_setup.py
[2026-01-04T18:12:00.439+0000] {processor.py:830} INFO - Processing file /opt/airflow/dags/refrence_setup.py for tasks to queue
[2026-01-04T18:12:00.441+0000] {logging_mixin.py:188} INFO - [2026-01-04T18:12:00.440+0000] {dagbag.py:545} INFO - Filling up the DagBag from /opt/airflow/dags/refrence_setup.py
[2026-01-04T18:12:00.456+0000] {processor.py:840} INFO - DAG(s) 'reference_setup' retrieved from /opt/airflow/dags/refrence_setup.py
[2026-01-04T18:12:00.484+0000] {logging_mixin.py:188} INFO - [2026-01-04T18:12:00.484+0000] {dag.py:3089} INFO - Sync 1 DAGs
[2026-01-04T18:12:00.506+0000] {logging_mixin.py:188} INFO - [2026-01-04T18:12:00.506+0000] {dag.py:3947} INFO - Setting next_dagrun for reference_setup to 2026-01-04 00:00:00+00:00, run_after=2026-01-05 00:00:00+00:00
[2026-01-04T18:12:00.523+0000] {processor.py:183} INFO - Processing /opt/airflow/dags/refrence_setup.py took 0.089 seconds
[2026-01-04T18:12:30.759+0000] {processor.py:161} INFO - Started process (PID=310) to work on /opt/airflow/dags/refrence_setup.py
[2026-01-04T18:12:30.759+0000] {processor.py:830} INFO - Processing file /opt/airflow/dags/refrence_setup.py for tasks to queue
[2026-01-04T18:12:30.761+0000] {logging_mixin.py:188} INFO - [2026-01-04T18:12:30.761+0000] {dagbag.py:545} INFO - Filling up the DagBag from /opt/airflow/dags/refrence_setup.py
[2026-01-04T18:12:30.779+0000] {processor.py:840} INFO - DAG(s) 'reference_setup' retrieved from /opt/airflow/dags/refrence_setup.py
[2026-01-04T18:12:30.808+0000] {logging_mixin.py:188} INFO - [2026-01-04T18:12:30.808+0000] {dag.py:3089} INFO - Sync 1 DAGs
[2026-01-04T18:12:30.829+0000] {logging_mixin.py:188} INFO - [2026-01-04T18:12:30.829+0000] {dag.py:3947} INFO - Setting next_dagrun for reference_setup to 2026-01-04 00:00:00+00:00, run_after=2026-01-05 00:00:00+00:00
[2026-01-04T18:12:30.847+0000] {processor.py:183} INFO - Processing /opt/airflow/dags/refrence_setup.py took 0.092 seconds
[2026-01-04T18:13:01.057+0000] {processor.py:161} INFO - Started process (PID=320) to work on /opt/airflow/dags/refrence_setup.py
[2026-01-04T18:13:01.058+0000] {processor.py:830} INFO - Processing file /opt/airflow/dags/refrence_setup.py for tasks to queue
[2026-01-04T18:13:01.059+0000] {logging_mixin.py:188} INFO - [2026-01-04T18:13:01.059+0000] {dagbag.py:545} INFO - Filling up the DagBag from /opt/airflow/dags/refrence_setup.py
[2026-01-04T18:13:01.075+0000] {processor.py:840} INFO - DAG(s) 'reference_setup' retrieved from /opt/airflow/dags/refrence_setup.py
[2026-01-04T18:13:01.102+0000] {logging_mixin.py:188} INFO - [2026-01-04T18:13:01.101+0000] {dag.py:3089} INFO - Sync 1 DAGs
[2026-01-04T18:13:01.121+0000] {logging_mixin.py:188} INFO - [2026-01-04T18:13:01.120+0000] {dag.py:3947} INFO - Setting next_dagrun for reference_setup to 2026-01-04 00:00:00+00:00, run_after=2026-01-05 00:00:00+00:00
[2026-01-04T18:13:01.137+0000] {processor.py:183} INFO - Processing /opt/airflow/dags/refrence_setup.py took 0.084 seconds
[2026-01-04T18:13:31.350+0000] {processor.py:161} INFO - Started process (PID=330) to work on /opt/airflow/dags/refrence_setup.py
[2026-01-04T18:13:31.351+0000] {processor.py:830} INFO - Processing file /opt/airflow/dags/refrence_setup.py for tasks to queue
[2026-01-04T18:13:31.352+0000] {logging_mixin.py:188} INFO - [2026-01-04T18:13:31.352+0000] {dagbag.py:545} INFO - Filling up the DagBag from /opt/airflow/dags/refrence_setup.py
[2026-01-04T18:13:31.370+0000] {processor.py:840} INFO - DAG(s) 'reference_setup' retrieved from /opt/airflow/dags/refrence_setup.py
[2026-01-04T18:13:31.399+0000] {logging_mixin.py:188} INFO - [2026-01-04T18:13:31.399+0000] {dag.py:3089} INFO - Sync 1 DAGs
[2026-01-04T18:13:31.419+0000] {logging_mixin.py:188} INFO - [2026-01-04T18:13:31.419+0000] {dag.py:3947} INFO - Setting next_dagrun for reference_setup to 2026-01-04 00:00:00+00:00, run_after=2026-01-05 00:00:00+00:00
[2026-01-04T18:13:31.437+0000] {processor.py:183} INFO - Processing /opt/airflow/dags/refrence_setup.py took 0.092 seconds
[2026-01-04T18:14:01.652+0000] {processor.py:161} INFO - Started process (PID=340) to work on /opt/airflow/dags/refrence_setup.py
[2026-01-04T18:14:01.653+0000] {processor.py:830} INFO - Processing file /opt/airflow/dags/refrence_setup.py for tasks to queue
[2026-01-04T18:14:01.655+0000] {logging_mixin.py:188} INFO - [2026-01-04T18:14:01.654+0000] {dagbag.py:545} INFO - Filling up the DagBag from /opt/airflow/dags/refrence_setup.py
[2026-01-04T18:14:01.672+0000] {processor.py:840} INFO - DAG(s) 'reference_setup' retrieved from /opt/airflow/dags/refrence_setup.py
[2026-01-04T18:14:01.702+0000] {logging_mixin.py:188} INFO - [2026-01-04T18:14:01.702+0000] {dag.py:3089} INFO - Sync 1 DAGs
[2026-01-04T18:14:01.723+0000] {logging_mixin.py:188} INFO - [2026-01-04T18:14:01.723+0000] {dag.py:3947} INFO - Setting next_dagrun for reference_setup to 2026-01-04 00:00:00+00:00, run_after=2026-01-05 00:00:00+00:00
[2026-01-04T18:14:01.741+0000] {processor.py:183} INFO - Processing /opt/airflow/dags/refrence_setup.py took 0.093 seconds
[2026-01-04T18:14:31.949+0000] {processor.py:161} INFO - Started process (PID=350) to work on /opt/airflow/dags/refrence_setup.py
[2026-01-04T18:14:31.950+0000] {processor.py:830} INFO - Processing file /opt/airflow/dags/refrence_setup.py for tasks to queue
[2026-01-04T18:14:31.951+0000] {logging_mixin.py:188} INFO - [2026-01-04T18:14:31.951+0000] {dagbag.py:545} INFO - Filling up the DagBag from /opt/airflow/dags/refrence_setup.py
[2026-01-04T18:14:31.966+0000] {processor.py:840} INFO - DAG(s) 'reference_setup' retrieved from /opt/airflow/dags/refrence_setup.py
[2026-01-04T18:14:31.993+0000] {logging_mixin.py:188} INFO - [2026-01-04T18:14:31.993+0000] {dag.py:3089} INFO - Sync 1 DAGs
[2026-01-04T18:14:32.013+0000] {logging_mixin.py:188} INFO - [2026-01-04T18:14:32.013+0000] {dag.py:3947} INFO - Setting next_dagrun for reference_setup to 2026-01-04 00:00:00+00:00, run_after=2026-01-05 00:00:00+00:00
[2026-01-04T18:14:32.030+0000] {processor.py:183} INFO - Processing /opt/airflow/dags/refrence_setup.py took 0.085 seconds
[2026-01-04T18:15:02.243+0000] {processor.py:161} INFO - Started process (PID=364) to work on /opt/airflow/dags/refrence_setup.py
[2026-01-04T18:15:02.243+0000] {processor.py:830} INFO - Processing file /opt/airflow/dags/refrence_setup.py for tasks to queue
[2026-01-04T18:15:02.245+0000] {logging_mixin.py:188} INFO - [2026-01-04T18:15:02.245+0000] {dagbag.py:545} INFO - Filling up the DagBag from /opt/airflow/dags/refrence_setup.py
[2026-01-04T18:15:02.266+0000] {processor.py:840} INFO - DAG(s) 'reference_setup' retrieved from /opt/airflow/dags/refrence_setup.py
[2026-01-04T18:15:02.300+0000] {logging_mixin.py:188} INFO - [2026-01-04T18:15:02.299+0000] {dag.py:3089} INFO - Sync 1 DAGs
[2026-01-04T18:15:02.325+0000] {logging_mixin.py:188} INFO - [2026-01-04T18:15:02.324+0000] {dag.py:3947} INFO - Setting next_dagrun for reference_setup to 2026-01-04 00:00:00+00:00, run_after=2026-01-05 00:00:00+00:00
[2026-01-04T18:15:02.348+0000] {processor.py:183} INFO - Processing /opt/airflow/dags/refrence_setup.py took 0.110 seconds
[2026-01-04T18:15:32.549+0000] {processor.py:161} INFO - Started process (PID=378) to work on /opt/airflow/dags/refrence_setup.py
[2026-01-04T18:15:32.550+0000] {processor.py:830} INFO - Processing file /opt/airflow/dags/refrence_setup.py for tasks to queue
[2026-01-04T18:15:32.551+0000] {logging_mixin.py:188} INFO - [2026-01-04T18:15:32.551+0000] {dagbag.py:545} INFO - Filling up the DagBag from /opt/airflow/dags/refrence_setup.py
[2026-01-04T18:15:32.565+0000] {processor.py:840} INFO - DAG(s) 'reference_setup' retrieved from /opt/airflow/dags/refrence_setup.py
[2026-01-04T18:15:32.589+0000] {logging_mixin.py:188} INFO - [2026-01-04T18:15:32.589+0000] {dag.py:3089} INFO - Sync 1 DAGs
[2026-01-04T18:15:32.609+0000] {logging_mixin.py:188} INFO - [2026-01-04T18:15:32.609+0000] {dag.py:3947} INFO - Setting next_dagrun for reference_setup to 2026-01-04 00:00:00+00:00, run_after=2026-01-05 00:00:00+00:00
[2026-01-04T18:15:32.625+0000] {processor.py:183} INFO - Processing /opt/airflow/dags/refrence_setup.py took 0.079 seconds
[2026-01-04T18:16:02.853+0000] {processor.py:161} INFO - Started process (PID=388) to work on /opt/airflow/dags/refrence_setup.py
[2026-01-04T18:16:02.853+0000] {processor.py:830} INFO - Processing file /opt/airflow/dags/refrence_setup.py for tasks to queue
[2026-01-04T18:16:02.855+0000] {logging_mixin.py:188} INFO - [2026-01-04T18:16:02.855+0000] {dagbag.py:545} INFO - Filling up the DagBag from /opt/airflow/dags/refrence_setup.py
[2026-01-04T18:16:02.870+0000] {processor.py:840} INFO - DAG(s) 'reference_setup' retrieved from /opt/airflow/dags/refrence_setup.py
[2026-01-04T18:16:02.896+0000] {logging_mixin.py:188} INFO - [2026-01-04T18:16:02.896+0000] {dag.py:3089} INFO - Sync 1 DAGs
[2026-01-04T18:16:02.917+0000] {logging_mixin.py:188} INFO - [2026-01-04T18:16:02.917+0000] {dag.py:3947} INFO - Setting next_dagrun for reference_setup to 2026-01-04 00:00:00+00:00, run_after=2026-01-05 00:00:00+00:00
[2026-01-04T18:16:02.934+0000] {processor.py:183} INFO - Processing /opt/airflow/dags/refrence_setup.py took 0.085 seconds
[2026-01-04T18:16:33.147+0000] {processor.py:161} INFO - Started process (PID=398) to work on /opt/airflow/dags/refrence_setup.py
[2026-01-04T18:16:33.147+0000] {processor.py:830} INFO - Processing file /opt/airflow/dags/refrence_setup.py for tasks to queue
[2026-01-04T18:16:33.149+0000] {logging_mixin.py:188} INFO - [2026-01-04T18:16:33.148+0000] {dagbag.py:545} INFO - Filling up the DagBag from /opt/airflow/dags/refrence_setup.py
[2026-01-04T18:16:33.166+0000] {processor.py:840} INFO - DAG(s) 'reference_setup' retrieved from /opt/airflow/dags/refrence_setup.py
[2026-01-04T18:16:33.196+0000] {logging_mixin.py:188} INFO - [2026-01-04T18:16:33.196+0000] {dag.py:3089} INFO - Sync 1 DAGs
[2026-01-04T18:16:33.221+0000] {logging_mixin.py:188} INFO - [2026-01-04T18:16:33.221+0000] {dag.py:3947} INFO - Setting next_dagrun for reference_setup to 2026-01-04 00:00:00+00:00, run_after=2026-01-05 00:00:00+00:00
[2026-01-04T18:16:33.241+0000] {processor.py:183} INFO - Processing /opt/airflow/dags/refrence_setup.py took 0.099 seconds
[2026-01-04T18:17:03.455+0000] {processor.py:161} INFO - Started process (PID=408) to work on /opt/airflow/dags/refrence_setup.py
[2026-01-04T18:17:03.455+0000] {processor.py:830} INFO - Processing file /opt/airflow/dags/refrence_setup.py for tasks to queue
[2026-01-04T18:17:03.457+0000] {logging_mixin.py:188} INFO - [2026-01-04T18:17:03.457+0000] {dagbag.py:545} INFO - Filling up the DagBag from /opt/airflow/dags/refrence_setup.py
[2026-01-04T18:17:03.473+0000] {processor.py:840} INFO - DAG(s) 'reference_setup' retrieved from /opt/airflow/dags/refrence_setup.py
[2026-01-04T18:17:03.502+0000] {logging_mixin.py:188} INFO - [2026-01-04T18:17:03.502+0000] {dag.py:3089} INFO - Sync 1 DAGs
[2026-01-04T18:17:03.524+0000] {logging_mixin.py:188} INFO - [2026-01-04T18:17:03.524+0000] {dag.py:3947} INFO - Setting next_dagrun for reference_setup to 2026-01-04 00:00:00+00:00, run_after=2026-01-05 00:00:00+00:00
[2026-01-04T18:17:03.541+0000] {processor.py:183} INFO - Processing /opt/airflow/dags/refrence_setup.py took 0.092 seconds
[2026-01-04T18:17:33.798+0000] {processor.py:161} INFO - Started process (PID=418) to work on /opt/airflow/dags/refrence_setup.py
[2026-01-04T18:17:33.799+0000] {processor.py:830} INFO - Processing file /opt/airflow/dags/refrence_setup.py for tasks to queue
[2026-01-04T18:17:33.800+0000] {logging_mixin.py:188} INFO - [2026-01-04T18:17:33.800+0000] {dagbag.py:545} INFO - Filling up the DagBag from /opt/airflow/dags/refrence_setup.py
[2026-01-04T18:17:33.817+0000] {processor.py:840} INFO - DAG(s) 'reference_setup' retrieved from /opt/airflow/dags/refrence_setup.py
[2026-01-04T18:17:33.849+0000] {logging_mixin.py:188} INFO - [2026-01-04T18:17:33.848+0000] {dag.py:3089} INFO - Sync 1 DAGs
[2026-01-04T18:17:33.871+0000] {logging_mixin.py:188} INFO - [2026-01-04T18:17:33.871+0000] {dag.py:3947} INFO - Setting next_dagrun for reference_setup to 2026-01-04 00:00:00+00:00, run_after=2026-01-05 00:00:00+00:00
[2026-01-04T18:17:33.887+0000] {processor.py:183} INFO - Processing /opt/airflow/dags/refrence_setup.py took 0.094 seconds
[2026-01-04T18:18:04.113+0000] {processor.py:161} INFO - Started process (PID=428) to work on /opt/airflow/dags/refrence_setup.py
[2026-01-04T18:18:04.114+0000] {processor.py:830} INFO - Processing file /opt/airflow/dags/refrence_setup.py for tasks to queue
[2026-01-04T18:18:04.116+0000] {logging_mixin.py:188} INFO - [2026-01-04T18:18:04.116+0000] {dagbag.py:545} INFO - Filling up the DagBag from /opt/airflow/dags/refrence_setup.py
[2026-01-04T18:18:04.137+0000] {processor.py:840} INFO - DAG(s) 'reference_setup' retrieved from /opt/airflow/dags/refrence_setup.py
[2026-01-04T18:18:04.181+0000] {logging_mixin.py:188} INFO - [2026-01-04T18:18:04.180+0000] {dag.py:3089} INFO - Sync 1 DAGs
[2026-01-04T18:18:04.206+0000] {logging_mixin.py:188} INFO - [2026-01-04T18:18:04.205+0000] {dag.py:3947} INFO - Setting next_dagrun for reference_setup to 2026-01-04 00:00:00+00:00, run_after=2026-01-05 00:00:00+00:00
[2026-01-04T18:18:04.223+0000] {processor.py:183} INFO - Processing /opt/airflow/dags/refrence_setup.py took 0.118 seconds
[2026-01-04T18:18:34.447+0000] {processor.py:161} INFO - Started process (PID=438) to work on /opt/airflow/dags/refrence_setup.py
[2026-01-04T18:18:34.447+0000] {processor.py:830} INFO - Processing file /opt/airflow/dags/refrence_setup.py for tasks to queue
[2026-01-04T18:18:34.449+0000] {logging_mixin.py:188} INFO - [2026-01-04T18:18:34.449+0000] {dagbag.py:545} INFO - Filling up the DagBag from /opt/airflow/dags/refrence_setup.py
[2026-01-04T18:18:34.469+0000] {processor.py:840} INFO - DAG(s) 'reference_setup' retrieved from /opt/airflow/dags/refrence_setup.py
[2026-01-04T18:18:34.505+0000] {logging_mixin.py:188} INFO - [2026-01-04T18:18:34.504+0000] {dag.py:3089} INFO - Sync 1 DAGs
[2026-01-04T18:18:34.530+0000] {logging_mixin.py:188} INFO - [2026-01-04T18:18:34.530+0000] {dag.py:3947} INFO - Setting next_dagrun for reference_setup to 2026-01-04 00:00:00+00:00, run_after=2026-01-05 00:00:00+00:00
[2026-01-04T18:18:34.555+0000] {processor.py:183} INFO - Processing /opt/airflow/dags/refrence_setup.py took 0.115 seconds
