[2025-12-29T03:39:02.243+0000] {local_task_job_runner.py:120} INFO - ::group::Pre task execution logs
[2025-12-29T03:39:02.423+0000] {taskinstance.py:2076} INFO - Dependencies all met for dep_context=non-requeueable deps ti=<TaskInstance: reference_setup.ingest_reference_data.ingest_stations manual__2025-12-29T03:39:01.292030+00:00 [queued]>
[2025-12-29T03:39:02.432+0000] {taskinstance.py:2076} INFO - Dependencies all met for dep_context=requeueable deps ti=<TaskInstance: reference_setup.ingest_reference_data.ingest_stations manual__2025-12-29T03:39:01.292030+00:00 [queued]>
[2025-12-29T03:39:02.433+0000] {taskinstance.py:2306} INFO - Starting attempt 1 of 1
[2025-12-29T03:39:02.446+0000] {taskinstance.py:2330} INFO - Executing <Task(DockerOperator): ingest_reference_data.ingest_stations> on 2025-12-29 03:39:01.292030+00:00
[2025-12-29T03:39:02.453+0000] {standard_task_runner.py:64} INFO - Started process 201 to run task
[2025-12-29T03:39:02.455+0000] {standard_task_runner.py:90} INFO - Running: ['***', 'tasks', 'run', 'reference_setup', 'ingest_reference_data.ingest_stations', 'manual__2025-12-29T03:39:01.292030+00:00', '--job-id', '9', '--raw', '--subdir', 'DAGS_FOLDER/refrence_setup.py', '--cfg-path', '/tmp/tmp8umjyy13']
[2025-12-29T03:39:02.457+0000] {standard_task_runner.py:91} INFO - Job 9: Subtask ingest_reference_data.ingest_stations
[2025-12-29T03:39:02.504+0000] {task_command.py:426} INFO - Running <TaskInstance: reference_setup.ingest_reference_data.ingest_stations manual__2025-12-29T03:39:01.292030+00:00 [running]> on host 58c791c417b3
[2025-12-29T03:39:02.582+0000] {taskinstance.py:2648} INFO - Exporting env vars: AIRFLOW_CTX_DAG_OWNER='***' AIRFLOW_CTX_DAG_ID='reference_setup' AIRFLOW_CTX_TASK_ID='ingest_reference_data.ingest_stations' AIRFLOW_CTX_EXECUTION_DATE='2025-12-29T03:39:01.292030+00:00' AIRFLOW_CTX_TRY_NUMBER='1' AIRFLOW_CTX_DAG_RUN_ID='manual__2025-12-29T03:39:01.292030+00:00'
[2025-12-29T03:39:02.583+0000] {taskinstance.py:430} INFO - ::endgroup::
[2025-12-29T03:39:02.636+0000] {docker.py:367} INFO - Starting docker container from image weather-ingestion:latest
[2025-12-29T03:39:03.380+0000] {docker.py:438} INFO - 2025-12-29 03:39:03,379 - INFO - Calling Station API
[2025-12-29T03:39:03.569+0000] {docker.py:438} INFO - 2025-12-29 03:39:03,567 - INFO - Connecting with db
[2025-12-29T03:39:03.591+0000] {docker.py:438} INFO - 2025-12-29 03:39:03,590 - INFO - data inserted into db
[2025-12-29T03:39:04.053+0000] {taskinstance.py:441} INFO - ::group::Post task execution logs
[2025-12-29T03:39:04.078+0000] {taskinstance.py:1206} INFO - Marking task as SUCCESS. dag_id=reference_setup, task_id=ingest_reference_data.ingest_stations, run_id=manual__2025-12-29T03:39:01.292030+00:00, execution_date=20251229T033901, start_date=20251229T033902, end_date=20251229T033904
[2025-12-29T03:39:04.113+0000] {local_task_job_runner.py:243} INFO - Task exited with return code 0
[2025-12-29T03:39:04.137+0000] {taskinstance.py:3503} INFO - 0 downstream tasks scheduled from follow-on schedule check
[2025-12-29T03:39:04.139+0000] {local_task_job_runner.py:222} INFO - ::endgroup::
