[2025-12-29T05:15:06.330+0000] {local_task_job_runner.py:120} INFO - ::group::Pre task execution logs
[2025-12-29T05:15:06.538+0000] {taskinstance.py:2076} INFO - Dependencies all met for dep_context=non-requeueable deps ti=<TaskInstance: weather_hourly.dbt_weather_models scheduled__2025-12-29T04:15:00+00:00 [queued]>
[2025-12-29T05:15:06.547+0000] {taskinstance.py:2076} INFO - Dependencies all met for dep_context=requeueable deps ti=<TaskInstance: weather_hourly.dbt_weather_models scheduled__2025-12-29T04:15:00+00:00 [queued]>
[2025-12-29T05:15:06.548+0000] {taskinstance.py:2306} INFO - Starting attempt 1 of 1
[2025-12-29T05:15:06.560+0000] {taskinstance.py:2330} INFO - Executing <Task(DockerOperator): dbt_weather_models> on 2025-12-29 04:15:00+00:00
[2025-12-29T05:15:06.567+0000] {standard_task_runner.py:64} INFO - Started process 1872 to run task
[2025-12-29T05:15:06.569+0000] {standard_task_runner.py:90} INFO - Running: ['***', 'tasks', 'run', 'weather_hourly', 'dbt_weather_models', 'scheduled__2025-12-29T04:15:00+00:00', '--job-id', '33', '--raw', '--subdir', 'DAGS_FOLDER/weather_hourly.py', '--cfg-path', '/tmp/tmp6y_5baws']
[2025-12-29T05:15:06.571+0000] {standard_task_runner.py:91} INFO - Job 33: Subtask dbt_weather_models
[2025-12-29T05:15:06.618+0000] {task_command.py:426} INFO - Running <TaskInstance: weather_hourly.dbt_weather_models scheduled__2025-12-29T04:15:00+00:00 [running]> on host a89c93f0f8bf
[2025-12-29T05:15:06.698+0000] {taskinstance.py:2648} INFO - Exporting env vars: AIRFLOW_CTX_DAG_OWNER='***' AIRFLOW_CTX_DAG_ID='weather_hourly' AIRFLOW_CTX_TASK_ID='dbt_weather_models' AIRFLOW_CTX_EXECUTION_DATE='2025-12-29T04:15:00+00:00' AIRFLOW_CTX_TRY_NUMBER='1' AIRFLOW_CTX_DAG_RUN_ID='scheduled__2025-12-29T04:15:00+00:00'
[2025-12-29T05:15:06.699+0000] {taskinstance.py:430} INFO - ::endgroup::
[2025-12-29T05:15:06.732+0000] {docker.py:367} INFO - Starting docker container from image ghcr.io/dbt-labs/dbt-postgres:1.8.2
[2025-12-29T05:15:08.640+0000] {docker.py:438} INFO - [0m05:15:08  Running with dbt=1.8.3
[2025-12-29T05:15:08.841+0000] {docker.py:438} INFO - [0m05:15:08  Registered adapter: postgres=1.8.2
[2025-12-29T05:15:09.425+0000] {docker.py:438} INFO - [0m05:15:09  [[33mWARNING[0m]: Configuration paths exist in your dbt_project.yml file which do not apply to any resources.
[2025-12-29T05:15:09.425+0000] {docker.py:438} INFO - There are 1 unused configuration paths:
[2025-12-29T05:15:09.426+0000] {docker.py:438} INFO - - models.dbt_project.final
[2025-12-29T05:15:09.538+0000] {docker.py:438} INFO - [0m05:15:09  Found 12 models, 4 data tests, 415 macros
[2025-12-29T05:15:09.541+0000] {docker.py:438} INFO - [0m05:15:09
[2025-12-29T05:15:09.750+0000] {docker.py:438} INFO - [0m05:15:09  Concurrency: 1 threads (target='dev')
[2025-12-29T05:15:09.750+0000] {docker.py:438} INFO - [0m05:15:09
[2025-12-29T05:15:09.762+0000] {docker.py:438} INFO - [0m05:15:09  1 of 4 START sql view model dev_staging.stg_current_weather_observations ....... [RUN]
[2025-12-29T05:15:09.913+0000] {docker.py:438} INFO - [0m05:15:09  1 of 4 OK created sql view model dev_staging.stg_current_weather_observations .. [[32mCREATE VIEW[0m in 0.15s]
[2025-12-29T05:15:09.915+0000] {docker.py:438} INFO - [0m05:15:09  2 of 4 START sql view model dev_staging.stg_forecast_weather ................... [RUN]
[2025-12-29T05:15:09.956+0000] {docker.py:438} INFO - [0m05:15:09  2 of 4 ERROR creating sql view model dev_staging.stg_forecast_weather .......... [[31mERROR[0m in 0.04s]
[2025-12-29T05:15:09.959+0000] {docker.py:438} INFO - [0m05:15:09  3 of 4 START sql view model dev_intermediate.int_latest_current_weather_observations  [RUN]
[2025-12-29T05:15:10.011+0000] {docker.py:438} INFO - [0m05:15:10  3 of 4 ERROR creating sql view model dev_intermediate.int_latest_current_weather_observations  [[31mERROR[0m in 0.05s]
[2025-12-29T05:15:10.015+0000] {docker.py:438} INFO - [0m05:15:10  4 of 4 SKIP relation dev_intermediate.int_forecast_weather_scd2 ................ [[33mSKIP[0m]
[2025-12-29T05:15:10.038+0000] {docker.py:438} INFO - [0m05:15:10
[2025-12-29T05:15:10.039+0000] {docker.py:438} INFO - [0m05:15:10  Finished running 3 view models, 1 incremental model in 0 hours 0 minutes and 0.50 seconds (0.50s).
[2025-12-29T05:15:10.169+0000] {docker.py:438} INFO - [0m05:15:10
[2025-12-29T05:15:10.170+0000] {docker.py:438} INFO - [0m05:15:10  [31mCompleted with 2 errors and 0 warnings:[0m
[2025-12-29T05:15:10.170+0000] {docker.py:438} INFO - [0m05:15:10
[2025-12-29T05:15:10.171+0000] {docker.py:438} INFO - [0m05:15:10    Database Error in model stg_forecast_weather (models/staging/stg_forecast_weather.sql)
[2025-12-29T05:15:10.171+0000] {docker.py:438} INFO -   function inserted_at(boolean) does not exist
[2025-12-29T05:15:10.172+0000] {docker.py:438} INFO -   LINE 38:     inserted_at
[2025-12-29T05:15:10.172+0000] {docker.py:438} INFO -                ^
[2025-12-29T05:15:10.172+0000] {docker.py:438} INFO -   HINT:  No function matches the given name and argument types. You might need to add explicit type casts.
[2025-12-29T05:15:10.173+0000] {docker.py:438} INFO -   compiled Code at target/run/dbt_project/models/staging/stg_forecast_weather.sql
[2025-12-29T05:15:10.173+0000] {docker.py:438} INFO - [0m05:15:10
[2025-12-29T05:15:10.173+0000] {docker.py:438} INFO - [0m05:15:10    Database Error in model int_latest_current_weather_observations (models/intermediate/int_latest_current_weather_observations.sql)
[2025-12-29T05:15:10.173+0000] {docker.py:438} INFO -   column "source_id" does not exist
[2025-12-29T05:15:10.174+0000] {docker.py:438} INFO -   LINE 13:         source_id,
[2025-12-29T05:15:10.174+0000] {docker.py:438} INFO -                    ^
[2025-12-29T05:15:10.174+0000] {docker.py:438} INFO -   compiled Code at target/run/dbt_project/models/intermediate/int_latest_current_weather_observations.sql
[2025-12-29T05:15:10.174+0000] {docker.py:438} INFO - [0m05:15:10
[2025-12-29T05:15:10.175+0000] {docker.py:438} INFO - [0m05:15:10  Done. PASS=1 WARN=0 ERROR=2 SKIP=1 TOTAL=4
[2025-12-29T05:15:11.341+0000] {taskinstance.py:441} INFO - ::group::Post task execution logs
[2025-12-29T05:15:11.351+0000] {taskinstance.py:2905} ERROR - Task failed with exception
Traceback (most recent call last):
  File "/home/airflow/.local/lib/python3.11/site-packages/airflow/models/taskinstance.py", line 465, in _execute_task
    result = _execute_callable(context=context, **execute_callable_kwargs)
             ^^^^^^^^^^^^^^^^^^^^^^^^^^^^^^^^^^^^^^^^^^^^^^^^^^^^^^^^^^^^^
  File "/home/airflow/.local/lib/python3.11/site-packages/airflow/models/taskinstance.py", line 432, in _execute_callable
    return execute_callable(context=context, **execute_callable_kwargs)
           ^^^^^^^^^^^^^^^^^^^^^^^^^^^^^^^^^^^^^^^^^^^^^^^^^^^^^^^^^^^^
  File "/home/airflow/.local/lib/python3.11/site-packages/airflow/models/baseoperator.py", line 401, in wrapper
    return func(self, *args, **kwargs)
           ^^^^^^^^^^^^^^^^^^^^^^^^^^^
  File "/home/airflow/.local/lib/python3.11/site-packages/airflow/providers/docker/operators/docker.py", line 513, in execute
    return self._run_image()
           ^^^^^^^^^^^^^^^^^
  File "/home/airflow/.local/lib/python3.11/site-packages/airflow/providers/docker/operators/docker.py", line 384, in _run_image
    return self._run_image_with_mounts(self.mounts, add_tmp_variable=False)
           ^^^^^^^^^^^^^^^^^^^^^^^^^^^^^^^^^^^^^^^^^^^^^^^^^^^^^^^^^^^^^^^^
  File "/home/airflow/.local/lib/python3.11/site-packages/airflow/providers/docker/operators/docker.py", line 446, in _run_image_with_mounts
    raise DockerContainerFailedException(f"Docker container failed: {result!r}", logs=log_lines)
airflow.providers.docker.exceptions.DockerContainerFailedException: Docker container failed: {'StatusCode': 1}
[2025-12-29T05:15:11.355+0000] {taskinstance.py:1206} INFO - Marking task as FAILED. dag_id=weather_hourly, task_id=dbt_weather_models, run_id=scheduled__2025-12-29T04:15:00+00:00, execution_date=20251229T041500, start_date=20251229T051506, end_date=20251229T051511
[2025-12-29T05:15:11.365+0000] {standard_task_runner.py:110} ERROR - Failed to execute job 33 for task dbt_weather_models (Docker container failed: {'StatusCode': 1}; 1872)
[2025-12-29T05:15:11.401+0000] {local_task_job_runner.py:243} INFO - Task exited with return code 1
[2025-12-29T05:15:11.419+0000] {taskinstance.py:3503} INFO - 0 downstream tasks scheduled from follow-on schedule check
[2025-12-29T05:15:11.421+0000] {local_task_job_runner.py:222} INFO - ::endgroup::
