[2026-01-04T16:48:01.140+0000] {local_task_job_runner.py:120} INFO - ::group::Pre task execution logs
[2026-01-04T16:48:01.174+0000] {taskinstance.py:2076} INFO - Dependencies all met for dep_context=non-requeueable deps ti=<TaskInstance: reference_setup.ingest_reference_data.ingest_stations scheduled__2026-01-03T00:00:00+00:00 [queued]>
[2026-01-04T16:48:01.185+0000] {taskinstance.py:2076} INFO - Dependencies all met for dep_context=requeueable deps ti=<TaskInstance: reference_setup.ingest_reference_data.ingest_stations scheduled__2026-01-03T00:00:00+00:00 [queued]>
[2026-01-04T16:48:01.186+0000] {taskinstance.py:2306} INFO - Starting attempt 1 of 1
[2026-01-04T16:48:01.204+0000] {taskinstance.py:2330} INFO - Executing <Task(DockerOperator): ingest_reference_data.ingest_stations> on 2026-01-03 00:00:00+00:00
[2026-01-04T16:48:01.213+0000] {standard_task_runner.py:64} INFO - Started process 1084 to run task
[2026-01-04T16:48:01.216+0000] {standard_task_runner.py:90} INFO - Running: ['***', 'tasks', 'run', 'reference_setup', 'ingest_reference_data.ingest_stations', 'scheduled__2026-01-03T00:00:00+00:00', '--job-id', '24', '--raw', '--subdir', 'DAGS_FOLDER/refrence_setup.py', '--cfg-path', '/tmp/tmpyb5j8nf_']
[2026-01-04T16:48:01.218+0000] {standard_task_runner.py:91} INFO - Job 24: Subtask ingest_reference_data.ingest_stations
[2026-01-04T16:48:01.275+0000] {task_command.py:426} INFO - Running <TaskInstance: reference_setup.ingest_reference_data.ingest_stations scheduled__2026-01-03T00:00:00+00:00 [running]> on host a6fd50e4079d
[2026-01-04T16:48:01.375+0000] {taskinstance.py:2648} INFO - Exporting env vars: AIRFLOW_CTX_DAG_OWNER='***' AIRFLOW_CTX_DAG_ID='reference_setup' AIRFLOW_CTX_TASK_ID='ingest_reference_data.ingest_stations' AIRFLOW_CTX_EXECUTION_DATE='2026-01-03T00:00:00+00:00' AIRFLOW_CTX_TRY_NUMBER='1' AIRFLOW_CTX_DAG_RUN_ID='scheduled__2026-01-03T00:00:00+00:00'
[2026-01-04T16:48:01.376+0000] {taskinstance.py:430} INFO - ::endgroup::
[2026-01-04T16:48:01.418+0000] {docker.py:367} INFO - Starting docker container from image weather-ingestion:latest
[2026-01-04T16:48:02.358+0000] {docker.py:438} INFO - 2026-01-04 16:48:02,356 - INFO - Calling Station API
[2026-01-04T16:48:02.595+0000] {docker.py:438} INFO - 2026-01-04 16:48:02,593 - INFO - Connecting with db
[2026-01-04T16:48:02.616+0000] {docker.py:438} INFO - 2026-01-04 16:48:02,615 - INFO - data inserted into db
[2026-01-04T16:48:03.145+0000] {taskinstance.py:441} INFO - ::group::Post task execution logs
[2026-01-04T16:48:03.193+0000] {taskinstance.py:1206} INFO - Marking task as SUCCESS. dag_id=reference_setup, task_id=ingest_reference_data.ingest_stations, run_id=scheduled__2026-01-03T00:00:00+00:00, execution_date=20260103T000000, start_date=20260104T164801, end_date=20260104T164803
[2026-01-04T16:48:03.238+0000] {local_task_job_runner.py:243} INFO - Task exited with return code 0
[2026-01-04T16:48:03.279+0000] {taskinstance.py:3503} INFO - 0 downstream tasks scheduled from follow-on schedule check
[2026-01-04T16:48:03.282+0000] {local_task_job_runner.py:222} INFO - ::endgroup::
