[2025-12-30T17:16:41.821+0000] {local_task_job_runner.py:120} INFO - ::group::Pre task execution logs
[2025-12-30T17:16:41.873+0000] {taskinstance.py:2076} INFO - Dependencies all met for dep_context=non-requeueable deps ti=<TaskInstance: weather_hourly.wait_for_reference_setup scheduled__2025-12-30T16:15:00+00:00 [queued]>
[2025-12-30T17:16:41.890+0000] {taskinstance.py:2076} INFO - Dependencies all met for dep_context=requeueable deps ti=<TaskInstance: weather_hourly.wait_for_reference_setup scheduled__2025-12-30T16:15:00+00:00 [queued]>
[2025-12-30T17:16:41.891+0000] {taskinstance.py:2306} INFO - Starting attempt 1 of 1
[2025-12-30T17:16:41.919+0000] {taskinstance.py:2330} INFO - Executing <Task(PythonSensor): wait_for_reference_setup> on 2025-12-30 16:15:00+00:00
[2025-12-30T17:16:41.932+0000] {standard_task_runner.py:64} INFO - Started process 204 to run task
[2025-12-30T17:16:41.941+0000] {standard_task_runner.py:90} INFO - Running: ['***', 'tasks', 'run', 'weather_hourly', 'wait_for_reference_setup', 'scheduled__2025-12-30T16:15:00+00:00', '--job-id', '2', '--raw', '--subdir', 'DAGS_FOLDER/weather_hourly.py', '--cfg-path', '/tmp/tmppkdlsn4w']
[2025-12-30T17:16:41.951+0000] {standard_task_runner.py:91} INFO - Job 2: Subtask wait_for_reference_setup
[2025-12-30T17:16:42.061+0000] {task_command.py:426} INFO - Running <TaskInstance: weather_hourly.wait_for_reference_setup scheduled__2025-12-30T16:15:00+00:00 [running]> on host a6fd50e4079d
[2025-12-30T17:16:42.242+0000] {taskinstance.py:2648} INFO - Exporting env vars: AIRFLOW_CTX_DAG_OWNER='***' AIRFLOW_CTX_DAG_ID='weather_hourly' AIRFLOW_CTX_TASK_ID='wait_for_reference_setup' AIRFLOW_CTX_EXECUTION_DATE='2025-12-30T16:15:00+00:00' AIRFLOW_CTX_TRY_NUMBER='1' AIRFLOW_CTX_DAG_RUN_ID='scheduled__2025-12-30T16:15:00+00:00'
[2025-12-30T17:16:42.243+0000] {taskinstance.py:430} INFO - ::endgroup::
[2025-12-30T17:16:42.294+0000] {python.py:75} INFO - Poking callable: <function reference_is_ready at 0x7f8898fb4a40>
[2025-12-30T17:16:42.311+0000] {taskinstance.py:441} INFO - ::group::Post task execution logs
[2025-12-30T17:16:42.364+0000] {taskinstance.py:2865} INFO - Rescheduling task, marking task as UP_FOR_RESCHEDULE
[2025-12-30T17:16:42.400+0000] {local_task_job_runner.py:243} INFO - Task exited with return code 0
[2025-12-30T17:16:42.454+0000] {taskinstance.py:3503} INFO - 0 downstream tasks scheduled from follow-on schedule check
[2025-12-30T17:16:42.458+0000] {local_task_job_runner.py:222} INFO - ::endgroup::
[2025-12-30T17:17:43.278+0000] {local_task_job_runner.py:120} INFO - ::group::Pre task execution logs
[2025-12-30T17:17:43.499+0000] {taskinstance.py:2076} INFO - Dependencies all met for dep_context=non-requeueable deps ti=<TaskInstance: weather_hourly.wait_for_reference_setup scheduled__2025-12-30T16:15:00+00:00 [queued]>
[2025-12-30T17:17:43.511+0000] {taskinstance.py:2076} INFO - Dependencies all met for dep_context=requeueable deps ti=<TaskInstance: weather_hourly.wait_for_reference_setup scheduled__2025-12-30T16:15:00+00:00 [queued]>
[2025-12-30T17:17:43.512+0000] {taskinstance.py:2306} INFO - Starting attempt 1 of 1
[2025-12-30T17:17:43.558+0000] {taskinstance.py:2330} INFO - Executing <Task(PythonSensor): wait_for_reference_setup> on 2025-12-30 16:15:00+00:00
[2025-12-30T17:17:43.567+0000] {standard_task_runner.py:64} INFO - Started process 230 to run task
[2025-12-30T17:17:43.570+0000] {standard_task_runner.py:90} INFO - Running: ['***', 'tasks', 'run', 'weather_hourly', 'wait_for_reference_setup', 'scheduled__2025-12-30T16:15:00+00:00', '--job-id', '7', '--raw', '--subdir', 'DAGS_FOLDER/weather_hourly.py', '--cfg-path', '/tmp/tmpzpf4gdv7']
[2025-12-30T17:17:43.573+0000] {standard_task_runner.py:91} INFO - Job 7: Subtask wait_for_reference_setup
[2025-12-30T17:17:43.642+0000] {task_command.py:426} INFO - Running <TaskInstance: weather_hourly.wait_for_reference_setup scheduled__2025-12-30T16:15:00+00:00 [running]> on host a6fd50e4079d
[2025-12-30T17:17:43.766+0000] {taskinstance.py:2648} INFO - Exporting env vars: AIRFLOW_CTX_DAG_OWNER='***' AIRFLOW_CTX_DAG_ID='weather_hourly' AIRFLOW_CTX_TASK_ID='wait_for_reference_setup' AIRFLOW_CTX_EXECUTION_DATE='2025-12-30T16:15:00+00:00' AIRFLOW_CTX_TRY_NUMBER='1' AIRFLOW_CTX_DAG_RUN_ID='scheduled__2025-12-30T16:15:00+00:00'
[2025-12-30T17:17:43.768+0000] {taskinstance.py:430} INFO - ::endgroup::
[2025-12-30T17:17:43.800+0000] {python.py:75} INFO - Poking callable: <function reference_is_ready at 0x7f8898fb4a40>
[2025-12-30T17:17:43.812+0000] {base.py:294} INFO - Success criteria met. Exiting.
[2025-12-30T17:17:43.813+0000] {taskinstance.py:441} INFO - ::group::Post task execution logs
[2025-12-30T17:17:43.828+0000] {taskinstance.py:1206} INFO - Marking task as SUCCESS. dag_id=weather_hourly, task_id=wait_for_reference_setup, run_id=scheduled__2025-12-30T16:15:00+00:00, execution_date=20251230T161500, start_date=20251230T171743, end_date=20251230T171743
[2025-12-30T17:17:43.906+0000] {local_task_job_runner.py:243} INFO - Task exited with return code 0
[2025-12-30T17:17:43.968+0000] {taskinstance.py:3503} INFO - 2 downstream tasks scheduled from follow-on schedule check
[2025-12-30T17:17:43.973+0000] {local_task_job_runner.py:222} INFO - ::endgroup::
