[2025-12-29T03:39:34.426+0000] {local_task_job_runner.py:120} INFO - ::group::Pre task execution logs
[2025-12-29T03:39:34.600+0000] {taskinstance.py:2076} INFO - Dependencies all met for dep_context=non-requeueable deps ti=<TaskInstance: weather_hourly.wait_for_reference_setup manual__2025-12-29T03:39:33.999296+00:00 [queued]>
[2025-12-29T03:39:34.607+0000] {taskinstance.py:2076} INFO - Dependencies all met for dep_context=requeueable deps ti=<TaskInstance: weather_hourly.wait_for_reference_setup manual__2025-12-29T03:39:33.999296+00:00 [queued]>
[2025-12-29T03:39:34.608+0000] {taskinstance.py:2306} INFO - Starting attempt 1 of 1
[2025-12-29T03:39:34.619+0000] {taskinstance.py:2330} INFO - Executing <Task(PythonSensor): wait_for_reference_setup> on 2025-12-29 03:39:33.999296+00:00
[2025-12-29T03:39:34.626+0000] {standard_task_runner.py:64} INFO - Started process 218 to run task
[2025-12-29T03:39:34.628+0000] {standard_task_runner.py:90} INFO - Running: ['***', 'tasks', 'run', 'weather_hourly', 'wait_for_reference_setup', 'manual__2025-12-29T03:39:33.999296+00:00', '--job-id', '13', '--raw', '--subdir', 'DAGS_FOLDER/weather_hourly.py', '--cfg-path', '/tmp/tmpk4wd6obz']
[2025-12-29T03:39:34.630+0000] {standard_task_runner.py:91} INFO - Job 13: Subtask wait_for_reference_setup
[2025-12-29T03:39:34.676+0000] {task_command.py:426} INFO - Running <TaskInstance: weather_hourly.wait_for_reference_setup manual__2025-12-29T03:39:33.999296+00:00 [running]> on host 58c791c417b3
[2025-12-29T03:39:34.749+0000] {taskinstance.py:2648} INFO - Exporting env vars: AIRFLOW_CTX_DAG_OWNER='***' AIRFLOW_CTX_DAG_ID='weather_hourly' AIRFLOW_CTX_TASK_ID='wait_for_reference_setup' AIRFLOW_CTX_EXECUTION_DATE='2025-12-29T03:39:33.999296+00:00' AIRFLOW_CTX_TRY_NUMBER='1' AIRFLOW_CTX_DAG_RUN_ID='manual__2025-12-29T03:39:33.999296+00:00'
[2025-12-29T03:39:34.750+0000] {taskinstance.py:430} INFO - ::endgroup::
[2025-12-29T03:39:34.771+0000] {python.py:75} INFO - Poking callable: <function reference_is_ready at 0x7f69bd13a0c0>
[2025-12-29T03:39:34.771+0000] {taskinstance.py:441} INFO - ::group::Post task execution logs
[2025-12-29T03:39:34.772+0000] {taskinstance.py:2905} ERROR - Task failed with exception
Traceback (most recent call last):
  File "/home/airflow/.local/lib/python3.11/site-packages/airflow/models/taskinstance.py", line 465, in _execute_task
    result = _execute_callable(context=context, **execute_callable_kwargs)
             ^^^^^^^^^^^^^^^^^^^^^^^^^^^^^^^^^^^^^^^^^^^^^^^^^^^^^^^^^^^^^
  File "/home/airflow/.local/lib/python3.11/site-packages/airflow/models/taskinstance.py", line 432, in _execute_callable
    return execute_callable(context=context, **execute_callable_kwargs)
           ^^^^^^^^^^^^^^^^^^^^^^^^^^^^^^^^^^^^^^^^^^^^^^^^^^^^^^^^^^^^
  File "/home/airflow/.local/lib/python3.11/site-packages/airflow/models/baseoperator.py", line 401, in wrapper
    return func(self, *args, **kwargs)
           ^^^^^^^^^^^^^^^^^^^^^^^^^^^
  File "/home/airflow/.local/lib/python3.11/site-packages/airflow/sensors/base.py", line 264, in execute
    raise e
  File "/home/airflow/.local/lib/python3.11/site-packages/airflow/sensors/base.py", line 246, in execute
    poke_return = self.poke(context)
                  ^^^^^^^^^^^^^^^^^^
  File "/home/airflow/.local/lib/python3.11/site-packages/airflow/sensors/python.py", line 76, in poke
    return_value = self.python_callable(*self.op_args, **self.op_kwargs)
                   ^^^^^^^^^^^^^^^^^^^^^^^^^^^^^^^^^^^^^^^^^^^^^^^^^^^^^
  File "/opt/airflow/dags/weather_hourly.py", line 61, in reference_is_ready
    return Variable.get("REFERENCE_READY", default_var="false").lower() == "true"
           ^^^^^^^^
NameError: name 'Variable' is not defined
[2025-12-29T03:39:34.782+0000] {taskinstance.py:1206} INFO - Marking task as FAILED. dag_id=weather_hourly, task_id=wait_for_reference_setup, run_id=manual__2025-12-29T03:39:33.999296+00:00, execution_date=20251229T033933, start_date=20251229T033934, end_date=20251229T033934
[2025-12-29T03:39:34.792+0000] {standard_task_runner.py:110} ERROR - Failed to execute job 13 for task wait_for_reference_setup (name 'Variable' is not defined; 218)
[2025-12-29T03:39:34.801+0000] {local_task_job_runner.py:243} INFO - Task exited with return code 1
[2025-12-29T03:39:34.826+0000] {taskinstance.py:3503} INFO - 0 downstream tasks scheduled from follow-on schedule check
[2025-12-29T03:39:34.831+0000] {local_task_job_runner.py:222} INFO - ::endgroup::
