[2026-01-04T16:47:27.120+0000] {local_task_job_runner.py:120} INFO - ::group::Pre task execution logs
[2026-01-04T16:47:27.234+0000] {taskinstance.py:2076} INFO - Dependencies all met for dep_context=non-requeueable deps ti=<TaskInstance: weather_hourly.dbt_weather_models scheduled__2025-12-30T17:15:00+00:00 [queued]>
[2026-01-04T16:47:27.278+0000] {taskinstance.py:2076} INFO - Dependencies all met for dep_context=requeueable deps ti=<TaskInstance: weather_hourly.dbt_weather_models scheduled__2025-12-30T17:15:00+00:00 [queued]>
[2026-01-04T16:47:27.280+0000] {taskinstance.py:2306} INFO - Starting attempt 1 of 1
[2026-01-04T16:47:27.345+0000] {taskinstance.py:2330} INFO - Executing <Task(DockerOperator): dbt_weather_models> on 2025-12-30 17:15:00+00:00
[2026-01-04T16:47:27.374+0000] {standard_task_runner.py:64} INFO - Started process 1058 to run task
[2026-01-04T16:47:27.378+0000] {standard_task_runner.py:90} INFO - Running: ['***', 'tasks', 'run', 'weather_hourly', 'dbt_weather_models', 'scheduled__2025-12-30T17:15:00+00:00', '--job-id', '16', '--raw', '--subdir', 'DAGS_FOLDER/weather_hourly.py', '--cfg-path', '/tmp/tmpvh0xcj4j']
[2026-01-04T16:47:27.381+0000] {standard_task_runner.py:91} INFO - Job 16: Subtask dbt_weather_models
[2026-01-04T16:47:27.547+0000] {task_command.py:426} INFO - Running <TaskInstance: weather_hourly.dbt_weather_models scheduled__2025-12-30T17:15:00+00:00 [running]> on host a6fd50e4079d
[2026-01-04T16:47:28.241+0000] {taskinstance.py:2648} INFO - Exporting env vars: AIRFLOW_CTX_DAG_OWNER='***' AIRFLOW_CTX_DAG_ID='weather_hourly' AIRFLOW_CTX_TASK_ID='dbt_weather_models' AIRFLOW_CTX_EXECUTION_DATE='2025-12-30T17:15:00+00:00' AIRFLOW_CTX_TRY_NUMBER='1' AIRFLOW_CTX_DAG_RUN_ID='scheduled__2025-12-30T17:15:00+00:00'
[2026-01-04T16:47:28.280+0000] {taskinstance.py:430} INFO - ::endgroup::
[2026-01-04T16:47:28.461+0000] {docker.py:367} INFO - Starting docker container from image ghcr.io/dbt-labs/dbt-postgres:1.8.2
[2026-01-04T16:47:32.775+0000] {docker.py:438} INFO - [0m16:47:32  Running with dbt=1.8.3
[2026-01-04T16:47:33.181+0000] {docker.py:438} INFO - [0m16:47:33  Registered adapter: postgres=1.8.2
[2026-01-04T16:47:33.881+0000] {docker.py:438} INFO - [0m16:47:33  [[33mWARNING[0m]: Configuration paths exist in your dbt_project.yml file which do not apply to any resources.
[2026-01-04T16:47:33.882+0000] {docker.py:438} INFO - There are 1 unused configuration paths:
[2026-01-04T16:47:33.883+0000] {docker.py:438} INFO - - models.dbt_project.final
[2026-01-04T16:47:34.133+0000] {docker.py:438} INFO - [0m16:47:34  Found 12 models, 4 data tests, 415 macros
[2026-01-04T16:47:34.140+0000] {docker.py:438} INFO - [0m16:47:34
[2026-01-04T16:47:34.532+0000] {docker.py:438} INFO - [0m16:47:34  Concurrency: 1 threads (target='dev')
[2026-01-04T16:47:34.533+0000] {docker.py:438} INFO - [0m16:47:34
[2026-01-04T16:47:34.580+0000] {docker.py:438} INFO - [0m16:47:34  1 of 4 START sql view model dev_staging.stg_current_weather_observations ....... [RUN]
[2026-01-04T16:47:34.882+0000] {docker.py:438} INFO - [0m16:47:34  1 of 4 OK created sql view model dev_staging.stg_current_weather_observations .. [[32mCREATE VIEW[0m in 0.29s]
[2026-01-04T16:47:34.892+0000] {docker.py:438} INFO - [0m16:47:34  2 of 4 START sql view model dev_staging.stg_forecast_weather ................... [RUN]
[2026-01-04T16:47:35.035+0000] {docker.py:438} INFO - [0m16:47:35  2 of 4 OK created sql view model dev_staging.stg_forecast_weather .............. [[32mCREATE VIEW[0m in 0.14s]
[2026-01-04T16:47:35.043+0000] {docker.py:438} INFO - [0m16:47:35  3 of 4 START sql view model dev_intermediate.int_latest_current_weather_observations  [RUN]
[2026-01-04T16:47:35.158+0000] {docker.py:438} INFO - [0m16:47:35  3 of 4 OK created sql view model dev_intermediate.int_latest_current_weather_observations  [[32mCREATE VIEW[0m in 0.11s]
[2026-01-04T16:47:35.164+0000] {docker.py:438} INFO - [0m16:47:35  4 of 4 START sql incremental model dev_intermediate.int_forecast_weather_scd2 .. [RUN]
[2026-01-04T16:47:35.447+0000] {docker.py:438} INFO - [0m16:47:35  4 of 4 OK created sql incremental model dev_intermediate.int_forecast_weather_scd2  [[32mINSERT 0 0[0m in 0.28s]
[2026-01-04T16:47:35.479+0000] {docker.py:438} INFO - [0m16:47:35
[2026-01-04T16:47:35.481+0000] {docker.py:438} INFO - [0m16:47:35  Finished running 3 view models, 1 incremental model in 0 hours 0 minutes and 1.34 seconds (1.34s).
[2026-01-04T16:47:35.570+0000] {docker.py:438} INFO - [0m16:47:35
[2026-01-04T16:47:35.572+0000] {docker.py:438} INFO - [0m16:47:35  [32mCompleted successfully[0m
[2026-01-04T16:47:35.574+0000] {docker.py:438} INFO - [0m16:47:35
[2026-01-04T16:47:35.576+0000] {docker.py:438} INFO - [0m16:47:35  Done. PASS=4 WARN=0 ERROR=0 SKIP=0 TOTAL=4
[2026-01-04T16:47:37.326+0000] {taskinstance.py:441} INFO - ::group::Post task execution logs
[2026-01-04T16:47:37.399+0000] {taskinstance.py:1206} INFO - Marking task as SUCCESS. dag_id=weather_hourly, task_id=dbt_weather_models, run_id=scheduled__2025-12-30T17:15:00+00:00, execution_date=20251230T171500, start_date=20260104T164727, end_date=20260104T164737
[2026-01-04T16:47:37.464+0000] {local_task_job_runner.py:243} INFO - Task exited with return code 0
[2026-01-04T16:47:37.506+0000] {taskinstance.py:3503} INFO - 0 downstream tasks scheduled from follow-on schedule check
[2026-01-04T16:47:37.511+0000] {local_task_job_runner.py:222} INFO - ::endgroup::
