[2026-01-04T16:47:41.583+0000] {local_task_job_runner.py:120} INFO - ::group::Pre task execution logs
[2026-01-04T16:47:41.654+0000] {taskinstance.py:2076} INFO - Dependencies all met for dep_context=non-requeueable deps ti=<TaskInstance: weather_hourly.ingest_weather_data.ingest_observations scheduled__2026-01-04T15:15:00+00:00 [queued]>
[2026-01-04T16:47:41.675+0000] {taskinstance.py:2076} INFO - Dependencies all met for dep_context=requeueable deps ti=<TaskInstance: weather_hourly.ingest_weather_data.ingest_observations scheduled__2026-01-04T15:15:00+00:00 [queued]>
[2026-01-04T16:47:41.678+0000] {taskinstance.py:2306} INFO - Starting attempt 1 of 1
[2026-01-04T16:47:41.705+0000] {taskinstance.py:2330} INFO - Executing <Task(DockerOperator): ingest_weather_data.ingest_observations> on 2026-01-04 15:15:00+00:00
[2026-01-04T16:47:41.730+0000] {standard_task_runner.py:64} INFO - Started process 1074 to run task
[2026-01-04T16:47:41.734+0000] {standard_task_runner.py:90} INFO - Running: ['***', 'tasks', 'run', 'weather_hourly', 'ingest_weather_data.ingest_observations', 'scheduled__2026-01-04T15:15:00+00:00', '--job-id', '19', '--raw', '--subdir', 'DAGS_FOLDER/weather_hourly.py', '--cfg-path', '/tmp/tmpfhtv84p7']
[2026-01-04T16:47:41.741+0000] {standard_task_runner.py:91} INFO - Job 19: Subtask ingest_weather_data.ingest_observations
[2026-01-04T16:47:41.889+0000] {task_command.py:426} INFO - Running <TaskInstance: weather_hourly.ingest_weather_data.ingest_observations scheduled__2026-01-04T15:15:00+00:00 [running]> on host a6fd50e4079d
[2026-01-04T16:47:42.083+0000] {taskinstance.py:2648} INFO - Exporting env vars: AIRFLOW_CTX_DAG_OWNER='***' AIRFLOW_CTX_DAG_ID='weather_hourly' AIRFLOW_CTX_TASK_ID='ingest_weather_data.ingest_observations' AIRFLOW_CTX_EXECUTION_DATE='2026-01-04T15:15:00+00:00' AIRFLOW_CTX_TRY_NUMBER='1' AIRFLOW_CTX_DAG_RUN_ID='scheduled__2026-01-04T15:15:00+00:00'
[2026-01-04T16:47:42.085+0000] {taskinstance.py:430} INFO - ::endgroup::
[2026-01-04T16:47:42.179+0000] {docker.py:367} INFO - Starting docker container from image weather-ingestion:latest
[2026-01-04T16:47:44.358+0000] {docker.py:438} INFO - 2026-01-04 16:47:44,357 - INFO - Connecting with db
[2026-01-04T16:47:44.369+0000] {docker.py:438} INFO - 2026-01-04 16:47:44,368 - INFO - Fetching Berlin's Station list
[2026-01-04T16:47:44.386+0000] {docker.py:438} INFO - 2026-01-04 16:47:44,383 - INFO - Getting Current Weather for Stations 00400
[2026-01-04T16:47:44.550+0000] {docker.py:438} INFO - 2026-01-04 16:47:44,548 - INFO - Getting Current Weather for Stations 00403
[2026-01-04T16:47:44.695+0000] {docker.py:438} INFO - 2026-01-04 16:47:44,693 - INFO - Getting Current Weather for Stations 00410
[2026-01-04T16:47:44.887+0000] {docker.py:438} INFO - 2026-01-04 16:47:44,884 - ERROR - HTTP error occured: 404 Client Error: Not Found for url: https://api.brightsky.dev/current_weather?dwd_station_id=00410
[2026-01-04T16:47:44.888+0000] {docker.py:438} INFO - 2026-01-04 16:47:44,886 - ERROR - Response body: {"detail":"Could not find current weather for your location criteria"}
[2026-01-04T16:47:44.889+0000] {docker.py:438} INFO - 2026-01-04 16:47:44,886 - INFO - Getting Current Weather for Stations 00420
[2026-01-04T16:47:45.068+0000] {docker.py:438} INFO - 2026-01-04 16:47:45,067 - INFO - Getting Current Weather for Stations 00427
[2026-01-04T16:47:45.243+0000] {docker.py:438} INFO - 2026-01-04 16:47:45,241 - INFO - Getting Current Weather for Stations 00430
[2026-01-04T16:47:45.381+0000] {docker.py:438} INFO - 2026-01-04 16:47:45,379 - ERROR - HTTP error occured: 404 Client Error: Not Found for url: https://api.brightsky.dev/current_weather?dwd_station_id=00430
[2026-01-04T16:47:45.382+0000] {docker.py:438} INFO - 2026-01-04 16:47:45,380 - ERROR - Response body: {"detail":"Could not find current weather for your location criteria"}
[2026-01-04T16:47:45.383+0000] {docker.py:438} INFO - 2026-01-04 16:47:45,380 - INFO - Getting Current Weather for Stations 00433
[2026-01-04T16:47:45.530+0000] {docker.py:438} INFO - 2026-01-04 16:47:45,528 - INFO - Connecting with db
[2026-01-04T16:47:45.543+0000] {docker.py:438} INFO - 2026-01-04 16:47:45,541 - ERROR - db error : relation "raw.weather_observations" does not exist
[2026-01-04T16:47:45.545+0000] {docker.py:438} INFO - LINE 2:         INSERT INTO raw.weather_observations (
[2026-01-04T16:47:45.546+0000] {docker.py:438} INFO -                             ^
[2026-01-04T16:47:46.321+0000] {taskinstance.py:441} INFO - ::group::Post task execution logs
[2026-01-04T16:47:46.357+0000] {taskinstance.py:1206} INFO - Marking task as SUCCESS. dag_id=weather_hourly, task_id=ingest_weather_data.ingest_observations, run_id=scheduled__2026-01-04T15:15:00+00:00, execution_date=20260104T151500, start_date=20260104T164741, end_date=20260104T164746
[2026-01-04T16:47:46.415+0000] {local_task_job_runner.py:243} INFO - Task exited with return code 0
[2026-01-04T16:47:46.455+0000] {taskinstance.py:3503} INFO - 0 downstream tasks scheduled from follow-on schedule check
[2026-01-04T16:47:46.459+0000] {local_task_job_runner.py:222} INFO - ::endgroup::
