[2025-12-29T03:39:02.243+0000] {local_task_job_runner.py:120} INFO - ::group::Pre task execution logs
[2025-12-29T03:39:02.423+0000] {taskinstance.py:2076} INFO - Dependencies all met for dep_context=non-requeueable deps ti=<TaskInstance: reference_setup.ingest_reference_data.ingest_geo_plz manual__2025-12-29T03:39:01.292030+00:00 [queued]>
[2025-12-29T03:39:02.432+0000] {taskinstance.py:2076} INFO - Dependencies all met for dep_context=requeueable deps ti=<TaskInstance: reference_setup.ingest_reference_data.ingest_geo_plz manual__2025-12-29T03:39:01.292030+00:00 [queued]>
[2025-12-29T03:39:02.433+0000] {taskinstance.py:2306} INFO - Starting attempt 1 of 1
[2025-12-29T03:39:02.447+0000] {taskinstance.py:2330} INFO - Executing <Task(DockerOperator): ingest_reference_data.ingest_geo_plz> on 2025-12-29 03:39:01.292030+00:00
[2025-12-29T03:39:02.453+0000] {standard_task_runner.py:64} INFO - Started process 202 to run task
[2025-12-29T03:39:02.455+0000] {standard_task_runner.py:90} INFO - Running: ['***', 'tasks', 'run', 'reference_setup', 'ingest_reference_data.ingest_geo_plz', 'manual__2025-12-29T03:39:01.292030+00:00', '--job-id', '10', '--raw', '--subdir', 'DAGS_FOLDER/refrence_setup.py', '--cfg-path', '/tmp/tmpltajaymi']
[2025-12-29T03:39:02.457+0000] {standard_task_runner.py:91} INFO - Job 10: Subtask ingest_reference_data.ingest_geo_plz
[2025-12-29T03:39:02.504+0000] {task_command.py:426} INFO - Running <TaskInstance: reference_setup.ingest_reference_data.ingest_geo_plz manual__2025-12-29T03:39:01.292030+00:00 [running]> on host 58c791c417b3
[2025-12-29T03:39:02.582+0000] {taskinstance.py:2648} INFO - Exporting env vars: AIRFLOW_CTX_DAG_OWNER='***' AIRFLOW_CTX_DAG_ID='reference_setup' AIRFLOW_CTX_TASK_ID='ingest_reference_data.ingest_geo_plz' AIRFLOW_CTX_EXECUTION_DATE='2025-12-29T03:39:01.292030+00:00' AIRFLOW_CTX_TRY_NUMBER='1' AIRFLOW_CTX_DAG_RUN_ID='manual__2025-12-29T03:39:01.292030+00:00'
[2025-12-29T03:39:02.583+0000] {taskinstance.py:430} INFO - ::endgroup::
[2025-12-29T03:39:02.617+0000] {docker.py:367} INFO - Starting docker container from image weather-ingestion:latest
[2025-12-29T03:39:03.623+0000] {docker.py:438} INFO - 2025-12-29 03:39:03,622 - ERROR - Unable to delete File, Error : name 'plz_file_decomp' is not defined
[2025-12-29T03:39:03.624+0000] {docker.py:438} INFO - 2025-12-29 03:39:03,622 - INFO - Decompressing Plz File
[2025-12-29T03:39:04.449+0000] {docker.py:438} INFO - 2025-12-29 03:39:04,448 - INFO - Writing Plz File
[2025-12-29T03:39:04.690+0000] {docker.py:438} INFO - 2025-12-29 03:39:04,689 - INFO - File Written Successfully
[2025-12-29T03:39:04.691+0000] {docker.py:438} INFO - 2025-12-29 03:39:04,690 - INFO - Reading Plz File
[2025-12-29T03:39:13.289+0000] {docker.py:438} INFO - 2025-12-29 03:39:13,287 - INFO - Restricting Postal Codes to Berlin
[2025-12-29T03:39:13.324+0000] {docker.py:438} INFO - 
[2025-12-29T03:39:13.324+0000] {docker.py:438} INFO - 2025-12-29 03:39:13,323 - INFO - Connecting with db
[2025-12-29T03:39:13.474+0000] {docker.py:438} INFO - 2025-12-29 03:39:13,472 - ERROR - Unable to delete File, Error : name 'plz_file_decomp' is not defined
[2025-12-29T03:39:14.047+0000] {taskinstance.py:441} INFO - ::group::Post task execution logs
[2025-12-29T03:39:14.070+0000] {taskinstance.py:1206} INFO - Marking task as SUCCESS. dag_id=reference_setup, task_id=ingest_reference_data.ingest_geo_plz, run_id=manual__2025-12-29T03:39:01.292030+00:00, execution_date=20251229T033901, start_date=20251229T033902, end_date=20251229T033914
[2025-12-29T03:39:14.099+0000] {local_task_job_runner.py:243} INFO - Task exited with return code 0
[2025-12-29T03:39:14.121+0000] {taskinstance.py:3503} INFO - 1 downstream tasks scheduled from follow-on schedule check
[2025-12-29T03:39:14.123+0000] {local_task_job_runner.py:222} INFO - ::endgroup::
