[2025-12-30T17:16:39.444+0000] {processor.py:161} INFO - Started process (PID=192) to work on /opt/airflow/dags/refrence_setup.py
[2025-12-30T17:16:39.446+0000] {processor.py:830} INFO - Processing file /opt/airflow/dags/refrence_setup.py for tasks to queue
[2025-12-30T17:16:39.450+0000] {logging_mixin.py:188} INFO - [2025-12-30T17:16:39.449+0000] {dagbag.py:545} INFO - Filling up the DagBag from /opt/airflow/dags/refrence_setup.py
[2025-12-30T17:16:39.482+0000] {processor.py:840} INFO - DAG(s) 'reference_setup' retrieved from /opt/airflow/dags/refrence_setup.py
[2025-12-30T17:16:40.108+0000] {logging_mixin.py:188} INFO - [2025-12-30T17:16:40.107+0000] {override.py:1858} INFO - Created Permission View: can read on DAG:reference_setup
[2025-12-30T17:16:40.125+0000] {logging_mixin.py:188} INFO - [2025-12-30T17:16:40.125+0000] {override.py:1858} INFO - Created Permission View: can delete on DAG:reference_setup
[2025-12-30T17:16:40.136+0000] {logging_mixin.py:188} INFO - [2025-12-30T17:16:40.136+0000] {override.py:1858} INFO - Created Permission View: can edit on DAG:reference_setup
[2025-12-30T17:16:40.137+0000] {logging_mixin.py:188} INFO - [2025-12-30T17:16:40.137+0000] {dag.py:3089} INFO - Sync 1 DAGs
[2025-12-30T17:16:40.155+0000] {logging_mixin.py:188} INFO - [2025-12-30T17:16:40.154+0000] {dag.py:3111} INFO - Creating ORM DAG for reference_setup
[2025-12-30T17:16:40.171+0000] {logging_mixin.py:188} INFO - [2025-12-30T17:16:40.171+0000] {dag.py:3947} INFO - Setting next_dagrun for reference_setup to 2025-12-29 00:00:00+00:00, run_after=2025-12-30 00:00:00+00:00
[2025-12-30T17:16:40.209+0000] {processor.py:183} INFO - Processing /opt/airflow/dags/refrence_setup.py took 0.774 seconds
[2025-12-30T17:17:10.364+0000] {processor.py:161} INFO - Started process (PID=209) to work on /opt/airflow/dags/refrence_setup.py
[2025-12-30T17:17:10.365+0000] {processor.py:830} INFO - Processing file /opt/airflow/dags/refrence_setup.py for tasks to queue
[2025-12-30T17:17:10.367+0000] {logging_mixin.py:188} INFO - [2025-12-30T17:17:10.366+0000] {dagbag.py:545} INFO - Filling up the DagBag from /opt/airflow/dags/refrence_setup.py
[2025-12-30T17:17:10.397+0000] {processor.py:840} INFO - DAG(s) 'reference_setup' retrieved from /opt/airflow/dags/refrence_setup.py
[2025-12-30T17:17:10.437+0000] {logging_mixin.py:188} INFO - [2025-12-30T17:17:10.437+0000] {dag.py:3089} INFO - Sync 1 DAGs
[2025-12-30T17:17:10.502+0000] {processor.py:183} INFO - Processing /opt/airflow/dags/refrence_setup.py took 0.148 seconds
[2025-12-30T17:17:40.710+0000] {processor.py:161} INFO - Started process (PID=222) to work on /opt/airflow/dags/refrence_setup.py
[2025-12-30T17:17:40.713+0000] {processor.py:830} INFO - Processing file /opt/airflow/dags/refrence_setup.py for tasks to queue
[2025-12-30T17:17:40.716+0000] {logging_mixin.py:188} INFO - [2025-12-30T17:17:40.716+0000] {dagbag.py:545} INFO - Filling up the DagBag from /opt/airflow/dags/refrence_setup.py
[2025-12-30T17:17:40.748+0000] {processor.py:840} INFO - DAG(s) 'reference_setup' retrieved from /opt/airflow/dags/refrence_setup.py
[2025-12-30T17:17:40.796+0000] {logging_mixin.py:188} INFO - [2025-12-30T17:17:40.796+0000] {dag.py:3089} INFO - Sync 1 DAGs
[2025-12-30T17:17:40.830+0000] {logging_mixin.py:188} INFO - [2025-12-30T17:17:40.829+0000] {dag.py:3947} INFO - Setting next_dagrun for reference_setup to 2025-12-30 00:00:00+00:00, run_after=2025-12-31 00:00:00+00:00
[2025-12-30T17:17:40.859+0000] {processor.py:183} INFO - Processing /opt/airflow/dags/refrence_setup.py took 0.160 seconds
[2025-12-30T17:18:11.175+0000] {processor.py:161} INFO - Started process (PID=240) to work on /opt/airflow/dags/refrence_setup.py
[2025-12-30T17:18:11.176+0000] {processor.py:830} INFO - Processing file /opt/airflow/dags/refrence_setup.py for tasks to queue
[2025-12-30T17:18:11.178+0000] {logging_mixin.py:188} INFO - [2025-12-30T17:18:11.178+0000] {dagbag.py:545} INFO - Filling up the DagBag from /opt/airflow/dags/refrence_setup.py
[2025-12-30T17:18:11.208+0000] {processor.py:840} INFO - DAG(s) 'reference_setup' retrieved from /opt/airflow/dags/refrence_setup.py
[2025-12-30T17:18:11.256+0000] {logging_mixin.py:188} INFO - [2025-12-30T17:18:11.255+0000] {dag.py:3089} INFO - Sync 1 DAGs
[2025-12-30T17:18:11.293+0000] {logging_mixin.py:188} INFO - [2025-12-30T17:18:11.292+0000] {dag.py:3947} INFO - Setting next_dagrun for reference_setup to 2025-12-30 00:00:00+00:00, run_after=2025-12-31 00:00:00+00:00
[2025-12-30T17:18:11.323+0000] {processor.py:183} INFO - Processing /opt/airflow/dags/refrence_setup.py took 0.155 seconds
[2025-12-30T17:18:41.471+0000] {processor.py:161} INFO - Started process (PID=250) to work on /opt/airflow/dags/refrence_setup.py
[2025-12-30T17:18:41.473+0000] {processor.py:830} INFO - Processing file /opt/airflow/dags/refrence_setup.py for tasks to queue
[2025-12-30T17:18:41.475+0000] {logging_mixin.py:188} INFO - [2025-12-30T17:18:41.474+0000] {dagbag.py:545} INFO - Filling up the DagBag from /opt/airflow/dags/refrence_setup.py
[2025-12-30T17:18:41.504+0000] {processor.py:840} INFO - DAG(s) 'reference_setup' retrieved from /opt/airflow/dags/refrence_setup.py
[2025-12-30T17:18:41.544+0000] {logging_mixin.py:188} INFO - [2025-12-30T17:18:41.544+0000] {dag.py:3089} INFO - Sync 1 DAGs
[2025-12-30T17:18:41.579+0000] {logging_mixin.py:188} INFO - [2025-12-30T17:18:41.579+0000] {dag.py:3947} INFO - Setting next_dagrun for reference_setup to 2025-12-30 00:00:00+00:00, run_after=2025-12-31 00:00:00+00:00
[2025-12-30T17:18:41.608+0000] {processor.py:183} INFO - Processing /opt/airflow/dags/refrence_setup.py took 0.146 seconds
[2025-12-30T17:19:11.851+0000] {processor.py:161} INFO - Started process (PID=260) to work on /opt/airflow/dags/refrence_setup.py
[2025-12-30T17:19:11.852+0000] {processor.py:830} INFO - Processing file /opt/airflow/dags/refrence_setup.py for tasks to queue
[2025-12-30T17:19:11.854+0000] {logging_mixin.py:188} INFO - [2025-12-30T17:19:11.853+0000] {dagbag.py:545} INFO - Filling up the DagBag from /opt/airflow/dags/refrence_setup.py
[2025-12-30T17:19:11.881+0000] {processor.py:840} INFO - DAG(s) 'reference_setup' retrieved from /opt/airflow/dags/refrence_setup.py
[2025-12-30T17:19:11.929+0000] {logging_mixin.py:188} INFO - [2025-12-30T17:19:11.929+0000] {dag.py:3089} INFO - Sync 1 DAGs
[2025-12-30T17:19:11.970+0000] {logging_mixin.py:188} INFO - [2025-12-30T17:19:11.970+0000] {dag.py:3947} INFO - Setting next_dagrun for reference_setup to 2025-12-30 00:00:00+00:00, run_after=2025-12-31 00:00:00+00:00
[2025-12-30T17:19:12.029+0000] {processor.py:183} INFO - Processing /opt/airflow/dags/refrence_setup.py took 0.186 seconds
[2025-12-30T17:19:42.147+0000] {processor.py:161} INFO - Started process (PID=270) to work on /opt/airflow/dags/refrence_setup.py
[2025-12-30T17:19:42.148+0000] {processor.py:830} INFO - Processing file /opt/airflow/dags/refrence_setup.py for tasks to queue
[2025-12-30T17:19:42.150+0000] {logging_mixin.py:188} INFO - [2025-12-30T17:19:42.150+0000] {dagbag.py:545} INFO - Filling up the DagBag from /opt/airflow/dags/refrence_setup.py
[2025-12-30T17:19:42.192+0000] {processor.py:840} INFO - DAG(s) 'reference_setup' retrieved from /opt/airflow/dags/refrence_setup.py
[2025-12-30T17:19:42.250+0000] {logging_mixin.py:188} INFO - [2025-12-30T17:19:42.249+0000] {dag.py:3089} INFO - Sync 1 DAGs
[2025-12-30T17:19:42.288+0000] {logging_mixin.py:188} INFO - [2025-12-30T17:19:42.288+0000] {dag.py:3947} INFO - Setting next_dagrun for reference_setup to 2025-12-30 00:00:00+00:00, run_after=2025-12-31 00:00:00+00:00
[2025-12-30T17:19:42.319+0000] {processor.py:183} INFO - Processing /opt/airflow/dags/refrence_setup.py took 0.180 seconds
[2025-12-30T17:20:12.617+0000] {processor.py:161} INFO - Started process (PID=280) to work on /opt/airflow/dags/refrence_setup.py
[2025-12-30T17:20:12.617+0000] {processor.py:830} INFO - Processing file /opt/airflow/dags/refrence_setup.py for tasks to queue
[2025-12-30T17:20:12.620+0000] {logging_mixin.py:188} INFO - [2025-12-30T17:20:12.620+0000] {dagbag.py:545} INFO - Filling up the DagBag from /opt/airflow/dags/refrence_setup.py
[2025-12-30T17:20:12.651+0000] {processor.py:840} INFO - DAG(s) 'reference_setup' retrieved from /opt/airflow/dags/refrence_setup.py
[2025-12-30T17:20:12.703+0000] {logging_mixin.py:188} INFO - [2025-12-30T17:20:12.703+0000] {dag.py:3089} INFO - Sync 1 DAGs
[2025-12-30T17:20:12.740+0000] {logging_mixin.py:188} INFO - [2025-12-30T17:20:12.739+0000] {dag.py:3947} INFO - Setting next_dagrun for reference_setup to 2025-12-30 00:00:00+00:00, run_after=2025-12-31 00:00:00+00:00
[2025-12-30T17:20:12.775+0000] {processor.py:183} INFO - Processing /opt/airflow/dags/refrence_setup.py took 0.165 seconds
[2025-12-30T17:20:43.093+0000] {processor.py:161} INFO - Started process (PID=290) to work on /opt/airflow/dags/refrence_setup.py
[2025-12-30T17:20:43.095+0000] {processor.py:830} INFO - Processing file /opt/airflow/dags/refrence_setup.py for tasks to queue
[2025-12-30T17:20:43.097+0000] {logging_mixin.py:188} INFO - [2025-12-30T17:20:43.096+0000] {dagbag.py:545} INFO - Filling up the DagBag from /opt/airflow/dags/refrence_setup.py
[2025-12-30T17:20:43.131+0000] {processor.py:840} INFO - DAG(s) 'reference_setup' retrieved from /opt/airflow/dags/refrence_setup.py
[2025-12-30T17:20:43.182+0000] {logging_mixin.py:188} INFO - [2025-12-30T17:20:43.182+0000] {dag.py:3089} INFO - Sync 1 DAGs
[2025-12-30T17:20:43.224+0000] {logging_mixin.py:188} INFO - [2025-12-30T17:20:43.223+0000] {dag.py:3947} INFO - Setting next_dagrun for reference_setup to 2025-12-30 00:00:00+00:00, run_after=2025-12-31 00:00:00+00:00
[2025-12-30T17:20:43.254+0000] {processor.py:183} INFO - Processing /opt/airflow/dags/refrence_setup.py took 0.168 seconds
[2025-12-30T17:21:13.566+0000] {processor.py:161} INFO - Started process (PID=300) to work on /opt/airflow/dags/refrence_setup.py
[2025-12-30T17:21:13.567+0000] {processor.py:830} INFO - Processing file /opt/airflow/dags/refrence_setup.py for tasks to queue
[2025-12-30T17:21:13.570+0000] {logging_mixin.py:188} INFO - [2025-12-30T17:21:13.569+0000] {dagbag.py:545} INFO - Filling up the DagBag from /opt/airflow/dags/refrence_setup.py
[2025-12-30T17:21:13.604+0000] {processor.py:840} INFO - DAG(s) 'reference_setup' retrieved from /opt/airflow/dags/refrence_setup.py
[2025-12-30T17:21:13.657+0000] {logging_mixin.py:188} INFO - [2025-12-30T17:21:13.657+0000] {dag.py:3089} INFO - Sync 1 DAGs
[2025-12-30T17:21:13.695+0000] {logging_mixin.py:188} INFO - [2025-12-30T17:21:13.695+0000] {dag.py:3947} INFO - Setting next_dagrun for reference_setup to 2025-12-30 00:00:00+00:00, run_after=2025-12-31 00:00:00+00:00
[2025-12-30T17:21:13.748+0000] {processor.py:183} INFO - Processing /opt/airflow/dags/refrence_setup.py took 0.192 seconds
[2025-12-30T17:21:43.906+0000] {processor.py:161} INFO - Started process (PID=310) to work on /opt/airflow/dags/refrence_setup.py
[2025-12-30T17:21:43.907+0000] {processor.py:830} INFO - Processing file /opt/airflow/dags/refrence_setup.py for tasks to queue
[2025-12-30T17:21:43.909+0000] {logging_mixin.py:188} INFO - [2025-12-30T17:21:43.908+0000] {dagbag.py:545} INFO - Filling up the DagBag from /opt/airflow/dags/refrence_setup.py
[2025-12-30T17:21:43.939+0000] {processor.py:840} INFO - DAG(s) 'reference_setup' retrieved from /opt/airflow/dags/refrence_setup.py
[2025-12-30T17:21:44.002+0000] {logging_mixin.py:188} INFO - [2025-12-30T17:21:44.002+0000] {dag.py:3089} INFO - Sync 1 DAGs
[2025-12-30T17:21:44.036+0000] {logging_mixin.py:188} INFO - [2025-12-30T17:21:44.036+0000] {dag.py:3947} INFO - Setting next_dagrun for reference_setup to 2025-12-30 00:00:00+00:00, run_after=2025-12-31 00:00:00+00:00
[2025-12-30T17:21:44.081+0000] {processor.py:183} INFO - Processing /opt/airflow/dags/refrence_setup.py took 0.182 seconds
[2025-12-30T17:22:14.280+0000] {processor.py:161} INFO - Started process (PID=320) to work on /opt/airflow/dags/refrence_setup.py
[2025-12-30T17:22:14.282+0000] {processor.py:830} INFO - Processing file /opt/airflow/dags/refrence_setup.py for tasks to queue
[2025-12-30T17:22:14.285+0000] {logging_mixin.py:188} INFO - [2025-12-30T17:22:14.284+0000] {dagbag.py:545} INFO - Filling up the DagBag from /opt/airflow/dags/refrence_setup.py
[2025-12-30T17:22:14.319+0000] {processor.py:840} INFO - DAG(s) 'reference_setup' retrieved from /opt/airflow/dags/refrence_setup.py
[2025-12-30T17:22:14.378+0000] {logging_mixin.py:188} INFO - [2025-12-30T17:22:14.378+0000] {dag.py:3089} INFO - Sync 1 DAGs
[2025-12-30T17:22:14.414+0000] {logging_mixin.py:188} INFO - [2025-12-30T17:22:14.413+0000] {dag.py:3947} INFO - Setting next_dagrun for reference_setup to 2025-12-30 00:00:00+00:00, run_after=2025-12-31 00:00:00+00:00
[2025-12-30T17:22:14.446+0000] {processor.py:183} INFO - Processing /opt/airflow/dags/refrence_setup.py took 0.177 seconds
[2025-12-30T17:22:44.666+0000] {processor.py:161} INFO - Started process (PID=330) to work on /opt/airflow/dags/refrence_setup.py
[2025-12-30T17:22:44.667+0000] {processor.py:830} INFO - Processing file /opt/airflow/dags/refrence_setup.py for tasks to queue
[2025-12-30T17:22:44.669+0000] {logging_mixin.py:188} INFO - [2025-12-30T17:22:44.669+0000] {dagbag.py:545} INFO - Filling up the DagBag from /opt/airflow/dags/refrence_setup.py
[2025-12-30T17:22:44.700+0000] {processor.py:840} INFO - DAG(s) 'reference_setup' retrieved from /opt/airflow/dags/refrence_setup.py
[2025-12-30T17:22:44.749+0000] {logging_mixin.py:188} INFO - [2025-12-30T17:22:44.749+0000] {dag.py:3089} INFO - Sync 1 DAGs
[2025-12-30T17:22:44.789+0000] {logging_mixin.py:188} INFO - [2025-12-30T17:22:44.788+0000] {dag.py:3947} INFO - Setting next_dagrun for reference_setup to 2025-12-30 00:00:00+00:00, run_after=2025-12-31 00:00:00+00:00
[2025-12-30T17:22:44.837+0000] {processor.py:183} INFO - Processing /opt/airflow/dags/refrence_setup.py took 0.179 seconds
[2025-12-30T17:23:14.969+0000] {processor.py:161} INFO - Started process (PID=340) to work on /opt/airflow/dags/refrence_setup.py
[2025-12-30T17:23:14.970+0000] {processor.py:830} INFO - Processing file /opt/airflow/dags/refrence_setup.py for tasks to queue
[2025-12-30T17:23:14.972+0000] {logging_mixin.py:188} INFO - [2025-12-30T17:23:14.971+0000] {dagbag.py:545} INFO - Filling up the DagBag from /opt/airflow/dags/refrence_setup.py
[2025-12-30T17:23:15.004+0000] {processor.py:840} INFO - DAG(s) 'reference_setup' retrieved from /opt/airflow/dags/refrence_setup.py
[2025-12-30T17:23:15.053+0000] {logging_mixin.py:188} INFO - [2025-12-30T17:23:15.053+0000] {dag.py:3089} INFO - Sync 1 DAGs
[2025-12-30T17:23:15.089+0000] {logging_mixin.py:188} INFO - [2025-12-30T17:23:15.088+0000] {dag.py:3947} INFO - Setting next_dagrun for reference_setup to 2025-12-30 00:00:00+00:00, run_after=2025-12-31 00:00:00+00:00
[2025-12-30T17:23:15.140+0000] {processor.py:183} INFO - Processing /opt/airflow/dags/refrence_setup.py took 0.180 seconds
[2025-12-30T17:23:45.365+0000] {processor.py:161} INFO - Started process (PID=350) to work on /opt/airflow/dags/refrence_setup.py
[2025-12-30T17:23:45.366+0000] {processor.py:830} INFO - Processing file /opt/airflow/dags/refrence_setup.py for tasks to queue
[2025-12-30T17:23:45.368+0000] {logging_mixin.py:188} INFO - [2025-12-30T17:23:45.368+0000] {dagbag.py:545} INFO - Filling up the DagBag from /opt/airflow/dags/refrence_setup.py
[2025-12-30T17:23:45.404+0000] {processor.py:840} INFO - DAG(s) 'reference_setup' retrieved from /opt/airflow/dags/refrence_setup.py
[2025-12-30T17:23:45.452+0000] {logging_mixin.py:188} INFO - [2025-12-30T17:23:45.452+0000] {dag.py:3089} INFO - Sync 1 DAGs
[2025-12-30T17:23:45.491+0000] {logging_mixin.py:188} INFO - [2025-12-30T17:23:45.490+0000] {dag.py:3947} INFO - Setting next_dagrun for reference_setup to 2025-12-30 00:00:00+00:00, run_after=2025-12-31 00:00:00+00:00
[2025-12-30T17:23:45.522+0000] {processor.py:183} INFO - Processing /opt/airflow/dags/refrence_setup.py took 0.166 seconds
[2025-12-30T17:24:15.687+0000] {processor.py:161} INFO - Started process (PID=360) to work on /opt/airflow/dags/refrence_setup.py
[2025-12-30T17:24:15.689+0000] {processor.py:830} INFO - Processing file /opt/airflow/dags/refrence_setup.py for tasks to queue
[2025-12-30T17:24:15.692+0000] {logging_mixin.py:188} INFO - [2025-12-30T17:24:15.692+0000] {dagbag.py:545} INFO - Filling up the DagBag from /opt/airflow/dags/refrence_setup.py
[2025-12-30T17:24:15.740+0000] {processor.py:840} INFO - DAG(s) 'reference_setup' retrieved from /opt/airflow/dags/refrence_setup.py
[2025-12-30T17:24:15.805+0000] {logging_mixin.py:188} INFO - [2025-12-30T17:24:15.805+0000] {dag.py:3089} INFO - Sync 1 DAGs
[2025-12-30T17:24:15.843+0000] {logging_mixin.py:188} INFO - [2025-12-30T17:24:15.843+0000] {dag.py:3947} INFO - Setting next_dagrun for reference_setup to 2025-12-30 00:00:00+00:00, run_after=2025-12-31 00:00:00+00:00
[2025-12-30T17:24:15.902+0000] {processor.py:183} INFO - Processing /opt/airflow/dags/refrence_setup.py took 0.226 seconds
[2025-12-30T17:24:46.056+0000] {processor.py:161} INFO - Started process (PID=370) to work on /opt/airflow/dags/refrence_setup.py
[2025-12-30T17:24:46.058+0000] {processor.py:830} INFO - Processing file /opt/airflow/dags/refrence_setup.py for tasks to queue
[2025-12-30T17:24:46.062+0000] {logging_mixin.py:188} INFO - [2025-12-30T17:24:46.061+0000] {dagbag.py:545} INFO - Filling up the DagBag from /opt/airflow/dags/refrence_setup.py
[2025-12-30T17:24:46.098+0000] {processor.py:840} INFO - DAG(s) 'reference_setup' retrieved from /opt/airflow/dags/refrence_setup.py
[2025-12-30T17:24:46.151+0000] {logging_mixin.py:188} INFO - [2025-12-30T17:24:46.150+0000] {dag.py:3089} INFO - Sync 1 DAGs
[2025-12-30T17:24:46.185+0000] {logging_mixin.py:188} INFO - [2025-12-30T17:24:46.184+0000] {dag.py:3947} INFO - Setting next_dagrun for reference_setup to 2025-12-30 00:00:00+00:00, run_after=2025-12-31 00:00:00+00:00
[2025-12-30T17:24:46.214+0000] {processor.py:183} INFO - Processing /opt/airflow/dags/refrence_setup.py took 0.167 seconds
[2025-12-30T17:25:16.532+0000] {processor.py:161} INFO - Started process (PID=380) to work on /opt/airflow/dags/refrence_setup.py
[2025-12-30T17:25:16.533+0000] {processor.py:830} INFO - Processing file /opt/airflow/dags/refrence_setup.py for tasks to queue
[2025-12-30T17:25:16.536+0000] {logging_mixin.py:188} INFO - [2025-12-30T17:25:16.535+0000] {dagbag.py:545} INFO - Filling up the DagBag from /opt/airflow/dags/refrence_setup.py
[2025-12-30T17:25:16.571+0000] {processor.py:840} INFO - DAG(s) 'reference_setup' retrieved from /opt/airflow/dags/refrence_setup.py
[2025-12-30T17:25:16.627+0000] {logging_mixin.py:188} INFO - [2025-12-30T17:25:16.626+0000] {dag.py:3089} INFO - Sync 1 DAGs
[2025-12-30T17:25:16.668+0000] {logging_mixin.py:188} INFO - [2025-12-30T17:25:16.668+0000] {dag.py:3947} INFO - Setting next_dagrun for reference_setup to 2025-12-30 00:00:00+00:00, run_after=2025-12-31 00:00:00+00:00
[2025-12-30T17:25:16.701+0000] {processor.py:183} INFO - Processing /opt/airflow/dags/refrence_setup.py took 0.176 seconds
[2025-12-30T17:25:47.023+0000] {processor.py:161} INFO - Started process (PID=390) to work on /opt/airflow/dags/refrence_setup.py
[2025-12-30T17:25:47.024+0000] {processor.py:830} INFO - Processing file /opt/airflow/dags/refrence_setup.py for tasks to queue
[2025-12-30T17:25:47.027+0000] {logging_mixin.py:188} INFO - [2025-12-30T17:25:47.026+0000] {dagbag.py:545} INFO - Filling up the DagBag from /opt/airflow/dags/refrence_setup.py
[2025-12-30T17:25:47.062+0000] {processor.py:840} INFO - DAG(s) 'reference_setup' retrieved from /opt/airflow/dags/refrence_setup.py
[2025-12-30T17:25:47.118+0000] {logging_mixin.py:188} INFO - [2025-12-30T17:25:47.118+0000] {dag.py:3089} INFO - Sync 1 DAGs
[2025-12-30T17:25:47.156+0000] {logging_mixin.py:188} INFO - [2025-12-30T17:25:47.155+0000] {dag.py:3947} INFO - Setting next_dagrun for reference_setup to 2025-12-30 00:00:00+00:00, run_after=2025-12-31 00:00:00+00:00
[2025-12-30T17:25:47.207+0000] {processor.py:183} INFO - Processing /opt/airflow/dags/refrence_setup.py took 0.192 seconds
[2025-12-30T17:26:17.485+0000] {processor.py:161} INFO - Started process (PID=402) to work on /opt/airflow/dags/refrence_setup.py
[2025-12-30T17:26:17.487+0000] {processor.py:830} INFO - Processing file /opt/airflow/dags/refrence_setup.py for tasks to queue
[2025-12-30T17:26:17.489+0000] {logging_mixin.py:188} INFO - [2025-12-30T17:26:17.489+0000] {dagbag.py:545} INFO - Filling up the DagBag from /opt/airflow/dags/refrence_setup.py
[2025-12-30T17:26:17.518+0000] {processor.py:840} INFO - DAG(s) 'reference_setup' retrieved from /opt/airflow/dags/refrence_setup.py
[2025-12-30T17:26:17.563+0000] {logging_mixin.py:188} INFO - [2025-12-30T17:26:17.563+0000] {dag.py:3089} INFO - Sync 1 DAGs
[2025-12-30T17:26:17.596+0000] {logging_mixin.py:188} INFO - [2025-12-30T17:26:17.595+0000] {dag.py:3947} INFO - Setting next_dagrun for reference_setup to 2025-12-30 00:00:00+00:00, run_after=2025-12-31 00:00:00+00:00
[2025-12-30T17:26:17.625+0000] {processor.py:183} INFO - Processing /opt/airflow/dags/refrence_setup.py took 0.148 seconds
[2025-12-30T17:26:47.772+0000] {processor.py:161} INFO - Started process (PID=410) to work on /opt/airflow/dags/refrence_setup.py
[2025-12-30T17:26:47.773+0000] {processor.py:830} INFO - Processing file /opt/airflow/dags/refrence_setup.py for tasks to queue
[2025-12-30T17:26:47.775+0000] {logging_mixin.py:188} INFO - [2025-12-30T17:26:47.775+0000] {dagbag.py:545} INFO - Filling up the DagBag from /opt/airflow/dags/refrence_setup.py
[2025-12-30T17:26:47.805+0000] {processor.py:840} INFO - DAG(s) 'reference_setup' retrieved from /opt/airflow/dags/refrence_setup.py
[2025-12-30T17:26:47.858+0000] {logging_mixin.py:188} INFO - [2025-12-30T17:26:47.858+0000] {dag.py:3089} INFO - Sync 1 DAGs
[2025-12-30T17:26:47.896+0000] {logging_mixin.py:188} INFO - [2025-12-30T17:26:47.895+0000] {dag.py:3947} INFO - Setting next_dagrun for reference_setup to 2025-12-30 00:00:00+00:00, run_after=2025-12-31 00:00:00+00:00
[2025-12-30T17:26:47.940+0000] {processor.py:183} INFO - Processing /opt/airflow/dags/refrence_setup.py took 0.175 seconds
[2025-12-30T17:27:18.222+0000] {processor.py:161} INFO - Started process (PID=420) to work on /opt/airflow/dags/refrence_setup.py
[2025-12-30T17:27:18.223+0000] {processor.py:830} INFO - Processing file /opt/airflow/dags/refrence_setup.py for tasks to queue
[2025-12-30T17:27:18.225+0000] {logging_mixin.py:188} INFO - [2025-12-30T17:27:18.225+0000] {dagbag.py:545} INFO - Filling up the DagBag from /opt/airflow/dags/refrence_setup.py
[2025-12-30T17:27:18.256+0000] {processor.py:840} INFO - DAG(s) 'reference_setup' retrieved from /opt/airflow/dags/refrence_setup.py
[2025-12-30T17:27:18.305+0000] {logging_mixin.py:188} INFO - [2025-12-30T17:27:18.304+0000] {dag.py:3089} INFO - Sync 1 DAGs
[2025-12-30T17:27:18.362+0000] {logging_mixin.py:188} INFO - [2025-12-30T17:27:18.361+0000] {dag.py:3947} INFO - Setting next_dagrun for reference_setup to 2025-12-30 00:00:00+00:00, run_after=2025-12-31 00:00:00+00:00
[2025-12-30T17:27:18.396+0000] {processor.py:183} INFO - Processing /opt/airflow/dags/refrence_setup.py took 0.181 seconds
[2025-12-30T17:27:48.699+0000] {processor.py:161} INFO - Started process (PID=430) to work on /opt/airflow/dags/refrence_setup.py
[2025-12-30T17:27:48.700+0000] {processor.py:830} INFO - Processing file /opt/airflow/dags/refrence_setup.py for tasks to queue
[2025-12-30T17:27:48.703+0000] {logging_mixin.py:188} INFO - [2025-12-30T17:27:48.702+0000] {dagbag.py:545} INFO - Filling up the DagBag from /opt/airflow/dags/refrence_setup.py
[2025-12-30T17:27:48.733+0000] {processor.py:840} INFO - DAG(s) 'reference_setup' retrieved from /opt/airflow/dags/refrence_setup.py
[2025-12-30T17:27:48.782+0000] {logging_mixin.py:188} INFO - [2025-12-30T17:27:48.781+0000] {dag.py:3089} INFO - Sync 1 DAGs
[2025-12-30T17:27:48.823+0000] {logging_mixin.py:188} INFO - [2025-12-30T17:27:48.823+0000] {dag.py:3947} INFO - Setting next_dagrun for reference_setup to 2025-12-30 00:00:00+00:00, run_after=2025-12-31 00:00:00+00:00
[2025-12-30T17:27:48.874+0000] {processor.py:183} INFO - Processing /opt/airflow/dags/refrence_setup.py took 0.181 seconds
[2025-12-30T17:28:18.998+0000] {processor.py:161} INFO - Started process (PID=440) to work on /opt/airflow/dags/refrence_setup.py
[2025-12-30T17:28:18.999+0000] {processor.py:830} INFO - Processing file /opt/airflow/dags/refrence_setup.py for tasks to queue
[2025-12-30T17:28:19.003+0000] {logging_mixin.py:188} INFO - [2025-12-30T17:28:19.002+0000] {dagbag.py:545} INFO - Filling up the DagBag from /opt/airflow/dags/refrence_setup.py
[2025-12-30T17:28:19.041+0000] {processor.py:840} INFO - DAG(s) 'reference_setup' retrieved from /opt/airflow/dags/refrence_setup.py
[2025-12-30T17:28:19.108+0000] {logging_mixin.py:188} INFO - [2025-12-30T17:28:19.107+0000] {dag.py:3089} INFO - Sync 1 DAGs
[2025-12-30T17:28:19.151+0000] {logging_mixin.py:188} INFO - [2025-12-30T17:28:19.151+0000] {dag.py:3947} INFO - Setting next_dagrun for reference_setup to 2025-12-30 00:00:00+00:00, run_after=2025-12-31 00:00:00+00:00
[2025-12-30T17:28:19.187+0000] {processor.py:183} INFO - Processing /opt/airflow/dags/refrence_setup.py took 0.199 seconds
[2025-12-30T17:28:49.492+0000] {processor.py:161} INFO - Started process (PID=450) to work on /opt/airflow/dags/refrence_setup.py
[2025-12-30T17:28:49.494+0000] {processor.py:830} INFO - Processing file /opt/airflow/dags/refrence_setup.py for tasks to queue
[2025-12-30T17:28:49.497+0000] {logging_mixin.py:188} INFO - [2025-12-30T17:28:49.497+0000] {dagbag.py:545} INFO - Filling up the DagBag from /opt/airflow/dags/refrence_setup.py
[2025-12-30T17:28:49.538+0000] {processor.py:840} INFO - DAG(s) 'reference_setup' retrieved from /opt/airflow/dags/refrence_setup.py
[2025-12-30T17:28:49.601+0000] {logging_mixin.py:188} INFO - [2025-12-30T17:28:49.600+0000] {dag.py:3089} INFO - Sync 1 DAGs
[2025-12-30T17:28:49.639+0000] {logging_mixin.py:188} INFO - [2025-12-30T17:28:49.639+0000] {dag.py:3947} INFO - Setting next_dagrun for reference_setup to 2025-12-30 00:00:00+00:00, run_after=2025-12-31 00:00:00+00:00
[2025-12-30T17:28:49.675+0000] {processor.py:183} INFO - Processing /opt/airflow/dags/refrence_setup.py took 0.191 seconds
[2025-12-30T17:29:19.989+0000] {processor.py:161} INFO - Started process (PID=460) to work on /opt/airflow/dags/refrence_setup.py
[2025-12-30T17:29:19.990+0000] {processor.py:830} INFO - Processing file /opt/airflow/dags/refrence_setup.py for tasks to queue
[2025-12-30T17:29:19.992+0000] {logging_mixin.py:188} INFO - [2025-12-30T17:29:19.992+0000] {dagbag.py:545} INFO - Filling up the DagBag from /opt/airflow/dags/refrence_setup.py
[2025-12-30T17:29:20.021+0000] {processor.py:840} INFO - DAG(s) 'reference_setup' retrieved from /opt/airflow/dags/refrence_setup.py
[2025-12-30T17:29:20.070+0000] {logging_mixin.py:188} INFO - [2025-12-30T17:29:20.070+0000] {dag.py:3089} INFO - Sync 1 DAGs
[2025-12-30T17:29:20.107+0000] {logging_mixin.py:188} INFO - [2025-12-30T17:29:20.107+0000] {dag.py:3947} INFO - Setting next_dagrun for reference_setup to 2025-12-30 00:00:00+00:00, run_after=2025-12-31 00:00:00+00:00
[2025-12-30T17:29:20.134+0000] {processor.py:183} INFO - Processing /opt/airflow/dags/refrence_setup.py took 0.152 seconds
[2025-12-30T17:29:50.273+0000] {processor.py:161} INFO - Started process (PID=470) to work on /opt/airflow/dags/refrence_setup.py
[2025-12-30T17:29:50.274+0000] {processor.py:830} INFO - Processing file /opt/airflow/dags/refrence_setup.py for tasks to queue
[2025-12-30T17:29:50.276+0000] {logging_mixin.py:188} INFO - [2025-12-30T17:29:50.275+0000] {dagbag.py:545} INFO - Filling up the DagBag from /opt/airflow/dags/refrence_setup.py
[2025-12-30T17:29:50.311+0000] {processor.py:840} INFO - DAG(s) 'reference_setup' retrieved from /opt/airflow/dags/refrence_setup.py
[2025-12-30T17:29:50.369+0000] {logging_mixin.py:188} INFO - [2025-12-30T17:29:50.369+0000] {dag.py:3089} INFO - Sync 1 DAGs
[2025-12-30T17:29:50.408+0000] {logging_mixin.py:188} INFO - [2025-12-30T17:29:50.408+0000] {dag.py:3947} INFO - Setting next_dagrun for reference_setup to 2025-12-30 00:00:00+00:00, run_after=2025-12-31 00:00:00+00:00
[2025-12-30T17:29:50.452+0000] {processor.py:183} INFO - Processing /opt/airflow/dags/refrence_setup.py took 0.186 seconds
[2025-12-30T17:30:20.675+0000] {processor.py:161} INFO - Started process (PID=480) to work on /opt/airflow/dags/refrence_setup.py
[2025-12-30T17:30:20.676+0000] {processor.py:830} INFO - Processing file /opt/airflow/dags/refrence_setup.py for tasks to queue
[2025-12-30T17:30:20.678+0000] {logging_mixin.py:188} INFO - [2025-12-30T17:30:20.677+0000] {dagbag.py:545} INFO - Filling up the DagBag from /opt/airflow/dags/refrence_setup.py
[2025-12-30T17:30:20.743+0000] {processor.py:840} INFO - DAG(s) 'reference_setup' retrieved from /opt/airflow/dags/refrence_setup.py
[2025-12-30T17:30:20.793+0000] {logging_mixin.py:188} INFO - [2025-12-30T17:30:20.792+0000] {dag.py:3089} INFO - Sync 1 DAGs
[2025-12-30T17:30:20.830+0000] {logging_mixin.py:188} INFO - [2025-12-30T17:30:20.830+0000] {dag.py:3947} INFO - Setting next_dagrun for reference_setup to 2025-12-30 00:00:00+00:00, run_after=2025-12-31 00:00:00+00:00
[2025-12-30T17:30:20.860+0000] {processor.py:183} INFO - Processing /opt/airflow/dags/refrence_setup.py took 0.193 seconds
[2025-12-30T17:30:51.161+0000] {processor.py:161} INFO - Started process (PID=490) to work on /opt/airflow/dags/refrence_setup.py
[2025-12-30T17:30:51.162+0000] {processor.py:830} INFO - Processing file /opt/airflow/dags/refrence_setup.py for tasks to queue
[2025-12-30T17:30:51.165+0000] {logging_mixin.py:188} INFO - [2025-12-30T17:30:51.164+0000] {dagbag.py:545} INFO - Filling up the DagBag from /opt/airflow/dags/refrence_setup.py
[2025-12-30T17:30:51.197+0000] {processor.py:840} INFO - DAG(s) 'reference_setup' retrieved from /opt/airflow/dags/refrence_setup.py
[2025-12-30T17:30:51.244+0000] {logging_mixin.py:188} INFO - [2025-12-30T17:30:51.244+0000] {dag.py:3089} INFO - Sync 1 DAGs
[2025-12-30T17:30:51.276+0000] {logging_mixin.py:188} INFO - [2025-12-30T17:30:51.276+0000] {dag.py:3947} INFO - Setting next_dagrun for reference_setup to 2025-12-30 00:00:00+00:00, run_after=2025-12-31 00:00:00+00:00
[2025-12-30T17:30:51.303+0000] {processor.py:183} INFO - Processing /opt/airflow/dags/refrence_setup.py took 0.150 seconds
[2025-12-30T17:31:21.434+0000] {processor.py:161} INFO - Started process (PID=500) to work on /opt/airflow/dags/refrence_setup.py
[2025-12-30T17:31:21.434+0000] {processor.py:830} INFO - Processing file /opt/airflow/dags/refrence_setup.py for tasks to queue
[2025-12-30T17:31:21.436+0000] {logging_mixin.py:188} INFO - [2025-12-30T17:31:21.436+0000] {dagbag.py:545} INFO - Filling up the DagBag from /opt/airflow/dags/refrence_setup.py
[2025-12-30T17:31:21.464+0000] {processor.py:840} INFO - DAG(s) 'reference_setup' retrieved from /opt/airflow/dags/refrence_setup.py
[2025-12-30T17:31:21.506+0000] {logging_mixin.py:188} INFO - [2025-12-30T17:31:21.506+0000] {dag.py:3089} INFO - Sync 1 DAGs
[2025-12-30T17:31:21.537+0000] {logging_mixin.py:188} INFO - [2025-12-30T17:31:21.537+0000] {dag.py:3947} INFO - Setting next_dagrun for reference_setup to 2025-12-30 00:00:00+00:00, run_after=2025-12-31 00:00:00+00:00
[2025-12-30T17:31:21.564+0000] {processor.py:183} INFO - Processing /opt/airflow/dags/refrence_setup.py took 0.137 seconds
[2025-12-30T17:31:51.976+0000] {processor.py:161} INFO - Started process (PID=510) to work on /opt/airflow/dags/refrence_setup.py
[2025-12-30T17:31:51.977+0000] {processor.py:830} INFO - Processing file /opt/airflow/dags/refrence_setup.py for tasks to queue
[2025-12-30T17:31:51.981+0000] {logging_mixin.py:188} INFO - [2025-12-30T17:31:51.981+0000] {dagbag.py:545} INFO - Filling up the DagBag from /opt/airflow/dags/refrence_setup.py
[2025-12-30T17:31:52.010+0000] {processor.py:840} INFO - DAG(s) 'reference_setup' retrieved from /opt/airflow/dags/refrence_setup.py
[2025-12-30T17:31:52.072+0000] {logging_mixin.py:188} INFO - [2025-12-30T17:31:52.071+0000] {dag.py:3089} INFO - Sync 1 DAGs
[2025-12-30T17:31:52.120+0000] {logging_mixin.py:188} INFO - [2025-12-30T17:31:52.120+0000] {dag.py:3947} INFO - Setting next_dagrun for reference_setup to 2025-12-30 00:00:00+00:00, run_after=2025-12-31 00:00:00+00:00
[2025-12-30T17:31:52.183+0000] {processor.py:183} INFO - Processing /opt/airflow/dags/refrence_setup.py took 0.221 seconds
[2025-12-30T17:32:22.487+0000] {processor.py:161} INFO - Started process (PID=520) to work on /opt/airflow/dags/refrence_setup.py
[2025-12-30T17:32:22.488+0000] {processor.py:830} INFO - Processing file /opt/airflow/dags/refrence_setup.py for tasks to queue
[2025-12-30T17:32:22.490+0000] {logging_mixin.py:188} INFO - [2025-12-30T17:32:22.490+0000] {dagbag.py:545} INFO - Filling up the DagBag from /opt/airflow/dags/refrence_setup.py
[2025-12-30T17:32:22.521+0000] {processor.py:840} INFO - DAG(s) 'reference_setup' retrieved from /opt/airflow/dags/refrence_setup.py
[2025-12-30T17:32:22.567+0000] {logging_mixin.py:188} INFO - [2025-12-30T17:32:22.567+0000] {dag.py:3089} INFO - Sync 1 DAGs
[2025-12-30T17:32:22.603+0000] {logging_mixin.py:188} INFO - [2025-12-30T17:32:22.602+0000] {dag.py:3947} INFO - Setting next_dagrun for reference_setup to 2025-12-30 00:00:00+00:00, run_after=2025-12-31 00:00:00+00:00
[2025-12-30T17:32:22.654+0000] {processor.py:183} INFO - Processing /opt/airflow/dags/refrence_setup.py took 0.178 seconds
[2025-12-30T17:32:52.747+0000] {processor.py:161} INFO - Started process (PID=530) to work on /opt/airflow/dags/refrence_setup.py
[2025-12-30T17:32:52.748+0000] {processor.py:830} INFO - Processing file /opt/airflow/dags/refrence_setup.py for tasks to queue
[2025-12-30T17:32:52.750+0000] {logging_mixin.py:188} INFO - [2025-12-30T17:32:52.750+0000] {dagbag.py:545} INFO - Filling up the DagBag from /opt/airflow/dags/refrence_setup.py
[2025-12-30T17:32:52.778+0000] {processor.py:840} INFO - DAG(s) 'reference_setup' retrieved from /opt/airflow/dags/refrence_setup.py
[2025-12-30T17:32:52.822+0000] {logging_mixin.py:188} INFO - [2025-12-30T17:32:52.822+0000] {dag.py:3089} INFO - Sync 1 DAGs
[2025-12-30T17:32:52.858+0000] {logging_mixin.py:188} INFO - [2025-12-30T17:32:52.858+0000] {dag.py:3947} INFO - Setting next_dagrun for reference_setup to 2025-12-30 00:00:00+00:00, run_after=2025-12-31 00:00:00+00:00
[2025-12-30T17:32:52.907+0000] {processor.py:183} INFO - Processing /opt/airflow/dags/refrence_setup.py took 0.168 seconds
[2025-12-30T17:33:23.020+0000] {processor.py:161} INFO - Started process (PID=540) to work on /opt/airflow/dags/refrence_setup.py
[2025-12-30T17:33:23.021+0000] {processor.py:830} INFO - Processing file /opt/airflow/dags/refrence_setup.py for tasks to queue
[2025-12-30T17:33:23.024+0000] {logging_mixin.py:188} INFO - [2025-12-30T17:33:23.023+0000] {dagbag.py:545} INFO - Filling up the DagBag from /opt/airflow/dags/refrence_setup.py
[2025-12-30T17:33:23.053+0000] {processor.py:840} INFO - DAG(s) 'reference_setup' retrieved from /opt/airflow/dags/refrence_setup.py
[2025-12-30T17:33:23.100+0000] {logging_mixin.py:188} INFO - [2025-12-30T17:33:23.099+0000] {dag.py:3089} INFO - Sync 1 DAGs
[2025-12-30T17:33:23.132+0000] {logging_mixin.py:188} INFO - [2025-12-30T17:33:23.132+0000] {dag.py:3947} INFO - Setting next_dagrun for reference_setup to 2025-12-30 00:00:00+00:00, run_after=2025-12-31 00:00:00+00:00
[2025-12-30T17:33:23.161+0000] {processor.py:183} INFO - Processing /opt/airflow/dags/refrence_setup.py took 0.148 seconds
[2025-12-30T17:33:53.447+0000] {processor.py:161} INFO - Started process (PID=550) to work on /opt/airflow/dags/refrence_setup.py
[2025-12-30T17:33:53.448+0000] {processor.py:830} INFO - Processing file /opt/airflow/dags/refrence_setup.py for tasks to queue
[2025-12-30T17:33:53.451+0000] {logging_mixin.py:188} INFO - [2025-12-30T17:33:53.450+0000] {dagbag.py:545} INFO - Filling up the DagBag from /opt/airflow/dags/refrence_setup.py
[2025-12-30T17:33:53.480+0000] {processor.py:840} INFO - DAG(s) 'reference_setup' retrieved from /opt/airflow/dags/refrence_setup.py
[2025-12-30T17:33:53.525+0000] {logging_mixin.py:188} INFO - [2025-12-30T17:33:53.525+0000] {dag.py:3089} INFO - Sync 1 DAGs
[2025-12-30T17:33:53.558+0000] {logging_mixin.py:188} INFO - [2025-12-30T17:33:53.557+0000] {dag.py:3947} INFO - Setting next_dagrun for reference_setup to 2025-12-30 00:00:00+00:00, run_after=2025-12-31 00:00:00+00:00
[2025-12-30T17:33:53.610+0000] {processor.py:183} INFO - Processing /opt/airflow/dags/refrence_setup.py took 0.171 seconds
[2025-12-30T17:34:23.742+0000] {processor.py:161} INFO - Started process (PID=560) to work on /opt/airflow/dags/refrence_setup.py
[2025-12-30T17:34:23.743+0000] {processor.py:830} INFO - Processing file /opt/airflow/dags/refrence_setup.py for tasks to queue
[2025-12-30T17:34:23.745+0000] {logging_mixin.py:188} INFO - [2025-12-30T17:34:23.745+0000] {dagbag.py:545} INFO - Filling up the DagBag from /opt/airflow/dags/refrence_setup.py
[2025-12-30T17:34:23.773+0000] {processor.py:840} INFO - DAG(s) 'reference_setup' retrieved from /opt/airflow/dags/refrence_setup.py
[2025-12-30T17:34:23.814+0000] {logging_mixin.py:188} INFO - [2025-12-30T17:34:23.814+0000] {dag.py:3089} INFO - Sync 1 DAGs
[2025-12-30T17:34:23.850+0000] {logging_mixin.py:188} INFO - [2025-12-30T17:34:23.849+0000] {dag.py:3947} INFO - Setting next_dagrun for reference_setup to 2025-12-30 00:00:00+00:00, run_after=2025-12-31 00:00:00+00:00
[2025-12-30T17:34:23.882+0000] {processor.py:183} INFO - Processing /opt/airflow/dags/refrence_setup.py took 0.146 seconds
[2025-12-30T17:34:54.162+0000] {processor.py:161} INFO - Started process (PID=570) to work on /opt/airflow/dags/refrence_setup.py
[2025-12-30T17:34:54.163+0000] {processor.py:830} INFO - Processing file /opt/airflow/dags/refrence_setup.py for tasks to queue
[2025-12-30T17:34:54.165+0000] {logging_mixin.py:188} INFO - [2025-12-30T17:34:54.165+0000] {dagbag.py:545} INFO - Filling up the DagBag from /opt/airflow/dags/refrence_setup.py
[2025-12-30T17:34:54.196+0000] {processor.py:840} INFO - DAG(s) 'reference_setup' retrieved from /opt/airflow/dags/refrence_setup.py
[2025-12-30T17:34:54.240+0000] {logging_mixin.py:188} INFO - [2025-12-30T17:34:54.240+0000] {dag.py:3089} INFO - Sync 1 DAGs
[2025-12-30T17:34:54.276+0000] {logging_mixin.py:188} INFO - [2025-12-30T17:34:54.276+0000] {dag.py:3947} INFO - Setting next_dagrun for reference_setup to 2025-12-30 00:00:00+00:00, run_after=2025-12-31 00:00:00+00:00
[2025-12-30T17:34:54.338+0000] {processor.py:183} INFO - Processing /opt/airflow/dags/refrence_setup.py took 0.185 seconds
[2025-12-30T17:35:24.441+0000] {processor.py:161} INFO - Started process (PID=580) to work on /opt/airflow/dags/refrence_setup.py
[2025-12-30T17:35:24.443+0000] {processor.py:830} INFO - Processing file /opt/airflow/dags/refrence_setup.py for tasks to queue
[2025-12-30T17:35:24.445+0000] {logging_mixin.py:188} INFO - [2025-12-30T17:35:24.445+0000] {dagbag.py:545} INFO - Filling up the DagBag from /opt/airflow/dags/refrence_setup.py
[2025-12-30T17:35:24.479+0000] {processor.py:840} INFO - DAG(s) 'reference_setup' retrieved from /opt/airflow/dags/refrence_setup.py
[2025-12-30T17:35:24.525+0000] {logging_mixin.py:188} INFO - [2025-12-30T17:35:24.524+0000] {dag.py:3089} INFO - Sync 1 DAGs
[2025-12-30T17:35:24.562+0000] {logging_mixin.py:188} INFO - [2025-12-30T17:35:24.561+0000] {dag.py:3947} INFO - Setting next_dagrun for reference_setup to 2025-12-30 00:00:00+00:00, run_after=2025-12-31 00:00:00+00:00
[2025-12-30T17:35:24.604+0000] {processor.py:183} INFO - Processing /opt/airflow/dags/refrence_setup.py took 0.170 seconds
[2025-12-30T17:35:54.913+0000] {processor.py:161} INFO - Started process (PID=590) to work on /opt/airflow/dags/refrence_setup.py
[2025-12-30T17:35:54.914+0000] {processor.py:830} INFO - Processing file /opt/airflow/dags/refrence_setup.py for tasks to queue
[2025-12-30T17:35:54.916+0000] {logging_mixin.py:188} INFO - [2025-12-30T17:35:54.916+0000] {dagbag.py:545} INFO - Filling up the DagBag from /opt/airflow/dags/refrence_setup.py
[2025-12-30T17:35:54.945+0000] {processor.py:840} INFO - DAG(s) 'reference_setup' retrieved from /opt/airflow/dags/refrence_setup.py
[2025-12-30T17:35:55.000+0000] {logging_mixin.py:188} INFO - [2025-12-30T17:35:55.000+0000] {dag.py:3089} INFO - Sync 1 DAGs
[2025-12-30T17:35:55.039+0000] {logging_mixin.py:188} INFO - [2025-12-30T17:35:55.038+0000] {dag.py:3947} INFO - Setting next_dagrun for reference_setup to 2025-12-30 00:00:00+00:00, run_after=2025-12-31 00:00:00+00:00
[2025-12-30T17:35:55.068+0000] {processor.py:183} INFO - Processing /opt/airflow/dags/refrence_setup.py took 0.161 seconds
[2025-12-30T17:36:25.376+0000] {processor.py:161} INFO - Started process (PID=600) to work on /opt/airflow/dags/refrence_setup.py
[2025-12-30T17:36:25.377+0000] {processor.py:830} INFO - Processing file /opt/airflow/dags/refrence_setup.py for tasks to queue
[2025-12-30T17:36:25.379+0000] {logging_mixin.py:188} INFO - [2025-12-30T17:36:25.378+0000] {dagbag.py:545} INFO - Filling up the DagBag from /opt/airflow/dags/refrence_setup.py
[2025-12-30T17:36:25.408+0000] {processor.py:840} INFO - DAG(s) 'reference_setup' retrieved from /opt/airflow/dags/refrence_setup.py
[2025-12-30T17:36:25.452+0000] {logging_mixin.py:188} INFO - [2025-12-30T17:36:25.451+0000] {dag.py:3089} INFO - Sync 1 DAGs
[2025-12-30T17:36:25.486+0000] {logging_mixin.py:188} INFO - [2025-12-30T17:36:25.486+0000] {dag.py:3947} INFO - Setting next_dagrun for reference_setup to 2025-12-30 00:00:00+00:00, run_after=2025-12-31 00:00:00+00:00
[2025-12-30T17:36:25.537+0000] {processor.py:183} INFO - Processing /opt/airflow/dags/refrence_setup.py took 0.168 seconds
[2025-12-30T17:36:55.710+0000] {processor.py:161} INFO - Started process (PID=610) to work on /opt/airflow/dags/refrence_setup.py
[2025-12-30T17:36:55.711+0000] {processor.py:830} INFO - Processing file /opt/airflow/dags/refrence_setup.py for tasks to queue
[2025-12-30T17:36:55.714+0000] {logging_mixin.py:188} INFO - [2025-12-30T17:36:55.714+0000] {dagbag.py:545} INFO - Filling up the DagBag from /opt/airflow/dags/refrence_setup.py
[2025-12-30T17:36:55.742+0000] {processor.py:840} INFO - DAG(s) 'reference_setup' retrieved from /opt/airflow/dags/refrence_setup.py
[2025-12-30T17:36:55.784+0000] {logging_mixin.py:188} INFO - [2025-12-30T17:36:55.784+0000] {dag.py:3089} INFO - Sync 1 DAGs
[2025-12-30T17:36:55.817+0000] {logging_mixin.py:188} INFO - [2025-12-30T17:36:55.817+0000] {dag.py:3947} INFO - Setting next_dagrun for reference_setup to 2025-12-30 00:00:00+00:00, run_after=2025-12-31 00:00:00+00:00
[2025-12-30T17:36:55.867+0000] {processor.py:183} INFO - Processing /opt/airflow/dags/refrence_setup.py took 0.164 seconds
[2025-12-30T17:37:26.088+0000] {processor.py:161} INFO - Started process (PID=620) to work on /opt/airflow/dags/refrence_setup.py
[2025-12-30T17:37:26.089+0000] {processor.py:830} INFO - Processing file /opt/airflow/dags/refrence_setup.py for tasks to queue
[2025-12-30T17:37:26.091+0000] {logging_mixin.py:188} INFO - [2025-12-30T17:37:26.091+0000] {dagbag.py:545} INFO - Filling up the DagBag from /opt/airflow/dags/refrence_setup.py
[2025-12-30T17:37:26.121+0000] {processor.py:840} INFO - DAG(s) 'reference_setup' retrieved from /opt/airflow/dags/refrence_setup.py
[2025-12-30T17:37:26.165+0000] {logging_mixin.py:188} INFO - [2025-12-30T17:37:26.164+0000] {dag.py:3089} INFO - Sync 1 DAGs
[2025-12-30T17:37:26.198+0000] {logging_mixin.py:188} INFO - [2025-12-30T17:37:26.197+0000] {dag.py:3947} INFO - Setting next_dagrun for reference_setup to 2025-12-30 00:00:00+00:00, run_after=2025-12-31 00:00:00+00:00
[2025-12-30T17:37:26.232+0000] {processor.py:183} INFO - Processing /opt/airflow/dags/refrence_setup.py took 0.151 seconds
[2025-12-30T17:37:56.536+0000] {processor.py:161} INFO - Started process (PID=630) to work on /opt/airflow/dags/refrence_setup.py
[2025-12-30T17:37:56.537+0000] {processor.py:830} INFO - Processing file /opt/airflow/dags/refrence_setup.py for tasks to queue
[2025-12-30T17:37:56.539+0000] {logging_mixin.py:188} INFO - [2025-12-30T17:37:56.539+0000] {dagbag.py:545} INFO - Filling up the DagBag from /opt/airflow/dags/refrence_setup.py
[2025-12-30T17:37:56.567+0000] {processor.py:840} INFO - DAG(s) 'reference_setup' retrieved from /opt/airflow/dags/refrence_setup.py
[2025-12-30T17:37:56.608+0000] {logging_mixin.py:188} INFO - [2025-12-30T17:37:56.608+0000] {dag.py:3089} INFO - Sync 1 DAGs
[2025-12-30T17:37:56.640+0000] {logging_mixin.py:188} INFO - [2025-12-30T17:37:56.640+0000] {dag.py:3947} INFO - Setting next_dagrun for reference_setup to 2025-12-30 00:00:00+00:00, run_after=2025-12-31 00:00:00+00:00
[2025-12-30T17:37:56.689+0000] {processor.py:183} INFO - Processing /opt/airflow/dags/refrence_setup.py took 0.159 seconds
[2025-12-30T17:38:26.816+0000] {processor.py:161} INFO - Started process (PID=640) to work on /opt/airflow/dags/refrence_setup.py
[2025-12-30T17:38:26.817+0000] {processor.py:830} INFO - Processing file /opt/airflow/dags/refrence_setup.py for tasks to queue
[2025-12-30T17:38:26.819+0000] {logging_mixin.py:188} INFO - [2025-12-30T17:38:26.819+0000] {dagbag.py:545} INFO - Filling up the DagBag from /opt/airflow/dags/refrence_setup.py
[2025-12-30T17:38:26.846+0000] {processor.py:840} INFO - DAG(s) 'reference_setup' retrieved from /opt/airflow/dags/refrence_setup.py
[2025-12-30T17:38:26.917+0000] {logging_mixin.py:188} INFO - [2025-12-30T17:38:26.916+0000] {dag.py:3089} INFO - Sync 1 DAGs
[2025-12-30T17:38:26.963+0000] {logging_mixin.py:188} INFO - [2025-12-30T17:38:26.962+0000] {dag.py:3947} INFO - Setting next_dagrun for reference_setup to 2025-12-30 00:00:00+00:00, run_after=2025-12-31 00:00:00+00:00
[2025-12-30T17:38:27.011+0000] {processor.py:183} INFO - Processing /opt/airflow/dags/refrence_setup.py took 0.203 seconds
[2025-12-30T17:38:57.231+0000] {processor.py:161} INFO - Started process (PID=650) to work on /opt/airflow/dags/refrence_setup.py
[2025-12-30T17:38:57.233+0000] {processor.py:830} INFO - Processing file /opt/airflow/dags/refrence_setup.py for tasks to queue
[2025-12-30T17:38:57.237+0000] {logging_mixin.py:188} INFO - [2025-12-30T17:38:57.236+0000] {dagbag.py:545} INFO - Filling up the DagBag from /opt/airflow/dags/refrence_setup.py
[2025-12-30T17:38:57.264+0000] {processor.py:840} INFO - DAG(s) 'reference_setup' retrieved from /opt/airflow/dags/refrence_setup.py
[2025-12-30T17:38:57.306+0000] {logging_mixin.py:188} INFO - [2025-12-30T17:38:57.306+0000] {dag.py:3089} INFO - Sync 1 DAGs
[2025-12-30T17:38:57.337+0000] {logging_mixin.py:188} INFO - [2025-12-30T17:38:57.337+0000] {dag.py:3947} INFO - Setting next_dagrun for reference_setup to 2025-12-30 00:00:00+00:00, run_after=2025-12-31 00:00:00+00:00
[2025-12-30T17:38:57.401+0000] {processor.py:183} INFO - Processing /opt/airflow/dags/refrence_setup.py took 0.180 seconds
[2025-12-30T17:39:27.534+0000] {processor.py:161} INFO - Started process (PID=660) to work on /opt/airflow/dags/refrence_setup.py
[2025-12-30T17:39:27.535+0000] {processor.py:830} INFO - Processing file /opt/airflow/dags/refrence_setup.py for tasks to queue
[2025-12-30T17:39:27.537+0000] {logging_mixin.py:188} INFO - [2025-12-30T17:39:27.537+0000] {dagbag.py:545} INFO - Filling up the DagBag from /opt/airflow/dags/refrence_setup.py
[2025-12-30T17:39:27.567+0000] {processor.py:840} INFO - DAG(s) 'reference_setup' retrieved from /opt/airflow/dags/refrence_setup.py
[2025-12-30T17:39:27.628+0000] {logging_mixin.py:188} INFO - [2025-12-30T17:39:27.627+0000] {dag.py:3089} INFO - Sync 1 DAGs
[2025-12-30T17:39:27.662+0000] {logging_mixin.py:188} INFO - [2025-12-30T17:39:27.661+0000] {dag.py:3947} INFO - Setting next_dagrun for reference_setup to 2025-12-30 00:00:00+00:00, run_after=2025-12-31 00:00:00+00:00
[2025-12-30T17:39:27.690+0000] {processor.py:183} INFO - Processing /opt/airflow/dags/refrence_setup.py took 0.165 seconds
[2025-12-30T17:39:57.983+0000] {processor.py:161} INFO - Started process (PID=670) to work on /opt/airflow/dags/refrence_setup.py
[2025-12-30T17:39:57.985+0000] {processor.py:830} INFO - Processing file /opt/airflow/dags/refrence_setup.py for tasks to queue
[2025-12-30T17:39:57.988+0000] {logging_mixin.py:188} INFO - [2025-12-30T17:39:57.987+0000] {dagbag.py:545} INFO - Filling up the DagBag from /opt/airflow/dags/refrence_setup.py
[2025-12-30T17:39:58.018+0000] {processor.py:840} INFO - DAG(s) 'reference_setup' retrieved from /opt/airflow/dags/refrence_setup.py
[2025-12-30T17:39:58.073+0000] {logging_mixin.py:188} INFO - [2025-12-30T17:39:58.073+0000] {dag.py:3089} INFO - Sync 1 DAGs
[2025-12-30T17:39:58.107+0000] {logging_mixin.py:188} INFO - [2025-12-30T17:39:58.106+0000] {dag.py:3947} INFO - Setting next_dagrun for reference_setup to 2025-12-30 00:00:00+00:00, run_after=2025-12-31 00:00:00+00:00
[2025-12-30T17:39:58.159+0000] {processor.py:183} INFO - Processing /opt/airflow/dags/refrence_setup.py took 0.183 seconds
[2025-12-30T17:40:28.292+0000] {processor.py:161} INFO - Started process (PID=680) to work on /opt/airflow/dags/refrence_setup.py
[2025-12-30T17:40:28.293+0000] {processor.py:830} INFO - Processing file /opt/airflow/dags/refrence_setup.py for tasks to queue
[2025-12-30T17:40:28.295+0000] {logging_mixin.py:188} INFO - [2025-12-30T17:40:28.295+0000] {dagbag.py:545} INFO - Filling up the DagBag from /opt/airflow/dags/refrence_setup.py
[2025-12-30T17:40:28.326+0000] {processor.py:840} INFO - DAG(s) 'reference_setup' retrieved from /opt/airflow/dags/refrence_setup.py
[2025-12-30T17:40:28.384+0000] {logging_mixin.py:188} INFO - [2025-12-30T17:40:28.384+0000] {dag.py:3089} INFO - Sync 1 DAGs
[2025-12-30T17:40:28.414+0000] {logging_mixin.py:188} INFO - [2025-12-30T17:40:28.414+0000] {dag.py:3947} INFO - Setting next_dagrun for reference_setup to 2025-12-30 00:00:00+00:00, run_after=2025-12-31 00:00:00+00:00
[2025-12-30T17:40:28.446+0000] {processor.py:183} INFO - Processing /opt/airflow/dags/refrence_setup.py took 0.161 seconds
[2025-12-30T17:40:58.764+0000] {processor.py:161} INFO - Started process (PID=690) to work on /opt/airflow/dags/refrence_setup.py
[2025-12-30T17:40:58.765+0000] {processor.py:830} INFO - Processing file /opt/airflow/dags/refrence_setup.py for tasks to queue
[2025-12-30T17:40:58.767+0000] {logging_mixin.py:188} INFO - [2025-12-30T17:40:58.766+0000] {dagbag.py:545} INFO - Filling up the DagBag from /opt/airflow/dags/refrence_setup.py
[2025-12-30T17:40:58.804+0000] {processor.py:840} INFO - DAG(s) 'reference_setup' retrieved from /opt/airflow/dags/refrence_setup.py
[2025-12-30T17:40:58.847+0000] {logging_mixin.py:188} INFO - [2025-12-30T17:40:58.847+0000] {dag.py:3089} INFO - Sync 1 DAGs
[2025-12-30T17:40:58.883+0000] {logging_mixin.py:188} INFO - [2025-12-30T17:40:58.883+0000] {dag.py:3947} INFO - Setting next_dagrun for reference_setup to 2025-12-30 00:00:00+00:00, run_after=2025-12-31 00:00:00+00:00
[2025-12-30T17:40:58.930+0000] {processor.py:183} INFO - Processing /opt/airflow/dags/refrence_setup.py took 0.174 seconds
[2025-12-30T17:41:29.064+0000] {processor.py:161} INFO - Started process (PID=700) to work on /opt/airflow/dags/refrence_setup.py
[2025-12-30T17:41:29.065+0000] {processor.py:830} INFO - Processing file /opt/airflow/dags/refrence_setup.py for tasks to queue
[2025-12-30T17:41:29.068+0000] {logging_mixin.py:188} INFO - [2025-12-30T17:41:29.068+0000] {dagbag.py:545} INFO - Filling up the DagBag from /opt/airflow/dags/refrence_setup.py
[2025-12-30T17:41:29.097+0000] {processor.py:840} INFO - DAG(s) 'reference_setup' retrieved from /opt/airflow/dags/refrence_setup.py
[2025-12-30T17:41:29.153+0000] {logging_mixin.py:188} INFO - [2025-12-30T17:41:29.153+0000] {dag.py:3089} INFO - Sync 1 DAGs
[2025-12-30T17:41:29.200+0000] {logging_mixin.py:188} INFO - [2025-12-30T17:41:29.200+0000] {dag.py:3947} INFO - Setting next_dagrun for reference_setup to 2025-12-30 00:00:00+00:00, run_after=2025-12-31 00:00:00+00:00
[2025-12-30T17:41:29.241+0000] {processor.py:183} INFO - Processing /opt/airflow/dags/refrence_setup.py took 0.185 seconds
[2025-12-30T17:41:59.653+0000] {processor.py:161} INFO - Started process (PID=710) to work on /opt/airflow/dags/refrence_setup.py
[2025-12-30T17:41:59.654+0000] {processor.py:830} INFO - Processing file /opt/airflow/dags/refrence_setup.py for tasks to queue
[2025-12-30T17:41:59.656+0000] {logging_mixin.py:188} INFO - [2025-12-30T17:41:59.655+0000] {dagbag.py:545} INFO - Filling up the DagBag from /opt/airflow/dags/refrence_setup.py
[2025-12-30T17:41:59.682+0000] {processor.py:840} INFO - DAG(s) 'reference_setup' retrieved from /opt/airflow/dags/refrence_setup.py
[2025-12-30T17:41:59.725+0000] {logging_mixin.py:188} INFO - [2025-12-30T17:41:59.725+0000] {dag.py:3089} INFO - Sync 1 DAGs
[2025-12-30T17:41:59.759+0000] {logging_mixin.py:188} INFO - [2025-12-30T17:41:59.758+0000] {dag.py:3947} INFO - Setting next_dagrun for reference_setup to 2025-12-30 00:00:00+00:00, run_after=2025-12-31 00:00:00+00:00
[2025-12-30T17:41:59.807+0000] {processor.py:183} INFO - Processing /opt/airflow/dags/refrence_setup.py took 0.160 seconds
[2025-12-30T17:42:29.936+0000] {processor.py:161} INFO - Started process (PID=720) to work on /opt/airflow/dags/refrence_setup.py
[2025-12-30T17:42:29.937+0000] {processor.py:830} INFO - Processing file /opt/airflow/dags/refrence_setup.py for tasks to queue
[2025-12-30T17:42:29.939+0000] {logging_mixin.py:188} INFO - [2025-12-30T17:42:29.939+0000] {dagbag.py:545} INFO - Filling up the DagBag from /opt/airflow/dags/refrence_setup.py
[2025-12-30T17:42:29.969+0000] {processor.py:840} INFO - DAG(s) 'reference_setup' retrieved from /opt/airflow/dags/refrence_setup.py
[2025-12-30T17:42:30.017+0000] {logging_mixin.py:188} INFO - [2025-12-30T17:42:30.017+0000] {dag.py:3089} INFO - Sync 1 DAGs
[2025-12-30T17:42:30.052+0000] {logging_mixin.py:188} INFO - [2025-12-30T17:42:30.052+0000] {dag.py:3947} INFO - Setting next_dagrun for reference_setup to 2025-12-30 00:00:00+00:00, run_after=2025-12-31 00:00:00+00:00
[2025-12-30T17:42:30.103+0000] {processor.py:183} INFO - Processing /opt/airflow/dags/refrence_setup.py took 0.176 seconds
[2025-12-30T17:43:00.344+0000] {processor.py:161} INFO - Started process (PID=730) to work on /opt/airflow/dags/refrence_setup.py
[2025-12-30T17:43:00.345+0000] {processor.py:830} INFO - Processing file /opt/airflow/dags/refrence_setup.py for tasks to queue
[2025-12-30T17:43:00.348+0000] {logging_mixin.py:188} INFO - [2025-12-30T17:43:00.347+0000] {dagbag.py:545} INFO - Filling up the DagBag from /opt/airflow/dags/refrence_setup.py
[2025-12-30T17:43:00.375+0000] {processor.py:840} INFO - DAG(s) 'reference_setup' retrieved from /opt/airflow/dags/refrence_setup.py
[2025-12-30T17:43:00.434+0000] {logging_mixin.py:188} INFO - [2025-12-30T17:43:00.434+0000] {dag.py:3089} INFO - Sync 1 DAGs
[2025-12-30T17:43:00.469+0000] {logging_mixin.py:188} INFO - [2025-12-30T17:43:00.468+0000] {dag.py:3947} INFO - Setting next_dagrun for reference_setup to 2025-12-30 00:00:00+00:00, run_after=2025-12-31 00:00:00+00:00
[2025-12-30T17:43:00.515+0000] {processor.py:183} INFO - Processing /opt/airflow/dags/refrence_setup.py took 0.179 seconds
[2025-12-30T17:43:30.654+0000] {processor.py:161} INFO - Started process (PID=740) to work on /opt/airflow/dags/refrence_setup.py
[2025-12-30T17:43:30.655+0000] {processor.py:830} INFO - Processing file /opt/airflow/dags/refrence_setup.py for tasks to queue
[2025-12-30T17:43:30.657+0000] {logging_mixin.py:188} INFO - [2025-12-30T17:43:30.657+0000] {dagbag.py:545} INFO - Filling up the DagBag from /opt/airflow/dags/refrence_setup.py
[2025-12-30T17:43:30.690+0000] {processor.py:840} INFO - DAG(s) 'reference_setup' retrieved from /opt/airflow/dags/refrence_setup.py
[2025-12-30T17:43:30.738+0000] {logging_mixin.py:188} INFO - [2025-12-30T17:43:30.738+0000] {dag.py:3089} INFO - Sync 1 DAGs
[2025-12-30T17:43:30.777+0000] {logging_mixin.py:188} INFO - [2025-12-30T17:43:30.776+0000] {dag.py:3947} INFO - Setting next_dagrun for reference_setup to 2025-12-30 00:00:00+00:00, run_after=2025-12-31 00:00:00+00:00
[2025-12-30T17:43:30.814+0000] {processor.py:183} INFO - Processing /opt/airflow/dags/refrence_setup.py took 0.169 seconds
[2025-12-30T17:44:01.128+0000] {processor.py:161} INFO - Started process (PID=750) to work on /opt/airflow/dags/refrence_setup.py
[2025-12-30T17:44:01.130+0000] {processor.py:830} INFO - Processing file /opt/airflow/dags/refrence_setup.py for tasks to queue
[2025-12-30T17:44:01.132+0000] {logging_mixin.py:188} INFO - [2025-12-30T17:44:01.132+0000] {dagbag.py:545} INFO - Filling up the DagBag from /opt/airflow/dags/refrence_setup.py
[2025-12-30T17:44:01.163+0000] {processor.py:840} INFO - DAG(s) 'reference_setup' retrieved from /opt/airflow/dags/refrence_setup.py
[2025-12-30T17:44:01.211+0000] {logging_mixin.py:188} INFO - [2025-12-30T17:44:01.211+0000] {dag.py:3089} INFO - Sync 1 DAGs
[2025-12-30T17:44:01.248+0000] {logging_mixin.py:188} INFO - [2025-12-30T17:44:01.247+0000] {dag.py:3947} INFO - Setting next_dagrun for reference_setup to 2025-12-30 00:00:00+00:00, run_after=2025-12-31 00:00:00+00:00
[2025-12-30T17:44:01.298+0000] {processor.py:183} INFO - Processing /opt/airflow/dags/refrence_setup.py took 0.178 seconds
[2025-12-30T17:44:31.414+0000] {processor.py:161} INFO - Started process (PID=760) to work on /opt/airflow/dags/refrence_setup.py
[2025-12-30T17:44:31.415+0000] {processor.py:830} INFO - Processing file /opt/airflow/dags/refrence_setup.py for tasks to queue
[2025-12-30T17:44:31.417+0000] {logging_mixin.py:188} INFO - [2025-12-30T17:44:31.416+0000] {dagbag.py:545} INFO - Filling up the DagBag from /opt/airflow/dags/refrence_setup.py
[2025-12-30T17:44:31.486+0000] {processor.py:840} INFO - DAG(s) 'reference_setup' retrieved from /opt/airflow/dags/refrence_setup.py
[2025-12-30T17:44:31.539+0000] {logging_mixin.py:188} INFO - [2025-12-30T17:44:31.539+0000] {dag.py:3089} INFO - Sync 1 DAGs
[2025-12-30T17:44:31.577+0000] {logging_mixin.py:188} INFO - [2025-12-30T17:44:31.576+0000] {dag.py:3947} INFO - Setting next_dagrun for reference_setup to 2025-12-30 00:00:00+00:00, run_after=2025-12-31 00:00:00+00:00
[2025-12-30T17:44:31.615+0000] {processor.py:183} INFO - Processing /opt/airflow/dags/refrence_setup.py took 0.209 seconds
[2025-12-30T17:45:01.849+0000] {processor.py:161} INFO - Started process (PID=770) to work on /opt/airflow/dags/refrence_setup.py
[2025-12-30T17:45:01.850+0000] {processor.py:830} INFO - Processing file /opt/airflow/dags/refrence_setup.py for tasks to queue
[2025-12-30T17:45:01.853+0000] {logging_mixin.py:188} INFO - [2025-12-30T17:45:01.852+0000] {dagbag.py:545} INFO - Filling up the DagBag from /opt/airflow/dags/refrence_setup.py
[2025-12-30T17:45:01.879+0000] {processor.py:840} INFO - DAG(s) 'reference_setup' retrieved from /opt/airflow/dags/refrence_setup.py
[2025-12-30T17:45:01.926+0000] {logging_mixin.py:188} INFO - [2025-12-30T17:45:01.926+0000] {dag.py:3089} INFO - Sync 1 DAGs
[2025-12-30T17:45:01.959+0000] {logging_mixin.py:188} INFO - [2025-12-30T17:45:01.959+0000] {dag.py:3947} INFO - Setting next_dagrun for reference_setup to 2025-12-30 00:00:00+00:00, run_after=2025-12-31 00:00:00+00:00
[2025-12-30T17:45:01.992+0000] {processor.py:183} INFO - Processing /opt/airflow/dags/refrence_setup.py took 0.151 seconds
[2025-12-30T17:45:32.305+0000] {processor.py:161} INFO - Started process (PID=780) to work on /opt/airflow/dags/refrence_setup.py
[2025-12-30T17:45:32.306+0000] {processor.py:830} INFO - Processing file /opt/airflow/dags/refrence_setup.py for tasks to queue
[2025-12-30T17:45:32.308+0000] {logging_mixin.py:188} INFO - [2025-12-30T17:45:32.308+0000] {dagbag.py:545} INFO - Filling up the DagBag from /opt/airflow/dags/refrence_setup.py
[2025-12-30T17:45:32.373+0000] {processor.py:840} INFO - DAG(s) 'reference_setup' retrieved from /opt/airflow/dags/refrence_setup.py
[2025-12-30T17:45:32.436+0000] {logging_mixin.py:188} INFO - [2025-12-30T17:45:32.435+0000] {dag.py:3089} INFO - Sync 1 DAGs
[2025-12-30T17:45:32.484+0000] {logging_mixin.py:188} INFO - [2025-12-30T17:45:32.484+0000] {dag.py:3947} INFO - Setting next_dagrun for reference_setup to 2025-12-30 00:00:00+00:00, run_after=2025-12-31 00:00:00+00:00
[2025-12-30T17:45:32.512+0000] {processor.py:183} INFO - Processing /opt/airflow/dags/refrence_setup.py took 0.213 seconds
[2025-12-30T17:46:02.812+0000] {processor.py:161} INFO - Started process (PID=790) to work on /opt/airflow/dags/refrence_setup.py
[2025-12-30T17:46:02.813+0000] {processor.py:830} INFO - Processing file /opt/airflow/dags/refrence_setup.py for tasks to queue
[2025-12-30T17:46:02.815+0000] {logging_mixin.py:188} INFO - [2025-12-30T17:46:02.815+0000] {dagbag.py:545} INFO - Filling up the DagBag from /opt/airflow/dags/refrence_setup.py
[2025-12-30T17:46:02.846+0000] {processor.py:840} INFO - DAG(s) 'reference_setup' retrieved from /opt/airflow/dags/refrence_setup.py
[2025-12-30T17:46:02.886+0000] {logging_mixin.py:188} INFO - [2025-12-30T17:46:02.886+0000] {dag.py:3089} INFO - Sync 1 DAGs
[2025-12-30T17:46:02.918+0000] {logging_mixin.py:188} INFO - [2025-12-30T17:46:02.918+0000] {dag.py:3947} INFO - Setting next_dagrun for reference_setup to 2025-12-30 00:00:00+00:00, run_after=2025-12-31 00:00:00+00:00
[2025-12-30T17:46:02.948+0000] {processor.py:183} INFO - Processing /opt/airflow/dags/refrence_setup.py took 0.143 seconds
[2025-12-30T17:46:33.250+0000] {processor.py:161} INFO - Started process (PID=800) to work on /opt/airflow/dags/refrence_setup.py
[2025-12-30T17:46:33.251+0000] {processor.py:830} INFO - Processing file /opt/airflow/dags/refrence_setup.py for tasks to queue
[2025-12-30T17:46:33.254+0000] {logging_mixin.py:188} INFO - [2025-12-30T17:46:33.253+0000] {dagbag.py:545} INFO - Filling up the DagBag from /opt/airflow/dags/refrence_setup.py
[2025-12-30T17:46:33.284+0000] {processor.py:840} INFO - DAG(s) 'reference_setup' retrieved from /opt/airflow/dags/refrence_setup.py
[2025-12-30T17:46:33.328+0000] {logging_mixin.py:188} INFO - [2025-12-30T17:46:33.328+0000] {dag.py:3089} INFO - Sync 1 DAGs
[2025-12-30T17:46:33.364+0000] {logging_mixin.py:188} INFO - [2025-12-30T17:46:33.364+0000] {dag.py:3947} INFO - Setting next_dagrun for reference_setup to 2025-12-30 00:00:00+00:00, run_after=2025-12-31 00:00:00+00:00
[2025-12-30T17:46:33.428+0000] {processor.py:183} INFO - Processing /opt/airflow/dags/refrence_setup.py took 0.185 seconds
[2025-12-30T17:47:03.556+0000] {processor.py:161} INFO - Started process (PID=810) to work on /opt/airflow/dags/refrence_setup.py
[2025-12-30T17:47:03.558+0000] {processor.py:830} INFO - Processing file /opt/airflow/dags/refrence_setup.py for tasks to queue
[2025-12-30T17:47:03.561+0000] {logging_mixin.py:188} INFO - [2025-12-30T17:47:03.560+0000] {dagbag.py:545} INFO - Filling up the DagBag from /opt/airflow/dags/refrence_setup.py
[2025-12-30T17:47:03.596+0000] {processor.py:840} INFO - DAG(s) 'reference_setup' retrieved from /opt/airflow/dags/refrence_setup.py
[2025-12-30T17:47:03.651+0000] {logging_mixin.py:188} INFO - [2025-12-30T17:47:03.651+0000] {dag.py:3089} INFO - Sync 1 DAGs
[2025-12-30T17:47:03.694+0000] {logging_mixin.py:188} INFO - [2025-12-30T17:47:03.694+0000] {dag.py:3947} INFO - Setting next_dagrun for reference_setup to 2025-12-30 00:00:00+00:00, run_after=2025-12-31 00:00:00+00:00
[2025-12-30T17:47:03.728+0000] {processor.py:183} INFO - Processing /opt/airflow/dags/refrence_setup.py took 0.181 seconds
[2025-12-30T17:47:34.034+0000] {processor.py:161} INFO - Started process (PID=820) to work on /opt/airflow/dags/refrence_setup.py
[2025-12-30T17:47:34.035+0000] {processor.py:830} INFO - Processing file /opt/airflow/dags/refrence_setup.py for tasks to queue
[2025-12-30T17:47:34.037+0000] {logging_mixin.py:188} INFO - [2025-12-30T17:47:34.037+0000] {dagbag.py:545} INFO - Filling up the DagBag from /opt/airflow/dags/refrence_setup.py
[2025-12-30T17:47:34.067+0000] {processor.py:840} INFO - DAG(s) 'reference_setup' retrieved from /opt/airflow/dags/refrence_setup.py
[2025-12-30T17:47:34.112+0000] {logging_mixin.py:188} INFO - [2025-12-30T17:47:34.112+0000] {dag.py:3089} INFO - Sync 1 DAGs
[2025-12-30T17:47:34.150+0000] {logging_mixin.py:188} INFO - [2025-12-30T17:47:34.149+0000] {dag.py:3947} INFO - Setting next_dagrun for reference_setup to 2025-12-30 00:00:00+00:00, run_after=2025-12-31 00:00:00+00:00
[2025-12-30T17:47:34.180+0000] {processor.py:183} INFO - Processing /opt/airflow/dags/refrence_setup.py took 0.154 seconds
[2025-12-30T17:48:04.476+0000] {processor.py:161} INFO - Started process (PID=830) to work on /opt/airflow/dags/refrence_setup.py
[2025-12-30T17:48:04.477+0000] {processor.py:830} INFO - Processing file /opt/airflow/dags/refrence_setup.py for tasks to queue
[2025-12-30T17:48:04.479+0000] {logging_mixin.py:188} INFO - [2025-12-30T17:48:04.479+0000] {dagbag.py:545} INFO - Filling up the DagBag from /opt/airflow/dags/refrence_setup.py
[2025-12-30T17:48:04.511+0000] {processor.py:840} INFO - DAG(s) 'reference_setup' retrieved from /opt/airflow/dags/refrence_setup.py
[2025-12-30T17:48:04.555+0000] {logging_mixin.py:188} INFO - [2025-12-30T17:48:04.555+0000] {dag.py:3089} INFO - Sync 1 DAGs
[2025-12-30T17:48:04.598+0000] {logging_mixin.py:188} INFO - [2025-12-30T17:48:04.597+0000] {dag.py:3947} INFO - Setting next_dagrun for reference_setup to 2025-12-30 00:00:00+00:00, run_after=2025-12-31 00:00:00+00:00
[2025-12-30T17:48:04.645+0000] {processor.py:183} INFO - Processing /opt/airflow/dags/refrence_setup.py took 0.182 seconds
[2025-12-30T17:48:34.971+0000] {processor.py:161} INFO - Started process (PID=840) to work on /opt/airflow/dags/refrence_setup.py
[2025-12-30T17:48:34.972+0000] {processor.py:830} INFO - Processing file /opt/airflow/dags/refrence_setup.py for tasks to queue
[2025-12-30T17:48:34.975+0000] {logging_mixin.py:188} INFO - [2025-12-30T17:48:34.974+0000] {dagbag.py:545} INFO - Filling up the DagBag from /opt/airflow/dags/refrence_setup.py
[2025-12-30T17:48:35.009+0000] {processor.py:840} INFO - DAG(s) 'reference_setup' retrieved from /opt/airflow/dags/refrence_setup.py
[2025-12-30T17:48:35.057+0000] {logging_mixin.py:188} INFO - [2025-12-30T17:48:35.057+0000] {dag.py:3089} INFO - Sync 1 DAGs
[2025-12-30T17:48:35.097+0000] {logging_mixin.py:188} INFO - [2025-12-30T17:48:35.097+0000] {dag.py:3947} INFO - Setting next_dagrun for reference_setup to 2025-12-30 00:00:00+00:00, run_after=2025-12-31 00:00:00+00:00
[2025-12-30T17:48:35.125+0000] {processor.py:183} INFO - Processing /opt/airflow/dags/refrence_setup.py took 0.163 seconds
[2025-12-30T17:49:05.271+0000] {processor.py:161} INFO - Started process (PID=850) to work on /opt/airflow/dags/refrence_setup.py
[2025-12-30T17:49:05.272+0000] {processor.py:830} INFO - Processing file /opt/airflow/dags/refrence_setup.py for tasks to queue
[2025-12-30T17:49:05.274+0000] {logging_mixin.py:188} INFO - [2025-12-30T17:49:05.273+0000] {dagbag.py:545} INFO - Filling up the DagBag from /opt/airflow/dags/refrence_setup.py
[2025-12-30T17:49:05.304+0000] {processor.py:840} INFO - DAG(s) 'reference_setup' retrieved from /opt/airflow/dags/refrence_setup.py
[2025-12-30T17:49:05.353+0000] {logging_mixin.py:188} INFO - [2025-12-30T17:49:05.353+0000] {dag.py:3089} INFO - Sync 1 DAGs
[2025-12-30T17:49:05.389+0000] {logging_mixin.py:188} INFO - [2025-12-30T17:49:05.389+0000] {dag.py:3947} INFO - Setting next_dagrun for reference_setup to 2025-12-30 00:00:00+00:00, run_after=2025-12-31 00:00:00+00:00
[2025-12-30T17:49:05.421+0000] {processor.py:183} INFO - Processing /opt/airflow/dags/refrence_setup.py took 0.158 seconds
[2025-12-30T17:49:35.740+0000] {processor.py:161} INFO - Started process (PID=860) to work on /opt/airflow/dags/refrence_setup.py
[2025-12-30T17:49:35.741+0000] {processor.py:830} INFO - Processing file /opt/airflow/dags/refrence_setup.py for tasks to queue
[2025-12-30T17:49:35.743+0000] {logging_mixin.py:188} INFO - [2025-12-30T17:49:35.743+0000] {dagbag.py:545} INFO - Filling up the DagBag from /opt/airflow/dags/refrence_setup.py
[2025-12-30T17:49:35.773+0000] {processor.py:840} INFO - DAG(s) 'reference_setup' retrieved from /opt/airflow/dags/refrence_setup.py
[2025-12-30T17:49:35.821+0000] {logging_mixin.py:188} INFO - [2025-12-30T17:49:35.820+0000] {dag.py:3089} INFO - Sync 1 DAGs
[2025-12-30T17:49:35.859+0000] {logging_mixin.py:188} INFO - [2025-12-30T17:49:35.859+0000] {dag.py:3947} INFO - Setting next_dagrun for reference_setup to 2025-12-30 00:00:00+00:00, run_after=2025-12-31 00:00:00+00:00
[2025-12-30T17:49:35.909+0000] {processor.py:183} INFO - Processing /opt/airflow/dags/refrence_setup.py took 0.177 seconds
[2025-12-30T17:50:06.089+0000] {processor.py:161} INFO - Started process (PID=870) to work on /opt/airflow/dags/refrence_setup.py
[2025-12-30T17:50:06.090+0000] {processor.py:830} INFO - Processing file /opt/airflow/dags/refrence_setup.py for tasks to queue
[2025-12-30T17:50:06.092+0000] {logging_mixin.py:188} INFO - [2025-12-30T17:50:06.091+0000] {dagbag.py:545} INFO - Filling up the DagBag from /opt/airflow/dags/refrence_setup.py
[2025-12-30T17:50:06.118+0000] {processor.py:840} INFO - DAG(s) 'reference_setup' retrieved from /opt/airflow/dags/refrence_setup.py
[2025-12-30T17:50:06.166+0000] {logging_mixin.py:188} INFO - [2025-12-30T17:50:06.166+0000] {dag.py:3089} INFO - Sync 1 DAGs
[2025-12-30T17:50:06.207+0000] {logging_mixin.py:188} INFO - [2025-12-30T17:50:06.206+0000] {dag.py:3947} INFO - Setting next_dagrun for reference_setup to 2025-12-30 00:00:00+00:00, run_after=2025-12-31 00:00:00+00:00
[2025-12-30T17:50:06.267+0000] {processor.py:183} INFO - Processing /opt/airflow/dags/refrence_setup.py took 0.185 seconds
[2025-12-30T17:50:36.437+0000] {processor.py:161} INFO - Started process (PID=880) to work on /opt/airflow/dags/refrence_setup.py
[2025-12-30T17:50:36.438+0000] {processor.py:830} INFO - Processing file /opt/airflow/dags/refrence_setup.py for tasks to queue
[2025-12-30T17:50:36.440+0000] {logging_mixin.py:188} INFO - [2025-12-30T17:50:36.439+0000] {dagbag.py:545} INFO - Filling up the DagBag from /opt/airflow/dags/refrence_setup.py
[2025-12-30T17:50:36.467+0000] {processor.py:840} INFO - DAG(s) 'reference_setup' retrieved from /opt/airflow/dags/refrence_setup.py
[2025-12-30T17:50:36.521+0000] {logging_mixin.py:188} INFO - [2025-12-30T17:50:36.521+0000] {dag.py:3089} INFO - Sync 1 DAGs
[2025-12-30T17:50:36.561+0000] {logging_mixin.py:188} INFO - [2025-12-30T17:50:36.561+0000] {dag.py:3947} INFO - Setting next_dagrun for reference_setup to 2025-12-30 00:00:00+00:00, run_after=2025-12-31 00:00:00+00:00
[2025-12-30T17:50:36.605+0000] {processor.py:183} INFO - Processing /opt/airflow/dags/refrence_setup.py took 0.175 seconds
[2025-12-30T17:51:06.819+0000] {processor.py:161} INFO - Started process (PID=890) to work on /opt/airflow/dags/refrence_setup.py
[2025-12-30T17:51:06.820+0000] {processor.py:830} INFO - Processing file /opt/airflow/dags/refrence_setup.py for tasks to queue
[2025-12-30T17:51:06.822+0000] {logging_mixin.py:188} INFO - [2025-12-30T17:51:06.822+0000] {dagbag.py:545} INFO - Filling up the DagBag from /opt/airflow/dags/refrence_setup.py
[2025-12-30T17:51:06.850+0000] {processor.py:840} INFO - DAG(s) 'reference_setup' retrieved from /opt/airflow/dags/refrence_setup.py
[2025-12-30T17:51:06.903+0000] {logging_mixin.py:188} INFO - [2025-12-30T17:51:06.902+0000] {dag.py:3089} INFO - Sync 1 DAGs
[2025-12-30T17:51:06.940+0000] {logging_mixin.py:188} INFO - [2025-12-30T17:51:06.939+0000] {dag.py:3947} INFO - Setting next_dagrun for reference_setup to 2025-12-30 00:00:00+00:00, run_after=2025-12-31 00:00:00+00:00
[2025-12-30T17:51:06.970+0000] {processor.py:183} INFO - Processing /opt/airflow/dags/refrence_setup.py took 0.159 seconds
[2025-12-30T17:51:37.293+0000] {processor.py:161} INFO - Started process (PID=900) to work on /opt/airflow/dags/refrence_setup.py
[2025-12-30T17:51:37.294+0000] {processor.py:830} INFO - Processing file /opt/airflow/dags/refrence_setup.py for tasks to queue
[2025-12-30T17:51:37.297+0000] {logging_mixin.py:188} INFO - [2025-12-30T17:51:37.297+0000] {dagbag.py:545} INFO - Filling up the DagBag from /opt/airflow/dags/refrence_setup.py
[2025-12-30T17:51:37.326+0000] {processor.py:840} INFO - DAG(s) 'reference_setup' retrieved from /opt/airflow/dags/refrence_setup.py
[2025-12-30T17:51:37.375+0000] {logging_mixin.py:188} INFO - [2025-12-30T17:51:37.374+0000] {dag.py:3089} INFO - Sync 1 DAGs
[2025-12-30T17:51:37.412+0000] {logging_mixin.py:188} INFO - [2025-12-30T17:51:37.411+0000] {dag.py:3947} INFO - Setting next_dagrun for reference_setup to 2025-12-30 00:00:00+00:00, run_after=2025-12-31 00:00:00+00:00
[2025-12-30T17:51:37.457+0000] {processor.py:183} INFO - Processing /opt/airflow/dags/refrence_setup.py took 0.171 seconds
[2025-12-30T17:52:07.565+0000] {processor.py:161} INFO - Started process (PID=910) to work on /opt/airflow/dags/refrence_setup.py
[2025-12-30T17:52:07.566+0000] {processor.py:830} INFO - Processing file /opt/airflow/dags/refrence_setup.py for tasks to queue
[2025-12-30T17:52:07.568+0000] {logging_mixin.py:188} INFO - [2025-12-30T17:52:07.568+0000] {dagbag.py:545} INFO - Filling up the DagBag from /opt/airflow/dags/refrence_setup.py
[2025-12-30T17:52:07.595+0000] {processor.py:840} INFO - DAG(s) 'reference_setup' retrieved from /opt/airflow/dags/refrence_setup.py
[2025-12-30T17:52:07.642+0000] {logging_mixin.py:188} INFO - [2025-12-30T17:52:07.642+0000] {dag.py:3089} INFO - Sync 1 DAGs
[2025-12-30T17:52:07.679+0000] {logging_mixin.py:188} INFO - [2025-12-30T17:52:07.679+0000] {dag.py:3947} INFO - Setting next_dagrun for reference_setup to 2025-12-30 00:00:00+00:00, run_after=2025-12-31 00:00:00+00:00
[2025-12-30T17:52:07.730+0000] {processor.py:183} INFO - Processing /opt/airflow/dags/refrence_setup.py took 0.172 seconds
[2025-12-30T17:52:37.899+0000] {processor.py:161} INFO - Started process (PID=920) to work on /opt/airflow/dags/refrence_setup.py
[2025-12-30T17:52:37.901+0000] {processor.py:830} INFO - Processing file /opt/airflow/dags/refrence_setup.py for tasks to queue
[2025-12-30T17:52:37.903+0000] {logging_mixin.py:188} INFO - [2025-12-30T17:52:37.903+0000] {dagbag.py:545} INFO - Filling up the DagBag from /opt/airflow/dags/refrence_setup.py
[2025-12-30T17:52:37.939+0000] {processor.py:840} INFO - DAG(s) 'reference_setup' retrieved from /opt/airflow/dags/refrence_setup.py
[2025-12-30T17:52:38.000+0000] {logging_mixin.py:188} INFO - [2025-12-30T17:52:38.000+0000] {dag.py:3089} INFO - Sync 1 DAGs
[2025-12-30T17:52:38.036+0000] {logging_mixin.py:188} INFO - [2025-12-30T17:52:38.035+0000] {dag.py:3947} INFO - Setting next_dagrun for reference_setup to 2025-12-30 00:00:00+00:00, run_after=2025-12-31 00:00:00+00:00
[2025-12-30T17:52:38.087+0000] {processor.py:183} INFO - Processing /opt/airflow/dags/refrence_setup.py took 0.201 seconds
[2025-12-30T17:53:08.270+0000] {processor.py:161} INFO - Started process (PID=930) to work on /opt/airflow/dags/refrence_setup.py
[2025-12-30T17:53:08.271+0000] {processor.py:830} INFO - Processing file /opt/airflow/dags/refrence_setup.py for tasks to queue
[2025-12-30T17:53:08.274+0000] {logging_mixin.py:188} INFO - [2025-12-30T17:53:08.273+0000] {dagbag.py:545} INFO - Filling up the DagBag from /opt/airflow/dags/refrence_setup.py
[2025-12-30T17:53:08.305+0000] {processor.py:840} INFO - DAG(s) 'reference_setup' retrieved from /opt/airflow/dags/refrence_setup.py
[2025-12-30T17:53:08.354+0000] {logging_mixin.py:188} INFO - [2025-12-30T17:53:08.354+0000] {dag.py:3089} INFO - Sync 1 DAGs
[2025-12-30T17:53:08.389+0000] {logging_mixin.py:188} INFO - [2025-12-30T17:53:08.389+0000] {dag.py:3947} INFO - Setting next_dagrun for reference_setup to 2025-12-30 00:00:00+00:00, run_after=2025-12-31 00:00:00+00:00
[2025-12-30T17:53:08.419+0000] {processor.py:183} INFO - Processing /opt/airflow/dags/refrence_setup.py took 0.156 seconds
[2025-12-30T17:53:38.730+0000] {processor.py:161} INFO - Started process (PID=940) to work on /opt/airflow/dags/refrence_setup.py
[2025-12-30T17:53:38.731+0000] {processor.py:830} INFO - Processing file /opt/airflow/dags/refrence_setup.py for tasks to queue
[2025-12-30T17:53:38.733+0000] {logging_mixin.py:188} INFO - [2025-12-30T17:53:38.732+0000] {dagbag.py:545} INFO - Filling up the DagBag from /opt/airflow/dags/refrence_setup.py
[2025-12-30T17:53:38.762+0000] {processor.py:840} INFO - DAG(s) 'reference_setup' retrieved from /opt/airflow/dags/refrence_setup.py
[2025-12-30T17:53:38.812+0000] {logging_mixin.py:188} INFO - [2025-12-30T17:53:38.812+0000] {dag.py:3089} INFO - Sync 1 DAGs
[2025-12-30T17:53:38.852+0000] {logging_mixin.py:188} INFO - [2025-12-30T17:53:38.851+0000] {dag.py:3947} INFO - Setting next_dagrun for reference_setup to 2025-12-30 00:00:00+00:00, run_after=2025-12-31 00:00:00+00:00
[2025-12-30T17:53:38.882+0000] {processor.py:183} INFO - Processing /opt/airflow/dags/refrence_setup.py took 0.159 seconds
[2025-12-30T17:54:09.187+0000] {processor.py:161} INFO - Started process (PID=950) to work on /opt/airflow/dags/refrence_setup.py
[2025-12-30T17:54:09.188+0000] {processor.py:830} INFO - Processing file /opt/airflow/dags/refrence_setup.py for tasks to queue
[2025-12-30T17:54:09.190+0000] {logging_mixin.py:188} INFO - [2025-12-30T17:54:09.190+0000] {dagbag.py:545} INFO - Filling up the DagBag from /opt/airflow/dags/refrence_setup.py
[2025-12-30T17:54:09.220+0000] {processor.py:840} INFO - DAG(s) 'reference_setup' retrieved from /opt/airflow/dags/refrence_setup.py
[2025-12-30T17:54:09.289+0000] {logging_mixin.py:188} INFO - [2025-12-30T17:54:09.289+0000] {dag.py:3089} INFO - Sync 1 DAGs
[2025-12-30T17:54:09.330+0000] {logging_mixin.py:188} INFO - [2025-12-30T17:54:09.329+0000] {dag.py:3947} INFO - Setting next_dagrun for reference_setup to 2025-12-30 00:00:00+00:00, run_after=2025-12-31 00:00:00+00:00
[2025-12-30T17:54:09.362+0000] {processor.py:183} INFO - Processing /opt/airflow/dags/refrence_setup.py took 0.182 seconds
[2025-12-30T17:54:39.470+0000] {processor.py:161} INFO - Started process (PID=960) to work on /opt/airflow/dags/refrence_setup.py
[2025-12-30T17:54:39.471+0000] {processor.py:830} INFO - Processing file /opt/airflow/dags/refrence_setup.py for tasks to queue
[2025-12-30T17:54:39.474+0000] {logging_mixin.py:188} INFO - [2025-12-30T17:54:39.473+0000] {dagbag.py:545} INFO - Filling up the DagBag from /opt/airflow/dags/refrence_setup.py
[2025-12-30T17:54:39.507+0000] {processor.py:840} INFO - DAG(s) 'reference_setup' retrieved from /opt/airflow/dags/refrence_setup.py
[2025-12-30T17:54:39.557+0000] {logging_mixin.py:188} INFO - [2025-12-30T17:54:39.557+0000] {dag.py:3089} INFO - Sync 1 DAGs
[2025-12-30T17:54:39.593+0000] {logging_mixin.py:188} INFO - [2025-12-30T17:54:39.592+0000] {dag.py:3947} INFO - Setting next_dagrun for reference_setup to 2025-12-30 00:00:00+00:00, run_after=2025-12-31 00:00:00+00:00
[2025-12-30T17:54:39.621+0000] {processor.py:183} INFO - Processing /opt/airflow/dags/refrence_setup.py took 0.159 seconds
[2025-12-30T17:55:09.967+0000] {processor.py:161} INFO - Started process (PID=970) to work on /opt/airflow/dags/refrence_setup.py
[2025-12-30T17:55:09.969+0000] {processor.py:830} INFO - Processing file /opt/airflow/dags/refrence_setup.py for tasks to queue
[2025-12-30T17:55:09.971+0000] {logging_mixin.py:188} INFO - [2025-12-30T17:55:09.971+0000] {dagbag.py:545} INFO - Filling up the DagBag from /opt/airflow/dags/refrence_setup.py
[2025-12-30T17:55:10.004+0000] {processor.py:840} INFO - DAG(s) 'reference_setup' retrieved from /opt/airflow/dags/refrence_setup.py
[2025-12-30T17:55:10.052+0000] {logging_mixin.py:188} INFO - [2025-12-30T17:55:10.052+0000] {dag.py:3089} INFO - Sync 1 DAGs
[2025-12-30T17:55:10.091+0000] {logging_mixin.py:188} INFO - [2025-12-30T17:55:10.091+0000] {dag.py:3947} INFO - Setting next_dagrun for reference_setup to 2025-12-30 00:00:00+00:00, run_after=2025-12-31 00:00:00+00:00
[2025-12-30T17:55:10.146+0000] {processor.py:183} INFO - Processing /opt/airflow/dags/refrence_setup.py took 0.190 seconds
[2025-12-30T17:56:19.713+0000] {processor.py:161} INFO - Started process (PID=980) to work on /opt/airflow/dags/refrence_setup.py
[2025-12-30T17:56:19.718+0000] {processor.py:830} INFO - Processing file /opt/airflow/dags/refrence_setup.py for tasks to queue
[2025-12-30T17:56:19.722+0000] {logging_mixin.py:188} INFO - [2025-12-30T17:56:19.721+0000] {dagbag.py:545} INFO - Filling up the DagBag from /opt/airflow/dags/refrence_setup.py
[2025-12-30T17:56:19.869+0000] {processor.py:840} INFO - DAG(s) 'reference_setup' retrieved from /opt/airflow/dags/refrence_setup.py
[2025-12-30T17:56:20.063+0000] {logging_mixin.py:188} INFO - [2025-12-30T17:56:20.062+0000] {dag.py:3089} INFO - Sync 1 DAGs
[2025-12-30T17:56:20.185+0000] {logging_mixin.py:188} INFO - [2025-12-30T17:56:20.185+0000] {dag.py:3947} INFO - Setting next_dagrun for reference_setup to 2025-12-30 00:00:00+00:00, run_after=2025-12-31 00:00:00+00:00
[2025-12-30T17:56:20.287+0000] {processor.py:183} INFO - Processing /opt/airflow/dags/refrence_setup.py took 0.598 seconds
[2025-12-30T17:56:50.906+0000] {processor.py:161} INFO - Started process (PID=990) to work on /opt/airflow/dags/refrence_setup.py
[2025-12-30T17:56:50.907+0000] {processor.py:830} INFO - Processing file /opt/airflow/dags/refrence_setup.py for tasks to queue
[2025-12-30T17:56:50.912+0000] {logging_mixin.py:188} INFO - [2025-12-30T17:56:50.911+0000] {dagbag.py:545} INFO - Filling up the DagBag from /opt/airflow/dags/refrence_setup.py
[2025-12-30T17:56:50.947+0000] {processor.py:840} INFO - DAG(s) 'reference_setup' retrieved from /opt/airflow/dags/refrence_setup.py
[2025-12-30T17:56:51.005+0000] {logging_mixin.py:188} INFO - [2025-12-30T17:56:51.005+0000] {dag.py:3089} INFO - Sync 1 DAGs
[2025-12-30T17:56:51.048+0000] {logging_mixin.py:188} INFO - [2025-12-30T17:56:51.048+0000] {dag.py:3947} INFO - Setting next_dagrun for reference_setup to 2025-12-30 00:00:00+00:00, run_after=2025-12-31 00:00:00+00:00
[2025-12-30T17:56:51.089+0000] {processor.py:183} INFO - Processing /opt/airflow/dags/refrence_setup.py took 0.193 seconds
[2025-12-30T17:57:21.444+0000] {processor.py:161} INFO - Started process (PID=1000) to work on /opt/airflow/dags/refrence_setup.py
[2025-12-30T17:57:21.446+0000] {processor.py:830} INFO - Processing file /opt/airflow/dags/refrence_setup.py for tasks to queue
[2025-12-30T17:57:21.449+0000] {logging_mixin.py:188} INFO - [2025-12-30T17:57:21.448+0000] {dagbag.py:545} INFO - Filling up the DagBag from /opt/airflow/dags/refrence_setup.py
[2025-12-30T17:57:21.481+0000] {processor.py:840} INFO - DAG(s) 'reference_setup' retrieved from /opt/airflow/dags/refrence_setup.py
[2025-12-30T17:57:21.533+0000] {logging_mixin.py:188} INFO - [2025-12-30T17:57:21.532+0000] {dag.py:3089} INFO - Sync 1 DAGs
[2025-12-30T17:57:21.569+0000] {logging_mixin.py:188} INFO - [2025-12-30T17:57:21.568+0000] {dag.py:3947} INFO - Setting next_dagrun for reference_setup to 2025-12-30 00:00:00+00:00, run_after=2025-12-31 00:00:00+00:00
[2025-12-30T17:57:21.598+0000] {processor.py:183} INFO - Processing /opt/airflow/dags/refrence_setup.py took 0.163 seconds
[2025-12-30T17:57:51.766+0000] {processor.py:161} INFO - Started process (PID=1010) to work on /opt/airflow/dags/refrence_setup.py
[2025-12-30T17:57:51.768+0000] {processor.py:830} INFO - Processing file /opt/airflow/dags/refrence_setup.py for tasks to queue
[2025-12-30T17:57:51.771+0000] {logging_mixin.py:188} INFO - [2025-12-30T17:57:51.771+0000] {dagbag.py:545} INFO - Filling up the DagBag from /opt/airflow/dags/refrence_setup.py
[2025-12-30T17:57:51.814+0000] {processor.py:840} INFO - DAG(s) 'reference_setup' retrieved from /opt/airflow/dags/refrence_setup.py
[2025-12-30T17:57:51.884+0000] {logging_mixin.py:188} INFO - [2025-12-30T17:57:51.884+0000] {dag.py:3089} INFO - Sync 1 DAGs
[2025-12-30T17:57:51.937+0000] {logging_mixin.py:188} INFO - [2025-12-30T17:57:51.937+0000] {dag.py:3947} INFO - Setting next_dagrun for reference_setup to 2025-12-30 00:00:00+00:00, run_after=2025-12-31 00:00:00+00:00
[2025-12-30T17:57:51.972+0000] {processor.py:183} INFO - Processing /opt/airflow/dags/refrence_setup.py took 0.222 seconds
[2025-12-30T17:58:22.343+0000] {processor.py:161} INFO - Started process (PID=1020) to work on /opt/airflow/dags/refrence_setup.py
[2025-12-30T17:58:22.345+0000] {processor.py:830} INFO - Processing file /opt/airflow/dags/refrence_setup.py for tasks to queue
[2025-12-30T17:58:22.350+0000] {logging_mixin.py:188} INFO - [2025-12-30T17:58:22.349+0000] {dagbag.py:545} INFO - Filling up the DagBag from /opt/airflow/dags/refrence_setup.py
[2025-12-30T17:58:22.393+0000] {processor.py:840} INFO - DAG(s) 'reference_setup' retrieved from /opt/airflow/dags/refrence_setup.py
[2025-12-30T17:58:22.456+0000] {logging_mixin.py:188} INFO - [2025-12-30T17:58:22.455+0000] {dag.py:3089} INFO - Sync 1 DAGs
[2025-12-30T17:58:22.504+0000] {logging_mixin.py:188} INFO - [2025-12-30T17:58:22.503+0000] {dag.py:3947} INFO - Setting next_dagrun for reference_setup to 2025-12-30 00:00:00+00:00, run_after=2025-12-31 00:00:00+00:00
[2025-12-30T17:58:22.540+0000] {processor.py:183} INFO - Processing /opt/airflow/dags/refrence_setup.py took 0.207 seconds
