[2025-12-30T17:16:39.401+0000] {processor.py:161} INFO - Started process (PID=189) to work on /opt/airflow/dags/weather_hourly.py
[2025-12-30T17:16:39.403+0000] {processor.py:830} INFO - Processing file /opt/airflow/dags/weather_hourly.py for tasks to queue
[2025-12-30T17:16:39.407+0000] {logging_mixin.py:188} INFO - [2025-12-30T17:16:39.406+0000] {dagbag.py:545} INFO - Filling up the DagBag from /opt/airflow/dags/weather_hourly.py
[2025-12-30T17:16:39.450+0000] {processor.py:840} INFO - DAG(s) 'weather_hourly' retrieved from /opt/airflow/dags/weather_hourly.py
[2025-12-30T17:16:40.112+0000] {logging_mixin.py:188} INFO - [2025-12-30T17:16:40.111+0000] {override.py:1858} INFO - Created Permission View: can read on DAG:weather_hourly
[2025-12-30T17:16:40.128+0000] {logging_mixin.py:188} INFO - [2025-12-30T17:16:40.127+0000] {override.py:1858} INFO - Created Permission View: can delete on DAG:weather_hourly
[2025-12-30T17:16:40.139+0000] {logging_mixin.py:188} INFO - [2025-12-30T17:16:40.139+0000] {override.py:1858} INFO - Created Permission View: can edit on DAG:weather_hourly
[2025-12-30T17:16:40.140+0000] {logging_mixin.py:188} INFO - [2025-12-30T17:16:40.140+0000] {dag.py:3089} INFO - Sync 1 DAGs
[2025-12-30T17:16:40.157+0000] {logging_mixin.py:188} INFO - [2025-12-30T17:16:40.157+0000] {dag.py:3111} INFO - Creating ORM DAG for weather_hourly
[2025-12-30T17:16:40.174+0000] {logging_mixin.py:188} INFO - [2025-12-30T17:16:40.173+0000] {dag.py:3947} INFO - Setting next_dagrun for weather_hourly to 2025-12-30 16:15:00+00:00, run_after=2025-12-30 17:15:00+00:00
[2025-12-30T17:16:40.210+0000] {processor.py:183} INFO - Processing /opt/airflow/dags/weather_hourly.py took 0.818 seconds
[2025-12-30T17:17:10.350+0000] {processor.py:161} INFO - Started process (PID=206) to work on /opt/airflow/dags/weather_hourly.py
[2025-12-30T17:17:10.352+0000] {processor.py:830} INFO - Processing file /opt/airflow/dags/weather_hourly.py for tasks to queue
[2025-12-30T17:17:10.355+0000] {logging_mixin.py:188} INFO - [2025-12-30T17:17:10.354+0000] {dagbag.py:545} INFO - Filling up the DagBag from /opt/airflow/dags/weather_hourly.py
[2025-12-30T17:17:10.390+0000] {processor.py:840} INFO - DAG(s) 'weather_hourly' retrieved from /opt/airflow/dags/weather_hourly.py
[2025-12-30T17:17:10.437+0000] {logging_mixin.py:188} INFO - [2025-12-30T17:17:10.437+0000] {dag.py:3089} INFO - Sync 1 DAGs
[2025-12-30T17:17:10.499+0000] {processor.py:183} INFO - Processing /opt/airflow/dags/weather_hourly.py took 0.160 seconds
[2025-12-30T17:17:40.689+0000] {processor.py:161} INFO - Started process (PID=219) to work on /opt/airflow/dags/weather_hourly.py
[2025-12-30T17:17:40.690+0000] {processor.py:830} INFO - Processing file /opt/airflow/dags/weather_hourly.py for tasks to queue
[2025-12-30T17:17:40.693+0000] {logging_mixin.py:188} INFO - [2025-12-30T17:17:40.692+0000] {dagbag.py:545} INFO - Filling up the DagBag from /opt/airflow/dags/weather_hourly.py
[2025-12-30T17:17:40.733+0000] {processor.py:840} INFO - DAG(s) 'weather_hourly' retrieved from /opt/airflow/dags/weather_hourly.py
[2025-12-30T17:17:40.786+0000] {logging_mixin.py:188} INFO - [2025-12-30T17:17:40.785+0000] {dag.py:3089} INFO - Sync 1 DAGs
[2025-12-30T17:17:40.844+0000] {processor.py:183} INFO - Processing /opt/airflow/dags/weather_hourly.py took 0.164 seconds
[2025-12-30T17:18:11.166+0000] {processor.py:161} INFO - Started process (PID=237) to work on /opt/airflow/dags/weather_hourly.py
[2025-12-30T17:18:11.168+0000] {processor.py:830} INFO - Processing file /opt/airflow/dags/weather_hourly.py for tasks to queue
[2025-12-30T17:18:11.172+0000] {logging_mixin.py:188} INFO - [2025-12-30T17:18:11.171+0000] {dagbag.py:545} INFO - Filling up the DagBag from /opt/airflow/dags/weather_hourly.py
[2025-12-30T17:18:11.207+0000] {processor.py:840} INFO - DAG(s) 'weather_hourly' retrieved from /opt/airflow/dags/weather_hourly.py
[2025-12-30T17:18:11.256+0000] {logging_mixin.py:188} INFO - [2025-12-30T17:18:11.255+0000] {dag.py:3089} INFO - Sync 1 DAGs
[2025-12-30T17:18:11.294+0000] {logging_mixin.py:188} INFO - [2025-12-30T17:18:11.294+0000] {dag.py:3947} INFO - Setting next_dagrun for weather_hourly to 2025-12-30 17:15:00+00:00, run_after=2025-12-30 18:15:00+00:00
[2025-12-30T17:18:11.324+0000] {processor.py:183} INFO - Processing /opt/airflow/dags/weather_hourly.py took 0.169 seconds
[2025-12-30T17:18:41.458+0000] {processor.py:161} INFO - Started process (PID=247) to work on /opt/airflow/dags/weather_hourly.py
[2025-12-30T17:18:41.460+0000] {processor.py:830} INFO - Processing file /opt/airflow/dags/weather_hourly.py for tasks to queue
[2025-12-30T17:18:41.463+0000] {logging_mixin.py:188} INFO - [2025-12-30T17:18:41.462+0000] {dagbag.py:545} INFO - Filling up the DagBag from /opt/airflow/dags/weather_hourly.py
[2025-12-30T17:18:41.494+0000] {processor.py:840} INFO - DAG(s) 'weather_hourly' retrieved from /opt/airflow/dags/weather_hourly.py
[2025-12-30T17:18:41.538+0000] {logging_mixin.py:188} INFO - [2025-12-30T17:18:41.538+0000] {dag.py:3089} INFO - Sync 1 DAGs
[2025-12-30T17:18:41.574+0000] {logging_mixin.py:188} INFO - [2025-12-30T17:18:41.573+0000] {dag.py:3947} INFO - Setting next_dagrun for weather_hourly to 2025-12-30 17:15:00+00:00, run_after=2025-12-30 18:15:00+00:00
[2025-12-30T17:18:41.603+0000] {processor.py:183} INFO - Processing /opt/airflow/dags/weather_hourly.py took 0.156 seconds
[2025-12-30T17:19:11.838+0000] {processor.py:161} INFO - Started process (PID=257) to work on /opt/airflow/dags/weather_hourly.py
[2025-12-30T17:19:11.840+0000] {processor.py:830} INFO - Processing file /opt/airflow/dags/weather_hourly.py for tasks to queue
[2025-12-30T17:19:11.842+0000] {logging_mixin.py:188} INFO - [2025-12-30T17:19:11.842+0000] {dagbag.py:545} INFO - Filling up the DagBag from /opt/airflow/dags/weather_hourly.py
[2025-12-30T17:19:11.870+0000] {processor.py:840} INFO - DAG(s) 'weather_hourly' retrieved from /opt/airflow/dags/weather_hourly.py
[2025-12-30T17:19:11.921+0000] {logging_mixin.py:188} INFO - [2025-12-30T17:19:11.920+0000] {dag.py:3089} INFO - Sync 1 DAGs
[2025-12-30T17:19:11.966+0000] {logging_mixin.py:188} INFO - [2025-12-30T17:19:11.966+0000] {dag.py:3947} INFO - Setting next_dagrun for weather_hourly to 2025-12-30 17:15:00+00:00, run_after=2025-12-30 18:15:00+00:00
[2025-12-30T17:19:12.029+0000] {processor.py:183} INFO - Processing /opt/airflow/dags/weather_hourly.py took 0.198 seconds
[2025-12-30T17:19:42.128+0000] {processor.py:161} INFO - Started process (PID=267) to work on /opt/airflow/dags/weather_hourly.py
[2025-12-30T17:19:42.130+0000] {processor.py:830} INFO - Processing file /opt/airflow/dags/weather_hourly.py for tasks to queue
[2025-12-30T17:19:42.134+0000] {logging_mixin.py:188} INFO - [2025-12-30T17:19:42.133+0000] {dagbag.py:545} INFO - Filling up the DagBag from /opt/airflow/dags/weather_hourly.py
[2025-12-30T17:19:42.169+0000] {processor.py:840} INFO - DAG(s) 'weather_hourly' retrieved from /opt/airflow/dags/weather_hourly.py
[2025-12-30T17:19:42.221+0000] {logging_mixin.py:188} INFO - [2025-12-30T17:19:42.220+0000] {dag.py:3089} INFO - Sync 1 DAGs
[2025-12-30T17:19:42.262+0000] {logging_mixin.py:188} INFO - [2025-12-30T17:19:42.261+0000] {dag.py:3947} INFO - Setting next_dagrun for weather_hourly to 2025-12-30 17:15:00+00:00, run_after=2025-12-30 18:15:00+00:00
[2025-12-30T17:19:42.291+0000] {processor.py:183} INFO - Processing /opt/airflow/dags/weather_hourly.py took 0.172 seconds
[2025-12-30T17:20:12.605+0000] {processor.py:161} INFO - Started process (PID=277) to work on /opt/airflow/dags/weather_hourly.py
[2025-12-30T17:20:12.606+0000] {processor.py:830} INFO - Processing file /opt/airflow/dags/weather_hourly.py for tasks to queue
[2025-12-30T17:20:12.609+0000] {logging_mixin.py:188} INFO - [2025-12-30T17:20:12.608+0000] {dagbag.py:545} INFO - Filling up the DagBag from /opt/airflow/dags/weather_hourly.py
[2025-12-30T17:20:12.636+0000] {processor.py:840} INFO - DAG(s) 'weather_hourly' retrieved from /opt/airflow/dags/weather_hourly.py
[2025-12-30T17:20:12.692+0000] {logging_mixin.py:188} INFO - [2025-12-30T17:20:12.692+0000] {dag.py:3089} INFO - Sync 1 DAGs
[2025-12-30T17:20:12.732+0000] {logging_mixin.py:188} INFO - [2025-12-30T17:20:12.732+0000] {dag.py:3947} INFO - Setting next_dagrun for weather_hourly to 2025-12-30 17:15:00+00:00, run_after=2025-12-30 18:15:00+00:00
[2025-12-30T17:20:12.767+0000] {processor.py:183} INFO - Processing /opt/airflow/dags/weather_hourly.py took 0.170 seconds
[2025-12-30T17:20:43.079+0000] {processor.py:161} INFO - Started process (PID=287) to work on /opt/airflow/dags/weather_hourly.py
[2025-12-30T17:20:43.080+0000] {processor.py:830} INFO - Processing file /opt/airflow/dags/weather_hourly.py for tasks to queue
[2025-12-30T17:20:43.086+0000] {logging_mixin.py:188} INFO - [2025-12-30T17:20:43.085+0000] {dagbag.py:545} INFO - Filling up the DagBag from /opt/airflow/dags/weather_hourly.py
[2025-12-30T17:20:43.121+0000] {processor.py:840} INFO - DAG(s) 'weather_hourly' retrieved from /opt/airflow/dags/weather_hourly.py
[2025-12-30T17:20:43.175+0000] {logging_mixin.py:188} INFO - [2025-12-30T17:20:43.174+0000] {dag.py:3089} INFO - Sync 1 DAGs
[2025-12-30T17:20:43.215+0000] {logging_mixin.py:188} INFO - [2025-12-30T17:20:43.215+0000] {dag.py:3947} INFO - Setting next_dagrun for weather_hourly to 2025-12-30 17:15:00+00:00, run_after=2025-12-30 18:15:00+00:00
[2025-12-30T17:20:43.246+0000] {processor.py:183} INFO - Processing /opt/airflow/dags/weather_hourly.py took 0.178 seconds
[2025-12-30T17:21:13.553+0000] {processor.py:161} INFO - Started process (PID=297) to work on /opt/airflow/dags/weather_hourly.py
[2025-12-30T17:21:13.555+0000] {processor.py:830} INFO - Processing file /opt/airflow/dags/weather_hourly.py for tasks to queue
[2025-12-30T17:21:13.557+0000] {logging_mixin.py:188} INFO - [2025-12-30T17:21:13.557+0000] {dagbag.py:545} INFO - Filling up the DagBag from /opt/airflow/dags/weather_hourly.py
[2025-12-30T17:21:13.592+0000] {processor.py:840} INFO - DAG(s) 'weather_hourly' retrieved from /opt/airflow/dags/weather_hourly.py
[2025-12-30T17:21:13.650+0000] {logging_mixin.py:188} INFO - [2025-12-30T17:21:13.650+0000] {dag.py:3089} INFO - Sync 1 DAGs
[2025-12-30T17:21:13.689+0000] {logging_mixin.py:188} INFO - [2025-12-30T17:21:13.688+0000] {dag.py:3947} INFO - Setting next_dagrun for weather_hourly to 2025-12-30 17:15:00+00:00, run_after=2025-12-30 18:15:00+00:00
[2025-12-30T17:21:13.747+0000] {processor.py:183} INFO - Processing /opt/airflow/dags/weather_hourly.py took 0.208 seconds
[2025-12-30T17:21:43.893+0000] {processor.py:161} INFO - Started process (PID=307) to work on /opt/airflow/dags/weather_hourly.py
[2025-12-30T17:21:43.894+0000] {processor.py:830} INFO - Processing file /opt/airflow/dags/weather_hourly.py for tasks to queue
[2025-12-30T17:21:43.896+0000] {logging_mixin.py:188} INFO - [2025-12-30T17:21:43.896+0000] {dagbag.py:545} INFO - Filling up the DagBag from /opt/airflow/dags/weather_hourly.py
[2025-12-30T17:21:43.925+0000] {processor.py:840} INFO - DAG(s) 'weather_hourly' retrieved from /opt/airflow/dags/weather_hourly.py
[2025-12-30T17:21:43.985+0000] {logging_mixin.py:188} INFO - [2025-12-30T17:21:43.985+0000] {dag.py:3089} INFO - Sync 1 DAGs
[2025-12-30T17:21:44.023+0000] {logging_mixin.py:188} INFO - [2025-12-30T17:21:44.022+0000] {dag.py:3947} INFO - Setting next_dagrun for weather_hourly to 2025-12-30 17:15:00+00:00, run_after=2025-12-30 18:15:00+00:00
[2025-12-30T17:21:44.080+0000] {processor.py:183} INFO - Processing /opt/airflow/dags/weather_hourly.py took 0.194 seconds
[2025-12-30T17:22:14.266+0000] {processor.py:161} INFO - Started process (PID=317) to work on /opt/airflow/dags/weather_hourly.py
[2025-12-30T17:22:14.267+0000] {processor.py:830} INFO - Processing file /opt/airflow/dags/weather_hourly.py for tasks to queue
[2025-12-30T17:22:14.269+0000] {logging_mixin.py:188} INFO - [2025-12-30T17:22:14.269+0000] {dagbag.py:545} INFO - Filling up the DagBag from /opt/airflow/dags/weather_hourly.py
[2025-12-30T17:22:14.298+0000] {processor.py:840} INFO - DAG(s) 'weather_hourly' retrieved from /opt/airflow/dags/weather_hourly.py
[2025-12-30T17:22:14.378+0000] {logging_mixin.py:188} INFO - [2025-12-30T17:22:14.378+0000] {dag.py:3089} INFO - Sync 1 DAGs
[2025-12-30T17:22:14.415+0000] {logging_mixin.py:188} INFO - [2025-12-30T17:22:14.414+0000] {dag.py:3947} INFO - Setting next_dagrun for weather_hourly to 2025-12-30 17:15:00+00:00, run_after=2025-12-30 18:15:00+00:00
[2025-12-30T17:22:14.446+0000] {processor.py:183} INFO - Processing /opt/airflow/dags/weather_hourly.py took 0.191 seconds
[2025-12-30T17:22:44.654+0000] {processor.py:161} INFO - Started process (PID=327) to work on /opt/airflow/dags/weather_hourly.py
[2025-12-30T17:22:44.655+0000] {processor.py:830} INFO - Processing file /opt/airflow/dags/weather_hourly.py for tasks to queue
[2025-12-30T17:22:44.657+0000] {logging_mixin.py:188} INFO - [2025-12-30T17:22:44.657+0000] {dagbag.py:545} INFO - Filling up the DagBag from /opt/airflow/dags/weather_hourly.py
[2025-12-30T17:22:44.688+0000] {processor.py:840} INFO - DAG(s) 'weather_hourly' retrieved from /opt/airflow/dags/weather_hourly.py
[2025-12-30T17:22:44.737+0000] {logging_mixin.py:188} INFO - [2025-12-30T17:22:44.737+0000] {dag.py:3089} INFO - Sync 1 DAGs
[2025-12-30T17:22:44.777+0000] {logging_mixin.py:188} INFO - [2025-12-30T17:22:44.776+0000] {dag.py:3947} INFO - Setting next_dagrun for weather_hourly to 2025-12-30 17:15:00+00:00, run_after=2025-12-30 18:15:00+00:00
[2025-12-30T17:22:44.838+0000] {processor.py:183} INFO - Processing /opt/airflow/dags/weather_hourly.py took 0.193 seconds
[2025-12-30T17:23:14.951+0000] {processor.py:161} INFO - Started process (PID=337) to work on /opt/airflow/dags/weather_hourly.py
[2025-12-30T17:23:14.955+0000] {processor.py:830} INFO - Processing file /opt/airflow/dags/weather_hourly.py for tasks to queue
[2025-12-30T17:23:14.957+0000] {logging_mixin.py:188} INFO - [2025-12-30T17:23:14.957+0000] {dagbag.py:545} INFO - Filling up the DagBag from /opt/airflow/dags/weather_hourly.py
[2025-12-30T17:23:14.987+0000] {processor.py:840} INFO - DAG(s) 'weather_hourly' retrieved from /opt/airflow/dags/weather_hourly.py
[2025-12-30T17:23:15.039+0000] {logging_mixin.py:188} INFO - [2025-12-30T17:23:15.039+0000] {dag.py:3089} INFO - Sync 1 DAGs
[2025-12-30T17:23:15.077+0000] {logging_mixin.py:188} INFO - [2025-12-30T17:23:15.077+0000] {dag.py:3947} INFO - Setting next_dagrun for weather_hourly to 2025-12-30 17:15:00+00:00, run_after=2025-12-30 18:15:00+00:00
[2025-12-30T17:23:15.139+0000] {processor.py:183} INFO - Processing /opt/airflow/dags/weather_hourly.py took 0.197 seconds
[2025-12-30T17:23:45.351+0000] {processor.py:161} INFO - Started process (PID=347) to work on /opt/airflow/dags/weather_hourly.py
[2025-12-30T17:23:45.352+0000] {processor.py:830} INFO - Processing file /opt/airflow/dags/weather_hourly.py for tasks to queue
[2025-12-30T17:23:45.354+0000] {logging_mixin.py:188} INFO - [2025-12-30T17:23:45.354+0000] {dagbag.py:545} INFO - Filling up the DagBag from /opt/airflow/dags/weather_hourly.py
[2025-12-30T17:23:45.385+0000] {processor.py:840} INFO - DAG(s) 'weather_hourly' retrieved from /opt/airflow/dags/weather_hourly.py
[2025-12-30T17:23:45.442+0000] {logging_mixin.py:188} INFO - [2025-12-30T17:23:45.442+0000] {dag.py:3089} INFO - Sync 1 DAGs
[2025-12-30T17:23:45.486+0000] {logging_mixin.py:188} INFO - [2025-12-30T17:23:45.485+0000] {dag.py:3947} INFO - Setting next_dagrun for weather_hourly to 2025-12-30 17:15:00+00:00, run_after=2025-12-30 18:15:00+00:00
[2025-12-30T17:23:45.518+0000] {processor.py:183} INFO - Processing /opt/airflow/dags/weather_hourly.py took 0.175 seconds
[2025-12-30T17:24:15.677+0000] {processor.py:161} INFO - Started process (PID=357) to work on /opt/airflow/dags/weather_hourly.py
[2025-12-30T17:24:15.689+0000] {processor.py:830} INFO - Processing file /opt/airflow/dags/weather_hourly.py for tasks to queue
[2025-12-30T17:24:15.692+0000] {logging_mixin.py:188} INFO - [2025-12-30T17:24:15.691+0000] {dagbag.py:545} INFO - Filling up the DagBag from /opt/airflow/dags/weather_hourly.py
[2025-12-30T17:24:15.739+0000] {processor.py:840} INFO - DAG(s) 'weather_hourly' retrieved from /opt/airflow/dags/weather_hourly.py
[2025-12-30T17:24:15.800+0000] {logging_mixin.py:188} INFO - [2025-12-30T17:24:15.800+0000] {dag.py:3089} INFO - Sync 1 DAGs
[2025-12-30T17:24:15.841+0000] {logging_mixin.py:188} INFO - [2025-12-30T17:24:15.840+0000] {dag.py:3947} INFO - Setting next_dagrun for weather_hourly to 2025-12-30 17:15:00+00:00, run_after=2025-12-30 18:15:00+00:00
[2025-12-30T17:24:15.900+0000] {processor.py:183} INFO - Processing /opt/airflow/dags/weather_hourly.py took 0.235 seconds
[2025-12-30T17:24:46.045+0000] {processor.py:161} INFO - Started process (PID=367) to work on /opt/airflow/dags/weather_hourly.py
[2025-12-30T17:24:46.047+0000] {processor.py:830} INFO - Processing file /opt/airflow/dags/weather_hourly.py for tasks to queue
[2025-12-30T17:24:46.049+0000] {logging_mixin.py:188} INFO - [2025-12-30T17:24:46.049+0000] {dagbag.py:545} INFO - Filling up the DagBag from /opt/airflow/dags/weather_hourly.py
[2025-12-30T17:24:46.085+0000] {processor.py:840} INFO - DAG(s) 'weather_hourly' retrieved from /opt/airflow/dags/weather_hourly.py
[2025-12-30T17:24:46.137+0000] {logging_mixin.py:188} INFO - [2025-12-30T17:24:46.136+0000] {dag.py:3089} INFO - Sync 1 DAGs
[2025-12-30T17:24:46.175+0000] {logging_mixin.py:188} INFO - [2025-12-30T17:24:46.175+0000] {dag.py:3947} INFO - Setting next_dagrun for weather_hourly to 2025-12-30 17:15:00+00:00, run_after=2025-12-30 18:15:00+00:00
[2025-12-30T17:24:46.205+0000] {processor.py:183} INFO - Processing /opt/airflow/dags/weather_hourly.py took 0.169 seconds
[2025-12-30T17:25:16.520+0000] {processor.py:161} INFO - Started process (PID=377) to work on /opt/airflow/dags/weather_hourly.py
[2025-12-30T17:25:16.522+0000] {processor.py:830} INFO - Processing file /opt/airflow/dags/weather_hourly.py for tasks to queue
[2025-12-30T17:25:16.524+0000] {logging_mixin.py:188} INFO - [2025-12-30T17:25:16.524+0000] {dagbag.py:545} INFO - Filling up the DagBag from /opt/airflow/dags/weather_hourly.py
[2025-12-30T17:25:16.558+0000] {processor.py:840} INFO - DAG(s) 'weather_hourly' retrieved from /opt/airflow/dags/weather_hourly.py
[2025-12-30T17:25:16.613+0000] {logging_mixin.py:188} INFO - [2025-12-30T17:25:16.613+0000] {dag.py:3089} INFO - Sync 1 DAGs
[2025-12-30T17:25:16.656+0000] {logging_mixin.py:188} INFO - [2025-12-30T17:25:16.656+0000] {dag.py:3947} INFO - Setting next_dagrun for weather_hourly to 2025-12-30 17:15:00+00:00, run_after=2025-12-30 18:15:00+00:00
[2025-12-30T17:25:16.692+0000] {processor.py:183} INFO - Processing /opt/airflow/dags/weather_hourly.py took 0.181 seconds
[2025-12-30T17:25:47.009+0000] {processor.py:161} INFO - Started process (PID=387) to work on /opt/airflow/dags/weather_hourly.py
[2025-12-30T17:25:47.010+0000] {processor.py:830} INFO - Processing file /opt/airflow/dags/weather_hourly.py for tasks to queue
[2025-12-30T17:25:47.013+0000] {logging_mixin.py:188} INFO - [2025-12-30T17:25:47.013+0000] {dagbag.py:545} INFO - Filling up the DagBag from /opt/airflow/dags/weather_hourly.py
[2025-12-30T17:25:47.047+0000] {processor.py:840} INFO - DAG(s) 'weather_hourly' retrieved from /opt/airflow/dags/weather_hourly.py
[2025-12-30T17:25:47.106+0000] {logging_mixin.py:188} INFO - [2025-12-30T17:25:47.106+0000] {dag.py:3089} INFO - Sync 1 DAGs
[2025-12-30T17:25:47.142+0000] {logging_mixin.py:188} INFO - [2025-12-30T17:25:47.142+0000] {dag.py:3947} INFO - Setting next_dagrun for weather_hourly to 2025-12-30 17:15:00+00:00, run_after=2025-12-30 18:15:00+00:00
[2025-12-30T17:25:47.207+0000] {processor.py:183} INFO - Processing /opt/airflow/dags/weather_hourly.py took 0.207 seconds
[2025-12-30T17:26:17.283+0000] {processor.py:161} INFO - Started process (PID=397) to work on /opt/airflow/dags/weather_hourly.py
[2025-12-30T17:26:17.284+0000] {processor.py:830} INFO - Processing file /opt/airflow/dags/weather_hourly.py for tasks to queue
[2025-12-30T17:26:17.286+0000] {logging_mixin.py:188} INFO - [2025-12-30T17:26:17.285+0000] {dagbag.py:545} INFO - Filling up the DagBag from /opt/airflow/dags/weather_hourly.py
[2025-12-30T17:26:17.311+0000] {processor.py:840} INFO - DAG(s) 'weather_hourly' retrieved from /opt/airflow/dags/weather_hourly.py
[2025-12-30T17:26:17.353+0000] {logging_mixin.py:188} INFO - [2025-12-30T17:26:17.353+0000] {dag.py:3089} INFO - Sync 1 DAGs
[2025-12-30T17:26:17.390+0000] {logging_mixin.py:188} INFO - [2025-12-30T17:26:17.389+0000] {dag.py:3947} INFO - Setting next_dagrun for weather_hourly to 2025-12-30 17:15:00+00:00, run_after=2025-12-30 18:15:00+00:00
[2025-12-30T17:26:17.420+0000] {processor.py:183} INFO - Processing /opt/airflow/dags/weather_hourly.py took 0.144 seconds
[2025-12-30T17:26:47.756+0000] {processor.py:161} INFO - Started process (PID=407) to work on /opt/airflow/dags/weather_hourly.py
[2025-12-30T17:26:47.757+0000] {processor.py:830} INFO - Processing file /opt/airflow/dags/weather_hourly.py for tasks to queue
[2025-12-30T17:26:47.760+0000] {logging_mixin.py:188} INFO - [2025-12-30T17:26:47.759+0000] {dagbag.py:545} INFO - Filling up the DagBag from /opt/airflow/dags/weather_hourly.py
[2025-12-30T17:26:47.789+0000] {processor.py:840} INFO - DAG(s) 'weather_hourly' retrieved from /opt/airflow/dags/weather_hourly.py
[2025-12-30T17:26:47.839+0000] {logging_mixin.py:188} INFO - [2025-12-30T17:26:47.839+0000] {dag.py:3089} INFO - Sync 1 DAGs
[2025-12-30T17:26:47.879+0000] {logging_mixin.py:188} INFO - [2025-12-30T17:26:47.879+0000] {dag.py:3947} INFO - Setting next_dagrun for weather_hourly to 2025-12-30 17:15:00+00:00, run_after=2025-12-30 18:15:00+00:00
[2025-12-30T17:26:47.940+0000] {processor.py:183} INFO - Processing /opt/airflow/dags/weather_hourly.py took 0.193 seconds
[2025-12-30T17:27:18.208+0000] {processor.py:161} INFO - Started process (PID=417) to work on /opt/airflow/dags/weather_hourly.py
[2025-12-30T17:27:18.209+0000] {processor.py:830} INFO - Processing file /opt/airflow/dags/weather_hourly.py for tasks to queue
[2025-12-30T17:27:18.212+0000] {logging_mixin.py:188} INFO - [2025-12-30T17:27:18.212+0000] {dagbag.py:545} INFO - Filling up the DagBag from /opt/airflow/dags/weather_hourly.py
[2025-12-30T17:27:18.243+0000] {processor.py:840} INFO - DAG(s) 'weather_hourly' retrieved from /opt/airflow/dags/weather_hourly.py
[2025-12-30T17:27:18.295+0000] {logging_mixin.py:188} INFO - [2025-12-30T17:27:18.295+0000] {dag.py:3089} INFO - Sync 1 DAGs
[2025-12-30T17:27:18.340+0000] {logging_mixin.py:188} INFO - [2025-12-30T17:27:18.339+0000] {dag.py:3947} INFO - Setting next_dagrun for weather_hourly to 2025-12-30 17:15:00+00:00, run_after=2025-12-30 18:15:00+00:00
[2025-12-30T17:27:18.381+0000] {processor.py:183} INFO - Processing /opt/airflow/dags/weather_hourly.py took 0.182 seconds
[2025-12-30T17:27:48.688+0000] {processor.py:161} INFO - Started process (PID=427) to work on /opt/airflow/dags/weather_hourly.py
[2025-12-30T17:27:48.690+0000] {processor.py:830} INFO - Processing file /opt/airflow/dags/weather_hourly.py for tasks to queue
[2025-12-30T17:27:48.692+0000] {logging_mixin.py:188} INFO - [2025-12-30T17:27:48.691+0000] {dagbag.py:545} INFO - Filling up the DagBag from /opt/airflow/dags/weather_hourly.py
[2025-12-30T17:27:48.722+0000] {processor.py:840} INFO - DAG(s) 'weather_hourly' retrieved from /opt/airflow/dags/weather_hourly.py
[2025-12-30T17:27:48.774+0000] {logging_mixin.py:188} INFO - [2025-12-30T17:27:48.773+0000] {dag.py:3089} INFO - Sync 1 DAGs
[2025-12-30T17:27:48.814+0000] {logging_mixin.py:188} INFO - [2025-12-30T17:27:48.814+0000] {dag.py:3947} INFO - Setting next_dagrun for weather_hourly to 2025-12-30 17:15:00+00:00, run_after=2025-12-30 18:15:00+00:00
[2025-12-30T17:27:48.875+0000] {processor.py:183} INFO - Processing /opt/airflow/dags/weather_hourly.py took 0.194 seconds
[2025-12-30T17:28:18.979+0000] {processor.py:161} INFO - Started process (PID=437) to work on /opt/airflow/dags/weather_hourly.py
[2025-12-30T17:28:18.981+0000] {processor.py:830} INFO - Processing file /opt/airflow/dags/weather_hourly.py for tasks to queue
[2025-12-30T17:28:18.984+0000] {logging_mixin.py:188} INFO - [2025-12-30T17:28:18.984+0000] {dagbag.py:545} INFO - Filling up the DagBag from /opt/airflow/dags/weather_hourly.py
[2025-12-30T17:28:19.025+0000] {processor.py:840} INFO - DAG(s) 'weather_hourly' retrieved from /opt/airflow/dags/weather_hourly.py
[2025-12-30T17:28:19.087+0000] {logging_mixin.py:188} INFO - [2025-12-30T17:28:19.087+0000] {dag.py:3089} INFO - Sync 1 DAGs
[2025-12-30T17:28:19.137+0000] {logging_mixin.py:188} INFO - [2025-12-30T17:28:19.137+0000] {dag.py:3947} INFO - Setting next_dagrun for weather_hourly to 2025-12-30 17:15:00+00:00, run_after=2025-12-30 18:15:00+00:00
[2025-12-30T17:28:19.171+0000] {processor.py:183} INFO - Processing /opt/airflow/dags/weather_hourly.py took 0.205 seconds
[2025-12-30T17:28:49.475+0000] {processor.py:161} INFO - Started process (PID=447) to work on /opt/airflow/dags/weather_hourly.py
[2025-12-30T17:28:49.477+0000] {processor.py:830} INFO - Processing file /opt/airflow/dags/weather_hourly.py for tasks to queue
[2025-12-30T17:28:49.481+0000] {logging_mixin.py:188} INFO - [2025-12-30T17:28:49.479+0000] {dagbag.py:545} INFO - Filling up the DagBag from /opt/airflow/dags/weather_hourly.py
[2025-12-30T17:28:49.522+0000] {processor.py:840} INFO - DAG(s) 'weather_hourly' retrieved from /opt/airflow/dags/weather_hourly.py
[2025-12-30T17:28:49.581+0000] {logging_mixin.py:188} INFO - [2025-12-30T17:28:49.581+0000] {dag.py:3089} INFO - Sync 1 DAGs
[2025-12-30T17:28:49.627+0000] {logging_mixin.py:188} INFO - [2025-12-30T17:28:49.627+0000] {dag.py:3947} INFO - Setting next_dagrun for weather_hourly to 2025-12-30 17:15:00+00:00, run_after=2025-12-30 18:15:00+00:00
[2025-12-30T17:28:49.660+0000] {processor.py:183} INFO - Processing /opt/airflow/dags/weather_hourly.py took 0.197 seconds
[2025-12-30T17:29:19.979+0000] {processor.py:161} INFO - Started process (PID=457) to work on /opt/airflow/dags/weather_hourly.py
[2025-12-30T17:29:19.980+0000] {processor.py:830} INFO - Processing file /opt/airflow/dags/weather_hourly.py for tasks to queue
[2025-12-30T17:29:19.982+0000] {logging_mixin.py:188} INFO - [2025-12-30T17:29:19.982+0000] {dagbag.py:545} INFO - Filling up the DagBag from /opt/airflow/dags/weather_hourly.py
[2025-12-30T17:29:20.013+0000] {processor.py:840} INFO - DAG(s) 'weather_hourly' retrieved from /opt/airflow/dags/weather_hourly.py
[2025-12-30T17:29:20.064+0000] {logging_mixin.py:188} INFO - [2025-12-30T17:29:20.063+0000] {dag.py:3089} INFO - Sync 1 DAGs
[2025-12-30T17:29:20.104+0000] {logging_mixin.py:188} INFO - [2025-12-30T17:29:20.103+0000] {dag.py:3947} INFO - Setting next_dagrun for weather_hourly to 2025-12-30 17:15:00+00:00, run_after=2025-12-30 18:15:00+00:00
[2025-12-30T17:29:20.133+0000] {processor.py:183} INFO - Processing /opt/airflow/dags/weather_hourly.py took 0.166 seconds
[2025-12-30T17:29:50.260+0000] {processor.py:161} INFO - Started process (PID=467) to work on /opt/airflow/dags/weather_hourly.py
[2025-12-30T17:29:50.261+0000] {processor.py:830} INFO - Processing file /opt/airflow/dags/weather_hourly.py for tasks to queue
[2025-12-30T17:29:50.263+0000] {logging_mixin.py:188} INFO - [2025-12-30T17:29:50.263+0000] {dagbag.py:545} INFO - Filling up the DagBag from /opt/airflow/dags/weather_hourly.py
[2025-12-30T17:29:50.291+0000] {processor.py:840} INFO - DAG(s) 'weather_hourly' retrieved from /opt/airflow/dags/weather_hourly.py
[2025-12-30T17:29:50.351+0000] {logging_mixin.py:188} INFO - [2025-12-30T17:29:50.350+0000] {dag.py:3089} INFO - Sync 1 DAGs
[2025-12-30T17:29:50.393+0000] {logging_mixin.py:188} INFO - [2025-12-30T17:29:50.393+0000] {dag.py:3947} INFO - Setting next_dagrun for weather_hourly to 2025-12-30 17:15:00+00:00, run_after=2025-12-30 18:15:00+00:00
[2025-12-30T17:29:50.451+0000] {processor.py:183} INFO - Processing /opt/airflow/dags/weather_hourly.py took 0.199 seconds
[2025-12-30T17:30:20.661+0000] {processor.py:161} INFO - Started process (PID=477) to work on /opt/airflow/dags/weather_hourly.py
[2025-12-30T17:30:20.662+0000] {processor.py:830} INFO - Processing file /opt/airflow/dags/weather_hourly.py for tasks to queue
[2025-12-30T17:30:20.665+0000] {logging_mixin.py:188} INFO - [2025-12-30T17:30:20.664+0000] {dagbag.py:545} INFO - Filling up the DagBag from /opt/airflow/dags/weather_hourly.py
[2025-12-30T17:30:20.701+0000] {processor.py:840} INFO - DAG(s) 'weather_hourly' retrieved from /opt/airflow/dags/weather_hourly.py
[2025-12-30T17:30:20.771+0000] {logging_mixin.py:188} INFO - [2025-12-30T17:30:20.771+0000] {dag.py:3089} INFO - Sync 1 DAGs
[2025-12-30T17:30:20.810+0000] {logging_mixin.py:188} INFO - [2025-12-30T17:30:20.809+0000] {dag.py:3947} INFO - Setting next_dagrun for weather_hourly to 2025-12-30 17:15:00+00:00, run_after=2025-12-30 18:15:00+00:00
[2025-12-30T17:30:20.839+0000] {processor.py:183} INFO - Processing /opt/airflow/dags/weather_hourly.py took 0.187 seconds
[2025-12-30T17:30:51.148+0000] {processor.py:161} INFO - Started process (PID=487) to work on /opt/airflow/dags/weather_hourly.py
[2025-12-30T17:30:51.150+0000] {processor.py:830} INFO - Processing file /opt/airflow/dags/weather_hourly.py for tasks to queue
[2025-12-30T17:30:51.152+0000] {logging_mixin.py:188} INFO - [2025-12-30T17:30:51.152+0000] {dagbag.py:545} INFO - Filling up the DagBag from /opt/airflow/dags/weather_hourly.py
[2025-12-30T17:30:51.187+0000] {processor.py:840} INFO - DAG(s) 'weather_hourly' retrieved from /opt/airflow/dags/weather_hourly.py
[2025-12-30T17:30:51.235+0000] {logging_mixin.py:188} INFO - [2025-12-30T17:30:51.235+0000] {dag.py:3089} INFO - Sync 1 DAGs
[2025-12-30T17:30:51.272+0000] {logging_mixin.py:188} INFO - [2025-12-30T17:30:51.272+0000] {dag.py:3947} INFO - Setting next_dagrun for weather_hourly to 2025-12-30 17:15:00+00:00, run_after=2025-12-30 18:15:00+00:00
[2025-12-30T17:30:51.303+0000] {processor.py:183} INFO - Processing /opt/airflow/dags/weather_hourly.py took 0.164 seconds
[2025-12-30T17:31:21.423+0000] {processor.py:161} INFO - Started process (PID=497) to work on /opt/airflow/dags/weather_hourly.py
[2025-12-30T17:31:21.424+0000] {processor.py:830} INFO - Processing file /opt/airflow/dags/weather_hourly.py for tasks to queue
[2025-12-30T17:31:21.426+0000] {logging_mixin.py:188} INFO - [2025-12-30T17:31:21.426+0000] {dagbag.py:545} INFO - Filling up the DagBag from /opt/airflow/dags/weather_hourly.py
[2025-12-30T17:31:21.452+0000] {processor.py:840} INFO - DAG(s) 'weather_hourly' retrieved from /opt/airflow/dags/weather_hourly.py
[2025-12-30T17:31:21.495+0000] {logging_mixin.py:188} INFO - [2025-12-30T17:31:21.495+0000] {dag.py:3089} INFO - Sync 1 DAGs
[2025-12-30T17:31:21.528+0000] {logging_mixin.py:188} INFO - [2025-12-30T17:31:21.527+0000] {dag.py:3947} INFO - Setting next_dagrun for weather_hourly to 2025-12-30 17:15:00+00:00, run_after=2025-12-30 18:15:00+00:00
[2025-12-30T17:31:21.555+0000] {processor.py:183} INFO - Processing /opt/airflow/dags/weather_hourly.py took 0.139 seconds
[2025-12-30T17:31:51.951+0000] {processor.py:161} INFO - Started process (PID=507) to work on /opt/airflow/dags/weather_hourly.py
[2025-12-30T17:31:51.954+0000] {processor.py:830} INFO - Processing file /opt/airflow/dags/weather_hourly.py for tasks to queue
[2025-12-30T17:31:51.958+0000] {logging_mixin.py:188} INFO - [2025-12-30T17:31:51.958+0000] {dagbag.py:545} INFO - Filling up the DagBag from /opt/airflow/dags/weather_hourly.py
[2025-12-30T17:31:51.996+0000] {processor.py:840} INFO - DAG(s) 'weather_hourly' retrieved from /opt/airflow/dags/weather_hourly.py
[2025-12-30T17:31:52.056+0000] {logging_mixin.py:188} INFO - [2025-12-30T17:31:52.055+0000] {dag.py:3089} INFO - Sync 1 DAGs
[2025-12-30T17:31:52.108+0000] {logging_mixin.py:188} INFO - [2025-12-30T17:31:52.107+0000] {dag.py:3947} INFO - Setting next_dagrun for weather_hourly to 2025-12-30 17:15:00+00:00, run_after=2025-12-30 18:15:00+00:00
[2025-12-30T17:31:52.183+0000] {processor.py:183} INFO - Processing /opt/airflow/dags/weather_hourly.py took 0.250 seconds
[2025-12-30T17:32:22.467+0000] {processor.py:161} INFO - Started process (PID=517) to work on /opt/airflow/dags/weather_hourly.py
[2025-12-30T17:32:22.468+0000] {processor.py:830} INFO - Processing file /opt/airflow/dags/weather_hourly.py for tasks to queue
[2025-12-30T17:32:22.473+0000] {logging_mixin.py:188} INFO - [2025-12-30T17:32:22.472+0000] {dagbag.py:545} INFO - Filling up the DagBag from /opt/airflow/dags/weather_hourly.py
[2025-12-30T17:32:22.508+0000] {processor.py:840} INFO - DAG(s) 'weather_hourly' retrieved from /opt/airflow/dags/weather_hourly.py
[2025-12-30T17:32:22.556+0000] {logging_mixin.py:188} INFO - [2025-12-30T17:32:22.555+0000] {dag.py:3089} INFO - Sync 1 DAGs
[2025-12-30T17:32:22.592+0000] {logging_mixin.py:188} INFO - [2025-12-30T17:32:22.592+0000] {dag.py:3947} INFO - Setting next_dagrun for weather_hourly to 2025-12-30 17:15:00+00:00, run_after=2025-12-30 18:15:00+00:00
[2025-12-30T17:32:22.653+0000] {processor.py:183} INFO - Processing /opt/airflow/dags/weather_hourly.py took 0.196 seconds
[2025-12-30T17:32:52.736+0000] {processor.py:161} INFO - Started process (PID=527) to work on /opt/airflow/dags/weather_hourly.py
[2025-12-30T17:32:52.738+0000] {processor.py:830} INFO - Processing file /opt/airflow/dags/weather_hourly.py for tasks to queue
[2025-12-30T17:32:52.740+0000] {logging_mixin.py:188} INFO - [2025-12-30T17:32:52.739+0000] {dagbag.py:545} INFO - Filling up the DagBag from /opt/airflow/dags/weather_hourly.py
[2025-12-30T17:32:52.767+0000] {processor.py:840} INFO - DAG(s) 'weather_hourly' retrieved from /opt/airflow/dags/weather_hourly.py
[2025-12-30T17:32:52.811+0000] {logging_mixin.py:188} INFO - [2025-12-30T17:32:52.810+0000] {dag.py:3089} INFO - Sync 1 DAGs
[2025-12-30T17:32:52.845+0000] {logging_mixin.py:188} INFO - [2025-12-30T17:32:52.845+0000] {dag.py:3947} INFO - Setting next_dagrun for weather_hourly to 2025-12-30 17:15:00+00:00, run_after=2025-12-30 18:15:00+00:00
[2025-12-30T17:32:52.907+0000] {processor.py:183} INFO - Processing /opt/airflow/dags/weather_hourly.py took 0.179 seconds
[2025-12-30T17:33:23.008+0000] {processor.py:161} INFO - Started process (PID=537) to work on /opt/airflow/dags/weather_hourly.py
[2025-12-30T17:33:23.009+0000] {processor.py:830} INFO - Processing file /opt/airflow/dags/weather_hourly.py for tasks to queue
[2025-12-30T17:33:23.011+0000] {logging_mixin.py:188} INFO - [2025-12-30T17:33:23.011+0000] {dagbag.py:545} INFO - Filling up the DagBag from /opt/airflow/dags/weather_hourly.py
[2025-12-30T17:33:23.042+0000] {processor.py:840} INFO - DAG(s) 'weather_hourly' retrieved from /opt/airflow/dags/weather_hourly.py
[2025-12-30T17:33:23.092+0000] {logging_mixin.py:188} INFO - [2025-12-30T17:33:23.092+0000] {dag.py:3089} INFO - Sync 1 DAGs
[2025-12-30T17:33:23.126+0000] {logging_mixin.py:188} INFO - [2025-12-30T17:33:23.126+0000] {dag.py:3947} INFO - Setting next_dagrun for weather_hourly to 2025-12-30 17:15:00+00:00, run_after=2025-12-30 18:15:00+00:00
[2025-12-30T17:33:23.157+0000] {processor.py:183} INFO - Processing /opt/airflow/dags/weather_hourly.py took 0.158 seconds
[2025-12-30T17:33:53.434+0000] {processor.py:161} INFO - Started process (PID=547) to work on /opt/airflow/dags/weather_hourly.py
[2025-12-30T17:33:53.435+0000] {processor.py:830} INFO - Processing file /opt/airflow/dags/weather_hourly.py for tasks to queue
[2025-12-30T17:33:53.438+0000] {logging_mixin.py:188} INFO - [2025-12-30T17:33:53.438+0000] {dagbag.py:545} INFO - Filling up the DagBag from /opt/airflow/dags/weather_hourly.py
[2025-12-30T17:33:53.468+0000] {processor.py:840} INFO - DAG(s) 'weather_hourly' retrieved from /opt/airflow/dags/weather_hourly.py
[2025-12-30T17:33:53.515+0000] {logging_mixin.py:188} INFO - [2025-12-30T17:33:53.515+0000] {dag.py:3089} INFO - Sync 1 DAGs
[2025-12-30T17:33:53.549+0000] {logging_mixin.py:188} INFO - [2025-12-30T17:33:53.549+0000] {dag.py:3947} INFO - Setting next_dagrun for weather_hourly to 2025-12-30 17:15:00+00:00, run_after=2025-12-30 18:15:00+00:00
[2025-12-30T17:33:53.608+0000] {processor.py:183} INFO - Processing /opt/airflow/dags/weather_hourly.py took 0.184 seconds
[2025-12-30T17:34:23.732+0000] {processor.py:161} INFO - Started process (PID=557) to work on /opt/airflow/dags/weather_hourly.py
[2025-12-30T17:34:23.733+0000] {processor.py:830} INFO - Processing file /opt/airflow/dags/weather_hourly.py for tasks to queue
[2025-12-30T17:34:23.735+0000] {logging_mixin.py:188} INFO - [2025-12-30T17:34:23.735+0000] {dagbag.py:545} INFO - Filling up the DagBag from /opt/airflow/dags/weather_hourly.py
[2025-12-30T17:34:23.762+0000] {processor.py:840} INFO - DAG(s) 'weather_hourly' retrieved from /opt/airflow/dags/weather_hourly.py
[2025-12-30T17:34:23.806+0000] {logging_mixin.py:188} INFO - [2025-12-30T17:34:23.806+0000] {dag.py:3089} INFO - Sync 1 DAGs
[2025-12-30T17:34:23.841+0000] {logging_mixin.py:188} INFO - [2025-12-30T17:34:23.840+0000] {dag.py:3947} INFO - Setting next_dagrun for weather_hourly to 2025-12-30 17:15:00+00:00, run_after=2025-12-30 18:15:00+00:00
[2025-12-30T17:34:23.881+0000] {processor.py:183} INFO - Processing /opt/airflow/dags/weather_hourly.py took 0.156 seconds
[2025-12-30T17:34:54.150+0000] {processor.py:161} INFO - Started process (PID=567) to work on /opt/airflow/dags/weather_hourly.py
[2025-12-30T17:34:54.152+0000] {processor.py:830} INFO - Processing file /opt/airflow/dags/weather_hourly.py for tasks to queue
[2025-12-30T17:34:54.155+0000] {logging_mixin.py:188} INFO - [2025-12-30T17:34:54.155+0000] {dagbag.py:545} INFO - Filling up the DagBag from /opt/airflow/dags/weather_hourly.py
[2025-12-30T17:34:54.188+0000] {processor.py:840} INFO - DAG(s) 'weather_hourly' retrieved from /opt/airflow/dags/weather_hourly.py
[2025-12-30T17:34:54.237+0000] {logging_mixin.py:188} INFO - [2025-12-30T17:34:54.237+0000] {dag.py:3089} INFO - Sync 1 DAGs
[2025-12-30T17:34:54.273+0000] {logging_mixin.py:188} INFO - [2025-12-30T17:34:54.272+0000] {dag.py:3947} INFO - Setting next_dagrun for weather_hourly to 2025-12-30 17:15:00+00:00, run_after=2025-12-30 18:15:00+00:00
[2025-12-30T17:34:54.337+0000] {processor.py:183} INFO - Processing /opt/airflow/dags/weather_hourly.py took 0.196 seconds
[2025-12-30T17:35:24.428+0000] {processor.py:161} INFO - Started process (PID=577) to work on /opt/airflow/dags/weather_hourly.py
[2025-12-30T17:35:24.429+0000] {processor.py:830} INFO - Processing file /opt/airflow/dags/weather_hourly.py for tasks to queue
[2025-12-30T17:35:24.431+0000] {logging_mixin.py:188} INFO - [2025-12-30T17:35:24.431+0000] {dagbag.py:545} INFO - Filling up the DagBag from /opt/airflow/dags/weather_hourly.py
[2025-12-30T17:35:24.465+0000] {processor.py:840} INFO - DAG(s) 'weather_hourly' retrieved from /opt/airflow/dags/weather_hourly.py
[2025-12-30T17:35:24.509+0000] {logging_mixin.py:188} INFO - [2025-12-30T17:35:24.508+0000] {dag.py:3089} INFO - Sync 1 DAGs
[2025-12-30T17:35:24.544+0000] {logging_mixin.py:188} INFO - [2025-12-30T17:35:24.544+0000] {dag.py:3947} INFO - Setting next_dagrun for weather_hourly to 2025-12-30 17:15:00+00:00, run_after=2025-12-30 18:15:00+00:00
[2025-12-30T17:35:24.603+0000] {processor.py:183} INFO - Processing /opt/airflow/dags/weather_hourly.py took 0.182 seconds
[2025-12-30T17:35:54.901+0000] {processor.py:161} INFO - Started process (PID=587) to work on /opt/airflow/dags/weather_hourly.py
[2025-12-30T17:35:54.902+0000] {processor.py:830} INFO - Processing file /opt/airflow/dags/weather_hourly.py for tasks to queue
[2025-12-30T17:35:54.905+0000] {logging_mixin.py:188} INFO - [2025-12-30T17:35:54.904+0000] {dagbag.py:545} INFO - Filling up the DagBag from /opt/airflow/dags/weather_hourly.py
[2025-12-30T17:35:54.932+0000] {processor.py:840} INFO - DAG(s) 'weather_hourly' retrieved from /opt/airflow/dags/weather_hourly.py
[2025-12-30T17:35:54.985+0000] {logging_mixin.py:188} INFO - [2025-12-30T17:35:54.985+0000] {dag.py:3089} INFO - Sync 1 DAGs
[2025-12-30T17:35:55.023+0000] {logging_mixin.py:188} INFO - [2025-12-30T17:35:55.023+0000] {dag.py:3947} INFO - Setting next_dagrun for weather_hourly to 2025-12-30 17:15:00+00:00, run_after=2025-12-30 18:15:00+00:00
[2025-12-30T17:35:55.053+0000] {processor.py:183} INFO - Processing /opt/airflow/dags/weather_hourly.py took 0.162 seconds
[2025-12-30T17:36:25.365+0000] {processor.py:161} INFO - Started process (PID=597) to work on /opt/airflow/dags/weather_hourly.py
[2025-12-30T17:36:25.366+0000] {processor.py:830} INFO - Processing file /opt/airflow/dags/weather_hourly.py for tasks to queue
[2025-12-30T17:36:25.369+0000] {logging_mixin.py:188} INFO - [2025-12-30T17:36:25.368+0000] {dagbag.py:545} INFO - Filling up the DagBag from /opt/airflow/dags/weather_hourly.py
[2025-12-30T17:36:25.396+0000] {processor.py:840} INFO - DAG(s) 'weather_hourly' retrieved from /opt/airflow/dags/weather_hourly.py
[2025-12-30T17:36:25.442+0000] {logging_mixin.py:188} INFO - [2025-12-30T17:36:25.441+0000] {dag.py:3089} INFO - Sync 1 DAGs
[2025-12-30T17:36:25.474+0000] {logging_mixin.py:188} INFO - [2025-12-30T17:36:25.473+0000] {dag.py:3947} INFO - Setting next_dagrun for weather_hourly to 2025-12-30 17:15:00+00:00, run_after=2025-12-30 18:15:00+00:00
[2025-12-30T17:36:25.537+0000] {processor.py:183} INFO - Processing /opt/airflow/dags/weather_hourly.py took 0.182 seconds
[2025-12-30T17:36:55.697+0000] {processor.py:161} INFO - Started process (PID=607) to work on /opt/airflow/dags/weather_hourly.py
[2025-12-30T17:36:55.698+0000] {processor.py:830} INFO - Processing file /opt/airflow/dags/weather_hourly.py for tasks to queue
[2025-12-30T17:36:55.700+0000] {logging_mixin.py:188} INFO - [2025-12-30T17:36:55.700+0000] {dagbag.py:545} INFO - Filling up the DagBag from /opt/airflow/dags/weather_hourly.py
[2025-12-30T17:36:55.728+0000] {processor.py:840} INFO - DAG(s) 'weather_hourly' retrieved from /opt/airflow/dags/weather_hourly.py
[2025-12-30T17:36:55.773+0000] {logging_mixin.py:188} INFO - [2025-12-30T17:36:55.773+0000] {dag.py:3089} INFO - Sync 1 DAGs
[2025-12-30T17:36:55.806+0000] {logging_mixin.py:188} INFO - [2025-12-30T17:36:55.805+0000] {dag.py:3947} INFO - Setting next_dagrun for weather_hourly to 2025-12-30 17:15:00+00:00, run_after=2025-12-30 18:15:00+00:00
[2025-12-30T17:36:55.864+0000] {processor.py:183} INFO - Processing /opt/airflow/dags/weather_hourly.py took 0.177 seconds
[2025-12-30T17:37:26.075+0000] {processor.py:161} INFO - Started process (PID=617) to work on /opt/airflow/dags/weather_hourly.py
[2025-12-30T17:37:26.076+0000] {processor.py:830} INFO - Processing file /opt/airflow/dags/weather_hourly.py for tasks to queue
[2025-12-30T17:37:26.078+0000] {logging_mixin.py:188} INFO - [2025-12-30T17:37:26.078+0000] {dagbag.py:545} INFO - Filling up the DagBag from /opt/airflow/dags/weather_hourly.py
[2025-12-30T17:37:26.108+0000] {processor.py:840} INFO - DAG(s) 'weather_hourly' retrieved from /opt/airflow/dags/weather_hourly.py
[2025-12-30T17:37:26.152+0000] {logging_mixin.py:188} INFO - [2025-12-30T17:37:26.152+0000] {dag.py:3089} INFO - Sync 1 DAGs
[2025-12-30T17:37:26.187+0000] {logging_mixin.py:188} INFO - [2025-12-30T17:37:26.187+0000] {dag.py:3947} INFO - Setting next_dagrun for weather_hourly to 2025-12-30 17:15:00+00:00, run_after=2025-12-30 18:15:00+00:00
[2025-12-30T17:37:26.220+0000] {processor.py:183} INFO - Processing /opt/airflow/dags/weather_hourly.py took 0.153 seconds
[2025-12-30T17:37:56.524+0000] {processor.py:161} INFO - Started process (PID=627) to work on /opt/airflow/dags/weather_hourly.py
[2025-12-30T17:37:56.526+0000] {processor.py:830} INFO - Processing file /opt/airflow/dags/weather_hourly.py for tasks to queue
[2025-12-30T17:37:56.528+0000] {logging_mixin.py:188} INFO - [2025-12-30T17:37:56.527+0000] {dagbag.py:545} INFO - Filling up the DagBag from /opt/airflow/dags/weather_hourly.py
[2025-12-30T17:37:56.555+0000] {processor.py:840} INFO - DAG(s) 'weather_hourly' retrieved from /opt/airflow/dags/weather_hourly.py
[2025-12-30T17:37:56.597+0000] {logging_mixin.py:188} INFO - [2025-12-30T17:37:56.596+0000] {dag.py:3089} INFO - Sync 1 DAGs
[2025-12-30T17:37:56.630+0000] {logging_mixin.py:188} INFO - [2025-12-30T17:37:56.629+0000] {dag.py:3947} INFO - Setting next_dagrun for weather_hourly to 2025-12-30 17:15:00+00:00, run_after=2025-12-30 18:15:00+00:00
[2025-12-30T17:37:56.689+0000] {processor.py:183} INFO - Processing /opt/airflow/dags/weather_hourly.py took 0.174 seconds
[2025-12-30T17:38:26.801+0000] {processor.py:161} INFO - Started process (PID=637) to work on /opt/airflow/dags/weather_hourly.py
[2025-12-30T17:38:26.803+0000] {processor.py:830} INFO - Processing file /opt/airflow/dags/weather_hourly.py for tasks to queue
[2025-12-30T17:38:26.805+0000] {logging_mixin.py:188} INFO - [2025-12-30T17:38:26.804+0000] {dagbag.py:545} INFO - Filling up the DagBag from /opt/airflow/dags/weather_hourly.py
[2025-12-30T17:38:26.835+0000] {processor.py:840} INFO - DAG(s) 'weather_hourly' retrieved from /opt/airflow/dags/weather_hourly.py
[2025-12-30T17:38:26.896+0000] {logging_mixin.py:188} INFO - [2025-12-30T17:38:26.896+0000] {dag.py:3089} INFO - Sync 1 DAGs
[2025-12-30T17:38:26.948+0000] {logging_mixin.py:188} INFO - [2025-12-30T17:38:26.947+0000] {dag.py:3947} INFO - Setting next_dagrun for weather_hourly to 2025-12-30 17:15:00+00:00, run_after=2025-12-30 18:15:00+00:00
[2025-12-30T17:38:27.011+0000] {processor.py:183} INFO - Processing /opt/airflow/dags/weather_hourly.py took 0.219 seconds
[2025-12-30T17:38:57.215+0000] {processor.py:161} INFO - Started process (PID=647) to work on /opt/airflow/dags/weather_hourly.py
[2025-12-30T17:38:57.216+0000] {processor.py:830} INFO - Processing file /opt/airflow/dags/weather_hourly.py for tasks to queue
[2025-12-30T17:38:57.224+0000] {logging_mixin.py:188} INFO - [2025-12-30T17:38:57.223+0000] {dagbag.py:545} INFO - Filling up the DagBag from /opt/airflow/dags/weather_hourly.py
[2025-12-30T17:38:57.263+0000] {processor.py:840} INFO - DAG(s) 'weather_hourly' retrieved from /opt/airflow/dags/weather_hourly.py
[2025-12-30T17:38:57.306+0000] {logging_mixin.py:188} INFO - [2025-12-30T17:38:57.305+0000] {dag.py:3089} INFO - Sync 1 DAGs
[2025-12-30T17:38:57.339+0000] {logging_mixin.py:188} INFO - [2025-12-30T17:38:57.339+0000] {dag.py:3947} INFO - Setting next_dagrun for weather_hourly to 2025-12-30 17:15:00+00:00, run_after=2025-12-30 18:15:00+00:00
[2025-12-30T17:38:57.402+0000] {processor.py:183} INFO - Processing /opt/airflow/dags/weather_hourly.py took 0.195 seconds
[2025-12-30T17:39:27.522+0000] {processor.py:161} INFO - Started process (PID=657) to work on /opt/airflow/dags/weather_hourly.py
[2025-12-30T17:39:27.524+0000] {processor.py:830} INFO - Processing file /opt/airflow/dags/weather_hourly.py for tasks to queue
[2025-12-30T17:39:27.526+0000] {logging_mixin.py:188} INFO - [2025-12-30T17:39:27.526+0000] {dagbag.py:545} INFO - Filling up the DagBag from /opt/airflow/dags/weather_hourly.py
[2025-12-30T17:39:27.556+0000] {processor.py:840} INFO - DAG(s) 'weather_hourly' retrieved from /opt/airflow/dags/weather_hourly.py
[2025-12-30T17:39:27.601+0000] {logging_mixin.py:188} INFO - [2025-12-30T17:39:27.601+0000] {dag.py:3089} INFO - Sync 1 DAGs
[2025-12-30T17:39:27.634+0000] {logging_mixin.py:188} INFO - [2025-12-30T17:39:27.633+0000] {dag.py:3947} INFO - Setting next_dagrun for weather_hourly to 2025-12-30 17:15:00+00:00, run_after=2025-12-30 18:15:00+00:00
[2025-12-30T17:39:27.664+0000] {processor.py:183} INFO - Processing /opt/airflow/dags/weather_hourly.py took 0.150 seconds
[2025-12-30T17:39:57.968+0000] {processor.py:161} INFO - Started process (PID=667) to work on /opt/airflow/dags/weather_hourly.py
[2025-12-30T17:39:57.970+0000] {processor.py:830} INFO - Processing file /opt/airflow/dags/weather_hourly.py for tasks to queue
[2025-12-30T17:39:57.974+0000] {logging_mixin.py:188} INFO - [2025-12-30T17:39:57.973+0000] {dagbag.py:545} INFO - Filling up the DagBag from /opt/airflow/dags/weather_hourly.py
[2025-12-30T17:39:58.007+0000] {processor.py:840} INFO - DAG(s) 'weather_hourly' retrieved from /opt/airflow/dags/weather_hourly.py
[2025-12-30T17:39:58.064+0000] {logging_mixin.py:188} INFO - [2025-12-30T17:39:58.064+0000] {dag.py:3089} INFO - Sync 1 DAGs
[2025-12-30T17:39:58.098+0000] {logging_mixin.py:188} INFO - [2025-12-30T17:39:58.097+0000] {dag.py:3947} INFO - Setting next_dagrun for weather_hourly to 2025-12-30 17:15:00+00:00, run_after=2025-12-30 18:15:00+00:00
[2025-12-30T17:39:58.157+0000] {processor.py:183} INFO - Processing /opt/airflow/dags/weather_hourly.py took 0.199 seconds
[2025-12-30T17:40:28.279+0000] {processor.py:161} INFO - Started process (PID=677) to work on /opt/airflow/dags/weather_hourly.py
[2025-12-30T17:40:28.281+0000] {processor.py:830} INFO - Processing file /opt/airflow/dags/weather_hourly.py for tasks to queue
[2025-12-30T17:40:28.283+0000] {logging_mixin.py:188} INFO - [2025-12-30T17:40:28.282+0000] {dagbag.py:545} INFO - Filling up the DagBag from /opt/airflow/dags/weather_hourly.py
[2025-12-30T17:40:28.314+0000] {processor.py:840} INFO - DAG(s) 'weather_hourly' retrieved from /opt/airflow/dags/weather_hourly.py
[2025-12-30T17:40:28.373+0000] {logging_mixin.py:188} INFO - [2025-12-30T17:40:28.372+0000] {dag.py:3089} INFO - Sync 1 DAGs
[2025-12-30T17:40:28.404+0000] {logging_mixin.py:188} INFO - [2025-12-30T17:40:28.404+0000] {dag.py:3947} INFO - Setting next_dagrun for weather_hourly to 2025-12-30 17:15:00+00:00, run_after=2025-12-30 18:15:00+00:00
[2025-12-30T17:40:28.437+0000] {processor.py:183} INFO - Processing /opt/airflow/dags/weather_hourly.py took 0.166 seconds
[2025-12-30T17:40:58.751+0000] {processor.py:161} INFO - Started process (PID=687) to work on /opt/airflow/dags/weather_hourly.py
[2025-12-30T17:40:58.752+0000] {processor.py:830} INFO - Processing file /opt/airflow/dags/weather_hourly.py for tasks to queue
[2025-12-30T17:40:58.754+0000] {logging_mixin.py:188} INFO - [2025-12-30T17:40:58.754+0000] {dagbag.py:545} INFO - Filling up the DagBag from /opt/airflow/dags/weather_hourly.py
[2025-12-30T17:40:58.781+0000] {processor.py:840} INFO - DAG(s) 'weather_hourly' retrieved from /opt/airflow/dags/weather_hourly.py
[2025-12-30T17:40:58.836+0000] {logging_mixin.py:188} INFO - [2025-12-30T17:40:58.835+0000] {dag.py:3089} INFO - Sync 1 DAGs
[2025-12-30T17:40:58.870+0000] {logging_mixin.py:188} INFO - [2025-12-30T17:40:58.870+0000] {dag.py:3947} INFO - Setting next_dagrun for weather_hourly to 2025-12-30 17:15:00+00:00, run_after=2025-12-30 18:15:00+00:00
[2025-12-30T17:40:58.930+0000] {processor.py:183} INFO - Processing /opt/airflow/dags/weather_hourly.py took 0.188 seconds
[2025-12-30T17:41:29.039+0000] {processor.py:161} INFO - Started process (PID=697) to work on /opt/airflow/dags/weather_hourly.py
[2025-12-30T17:41:29.040+0000] {processor.py:830} INFO - Processing file /opt/airflow/dags/weather_hourly.py for tasks to queue
[2025-12-30T17:41:29.043+0000] {logging_mixin.py:188} INFO - [2025-12-30T17:41:29.043+0000] {dagbag.py:545} INFO - Filling up the DagBag from /opt/airflow/dags/weather_hourly.py
[2025-12-30T17:41:29.081+0000] {processor.py:840} INFO - DAG(s) 'weather_hourly' retrieved from /opt/airflow/dags/weather_hourly.py
[2025-12-30T17:41:29.133+0000] {logging_mixin.py:188} INFO - [2025-12-30T17:41:29.133+0000] {dag.py:3089} INFO - Sync 1 DAGs
[2025-12-30T17:41:29.185+0000] {logging_mixin.py:188} INFO - [2025-12-30T17:41:29.184+0000] {dag.py:3947} INFO - Setting next_dagrun for weather_hourly to 2025-12-30 17:15:00+00:00, run_after=2025-12-30 18:15:00+00:00
[2025-12-30T17:41:29.223+0000] {processor.py:183} INFO - Processing /opt/airflow/dags/weather_hourly.py took 0.191 seconds
[2025-12-30T17:41:59.640+0000] {processor.py:161} INFO - Started process (PID=707) to work on /opt/airflow/dags/weather_hourly.py
[2025-12-30T17:41:59.641+0000] {processor.py:830} INFO - Processing file /opt/airflow/dags/weather_hourly.py for tasks to queue
[2025-12-30T17:41:59.643+0000] {logging_mixin.py:188} INFO - [2025-12-30T17:41:59.643+0000] {dagbag.py:545} INFO - Filling up the DagBag from /opt/airflow/dags/weather_hourly.py
[2025-12-30T17:41:59.669+0000] {processor.py:840} INFO - DAG(s) 'weather_hourly' retrieved from /opt/airflow/dags/weather_hourly.py
[2025-12-30T17:41:59.714+0000] {logging_mixin.py:188} INFO - [2025-12-30T17:41:59.714+0000] {dag.py:3089} INFO - Sync 1 DAGs
[2025-12-30T17:41:59.747+0000] {logging_mixin.py:188} INFO - [2025-12-30T17:41:59.747+0000] {dag.py:3947} INFO - Setting next_dagrun for weather_hourly to 2025-12-30 17:15:00+00:00, run_after=2025-12-30 18:15:00+00:00
[2025-12-30T17:41:59.806+0000] {processor.py:183} INFO - Processing /opt/airflow/dags/weather_hourly.py took 0.174 seconds
[2025-12-30T17:42:29.922+0000] {processor.py:161} INFO - Started process (PID=717) to work on /opt/airflow/dags/weather_hourly.py
[2025-12-30T17:42:29.924+0000] {processor.py:830} INFO - Processing file /opt/airflow/dags/weather_hourly.py for tasks to queue
[2025-12-30T17:42:29.927+0000] {logging_mixin.py:188} INFO - [2025-12-30T17:42:29.926+0000] {dagbag.py:545} INFO - Filling up the DagBag from /opt/airflow/dags/weather_hourly.py
[2025-12-30T17:42:29.955+0000] {processor.py:840} INFO - DAG(s) 'weather_hourly' retrieved from /opt/airflow/dags/weather_hourly.py
[2025-12-30T17:42:30.006+0000] {logging_mixin.py:188} INFO - [2025-12-30T17:42:30.006+0000] {dag.py:3089} INFO - Sync 1 DAGs
[2025-12-30T17:42:30.042+0000] {logging_mixin.py:188} INFO - [2025-12-30T17:42:30.042+0000] {dag.py:3947} INFO - Setting next_dagrun for weather_hourly to 2025-12-30 17:15:00+00:00, run_after=2025-12-30 18:15:00+00:00
[2025-12-30T17:42:30.102+0000] {processor.py:183} INFO - Processing /opt/airflow/dags/weather_hourly.py took 0.189 seconds
[2025-12-30T17:43:00.332+0000] {processor.py:161} INFO - Started process (PID=727) to work on /opt/airflow/dags/weather_hourly.py
[2025-12-30T17:43:00.333+0000] {processor.py:830} INFO - Processing file /opt/airflow/dags/weather_hourly.py for tasks to queue
[2025-12-30T17:43:00.335+0000] {logging_mixin.py:188} INFO - [2025-12-30T17:43:00.335+0000] {dagbag.py:545} INFO - Filling up the DagBag from /opt/airflow/dags/weather_hourly.py
[2025-12-30T17:43:00.363+0000] {processor.py:840} INFO - DAG(s) 'weather_hourly' retrieved from /opt/airflow/dags/weather_hourly.py
[2025-12-30T17:43:00.417+0000] {logging_mixin.py:188} INFO - [2025-12-30T17:43:00.417+0000] {dag.py:3089} INFO - Sync 1 DAGs
[2025-12-30T17:43:00.454+0000] {logging_mixin.py:188} INFO - [2025-12-30T17:43:00.454+0000] {dag.py:3947} INFO - Setting next_dagrun for weather_hourly to 2025-12-30 17:15:00+00:00, run_after=2025-12-30 18:15:00+00:00
[2025-12-30T17:43:00.514+0000] {processor.py:183} INFO - Processing /opt/airflow/dags/weather_hourly.py took 0.191 seconds
[2025-12-30T17:43:30.642+0000] {processor.py:161} INFO - Started process (PID=737) to work on /opt/airflow/dags/weather_hourly.py
[2025-12-30T17:43:30.643+0000] {processor.py:830} INFO - Processing file /opt/airflow/dags/weather_hourly.py for tasks to queue
[2025-12-30T17:43:30.646+0000] {logging_mixin.py:188} INFO - [2025-12-30T17:43:30.645+0000] {dagbag.py:545} INFO - Filling up the DagBag from /opt/airflow/dags/weather_hourly.py
[2025-12-30T17:43:30.678+0000] {processor.py:840} INFO - DAG(s) 'weather_hourly' retrieved from /opt/airflow/dags/weather_hourly.py
[2025-12-30T17:43:30.728+0000] {logging_mixin.py:188} INFO - [2025-12-30T17:43:30.728+0000] {dag.py:3089} INFO - Sync 1 DAGs
[2025-12-30T17:43:30.765+0000] {logging_mixin.py:188} INFO - [2025-12-30T17:43:30.765+0000] {dag.py:3947} INFO - Setting next_dagrun for weather_hourly to 2025-12-30 17:15:00+00:00, run_after=2025-12-30 18:15:00+00:00
[2025-12-30T17:43:30.801+0000] {processor.py:183} INFO - Processing /opt/airflow/dags/weather_hourly.py took 0.167 seconds
[2025-12-30T17:44:01.115+0000] {processor.py:161} INFO - Started process (PID=747) to work on /opt/airflow/dags/weather_hourly.py
[2025-12-30T17:44:01.117+0000] {processor.py:830} INFO - Processing file /opt/airflow/dags/weather_hourly.py for tasks to queue
[2025-12-30T17:44:01.119+0000] {logging_mixin.py:188} INFO - [2025-12-30T17:44:01.119+0000] {dagbag.py:545} INFO - Filling up the DagBag from /opt/airflow/dags/weather_hourly.py
[2025-12-30T17:44:01.151+0000] {processor.py:840} INFO - DAG(s) 'weather_hourly' retrieved from /opt/airflow/dags/weather_hourly.py
[2025-12-30T17:44:01.202+0000] {logging_mixin.py:188} INFO - [2025-12-30T17:44:01.202+0000] {dag.py:3089} INFO - Sync 1 DAGs
[2025-12-30T17:44:01.237+0000] {logging_mixin.py:188} INFO - [2025-12-30T17:44:01.237+0000] {dag.py:3947} INFO - Setting next_dagrun for weather_hourly to 2025-12-30 17:15:00+00:00, run_after=2025-12-30 18:15:00+00:00
[2025-12-30T17:44:01.297+0000] {processor.py:183} INFO - Processing /opt/airflow/dags/weather_hourly.py took 0.192 seconds
[2025-12-30T17:44:31.401+0000] {processor.py:161} INFO - Started process (PID=757) to work on /opt/airflow/dags/weather_hourly.py
[2025-12-30T17:44:31.402+0000] {processor.py:830} INFO - Processing file /opt/airflow/dags/weather_hourly.py for tasks to queue
[2025-12-30T17:44:31.404+0000] {logging_mixin.py:188} INFO - [2025-12-30T17:44:31.404+0000] {dagbag.py:545} INFO - Filling up the DagBag from /opt/airflow/dags/weather_hourly.py
[2025-12-30T17:44:31.453+0000] {processor.py:840} INFO - DAG(s) 'weather_hourly' retrieved from /opt/airflow/dags/weather_hourly.py
[2025-12-30T17:44:31.519+0000] {logging_mixin.py:188} INFO - [2025-12-30T17:44:31.518+0000] {dag.py:3089} INFO - Sync 1 DAGs
[2025-12-30T17:44:31.553+0000] {logging_mixin.py:188} INFO - [2025-12-30T17:44:31.553+0000] {dag.py:3947} INFO - Setting next_dagrun for weather_hourly to 2025-12-30 17:15:00+00:00, run_after=2025-12-30 18:15:00+00:00
[2025-12-30T17:44:31.614+0000] {processor.py:183} INFO - Processing /opt/airflow/dags/weather_hourly.py took 0.222 seconds
[2025-12-30T17:45:01.833+0000] {processor.py:161} INFO - Started process (PID=767) to work on /opt/airflow/dags/weather_hourly.py
[2025-12-30T17:45:01.835+0000] {processor.py:830} INFO - Processing file /opt/airflow/dags/weather_hourly.py for tasks to queue
[2025-12-30T17:45:01.839+0000] {logging_mixin.py:188} INFO - [2025-12-30T17:45:01.838+0000] {dagbag.py:545} INFO - Filling up the DagBag from /opt/airflow/dags/weather_hourly.py
[2025-12-30T17:45:01.867+0000] {processor.py:840} INFO - DAG(s) 'weather_hourly' retrieved from /opt/airflow/dags/weather_hourly.py
[2025-12-30T17:45:01.914+0000] {logging_mixin.py:188} INFO - [2025-12-30T17:45:01.914+0000] {dag.py:3089} INFO - Sync 1 DAGs
[2025-12-30T17:45:01.948+0000] {logging_mixin.py:188} INFO - [2025-12-30T17:45:01.948+0000] {dag.py:3947} INFO - Setting next_dagrun for weather_hourly to 2025-12-30 17:15:00+00:00, run_after=2025-12-30 18:15:00+00:00
[2025-12-30T17:45:01.980+0000] {processor.py:183} INFO - Processing /opt/airflow/dags/weather_hourly.py took 0.156 seconds
[2025-12-30T17:45:32.293+0000] {processor.py:161} INFO - Started process (PID=777) to work on /opt/airflow/dags/weather_hourly.py
[2025-12-30T17:45:32.295+0000] {processor.py:830} INFO - Processing file /opt/airflow/dags/weather_hourly.py for tasks to queue
[2025-12-30T17:45:32.298+0000] {logging_mixin.py:188} INFO - [2025-12-30T17:45:32.297+0000] {dagbag.py:545} INFO - Filling up the DagBag from /opt/airflow/dags/weather_hourly.py
[2025-12-30T17:45:32.338+0000] {processor.py:840} INFO - DAG(s) 'weather_hourly' retrieved from /opt/airflow/dags/weather_hourly.py
[2025-12-30T17:45:32.407+0000] {logging_mixin.py:188} INFO - [2025-12-30T17:45:32.407+0000] {dag.py:3089} INFO - Sync 1 DAGs
[2025-12-30T17:45:32.451+0000] {logging_mixin.py:188} INFO - [2025-12-30T17:45:32.451+0000] {dag.py:3947} INFO - Setting next_dagrun for weather_hourly to 2025-12-30 17:15:00+00:00, run_after=2025-12-30 18:15:00+00:00
[2025-12-30T17:45:32.491+0000] {processor.py:183} INFO - Processing /opt/airflow/dags/weather_hourly.py took 0.206 seconds
[2025-12-30T17:46:02.800+0000] {processor.py:161} INFO - Started process (PID=787) to work on /opt/airflow/dags/weather_hourly.py
[2025-12-30T17:46:02.801+0000] {processor.py:830} INFO - Processing file /opt/airflow/dags/weather_hourly.py for tasks to queue
[2025-12-30T17:46:02.804+0000] {logging_mixin.py:188} INFO - [2025-12-30T17:46:02.803+0000] {dagbag.py:545} INFO - Filling up the DagBag from /opt/airflow/dags/weather_hourly.py
[2025-12-30T17:46:02.833+0000] {processor.py:840} INFO - DAG(s) 'weather_hourly' retrieved from /opt/airflow/dags/weather_hourly.py
[2025-12-30T17:46:02.874+0000] {logging_mixin.py:188} INFO - [2025-12-30T17:46:02.874+0000] {dag.py:3089} INFO - Sync 1 DAGs
[2025-12-30T17:46:02.905+0000] {logging_mixin.py:188} INFO - [2025-12-30T17:46:02.905+0000] {dag.py:3947} INFO - Setting next_dagrun for weather_hourly to 2025-12-30 17:15:00+00:00, run_after=2025-12-30 18:15:00+00:00
[2025-12-30T17:46:02.936+0000] {processor.py:183} INFO - Processing /opt/airflow/dags/weather_hourly.py took 0.144 seconds
[2025-12-30T17:46:33.238+0000] {processor.py:161} INFO - Started process (PID=797) to work on /opt/airflow/dags/weather_hourly.py
[2025-12-30T17:46:33.239+0000] {processor.py:830} INFO - Processing file /opt/airflow/dags/weather_hourly.py for tasks to queue
[2025-12-30T17:46:33.242+0000] {logging_mixin.py:188} INFO - [2025-12-30T17:46:33.241+0000] {dagbag.py:545} INFO - Filling up the DagBag from /opt/airflow/dags/weather_hourly.py
[2025-12-30T17:46:33.273+0000] {processor.py:840} INFO - DAG(s) 'weather_hourly' retrieved from /opt/airflow/dags/weather_hourly.py
[2025-12-30T17:46:33.324+0000] {logging_mixin.py:188} INFO - [2025-12-30T17:46:33.324+0000] {dag.py:3089} INFO - Sync 1 DAGs
[2025-12-30T17:46:33.366+0000] {logging_mixin.py:188} INFO - [2025-12-30T17:46:33.365+0000] {dag.py:3947} INFO - Setting next_dagrun for weather_hourly to 2025-12-30 17:15:00+00:00, run_after=2025-12-30 18:15:00+00:00
[2025-12-30T17:46:33.431+0000] {processor.py:183} INFO - Processing /opt/airflow/dags/weather_hourly.py took 0.203 seconds
[2025-12-30T17:47:03.539+0000] {processor.py:161} INFO - Started process (PID=807) to work on /opt/airflow/dags/weather_hourly.py
[2025-12-30T17:47:03.540+0000] {processor.py:830} INFO - Processing file /opt/airflow/dags/weather_hourly.py for tasks to queue
[2025-12-30T17:47:03.543+0000] {logging_mixin.py:188} INFO - [2025-12-30T17:47:03.543+0000] {dagbag.py:545} INFO - Filling up the DagBag from /opt/airflow/dags/weather_hourly.py
[2025-12-30T17:47:03.577+0000] {processor.py:840} INFO - DAG(s) 'weather_hourly' retrieved from /opt/airflow/dags/weather_hourly.py
[2025-12-30T17:47:03.633+0000] {logging_mixin.py:188} INFO - [2025-12-30T17:47:03.632+0000] {dag.py:3089} INFO - Sync 1 DAGs
[2025-12-30T17:47:03.677+0000] {logging_mixin.py:188} INFO - [2025-12-30T17:47:03.677+0000] {dag.py:3947} INFO - Setting next_dagrun for weather_hourly to 2025-12-30 17:15:00+00:00, run_after=2025-12-30 18:15:00+00:00
[2025-12-30T17:47:03.712+0000] {processor.py:183} INFO - Processing /opt/airflow/dags/weather_hourly.py took 0.184 seconds
[2025-12-30T17:47:34.020+0000] {processor.py:161} INFO - Started process (PID=817) to work on /opt/airflow/dags/weather_hourly.py
[2025-12-30T17:47:34.021+0000] {processor.py:830} INFO - Processing file /opt/airflow/dags/weather_hourly.py for tasks to queue
[2025-12-30T17:47:34.024+0000] {logging_mixin.py:188} INFO - [2025-12-30T17:47:34.023+0000] {dagbag.py:545} INFO - Filling up the DagBag from /opt/airflow/dags/weather_hourly.py
[2025-12-30T17:47:34.054+0000] {processor.py:840} INFO - DAG(s) 'weather_hourly' retrieved from /opt/airflow/dags/weather_hourly.py
[2025-12-30T17:47:34.097+0000] {logging_mixin.py:188} INFO - [2025-12-30T17:47:34.096+0000] {dag.py:3089} INFO - Sync 1 DAGs
[2025-12-30T17:47:34.136+0000] {logging_mixin.py:188} INFO - [2025-12-30T17:47:34.136+0000] {dag.py:3947} INFO - Setting next_dagrun for weather_hourly to 2025-12-30 17:15:00+00:00, run_after=2025-12-30 18:15:00+00:00
[2025-12-30T17:47:34.169+0000] {processor.py:183} INFO - Processing /opt/airflow/dags/weather_hourly.py took 0.157 seconds
[2025-12-30T17:48:04.451+0000] {processor.py:161} INFO - Started process (PID=827) to work on /opt/airflow/dags/weather_hourly.py
[2025-12-30T17:48:04.453+0000] {processor.py:830} INFO - Processing file /opt/airflow/dags/weather_hourly.py for tasks to queue
[2025-12-30T17:48:04.455+0000] {logging_mixin.py:188} INFO - [2025-12-30T17:48:04.455+0000] {dagbag.py:545} INFO - Filling up the DagBag from /opt/airflow/dags/weather_hourly.py
[2025-12-30T17:48:04.499+0000] {processor.py:840} INFO - DAG(s) 'weather_hourly' retrieved from /opt/airflow/dags/weather_hourly.py
[2025-12-30T17:48:04.546+0000] {logging_mixin.py:188} INFO - [2025-12-30T17:48:04.546+0000] {dag.py:3089} INFO - Sync 1 DAGs
[2025-12-30T17:48:04.593+0000] {logging_mixin.py:188} INFO - [2025-12-30T17:48:04.593+0000] {dag.py:3947} INFO - Setting next_dagrun for weather_hourly to 2025-12-30 17:15:00+00:00, run_after=2025-12-30 18:15:00+00:00
[2025-12-30T17:48:04.637+0000] {processor.py:183} INFO - Processing /opt/airflow/dags/weather_hourly.py took 0.196 seconds
[2025-12-30T17:48:34.957+0000] {processor.py:161} INFO - Started process (PID=837) to work on /opt/airflow/dags/weather_hourly.py
[2025-12-30T17:48:34.959+0000] {processor.py:830} INFO - Processing file /opt/airflow/dags/weather_hourly.py for tasks to queue
[2025-12-30T17:48:34.961+0000] {logging_mixin.py:188} INFO - [2025-12-30T17:48:34.961+0000] {dagbag.py:545} INFO - Filling up the DagBag from /opt/airflow/dags/weather_hourly.py
[2025-12-30T17:48:34.997+0000] {processor.py:840} INFO - DAG(s) 'weather_hourly' retrieved from /opt/airflow/dags/weather_hourly.py
[2025-12-30T17:48:35.050+0000] {logging_mixin.py:188} INFO - [2025-12-30T17:48:35.049+0000] {dag.py:3089} INFO - Sync 1 DAGs
[2025-12-30T17:48:35.091+0000] {logging_mixin.py:188} INFO - [2025-12-30T17:48:35.091+0000] {dag.py:3947} INFO - Setting next_dagrun for weather_hourly to 2025-12-30 17:15:00+00:00, run_after=2025-12-30 18:15:00+00:00
[2025-12-30T17:48:35.120+0000] {processor.py:183} INFO - Processing /opt/airflow/dags/weather_hourly.py took 0.173 seconds
[2025-12-30T17:49:05.259+0000] {processor.py:161} INFO - Started process (PID=847) to work on /opt/airflow/dags/weather_hourly.py
[2025-12-30T17:49:05.260+0000] {processor.py:830} INFO - Processing file /opt/airflow/dags/weather_hourly.py for tasks to queue
[2025-12-30T17:49:05.262+0000] {logging_mixin.py:188} INFO - [2025-12-30T17:49:05.262+0000] {dagbag.py:545} INFO - Filling up the DagBag from /opt/airflow/dags/weather_hourly.py
[2025-12-30T17:49:05.290+0000] {processor.py:840} INFO - DAG(s) 'weather_hourly' retrieved from /opt/airflow/dags/weather_hourly.py
[2025-12-30T17:49:05.339+0000] {logging_mixin.py:188} INFO - [2025-12-30T17:49:05.339+0000] {dag.py:3089} INFO - Sync 1 DAGs
[2025-12-30T17:49:05.379+0000] {logging_mixin.py:188} INFO - [2025-12-30T17:49:05.378+0000] {dag.py:3947} INFO - Setting next_dagrun for weather_hourly to 2025-12-30 17:15:00+00:00, run_after=2025-12-30 18:15:00+00:00
[2025-12-30T17:49:05.410+0000] {processor.py:183} INFO - Processing /opt/airflow/dags/weather_hourly.py took 0.160 seconds
[2025-12-30T17:49:35.726+0000] {processor.py:161} INFO - Started process (PID=857) to work on /opt/airflow/dags/weather_hourly.py
[2025-12-30T17:49:35.728+0000] {processor.py:830} INFO - Processing file /opt/airflow/dags/weather_hourly.py for tasks to queue
[2025-12-30T17:49:35.731+0000] {logging_mixin.py:188} INFO - [2025-12-30T17:49:35.730+0000] {dagbag.py:545} INFO - Filling up the DagBag from /opt/airflow/dags/weather_hourly.py
[2025-12-30T17:49:35.761+0000] {processor.py:840} INFO - DAG(s) 'weather_hourly' retrieved from /opt/airflow/dags/weather_hourly.py
[2025-12-30T17:49:35.811+0000] {logging_mixin.py:188} INFO - [2025-12-30T17:49:35.811+0000] {dag.py:3089} INFO - Sync 1 DAGs
[2025-12-30T17:49:35.850+0000] {logging_mixin.py:188} INFO - [2025-12-30T17:49:35.849+0000] {dag.py:3947} INFO - Setting next_dagrun for weather_hourly to 2025-12-30 17:15:00+00:00, run_after=2025-12-30 18:15:00+00:00
[2025-12-30T17:49:35.909+0000] {processor.py:183} INFO - Processing /opt/airflow/dags/weather_hourly.py took 0.192 seconds
[2025-12-30T17:50:06.082+0000] {processor.py:161} INFO - Started process (PID=867) to work on /opt/airflow/dags/weather_hourly.py
[2025-12-30T17:50:06.084+0000] {processor.py:830} INFO - Processing file /opt/airflow/dags/weather_hourly.py for tasks to queue
[2025-12-30T17:50:06.087+0000] {logging_mixin.py:188} INFO - [2025-12-30T17:50:06.087+0000] {dagbag.py:545} INFO - Filling up the DagBag from /opt/airflow/dags/weather_hourly.py
[2025-12-30T17:50:06.118+0000] {processor.py:840} INFO - DAG(s) 'weather_hourly' retrieved from /opt/airflow/dags/weather_hourly.py
[2025-12-30T17:50:06.166+0000] {logging_mixin.py:188} INFO - [2025-12-30T17:50:06.166+0000] {dag.py:3089} INFO - Sync 1 DAGs
[2025-12-30T17:50:06.207+0000] {logging_mixin.py:188} INFO - [2025-12-30T17:50:06.207+0000] {dag.py:3947} INFO - Setting next_dagrun for weather_hourly to 2025-12-30 17:15:00+00:00, run_after=2025-12-30 18:15:00+00:00
[2025-12-30T17:50:06.267+0000] {processor.py:183} INFO - Processing /opt/airflow/dags/weather_hourly.py took 0.197 seconds
[2025-12-30T17:50:36.424+0000] {processor.py:161} INFO - Started process (PID=877) to work on /opt/airflow/dags/weather_hourly.py
[2025-12-30T17:50:36.426+0000] {processor.py:830} INFO - Processing file /opt/airflow/dags/weather_hourly.py for tasks to queue
[2025-12-30T17:50:36.428+0000] {logging_mixin.py:188} INFO - [2025-12-30T17:50:36.428+0000] {dagbag.py:545} INFO - Filling up the DagBag from /opt/airflow/dags/weather_hourly.py
[2025-12-30T17:50:36.458+0000] {processor.py:840} INFO - DAG(s) 'weather_hourly' retrieved from /opt/airflow/dags/weather_hourly.py
[2025-12-30T17:50:36.509+0000] {logging_mixin.py:188} INFO - [2025-12-30T17:50:36.509+0000] {dag.py:3089} INFO - Sync 1 DAGs
[2025-12-30T17:50:36.545+0000] {logging_mixin.py:188} INFO - [2025-12-30T17:50:36.545+0000] {dag.py:3947} INFO - Setting next_dagrun for weather_hourly to 2025-12-30 17:15:00+00:00, run_after=2025-12-30 18:15:00+00:00
[2025-12-30T17:50:36.604+0000] {processor.py:183} INFO - Processing /opt/airflow/dags/weather_hourly.py took 0.190 seconds
[2025-12-30T17:51:06.806+0000] {processor.py:161} INFO - Started process (PID=887) to work on /opt/airflow/dags/weather_hourly.py
[2025-12-30T17:51:06.808+0000] {processor.py:830} INFO - Processing file /opt/airflow/dags/weather_hourly.py for tasks to queue
[2025-12-30T17:51:06.810+0000] {logging_mixin.py:188} INFO - [2025-12-30T17:51:06.810+0000] {dagbag.py:545} INFO - Filling up the DagBag from /opt/airflow/dags/weather_hourly.py
[2025-12-30T17:51:06.839+0000] {processor.py:840} INFO - DAG(s) 'weather_hourly' retrieved from /opt/airflow/dags/weather_hourly.py
[2025-12-30T17:51:06.891+0000] {logging_mixin.py:188} INFO - [2025-12-30T17:51:06.891+0000] {dag.py:3089} INFO - Sync 1 DAGs
[2025-12-30T17:51:06.928+0000] {logging_mixin.py:188} INFO - [2025-12-30T17:51:06.927+0000] {dag.py:3947} INFO - Setting next_dagrun for weather_hourly to 2025-12-30 17:15:00+00:00, run_after=2025-12-30 18:15:00+00:00
[2025-12-30T17:51:06.958+0000] {processor.py:183} INFO - Processing /opt/airflow/dags/weather_hourly.py took 0.163 seconds
[2025-12-30T17:51:37.280+0000] {processor.py:161} INFO - Started process (PID=897) to work on /opt/airflow/dags/weather_hourly.py
[2025-12-30T17:51:37.282+0000] {processor.py:830} INFO - Processing file /opt/airflow/dags/weather_hourly.py for tasks to queue
[2025-12-30T17:51:37.284+0000] {logging_mixin.py:188} INFO - [2025-12-30T17:51:37.284+0000] {dagbag.py:545} INFO - Filling up the DagBag from /opt/airflow/dags/weather_hourly.py
[2025-12-30T17:51:37.313+0000] {processor.py:840} INFO - DAG(s) 'weather_hourly' retrieved from /opt/airflow/dags/weather_hourly.py
[2025-12-30T17:51:37.358+0000] {logging_mixin.py:188} INFO - [2025-12-30T17:51:37.357+0000] {dag.py:3089} INFO - Sync 1 DAGs
[2025-12-30T17:51:37.395+0000] {logging_mixin.py:188} INFO - [2025-12-30T17:51:37.395+0000] {dag.py:3947} INFO - Setting next_dagrun for weather_hourly to 2025-12-30 17:15:00+00:00, run_after=2025-12-30 18:15:00+00:00
[2025-12-30T17:51:37.457+0000] {processor.py:183} INFO - Processing /opt/airflow/dags/weather_hourly.py took 0.186 seconds
[2025-12-30T17:52:07.551+0000] {processor.py:161} INFO - Started process (PID=907) to work on /opt/airflow/dags/weather_hourly.py
[2025-12-30T17:52:07.552+0000] {processor.py:830} INFO - Processing file /opt/airflow/dags/weather_hourly.py for tasks to queue
[2025-12-30T17:52:07.554+0000] {logging_mixin.py:188} INFO - [2025-12-30T17:52:07.554+0000] {dagbag.py:545} INFO - Filling up the DagBag from /opt/airflow/dags/weather_hourly.py
[2025-12-30T17:52:07.582+0000] {processor.py:840} INFO - DAG(s) 'weather_hourly' retrieved from /opt/airflow/dags/weather_hourly.py
[2025-12-30T17:52:07.628+0000] {logging_mixin.py:188} INFO - [2025-12-30T17:52:07.627+0000] {dag.py:3089} INFO - Sync 1 DAGs
[2025-12-30T17:52:07.665+0000] {logging_mixin.py:188} INFO - [2025-12-30T17:52:07.664+0000] {dag.py:3947} INFO - Setting next_dagrun for weather_hourly to 2025-12-30 17:15:00+00:00, run_after=2025-12-30 18:15:00+00:00
[2025-12-30T17:52:07.730+0000] {processor.py:183} INFO - Processing /opt/airflow/dags/weather_hourly.py took 0.188 seconds
[2025-12-30T17:52:37.884+0000] {processor.py:161} INFO - Started process (PID=917) to work on /opt/airflow/dags/weather_hourly.py
[2025-12-30T17:52:37.886+0000] {processor.py:830} INFO - Processing file /opt/airflow/dags/weather_hourly.py for tasks to queue
[2025-12-30T17:52:37.890+0000] {logging_mixin.py:188} INFO - [2025-12-30T17:52:37.890+0000] {dagbag.py:545} INFO - Filling up the DagBag from /opt/airflow/dags/weather_hourly.py
[2025-12-30T17:52:37.932+0000] {processor.py:840} INFO - DAG(s) 'weather_hourly' retrieved from /opt/airflow/dags/weather_hourly.py
[2025-12-30T17:52:37.989+0000] {logging_mixin.py:188} INFO - [2025-12-30T17:52:37.988+0000] {dag.py:3089} INFO - Sync 1 DAGs
[2025-12-30T17:52:38.027+0000] {logging_mixin.py:188} INFO - [2025-12-30T17:52:38.027+0000] {dag.py:3947} INFO - Setting next_dagrun for weather_hourly to 2025-12-30 17:15:00+00:00, run_after=2025-12-30 18:15:00+00:00
[2025-12-30T17:52:38.086+0000] {processor.py:183} INFO - Processing /opt/airflow/dags/weather_hourly.py took 0.210 seconds
[2025-12-30T17:53:08.258+0000] {processor.py:161} INFO - Started process (PID=927) to work on /opt/airflow/dags/weather_hourly.py
[2025-12-30T17:53:08.260+0000] {processor.py:830} INFO - Processing file /opt/airflow/dags/weather_hourly.py for tasks to queue
[2025-12-30T17:53:08.263+0000] {logging_mixin.py:188} INFO - [2025-12-30T17:53:08.262+0000] {dagbag.py:545} INFO - Filling up the DagBag from /opt/airflow/dags/weather_hourly.py
[2025-12-30T17:53:08.292+0000] {processor.py:840} INFO - DAG(s) 'weather_hourly' retrieved from /opt/airflow/dags/weather_hourly.py
[2025-12-30T17:53:08.338+0000] {logging_mixin.py:188} INFO - [2025-12-30T17:53:08.337+0000] {dag.py:3089} INFO - Sync 1 DAGs
[2025-12-30T17:53:08.378+0000] {logging_mixin.py:188} INFO - [2025-12-30T17:53:08.378+0000] {dag.py:3947} INFO - Setting next_dagrun for weather_hourly to 2025-12-30 17:15:00+00:00, run_after=2025-12-30 18:15:00+00:00
[2025-12-30T17:53:08.408+0000] {processor.py:183} INFO - Processing /opt/airflow/dags/weather_hourly.py took 0.159 seconds
[2025-12-30T17:53:38.711+0000] {processor.py:161} INFO - Started process (PID=937) to work on /opt/airflow/dags/weather_hourly.py
[2025-12-30T17:53:38.713+0000] {processor.py:830} INFO - Processing file /opt/airflow/dags/weather_hourly.py for tasks to queue
[2025-12-30T17:53:38.716+0000] {logging_mixin.py:188} INFO - [2025-12-30T17:53:38.716+0000] {dagbag.py:545} INFO - Filling up the DagBag from /opt/airflow/dags/weather_hourly.py
[2025-12-30T17:53:38.744+0000] {processor.py:840} INFO - DAG(s) 'weather_hourly' retrieved from /opt/airflow/dags/weather_hourly.py
[2025-12-30T17:53:38.794+0000] {logging_mixin.py:188} INFO - [2025-12-30T17:53:38.794+0000] {dag.py:3089} INFO - Sync 1 DAGs
[2025-12-30T17:53:38.834+0000] {logging_mixin.py:188} INFO - [2025-12-30T17:53:38.833+0000] {dag.py:3947} INFO - Setting next_dagrun for weather_hourly to 2025-12-30 17:15:00+00:00, run_after=2025-12-30 18:15:00+00:00
[2025-12-30T17:53:38.868+0000] {processor.py:183} INFO - Processing /opt/airflow/dags/weather_hourly.py took 0.165 seconds
[2025-12-30T17:54:09.175+0000] {processor.py:161} INFO - Started process (PID=947) to work on /opt/airflow/dags/weather_hourly.py
[2025-12-30T17:54:09.177+0000] {processor.py:830} INFO - Processing file /opt/airflow/dags/weather_hourly.py for tasks to queue
[2025-12-30T17:54:09.181+0000] {logging_mixin.py:188} INFO - [2025-12-30T17:54:09.180+0000] {dagbag.py:545} INFO - Filling up the DagBag from /opt/airflow/dags/weather_hourly.py
[2025-12-30T17:54:09.211+0000] {processor.py:840} INFO - DAG(s) 'weather_hourly' retrieved from /opt/airflow/dags/weather_hourly.py
[2025-12-30T17:54:09.289+0000] {logging_mixin.py:188} INFO - [2025-12-30T17:54:09.289+0000] {dag.py:3089} INFO - Sync 1 DAGs
[2025-12-30T17:54:09.330+0000] {logging_mixin.py:188} INFO - [2025-12-30T17:54:09.330+0000] {dag.py:3947} INFO - Setting next_dagrun for weather_hourly to 2025-12-30 17:15:00+00:00, run_after=2025-12-30 18:15:00+00:00
[2025-12-30T17:54:09.362+0000] {processor.py:183} INFO - Processing /opt/airflow/dags/weather_hourly.py took 0.198 seconds
[2025-12-30T17:54:39.458+0000] {processor.py:161} INFO - Started process (PID=957) to work on /opt/airflow/dags/weather_hourly.py
[2025-12-30T17:54:39.459+0000] {processor.py:830} INFO - Processing file /opt/airflow/dags/weather_hourly.py for tasks to queue
[2025-12-30T17:54:39.462+0000] {logging_mixin.py:188} INFO - [2025-12-30T17:54:39.461+0000] {dagbag.py:545} INFO - Filling up the DagBag from /opt/airflow/dags/weather_hourly.py
[2025-12-30T17:54:39.496+0000] {processor.py:840} INFO - DAG(s) 'weather_hourly' retrieved from /opt/airflow/dags/weather_hourly.py
[2025-12-30T17:54:39.544+0000] {logging_mixin.py:188} INFO - [2025-12-30T17:54:39.544+0000] {dag.py:3089} INFO - Sync 1 DAGs
[2025-12-30T17:54:39.581+0000] {logging_mixin.py:188} INFO - [2025-12-30T17:54:39.580+0000] {dag.py:3947} INFO - Setting next_dagrun for weather_hourly to 2025-12-30 17:15:00+00:00, run_after=2025-12-30 18:15:00+00:00
[2025-12-30T17:54:39.610+0000] {processor.py:183} INFO - Processing /opt/airflow/dags/weather_hourly.py took 0.161 seconds
[2025-12-30T17:55:09.953+0000] {processor.py:161} INFO - Started process (PID=967) to work on /opt/airflow/dags/weather_hourly.py
[2025-12-30T17:55:09.955+0000] {processor.py:830} INFO - Processing file /opt/airflow/dags/weather_hourly.py for tasks to queue
[2025-12-30T17:55:09.957+0000] {logging_mixin.py:188} INFO - [2025-12-30T17:55:09.957+0000] {dagbag.py:545} INFO - Filling up the DagBag from /opt/airflow/dags/weather_hourly.py
[2025-12-30T17:55:09.993+0000] {processor.py:840} INFO - DAG(s) 'weather_hourly' retrieved from /opt/airflow/dags/weather_hourly.py
[2025-12-30T17:55:10.042+0000] {logging_mixin.py:188} INFO - [2025-12-30T17:55:10.042+0000] {dag.py:3089} INFO - Sync 1 DAGs
[2025-12-30T17:55:10.081+0000] {logging_mixin.py:188} INFO - [2025-12-30T17:55:10.080+0000] {dag.py:3947} INFO - Setting next_dagrun for weather_hourly to 2025-12-30 17:15:00+00:00, run_after=2025-12-30 18:15:00+00:00
[2025-12-30T17:55:10.144+0000] {processor.py:183} INFO - Processing /opt/airflow/dags/weather_hourly.py took 0.205 seconds
[2025-12-30T17:56:19.680+0000] {processor.py:161} INFO - Started process (PID=977) to work on /opt/airflow/dags/weather_hourly.py
[2025-12-30T17:56:19.684+0000] {processor.py:830} INFO - Processing file /opt/airflow/dags/weather_hourly.py for tasks to queue
[2025-12-30T17:56:19.689+0000] {logging_mixin.py:188} INFO - [2025-12-30T17:56:19.688+0000] {dagbag.py:545} INFO - Filling up the DagBag from /opt/airflow/dags/weather_hourly.py
[2025-12-30T17:56:19.840+0000] {processor.py:840} INFO - DAG(s) 'weather_hourly' retrieved from /opt/airflow/dags/weather_hourly.py
[2025-12-30T17:56:20.005+0000] {logging_mixin.py:188} INFO - [2025-12-30T17:56:20.004+0000] {dag.py:3089} INFO - Sync 1 DAGs
[2025-12-30T17:56:20.146+0000] {logging_mixin.py:188} INFO - [2025-12-30T17:56:20.145+0000] {dag.py:3947} INFO - Setting next_dagrun for weather_hourly to 2025-12-30 17:15:00+00:00, run_after=2025-12-30 18:15:00+00:00
[2025-12-30T17:56:20.230+0000] {processor.py:183} INFO - Processing /opt/airflow/dags/weather_hourly.py took 0.585 seconds
[2025-12-30T17:56:50.890+0000] {processor.py:161} INFO - Started process (PID=987) to work on /opt/airflow/dags/weather_hourly.py
[2025-12-30T17:56:50.892+0000] {processor.py:830} INFO - Processing file /opt/airflow/dags/weather_hourly.py for tasks to queue
[2025-12-30T17:56:50.895+0000] {logging_mixin.py:188} INFO - [2025-12-30T17:56:50.894+0000] {dagbag.py:545} INFO - Filling up the DagBag from /opt/airflow/dags/weather_hourly.py
[2025-12-30T17:56:50.926+0000] {processor.py:840} INFO - DAG(s) 'weather_hourly' retrieved from /opt/airflow/dags/weather_hourly.py
[2025-12-30T17:56:50.986+0000] {logging_mixin.py:188} INFO - [2025-12-30T17:56:50.986+0000] {dag.py:3089} INFO - Sync 1 DAGs
[2025-12-30T17:56:51.030+0000] {logging_mixin.py:188} INFO - [2025-12-30T17:56:51.030+0000] {dag.py:3947} INFO - Setting next_dagrun for weather_hourly to 2025-12-30 17:15:00+00:00, run_after=2025-12-30 18:15:00+00:00
[2025-12-30T17:56:51.074+0000] {processor.py:183} INFO - Processing /opt/airflow/dags/weather_hourly.py took 0.195 seconds
[2025-12-30T17:57:21.429+0000] {processor.py:161} INFO - Started process (PID=997) to work on /opt/airflow/dags/weather_hourly.py
[2025-12-30T17:57:21.430+0000] {processor.py:830} INFO - Processing file /opt/airflow/dags/weather_hourly.py for tasks to queue
[2025-12-30T17:57:21.434+0000] {logging_mixin.py:188} INFO - [2025-12-30T17:57:21.434+0000] {dagbag.py:545} INFO - Filling up the DagBag from /opt/airflow/dags/weather_hourly.py
[2025-12-30T17:57:21.467+0000] {processor.py:840} INFO - DAG(s) 'weather_hourly' retrieved from /opt/airflow/dags/weather_hourly.py
[2025-12-30T17:57:21.520+0000] {logging_mixin.py:188} INFO - [2025-12-30T17:57:21.520+0000] {dag.py:3089} INFO - Sync 1 DAGs
[2025-12-30T17:57:21.558+0000] {logging_mixin.py:188} INFO - [2025-12-30T17:57:21.557+0000] {dag.py:3947} INFO - Setting next_dagrun for weather_hourly to 2025-12-30 17:15:00+00:00, run_after=2025-12-30 18:15:00+00:00
[2025-12-30T17:57:21.592+0000] {processor.py:183} INFO - Processing /opt/airflow/dags/weather_hourly.py took 0.173 seconds
[2025-12-30T17:57:51.743+0000] {processor.py:161} INFO - Started process (PID=1007) to work on /opt/airflow/dags/weather_hourly.py
[2025-12-30T17:57:51.745+0000] {processor.py:830} INFO - Processing file /opt/airflow/dags/weather_hourly.py for tasks to queue
[2025-12-30T17:57:51.749+0000] {logging_mixin.py:188} INFO - [2025-12-30T17:57:51.748+0000] {dagbag.py:545} INFO - Filling up the DagBag from /opt/airflow/dags/weather_hourly.py
[2025-12-30T17:57:51.791+0000] {processor.py:840} INFO - DAG(s) 'weather_hourly' retrieved from /opt/airflow/dags/weather_hourly.py
[2025-12-30T17:57:51.862+0000] {logging_mixin.py:188} INFO - [2025-12-30T17:57:51.861+0000] {dag.py:3089} INFO - Sync 1 DAGs
[2025-12-30T17:57:51.913+0000] {logging_mixin.py:188} INFO - [2025-12-30T17:57:51.913+0000] {dag.py:3947} INFO - Setting next_dagrun for weather_hourly to 2025-12-30 17:15:00+00:00, run_after=2025-12-30 18:15:00+00:00
[2025-12-30T17:57:51.953+0000] {processor.py:183} INFO - Processing /opt/airflow/dags/weather_hourly.py took 0.225 seconds
[2025-12-30T17:58:22.319+0000] {processor.py:161} INFO - Started process (PID=1017) to work on /opt/airflow/dags/weather_hourly.py
[2025-12-30T17:58:22.322+0000] {processor.py:830} INFO - Processing file /opt/airflow/dags/weather_hourly.py for tasks to queue
[2025-12-30T17:58:22.326+0000] {logging_mixin.py:188} INFO - [2025-12-30T17:58:22.325+0000] {dagbag.py:545} INFO - Filling up the DagBag from /opt/airflow/dags/weather_hourly.py
[2025-12-30T17:58:22.367+0000] {processor.py:840} INFO - DAG(s) 'weather_hourly' retrieved from /opt/airflow/dags/weather_hourly.py
[2025-12-30T17:58:22.435+0000] {logging_mixin.py:188} INFO - [2025-12-30T17:58:22.434+0000] {dag.py:3089} INFO - Sync 1 DAGs
[2025-12-30T17:58:22.481+0000] {logging_mixin.py:188} INFO - [2025-12-30T17:58:22.480+0000] {dag.py:3947} INFO - Setting next_dagrun for weather_hourly to 2025-12-30 17:15:00+00:00, run_after=2025-12-30 18:15:00+00:00
[2025-12-30T17:58:22.523+0000] {processor.py:183} INFO - Processing /opt/airflow/dags/weather_hourly.py took 0.216 seconds
