[2025-12-29T03:46:44.326+0000] {local_task_job_runner.py:120} INFO - ::group::Pre task execution logs
[2025-12-29T03:46:44.499+0000] {taskinstance.py:2076} INFO - Dependencies all met for dep_context=non-requeueable deps ti=<TaskInstance: weather_hourly.ingest_weather_data.ingest_forecasts scheduled__2025-12-29T02:15:00+00:00 [queued]>
[2025-12-29T03:46:44.507+0000] {taskinstance.py:2076} INFO - Dependencies all met for dep_context=requeueable deps ti=<TaskInstance: weather_hourly.ingest_weather_data.ingest_forecasts scheduled__2025-12-29T02:15:00+00:00 [queued]>
[2025-12-29T03:46:44.508+0000] {taskinstance.py:2306} INFO - Starting attempt 1 of 1
[2025-12-29T03:46:44.519+0000] {taskinstance.py:2330} INFO - Executing <Task(DockerOperator): ingest_weather_data.ingest_forecasts> on 2025-12-29 02:15:00+00:00
[2025-12-29T03:46:44.524+0000] {standard_task_runner.py:64} INFO - Started process 234 to run task
[2025-12-29T03:46:44.526+0000] {standard_task_runner.py:90} INFO - Running: ['***', 'tasks', 'run', 'weather_hourly', 'ingest_weather_data.ingest_forecasts', 'scheduled__2025-12-29T02:15:00+00:00', '--job-id', '8', '--raw', '--subdir', 'DAGS_FOLDER/weather_hourly.py', '--cfg-path', '/tmp/tmpxmvde01y']
[2025-12-29T03:46:44.528+0000] {standard_task_runner.py:91} INFO - Job 8: Subtask ingest_weather_data.ingest_forecasts
[2025-12-29T03:46:44.573+0000] {task_command.py:426} INFO - Running <TaskInstance: weather_hourly.ingest_weather_data.ingest_forecasts scheduled__2025-12-29T02:15:00+00:00 [running]> on host a89c93f0f8bf
[2025-12-29T03:46:44.655+0000] {taskinstance.py:2648} INFO - Exporting env vars: AIRFLOW_CTX_DAG_OWNER='***' AIRFLOW_CTX_DAG_ID='weather_hourly' AIRFLOW_CTX_TASK_ID='ingest_weather_data.ingest_forecasts' AIRFLOW_CTX_EXECUTION_DATE='2025-12-29T02:15:00+00:00' AIRFLOW_CTX_TRY_NUMBER='1' AIRFLOW_CTX_DAG_RUN_ID='scheduled__2025-12-29T02:15:00+00:00'
[2025-12-29T03:46:44.655+0000] {taskinstance.py:430} INFO - ::endgroup::
[2025-12-29T03:46:44.710+0000] {docker.py:367} INFO - Starting docker container from image weather-ingestion:latest
[2025-12-29T03:46:45.847+0000] {docker.py:438} INFO - 2025-12-29 03:46:45,845 - INFO - Connecting with db
[2025-12-29T03:46:45.864+0000] {docker.py:438} INFO - 2025-12-29 03:46:45,863 - INFO - 72 Hour forecast Weather for Stations 00400
[2025-12-29T03:46:46.017+0000] {docker.py:438} INFO - 2025-12-29 03:46:46,016 - INFO - 72 Hour forecast Weather for Stations 00403
[2025-12-29T03:46:46.155+0000] {docker.py:438} INFO - 2025-12-29 03:46:46,154 - INFO - 72 Hour forecast Weather for Stations 00410
[2025-12-29T03:46:46.297+0000] {docker.py:438} INFO - 2025-12-29 03:46:46,296 - INFO - 72 Hour forecast Weather for Stations 00420
[2025-12-29T03:46:46.440+0000] {docker.py:438} INFO - 2025-12-29 03:46:46,439 - INFO - 72 Hour forecast Weather for Stations 00427
[2025-12-29T03:46:46.574+0000] {docker.py:438} INFO - 2025-12-29 03:46:46,573 - INFO - 72 Hour forecast Weather for Stations 00430
[2025-12-29T03:46:46.711+0000] {docker.py:438} INFO - 2025-12-29 03:46:46,710 - INFO - 72 Hour forecast Weather for Stations 00433
[2025-12-29T03:46:46.855+0000] {docker.py:438} INFO - 2025-12-29 03:46:46,853 - INFO - Connecting with db
[2025-12-29T03:46:46.904+0000] {docker.py:438} INFO - 2025-12-29 03:46:46,902 - INFO - data inserted into db
[2025-12-29T03:46:47.487+0000] {taskinstance.py:441} INFO - ::group::Post task execution logs
[2025-12-29T03:46:47.512+0000] {taskinstance.py:1206} INFO - Marking task as SUCCESS. dag_id=weather_hourly, task_id=ingest_weather_data.ingest_forecasts, run_id=scheduled__2025-12-29T02:15:00+00:00, execution_date=20251229T021500, start_date=20251229T034644, end_date=20251229T034647
[2025-12-29T03:46:47.550+0000] {local_task_job_runner.py:243} INFO - Task exited with return code 0
[2025-12-29T03:46:47.574+0000] {taskinstance.py:3503} INFO - 0 downstream tasks scheduled from follow-on schedule check
[2025-12-29T03:46:47.576+0000] {local_task_job_runner.py:222} INFO - ::endgroup::
