[2025-12-29T05:27:34.959+0000] {local_task_job_runner.py:120} INFO - ::group::Pre task execution logs
[2025-12-29T05:27:35.139+0000] {taskinstance.py:2076} INFO - Dependencies all met for dep_context=non-requeueable deps ti=<TaskInstance: weather_hourly.dbt_weather_models manual__2025-12-29T05:27:28.556445+00:00 [queued]>
[2025-12-29T05:27:35.148+0000] {taskinstance.py:2076} INFO - Dependencies all met for dep_context=requeueable deps ti=<TaskInstance: weather_hourly.dbt_weather_models manual__2025-12-29T05:27:28.556445+00:00 [queued]>
[2025-12-29T05:27:35.149+0000] {taskinstance.py:2306} INFO - Starting attempt 1 of 1
[2025-12-29T05:27:35.164+0000] {taskinstance.py:2330} INFO - Executing <Task(DockerOperator): dbt_weather_models> on 2025-12-29 05:27:28.556445+00:00
[2025-12-29T05:27:35.171+0000] {standard_task_runner.py:64} INFO - Started process 206 to run task
[2025-12-29T05:27:35.173+0000] {standard_task_runner.py:90} INFO - Running: ['***', 'tasks', 'run', 'weather_hourly', 'dbt_weather_models', 'manual__2025-12-29T05:27:28.556445+00:00', '--job-id', '25', '--raw', '--subdir', 'DAGS_FOLDER/weather_hourly.py', '--cfg-path', '/tmp/tmpbovjsl34']
[2025-12-29T05:27:35.175+0000] {standard_task_runner.py:91} INFO - Job 25: Subtask dbt_weather_models
[2025-12-29T05:27:35.217+0000] {task_command.py:426} INFO - Running <TaskInstance: weather_hourly.dbt_weather_models manual__2025-12-29T05:27:28.556445+00:00 [running]> on host 86ae71ae83a3
[2025-12-29T05:27:35.295+0000] {taskinstance.py:2648} INFO - Exporting env vars: AIRFLOW_CTX_DAG_OWNER='***' AIRFLOW_CTX_DAG_ID='weather_hourly' AIRFLOW_CTX_TASK_ID='dbt_weather_models' AIRFLOW_CTX_EXECUTION_DATE='2025-12-29T05:27:28.556445+00:00' AIRFLOW_CTX_TRY_NUMBER='1' AIRFLOW_CTX_DAG_RUN_ID='manual__2025-12-29T05:27:28.556445+00:00'
[2025-12-29T05:27:35.296+0000] {taskinstance.py:430} INFO - ::endgroup::
[2025-12-29T05:27:35.332+0000] {docker.py:367} INFO - Starting docker container from image ghcr.io/dbt-labs/dbt-postgres:1.8.2
[2025-12-29T05:27:36.890+0000] {docker.py:438} INFO - [0m05:27:36  Running with dbt=1.8.3
[2025-12-29T05:27:37.120+0000] {docker.py:438} INFO - [0m05:27:37  Registered adapter: postgres=1.8.2
[2025-12-29T05:27:37.681+0000] {docker.py:438} INFO - [0m05:27:37  [[33mWARNING[0m]: Configuration paths exist in your dbt_project.yml file which do not apply to any resources.
[2025-12-29T05:27:37.681+0000] {docker.py:438} INFO - There are 1 unused configuration paths:
[2025-12-29T05:27:37.682+0000] {docker.py:438} INFO - - models.dbt_project.final
[2025-12-29T05:27:37.800+0000] {docker.py:438} INFO - [0m05:27:37  Found 12 models, 4 data tests, 415 macros
[2025-12-29T05:27:37.804+0000] {docker.py:438} INFO - [0m05:27:37
[2025-12-29T05:27:37.978+0000] {docker.py:438} INFO - [0m05:27:37  Concurrency: 1 threads (target='dev')
[2025-12-29T05:27:37.979+0000] {docker.py:438} INFO - [0m05:27:37
[2025-12-29T05:27:37.991+0000] {docker.py:438} INFO - [0m05:27:37  1 of 4 START sql view model dev_staging.stg_current_weather_observations ....... [RUN]
[2025-12-29T05:27:38.119+0000] {docker.py:438} INFO - [0m05:27:38  1 of 4 OK created sql view model dev_staging.stg_current_weather_observations .. [[32mCREATE VIEW[0m in 0.13s]
[2025-12-29T05:27:38.122+0000] {docker.py:438} INFO - [0m05:27:38  2 of 4 START sql view model dev_staging.stg_forecast_weather ................... [RUN]
[2025-12-29T05:27:38.184+0000] {docker.py:438} INFO - [0m05:27:38  2 of 4 OK created sql view model dev_staging.stg_forecast_weather .............. [[32mCREATE VIEW[0m in 0.06s]
[2025-12-29T05:27:38.186+0000] {docker.py:438} INFO - [0m05:27:38  3 of 4 START sql view model dev_intermediate.int_latest_current_weather_observations  [RUN]
[2025-12-29T05:27:38.245+0000] {docker.py:438} INFO - [0m05:27:38  3 of 4 OK created sql view model dev_intermediate.int_latest_current_weather_observations  [[32mCREATE VIEW[0m in 0.06s]
[2025-12-29T05:27:38.248+0000] {docker.py:438} INFO - [0m05:27:38  4 of 4 START sql incremental model dev_intermediate.int_forecast_weather_scd2 .. [RUN]
[2025-12-29T05:27:38.468+0000] {docker.py:438} INFO - [0m05:27:38  4 of 4 OK created sql incremental model dev_intermediate.int_forecast_weather_scd2  [[32mINSERT 0 0[0m in 0.22s]
[2025-12-29T05:27:38.482+0000] {docker.py:438} INFO - [0m05:27:38
[2025-12-29T05:27:38.482+0000] {docker.py:438} INFO - [0m05:27:38  Finished running 3 view models, 1 incremental model in 0 hours 0 minutes and 0.68 seconds (0.68s).
[2025-12-29T05:27:38.528+0000] {docker.py:438} INFO - [0m05:27:38
[2025-12-29T05:27:38.529+0000] {docker.py:438} INFO - [0m05:27:38  [32mCompleted successfully[0m
[2025-12-29T05:27:38.530+0000] {docker.py:438} INFO - [0m05:27:38
[2025-12-29T05:27:38.531+0000] {docker.py:438} INFO - [0m05:27:38  Done. PASS=4 WARN=0 ERROR=0 SKIP=0 TOTAL=4
[2025-12-29T05:27:39.848+0000] {taskinstance.py:441} INFO - ::group::Post task execution logs
[2025-12-29T05:27:39.871+0000] {taskinstance.py:1206} INFO - Marking task as SUCCESS. dag_id=weather_hourly, task_id=dbt_weather_models, run_id=manual__2025-12-29T05:27:28.556445+00:00, execution_date=20251229T052728, start_date=20251229T052735, end_date=20251229T052739
[2025-12-29T05:27:39.923+0000] {local_task_job_runner.py:243} INFO - Task exited with return code 0
[2025-12-29T05:27:39.941+0000] {taskinstance.py:3503} INFO - 0 downstream tasks scheduled from follow-on schedule check
[2025-12-29T05:27:39.943+0000] {local_task_job_runner.py:222} INFO - ::endgroup::
