[2025-12-29T05:15:02.296+0000] {local_task_job_runner.py:120} INFO - ::group::Pre task execution logs
[2025-12-29T05:15:02.487+0000] {taskinstance.py:2076} INFO - Dependencies all met for dep_context=non-requeueable deps ti=<TaskInstance: weather_hourly.ingest_weather_data.ingest_observations scheduled__2025-12-29T04:15:00+00:00 [queued]>
[2025-12-29T05:15:02.495+0000] {taskinstance.py:2076} INFO - Dependencies all met for dep_context=requeueable deps ti=<TaskInstance: weather_hourly.ingest_weather_data.ingest_observations scheduled__2025-12-29T04:15:00+00:00 [queued]>
[2025-12-29T05:15:02.497+0000] {taskinstance.py:2306} INFO - Starting attempt 1 of 1
[2025-12-29T05:15:02.508+0000] {taskinstance.py:2330} INFO - Executing <Task(DockerOperator): ingest_weather_data.ingest_observations> on 2025-12-29 04:15:00+00:00
[2025-12-29T05:15:02.515+0000] {standard_task_runner.py:64} INFO - Started process 1869 to run task
[2025-12-29T05:15:02.518+0000] {standard_task_runner.py:90} INFO - Running: ['***', 'tasks', 'run', 'weather_hourly', 'ingest_weather_data.ingest_observations', 'scheduled__2025-12-29T04:15:00+00:00', '--job-id', '32', '--raw', '--subdir', 'DAGS_FOLDER/weather_hourly.py', '--cfg-path', '/tmp/tmp31shhuge']
[2025-12-29T05:15:02.520+0000] {standard_task_runner.py:91} INFO - Job 32: Subtask ingest_weather_data.ingest_observations
[2025-12-29T05:15:02.563+0000] {task_command.py:426} INFO - Running <TaskInstance: weather_hourly.ingest_weather_data.ingest_observations scheduled__2025-12-29T04:15:00+00:00 [running]> on host a89c93f0f8bf
[2025-12-29T05:15:02.646+0000] {taskinstance.py:2648} INFO - Exporting env vars: AIRFLOW_CTX_DAG_OWNER='***' AIRFLOW_CTX_DAG_ID='weather_hourly' AIRFLOW_CTX_TASK_ID='ingest_weather_data.ingest_observations' AIRFLOW_CTX_EXECUTION_DATE='2025-12-29T04:15:00+00:00' AIRFLOW_CTX_TRY_NUMBER='1' AIRFLOW_CTX_DAG_RUN_ID='scheduled__2025-12-29T04:15:00+00:00'
[2025-12-29T05:15:02.647+0000] {taskinstance.py:430} INFO - ::endgroup::
[2025-12-29T05:15:02.692+0000] {docker.py:367} INFO - Starting docker container from image weather-ingestion:latest
[2025-12-29T05:15:04.077+0000] {docker.py:438} INFO - 2025-12-29 05:15:04,075 - INFO - Connecting with db
[2025-12-29T05:15:04.093+0000] {docker.py:438} INFO - 2025-12-29 05:15:04,092 - INFO - Fetching Berlin's Station list
[2025-12-29T05:15:04.131+0000] {docker.py:438} INFO - 2025-12-29 05:15:04,130 - INFO - Getting Current Weather for Stations 00400
[2025-12-29T05:15:04.347+0000] {docker.py:438} INFO - 2025-12-29 05:15:04,345 - INFO - Getting Current Weather for Stations 00403
[2025-12-29T05:15:04.529+0000] {docker.py:438} INFO - 2025-12-29 05:15:04,527 - INFO - Getting Current Weather for Stations 00410
[2025-12-29T05:15:04.720+0000] {docker.py:438} INFO - 2025-12-29 05:15:04,719 - ERROR - HTTP error occured: 404 Client Error: Not Found for url: https://api.brightsky.dev/current_weather?dwd_station_id=00410
[2025-12-29T05:15:04.721+0000] {docker.py:438} INFO - 2025-12-29 05:15:04,719 - ERROR - Response body: {"detail":"Could not find current weather for your location criteria"}
[2025-12-29T05:15:04.721+0000] {docker.py:438} INFO - 2025-12-29 05:15:04,719 - INFO - Getting Current Weather for Stations 00420
[2025-12-29T05:15:04.895+0000] {docker.py:438} INFO - 2025-12-29 05:15:04,894 - INFO - Getting Current Weather for Stations 00427
[2025-12-29T05:15:05.072+0000] {docker.py:438} INFO - 2025-12-29 05:15:05,070 - INFO - Getting Current Weather for Stations 00430
[2025-12-29T05:15:05.204+0000] {docker.py:438} INFO - 2025-12-29 05:15:05,203 - ERROR - HTTP error occured: 404 Client Error: Not Found for url: https://api.brightsky.dev/current_weather?dwd_station_id=00430
[2025-12-29T05:15:05.204+0000] {docker.py:438} INFO - 2025-12-29 05:15:05,203 - ERROR - Response body: {"detail":"Could not find current weather for your location criteria"}
[2025-12-29T05:15:05.205+0000] {docker.py:438} INFO - 2025-12-29 05:15:05,203 - INFO - Getting Current Weather for Stations 00433
[2025-12-29T05:15:05.337+0000] {docker.py:438} INFO - 2025-12-29 05:15:05,336 - INFO - Connecting with db
[2025-12-29T05:15:05.344+0000] {docker.py:438} INFO - 2025-12-29 05:15:05,343 - ERROR - db error : relation "raw.weather_observations" does not exist
[2025-12-29T05:15:05.345+0000] {docker.py:438} INFO - LINE 2:         INSERT INTO raw.weather_observations (
[2025-12-29T05:15:05.345+0000] {docker.py:438} INFO -                             ^
[2025-12-29T05:15:05.853+0000] {taskinstance.py:441} INFO - ::group::Post task execution logs
[2025-12-29T05:15:05.876+0000] {taskinstance.py:1206} INFO - Marking task as SUCCESS. dag_id=weather_hourly, task_id=ingest_weather_data.ingest_observations, run_id=scheduled__2025-12-29T04:15:00+00:00, execution_date=20251229T041500, start_date=20251229T051502, end_date=20251229T051505
[2025-12-29T05:15:05.903+0000] {local_task_job_runner.py:243} INFO - Task exited with return code 0
[2025-12-29T05:15:05.925+0000] {taskinstance.py:3503} INFO - 1 downstream tasks scheduled from follow-on schedule check
[2025-12-29T05:15:05.927+0000] {local_task_job_runner.py:222} INFO - ::endgroup::
[2025-12-29T05:21:23.734+0000] {local_task_job_runner.py:120} INFO - ::group::Pre task execution logs
[2025-12-29T05:21:23.947+0000] {taskinstance.py:2076} INFO - Dependencies all met for dep_context=non-requeueable deps ti=<TaskInstance: weather_hourly.ingest_weather_data.ingest_observations scheduled__2025-12-29T04:15:00+00:00 [queued]>
[2025-12-29T05:21:23.961+0000] {taskinstance.py:2076} INFO - Dependencies all met for dep_context=requeueable deps ti=<TaskInstance: weather_hourly.ingest_weather_data.ingest_observations scheduled__2025-12-29T04:15:00+00:00 [queued]>
[2025-12-29T05:21:23.962+0000] {taskinstance.py:2306} INFO - Starting attempt 1 of 1
[2025-12-29T05:21:23.978+0000] {taskinstance.py:2330} INFO - Executing <Task(DockerOperator): ingest_weather_data.ingest_observations> on 2025-12-29 04:15:00+00:00
[2025-12-29T05:21:23.986+0000] {standard_task_runner.py:64} INFO - Started process 234 to run task
[2025-12-29T05:21:23.989+0000] {standard_task_runner.py:90} INFO - Running: ['***', 'tasks', 'run', 'weather_hourly', 'ingest_weather_data.ingest_observations', 'scheduled__2025-12-29T04:15:00+00:00', '--job-id', '9', '--raw', '--subdir', 'DAGS_FOLDER/weather_hourly.py', '--cfg-path', '/tmp/tmpf29sjxb3']
[2025-12-29T05:21:23.991+0000] {standard_task_runner.py:91} INFO - Job 9: Subtask ingest_weather_data.ingest_observations
[2025-12-29T05:21:24.043+0000] {task_command.py:426} INFO - Running <TaskInstance: weather_hourly.ingest_weather_data.ingest_observations scheduled__2025-12-29T04:15:00+00:00 [running]> on host 86ae71ae83a3
[2025-12-29T05:21:24.129+0000] {taskinstance.py:2648} INFO - Exporting env vars: AIRFLOW_CTX_DAG_OWNER='***' AIRFLOW_CTX_DAG_ID='weather_hourly' AIRFLOW_CTX_TASK_ID='ingest_weather_data.ingest_observations' AIRFLOW_CTX_EXECUTION_DATE='2025-12-29T04:15:00+00:00' AIRFLOW_CTX_TRY_NUMBER='1' AIRFLOW_CTX_DAG_RUN_ID='scheduled__2025-12-29T04:15:00+00:00'
[2025-12-29T05:21:24.130+0000] {taskinstance.py:430} INFO - ::endgroup::
[2025-12-29T05:21:24.169+0000] {docker.py:367} INFO - Starting docker container from image weather-ingestion:latest
[2025-12-29T05:21:25.407+0000] {docker.py:438} INFO - 2025-12-29 05:21:25,404 - INFO - Connecting with db
[2025-12-29T05:21:25.421+0000] {docker.py:438} INFO - 2025-12-29 05:21:25,420 - INFO - Fetching Berlin's Station list
[2025-12-29T05:21:25.437+0000] {docker.py:438} INFO - 2025-12-29 05:21:25,436 - INFO - Getting Current Weather for Stations 00400
[2025-12-29T05:21:25.621+0000] {docker.py:438} INFO - 2025-12-29 05:21:25,620 - INFO - Getting Current Weather for Stations 00403
[2025-12-29T05:21:25.798+0000] {docker.py:438} INFO - 2025-12-29 05:21:25,797 - INFO - Getting Current Weather for Stations 00410
[2025-12-29T05:21:25.927+0000] {docker.py:438} INFO - 2025-12-29 05:21:25,926 - ERROR - HTTP error occured: 404 Client Error: Not Found for url: https://api.brightsky.dev/current_weather?dwd_station_id=00410
[2025-12-29T05:21:25.928+0000] {docker.py:438} INFO - 2025-12-29 05:21:25,926 - ERROR - Response body: {"detail":"Could not find current weather for your location criteria"}
[2025-12-29T05:21:25.928+0000] {docker.py:438} INFO - 2025-12-29 05:21:25,926 - INFO - Getting Current Weather for Stations 00420
[2025-12-29T05:21:26.059+0000] {docker.py:438} INFO - 2025-12-29 05:21:26,058 - INFO - Getting Current Weather for Stations 00427
[2025-12-29T05:21:26.197+0000] {docker.py:438} INFO - 2025-12-29 05:21:26,196 - INFO - Getting Current Weather for Stations 00430
[2025-12-29T05:21:26.370+0000] {docker.py:438} INFO - 2025-12-29 05:21:26,369 - ERROR - HTTP error occured: 404 Client Error: Not Found for url: https://api.brightsky.dev/current_weather?dwd_station_id=00430
[2025-12-29T05:21:26.371+0000] {docker.py:438} INFO - 2025-12-29 05:21:26,370 - ERROR - Response body: {"detail":"Could not find current weather for your location criteria"}
[2025-12-29T05:21:26.371+0000] {docker.py:438} INFO - 2025-12-29 05:21:26,370 - INFO - Getting Current Weather for Stations 00433
[2025-12-29T05:21:26.549+0000] {docker.py:438} INFO - 2025-12-29 05:21:26,548 - INFO - Connecting with db
[2025-12-29T05:21:26.557+0000] {docker.py:438} INFO - 2025-12-29 05:21:26,556 - ERROR - db error : relation "raw.weather_observations" does not exist
[2025-12-29T05:21:26.558+0000] {docker.py:438} INFO - LINE 2:         INSERT INTO raw.weather_observations (
[2025-12-29T05:21:26.558+0000] {docker.py:438} INFO -                             ^
[2025-12-29T05:21:27.191+0000] {taskinstance.py:441} INFO - ::group::Post task execution logs
[2025-12-29T05:21:27.217+0000] {taskinstance.py:1206} INFO - Marking task as SUCCESS. dag_id=weather_hourly, task_id=ingest_weather_data.ingest_observations, run_id=scheduled__2025-12-29T04:15:00+00:00, execution_date=20251229T041500, start_date=20251229T052123, end_date=20251229T052127
[2025-12-29T05:21:27.258+0000] {local_task_job_runner.py:243} INFO - Task exited with return code 0
[2025-12-29T05:21:27.277+0000] {taskinstance.py:3503} INFO - 1 downstream tasks scheduled from follow-on schedule check
[2025-12-29T05:21:27.280+0000] {local_task_job_runner.py:222} INFO - ::endgroup::
[2025-12-29T05:33:27.308+0000] {local_task_job_runner.py:120} INFO - ::group::Pre task execution logs
[2025-12-29T05:33:27.484+0000] {taskinstance.py:2076} INFO - Dependencies all met for dep_context=non-requeueable deps ti=<TaskInstance: weather_hourly.ingest_weather_data.ingest_observations scheduled__2025-12-29T04:15:00+00:00 [queued]>
[2025-12-29T05:33:27.492+0000] {taskinstance.py:2076} INFO - Dependencies all met for dep_context=requeueable deps ti=<TaskInstance: weather_hourly.ingest_weather_data.ingest_observations scheduled__2025-12-29T04:15:00+00:00 [queued]>
[2025-12-29T05:33:27.492+0000] {taskinstance.py:2306} INFO - Starting attempt 1 of 1
[2025-12-29T05:33:27.503+0000] {taskinstance.py:2330} INFO - Executing <Task(DockerOperator): ingest_weather_data.ingest_observations> on 2025-12-29 04:15:00+00:00
[2025-12-29T05:33:27.509+0000] {standard_task_runner.py:64} INFO - Started process 234 to run task
[2025-12-29T05:33:27.511+0000] {standard_task_runner.py:90} INFO - Running: ['***', 'tasks', 'run', 'weather_hourly', 'ingest_weather_data.ingest_observations', 'scheduled__2025-12-29T04:15:00+00:00', '--job-id', '9', '--raw', '--subdir', 'DAGS_FOLDER/weather_hourly.py', '--cfg-path', '/tmp/tmpc0_n5uad']
[2025-12-29T05:33:27.513+0000] {standard_task_runner.py:91} INFO - Job 9: Subtask ingest_weather_data.ingest_observations
[2025-12-29T05:33:27.559+0000] {task_command.py:426} INFO - Running <TaskInstance: weather_hourly.ingest_weather_data.ingest_observations scheduled__2025-12-29T04:15:00+00:00 [running]> on host 9d8f0caf82bb
[2025-12-29T05:33:27.639+0000] {taskinstance.py:2648} INFO - Exporting env vars: AIRFLOW_CTX_DAG_OWNER='***' AIRFLOW_CTX_DAG_ID='weather_hourly' AIRFLOW_CTX_TASK_ID='ingest_weather_data.ingest_observations' AIRFLOW_CTX_EXECUTION_DATE='2025-12-29T04:15:00+00:00' AIRFLOW_CTX_TRY_NUMBER='1' AIRFLOW_CTX_DAG_RUN_ID='scheduled__2025-12-29T04:15:00+00:00'
[2025-12-29T05:33:27.640+0000] {taskinstance.py:430} INFO - ::endgroup::
[2025-12-29T05:33:27.683+0000] {docker.py:367} INFO - Starting docker container from image weather-ingestion:latest
[2025-12-29T05:33:28.779+0000] {docker.py:438} INFO - 2025-12-29 05:33:28,778 - INFO - Connecting with db
[2025-12-29T05:33:28.790+0000] {docker.py:438} INFO - 2025-12-29 05:33:28,789 - INFO - Fetching Berlin's Station list
[2025-12-29T05:33:28.804+0000] {docker.py:438} INFO - 2025-12-29 05:33:28,802 - INFO - Getting Current Weather for Stations 00400
[2025-12-29T05:33:28.964+0000] {docker.py:438} INFO - 2025-12-29 05:33:28,963 - INFO - Getting Current Weather for Stations 00403
[2025-12-29T05:33:29.098+0000] {docker.py:438} INFO - 2025-12-29 05:33:29,097 - INFO - Getting Current Weather for Stations 00410
[2025-12-29T05:33:29.271+0000] {docker.py:438} INFO - 2025-12-29 05:33:29,269 - ERROR - HTTP error occured: 404 Client Error: Not Found for url: https://api.brightsky.dev/current_weather?dwd_station_id=00410
[2025-12-29T05:33:29.272+0000] {docker.py:438} INFO - 2025-12-29 05:33:29,270 - ERROR - Response body: {"detail":"Could not find current weather for your location criteria"}
[2025-12-29T05:33:29.272+0000] {docker.py:438} INFO - 2025-12-29 05:33:29,270 - INFO - Getting Current Weather for Stations 00420
[2025-12-29T05:33:29.438+0000] {docker.py:438} INFO - 2025-12-29 05:33:29,437 - INFO - Getting Current Weather for Stations 00427
[2025-12-29T05:33:29.611+0000] {docker.py:438} INFO - 2025-12-29 05:33:29,610 - INFO - Getting Current Weather for Stations 00430
[2025-12-29T05:33:29.736+0000] {docker.py:438} INFO - 2025-12-29 05:33:29,735 - ERROR - HTTP error occured: 404 Client Error: Not Found for url: https://api.brightsky.dev/current_weather?dwd_station_id=00430
[2025-12-29T05:33:29.737+0000] {docker.py:438} INFO - 2025-12-29 05:33:29,736 - ERROR - Response body: {"detail":"Could not find current weather for your location criteria"}
[2025-12-29T05:33:29.737+0000] {docker.py:438} INFO - 2025-12-29 05:33:29,736 - INFO - Getting Current Weather for Stations 00433
[2025-12-29T05:33:29.922+0000] {docker.py:438} INFO - 2025-12-29 05:33:29,921 - INFO - Connecting with db
[2025-12-29T05:33:29.929+0000] {docker.py:438} INFO - 2025-12-29 05:33:29,928 - ERROR - db error : relation "raw.weather_observations" does not exist
[2025-12-29T05:33:29.930+0000] {docker.py:438} INFO - LINE 2:         INSERT INTO raw.weather_observations (
[2025-12-29T05:33:29.930+0000] {docker.py:438} INFO -                             ^
[2025-12-29T05:33:30.711+0000] {taskinstance.py:441} INFO - ::group::Post task execution logs
[2025-12-29T05:33:30.739+0000] {taskinstance.py:1206} INFO - Marking task as SUCCESS. dag_id=weather_hourly, task_id=ingest_weather_data.ingest_observations, run_id=scheduled__2025-12-29T04:15:00+00:00, execution_date=20251229T041500, start_date=20251229T053327, end_date=20251229T053330
[2025-12-29T05:33:30.782+0000] {local_task_job_runner.py:243} INFO - Task exited with return code 0
[2025-12-29T05:33:30.805+0000] {taskinstance.py:3503} INFO - 1 downstream tasks scheduled from follow-on schedule check
[2025-12-29T05:33:30.806+0000] {local_task_job_runner.py:222} INFO - ::endgroup::
