[2025-12-30T17:17:44.392+0000] {local_task_job_runner.py:120} INFO - ::group::Pre task execution logs
[2025-12-30T17:17:44.668+0000] {taskinstance.py:2076} INFO - Dependencies all met for dep_context=non-requeueable deps ti=<TaskInstance: weather_hourly.ingest_weather_data.ingest_observations scheduled__2025-12-30T16:15:00+00:00 [queued]>
[2025-12-30T17:17:44.682+0000] {taskinstance.py:2076} INFO - Dependencies all met for dep_context=requeueable deps ti=<TaskInstance: weather_hourly.ingest_weather_data.ingest_observations scheduled__2025-12-30T16:15:00+00:00 [queued]>
[2025-12-30T17:17:44.683+0000] {taskinstance.py:2306} INFO - Starting attempt 1 of 1
[2025-12-30T17:17:44.703+0000] {taskinstance.py:2330} INFO - Executing <Task(DockerOperator): ingest_weather_data.ingest_observations> on 2025-12-30 16:15:00+00:00
[2025-12-30T17:17:44.713+0000] {standard_task_runner.py:64} INFO - Started process 234 to run task
[2025-12-30T17:17:44.718+0000] {standard_task_runner.py:90} INFO - Running: ['***', 'tasks', 'run', 'weather_hourly', 'ingest_weather_data.ingest_observations', 'scheduled__2025-12-30T16:15:00+00:00', '--job-id', '9', '--raw', '--subdir', 'DAGS_FOLDER/weather_hourly.py', '--cfg-path', '/tmp/tmpypl80b01']
[2025-12-30T17:17:44.722+0000] {standard_task_runner.py:91} INFO - Job 9: Subtask ingest_weather_data.ingest_observations
[2025-12-30T17:17:44.803+0000] {task_command.py:426} INFO - Running <TaskInstance: weather_hourly.ingest_weather_data.ingest_observations scheduled__2025-12-30T16:15:00+00:00 [running]> on host a6fd50e4079d
[2025-12-30T17:17:44.936+0000] {taskinstance.py:2648} INFO - Exporting env vars: AIRFLOW_CTX_DAG_OWNER='***' AIRFLOW_CTX_DAG_ID='weather_hourly' AIRFLOW_CTX_TASK_ID='ingest_weather_data.ingest_observations' AIRFLOW_CTX_EXECUTION_DATE='2025-12-30T16:15:00+00:00' AIRFLOW_CTX_TRY_NUMBER='1' AIRFLOW_CTX_DAG_RUN_ID='scheduled__2025-12-30T16:15:00+00:00'
[2025-12-30T17:17:44.937+0000] {taskinstance.py:430} INFO - ::endgroup::
[2025-12-30T17:17:44.996+0000] {docker.py:367} INFO - Starting docker container from image weather-ingestion:latest
[2025-12-30T17:17:47.161+0000] {docker.py:438} INFO - 2025-12-30 17:17:47,156 - INFO - Connecting with db
[2025-12-30T17:17:47.181+0000] {docker.py:438} INFO - 2025-12-30 17:17:47,179 - INFO - Fetching Berlin's Station list
[2025-12-30T17:17:47.205+0000] {docker.py:438} INFO - 2025-12-30 17:17:47,202 - INFO - Connecting with db
[2025-12-30T17:17:47.216+0000] {docker.py:438} INFO - 2025-12-30 17:17:47,214 - INFO - data inserted into db
[2025-12-30T17:17:47.930+0000] {taskinstance.py:441} INFO - ::group::Post task execution logs
[2025-12-30T17:17:47.987+0000] {taskinstance.py:1206} INFO - Marking task as SUCCESS. dag_id=weather_hourly, task_id=ingest_weather_data.ingest_observations, run_id=scheduled__2025-12-30T16:15:00+00:00, execution_date=20251230T161500, start_date=20251230T171744, end_date=20251230T171747
[2025-12-30T17:17:48.028+0000] {local_task_job_runner.py:243} INFO - Task exited with return code 0
[2025-12-30T17:17:48.081+0000] {taskinstance.py:3503} INFO - 1 downstream tasks scheduled from follow-on schedule check
[2025-12-30T17:17:48.085+0000] {local_task_job_runner.py:222} INFO - ::endgroup::
