[2026-01-04T16:47:51.045+0000] {local_task_job_runner.py:120} INFO - ::group::Pre task execution logs
[2026-01-04T16:47:51.080+0000] {taskinstance.py:2076} INFO - Dependencies all met for dep_context=non-requeueable deps ti=<TaskInstance: reference_setup.dbt_reference_models scheduled__2025-12-30T00:00:00+00:00 [queued]>
[2026-01-04T16:47:51.091+0000] {taskinstance.py:2076} INFO - Dependencies all met for dep_context=requeueable deps ti=<TaskInstance: reference_setup.dbt_reference_models scheduled__2025-12-30T00:00:00+00:00 [queued]>
[2026-01-04T16:47:51.091+0000] {taskinstance.py:2306} INFO - Starting attempt 1 of 1
[2026-01-04T16:47:51.107+0000] {taskinstance.py:2330} INFO - Executing <Task(DockerOperator): dbt_reference_models> on 2025-12-30 00:00:00+00:00
[2026-01-04T16:47:51.117+0000] {standard_task_runner.py:64} INFO - Started process 1078 to run task
[2026-01-04T16:47:51.119+0000] {standard_task_runner.py:90} INFO - Running: ['***', 'tasks', 'run', 'reference_setup', 'dbt_reference_models', 'scheduled__2025-12-30T00:00:00+00:00', '--job-id', '21', '--raw', '--subdir', 'DAGS_FOLDER/refrence_setup.py', '--cfg-path', '/tmp/tmpmbrr67td']
[2026-01-04T16:47:51.121+0000] {standard_task_runner.py:91} INFO - Job 21: Subtask dbt_reference_models
[2026-01-04T16:47:51.184+0000] {task_command.py:426} INFO - Running <TaskInstance: reference_setup.dbt_reference_models scheduled__2025-12-30T00:00:00+00:00 [running]> on host a6fd50e4079d
[2026-01-04T16:47:51.295+0000] {taskinstance.py:2648} INFO - Exporting env vars: AIRFLOW_CTX_DAG_OWNER='***' AIRFLOW_CTX_DAG_ID='reference_setup' AIRFLOW_CTX_TASK_ID='dbt_reference_models' AIRFLOW_CTX_EXECUTION_DATE='2025-12-30T00:00:00+00:00' AIRFLOW_CTX_TRY_NUMBER='1' AIRFLOW_CTX_DAG_RUN_ID='scheduled__2025-12-30T00:00:00+00:00'
[2026-01-04T16:47:51.296+0000] {taskinstance.py:430} INFO - ::endgroup::
[2026-01-04T16:47:51.342+0000] {docker.py:367} INFO - Starting docker container from image ghcr.io/dbt-labs/dbt-postgres:1.8.2
[2026-01-04T16:47:54.247+0000] {docker.py:438} INFO - [0m16:47:54  Running with dbt=1.8.3
[2026-01-04T16:47:54.607+0000] {docker.py:438} INFO - [0m16:47:54  Registered adapter: postgres=1.8.2
[2026-01-04T16:47:55.207+0000] {docker.py:438} INFO - [0m16:47:55  [[33mWARNING[0m]: Configuration paths exist in your dbt_project.yml file which do not apply to any resources.
[2026-01-04T16:47:55.208+0000] {docker.py:438} INFO - There are 1 unused configuration paths:
[2026-01-04T16:47:55.209+0000] {docker.py:438} INFO - - models.dbt_project.final
[2026-01-04T16:47:55.427+0000] {docker.py:438} INFO - [0m16:47:55  Found 12 models, 4 data tests, 415 macros
[2026-01-04T16:47:55.433+0000] {docker.py:438} INFO - [0m16:47:55
[2026-01-04T16:47:55.740+0000] {docker.py:438} INFO - [0m16:47:55  Concurrency: 1 threads (target='dev')
[2026-01-04T16:47:55.742+0000] {docker.py:438} INFO - [0m16:47:55
[2026-01-04T16:47:55.762+0000] {docker.py:438} INFO - [0m16:47:55  1 of 5 START sql view model dev_staging.stg_geo_plz ............................ [RUN]
[2026-01-04T16:47:56.005+0000] {docker.py:438} INFO - [0m16:47:56  1 of 5 OK created sql view model dev_staging.stg_geo_plz ....................... [[32mCREATE VIEW[0m in 0.24s]
[2026-01-04T16:47:56.012+0000] {docker.py:438} INFO - [0m16:47:56  2 of 5 START sql view model dev_staging.stg_weather_stations_list .............. [RUN]
[2026-01-04T16:47:56.133+0000] {docker.py:438} INFO - [0m16:47:56  2 of 5 OK created sql view model dev_staging.stg_weather_stations_list ......... [[32mCREATE VIEW[0m in 0.12s]
[2026-01-04T16:47:56.140+0000] {docker.py:438} INFO - [0m16:47:56  3 of 5 START sql view model dev_intermediate.int_geo_plz ....................... [RUN]
[2026-01-04T16:47:56.236+0000] {docker.py:438} INFO - [0m16:47:56  3 of 5 OK created sql view model dev_intermediate.int_geo_plz .................. [[32mCREATE VIEW[0m in 0.09s]
[2026-01-04T16:47:56.241+0000] {docker.py:438} INFO - [0m16:47:56  4 of 5 START sql view model dev_intermediate.int_weather_stations_list ......... [RUN]
[2026-01-04T16:47:56.335+0000] {docker.py:438} INFO - [0m16:47:56  4 of 5 OK created sql view model dev_intermediate.int_weather_stations_list .... [[32mCREATE VIEW[0m in 0.09s]
[2026-01-04T16:47:56.342+0000] {docker.py:438} INFO - [0m16:47:56  5 of 5 START sql view model dev_intermediate.int_berlin_weather_stations_plz ... [RUN]
[2026-01-04T16:47:56.440+0000] {docker.py:438} INFO - [0m16:47:56  5 of 5 OK created sql view model dev_intermediate.int_berlin_weather_stations_plz  [[32mCREATE VIEW[0m in 0.09s]
[2026-01-04T16:47:56.468+0000] {docker.py:438} INFO - [0m16:47:56
[2026-01-04T16:47:56.470+0000] {docker.py:438} INFO - [0m16:47:56  Finished running 5 view models in 0 hours 0 minutes and 1.03 seconds (1.03s).
[2026-01-04T16:47:56.540+0000] {docker.py:438} INFO - [0m16:47:56
[2026-01-04T16:47:56.542+0000] {docker.py:438} INFO - [0m16:47:56  [32mCompleted successfully[0m
[2026-01-04T16:47:56.544+0000] {docker.py:438} INFO - [0m16:47:56
[2026-01-04T16:47:56.546+0000] {docker.py:438} INFO - [0m16:47:56  Done. PASS=5 WARN=0 ERROR=0 SKIP=0 TOTAL=5
[2026-01-04T16:47:58.254+0000] {taskinstance.py:441} INFO - ::group::Post task execution logs
[2026-01-04T16:47:58.295+0000] {taskinstance.py:1206} INFO - Marking task as SUCCESS. dag_id=reference_setup, task_id=dbt_reference_models, run_id=scheduled__2025-12-30T00:00:00+00:00, execution_date=20251230T000000, start_date=20260104T164751, end_date=20260104T164758
[2026-01-04T16:47:58.341+0000] {local_task_job_runner.py:243} INFO - Task exited with return code 0
[2026-01-04T16:47:58.382+0000] {taskinstance.py:3503} INFO - 1 downstream tasks scheduled from follow-on schedule check
[2026-01-04T16:47:58.385+0000] {local_task_job_runner.py:222} INFO - ::endgroup::
