[2026-01-04T16:46:38.553+0000] {local_task_job_runner.py:120} INFO - ::group::Pre task execution logs
[2026-01-04T16:46:38.668+0000] {taskinstance.py:2076} INFO - Dependencies all met for dep_context=non-requeueable deps ti=<TaskInstance: weather_hourly.ingest_weather_data.ingest_observations scheduled__2025-12-30T17:15:00+00:00 [queued]>
[2026-01-04T16:46:38.705+0000] {taskinstance.py:2076} INFO - Dependencies all met for dep_context=requeueable deps ti=<TaskInstance: weather_hourly.ingest_weather_data.ingest_observations scheduled__2025-12-30T17:15:00+00:00 [queued]>
[2026-01-04T16:46:39.781+0000] {taskinstance.py:2306} INFO - Starting attempt 1 of 1
[2026-01-04T16:46:39.820+0000] {taskinstance.py:2330} INFO - Executing <Task(DockerOperator): ingest_weather_data.ingest_observations> on 2025-12-30 17:15:00+00:00
[2026-01-04T16:46:39.837+0000] {standard_task_runner.py:64} INFO - Started process 1045 to run task
[2026-01-04T16:46:39.843+0000] {standard_task_runner.py:90} INFO - Running: ['***', 'tasks', 'run', 'weather_hourly', 'ingest_weather_data.ingest_observations', 'scheduled__2025-12-30T17:15:00+00:00', '--job-id', '15', '--raw', '--subdir', 'DAGS_FOLDER/weather_hourly.py', '--cfg-path', '/tmp/tmpk2xocqt8']
[2026-01-04T16:46:39.852+0000] {standard_task_runner.py:91} INFO - Job 15: Subtask ingest_weather_data.ingest_observations
[2026-01-04T16:46:40.090+0000] {task_command.py:426} INFO - Running <TaskInstance: weather_hourly.ingest_weather_data.ingest_observations scheduled__2025-12-30T17:15:00+00:00 [running]> on host a6fd50e4079d
[2026-01-04T16:46:41.562+0000] {taskinstance.py:2648} INFO - Exporting env vars: AIRFLOW_CTX_DAG_OWNER='***' AIRFLOW_CTX_DAG_ID='weather_hourly' AIRFLOW_CTX_TASK_ID='ingest_weather_data.ingest_observations' AIRFLOW_CTX_EXECUTION_DATE='2025-12-30T17:15:00+00:00' AIRFLOW_CTX_TRY_NUMBER='1' AIRFLOW_CTX_DAG_RUN_ID='scheduled__2025-12-30T17:15:00+00:00'
[2026-01-04T16:46:41.602+0000] {taskinstance.py:430} INFO - ::endgroup::
[2026-01-04T16:46:43.668+0000] {docker.py:367} INFO - Starting docker container from image weather-ingestion:latest
[2026-01-04T16:47:05.529+0000] {docker.py:438} INFO - 2026-01-04 16:47:05,516 - INFO - Connecting with db
[2026-01-04T16:47:05.631+0000] {docker.py:438} INFO - 2026-01-04 16:47:05,622 - INFO - Fetching Berlin's Station list
[2026-01-04T16:47:05.718+0000] {docker.py:438} INFO - 2026-01-04 16:47:05,696 - INFO - Getting Current Weather for Stations 00400
[2026-01-04T16:47:06.541+0000] {docker.py:438} INFO - 2026-01-04 16:47:06,206 - INFO - Getting Current Weather for Stations 00403
[2026-01-04T16:47:06.909+0000] {docker.py:438} INFO - 2026-01-04 16:47:06,868 - INFO - Getting Current Weather for Stations 00410
[2026-01-04T16:47:07.134+0000] {docker.py:438} INFO - 2026-01-04 16:47:07,117 - ERROR - HTTP error occured: 404 Client Error: Not Found for url: https://api.brightsky.dev/current_weather?dwd_station_id=00410
[2026-01-04T16:47:07.137+0000] {docker.py:438} INFO - 2026-01-04 16:47:07,119 - ERROR - Response body: {"detail":"Could not find current weather for your location criteria"}
[2026-01-04T16:47:07.139+0000] {docker.py:438} INFO - 2026-01-04 16:47:07,119 - INFO - Getting Current Weather for Stations 00420
[2026-01-04T16:47:07.317+0000] {docker.py:438} INFO - 2026-01-04 16:47:07,309 - INFO - Getting Current Weather for Stations 00427
[2026-01-04T16:47:07.546+0000] {docker.py:438} INFO - 2026-01-04 16:47:07,538 - INFO - Getting Current Weather for Stations 00430
[2026-01-04T16:47:07.766+0000] {docker.py:438} INFO - 2026-01-04 16:47:07,759 - ERROR - HTTP error occured: 404 Client Error: Not Found for url: https://api.brightsky.dev/current_weather?dwd_station_id=00430
[2026-01-04T16:47:07.769+0000] {docker.py:438} INFO - 2026-01-04 16:47:07,761 - ERROR - Response body: {"detail":"Could not find current weather for your location criteria"}
[2026-01-04T16:47:07.772+0000] {docker.py:438} INFO - 2026-01-04 16:47:07,761 - INFO - Getting Current Weather for Stations 00433
[2026-01-04T16:47:07.969+0000] {docker.py:438} INFO - 2026-01-04 16:47:07,962 - INFO - Connecting with db
[2026-01-04T16:47:08.143+0000] {docker.py:438} INFO - 2026-01-04 16:47:08,131 - ERROR - db error : relation "raw.weather_observations" does not exist
[2026-01-04T16:47:08.146+0000] {docker.py:438} INFO - LINE 2:         INSERT INTO raw.weather_observations (
[2026-01-04T16:47:08.148+0000] {docker.py:438} INFO -                             ^
[2026-01-04T16:47:13.259+0000] {taskinstance.py:441} INFO - ::group::Post task execution logs
[2026-01-04T16:47:13.785+0000] {taskinstance.py:1206} INFO - Marking task as SUCCESS. dag_id=weather_hourly, task_id=ingest_weather_data.ingest_observations, run_id=scheduled__2025-12-30T17:15:00+00:00, execution_date=20251230T171500, start_date=20260104T164638, end_date=20260104T164713
[2026-01-04T16:47:13.920+0000] {local_task_job_runner.py:243} INFO - Task exited with return code 0
[2026-01-04T16:47:14.006+0000] {taskinstance.py:3503} INFO - 1 downstream tasks scheduled from follow-on schedule check
[2026-01-04T16:47:14.050+0000] {local_task_job_runner.py:222} INFO - ::endgroup::
