[2025-12-29T03:45:55.996+0000] {local_task_job_runner.py:120} INFO - ::group::Pre task execution logs
[2025-12-29T03:45:56.022+0000] {taskinstance.py:2076} INFO - Dependencies all met for dep_context=non-requeueable deps ti=<TaskInstance: reference_setup.dbt_reference_models scheduled__2025-12-28T00:00:00+00:00 [queued]>
[2025-12-29T03:45:56.028+0000] {taskinstance.py:2076} INFO - Dependencies all met for dep_context=requeueable deps ti=<TaskInstance: reference_setup.dbt_reference_models scheduled__2025-12-28T00:00:00+00:00 [queued]>
[2025-12-29T03:45:56.029+0000] {taskinstance.py:2306} INFO - Starting attempt 1 of 1
[2025-12-29T03:45:56.039+0000] {taskinstance.py:2330} INFO - Executing <Task(DockerOperator): dbt_reference_models> on 2025-12-28 00:00:00+00:00
[2025-12-29T03:45:56.045+0000] {standard_task_runner.py:64} INFO - Started process 206 to run task
[2025-12-29T03:45:56.047+0000] {standard_task_runner.py:90} INFO - Running: ['***', 'tasks', 'run', 'reference_setup', 'dbt_reference_models', 'scheduled__2025-12-28T00:00:00+00:00', '--job-id', '5', '--raw', '--subdir', 'DAGS_FOLDER/refrence_setup.py', '--cfg-path', '/tmp/tmpq_9adfzk']
[2025-12-29T03:45:56.048+0000] {standard_task_runner.py:91} INFO - Job 5: Subtask dbt_reference_models
[2025-12-29T03:45:56.099+0000] {task_command.py:426} INFO - Running <TaskInstance: reference_setup.dbt_reference_models scheduled__2025-12-28T00:00:00+00:00 [running]> on host a89c93f0f8bf
[2025-12-29T03:45:56.175+0000] {taskinstance.py:2648} INFO - Exporting env vars: AIRFLOW_CTX_DAG_OWNER='***' AIRFLOW_CTX_DAG_ID='reference_setup' AIRFLOW_CTX_TASK_ID='dbt_reference_models' AIRFLOW_CTX_EXECUTION_DATE='2025-12-28T00:00:00+00:00' AIRFLOW_CTX_TRY_NUMBER='1' AIRFLOW_CTX_DAG_RUN_ID='scheduled__2025-12-28T00:00:00+00:00'
[2025-12-29T03:45:56.176+0000] {taskinstance.py:430} INFO - ::endgroup::
[2025-12-29T03:45:56.212+0000] {docker.py:367} INFO - Starting docker container from image ghcr.io/dbt-labs/dbt-postgres:1.8.2
[2025-12-29T03:45:57.811+0000] {docker.py:438} INFO - [0m03:45:57  Running with dbt=1.8.3
[2025-12-29T03:45:58.000+0000] {docker.py:438} INFO - [0m03:45:57  Registered adapter: postgres=1.8.2
[2025-12-29T03:45:58.098+0000] {docker.py:438} INFO - [0m03:45:58  Unable to do partial parsing because profile has changed
[2025-12-29T03:45:59.354+0000] {docker.py:438} INFO - [0m03:45:59  [[33mWARNING[0m]: Configuration paths exist in your dbt_project.yml file which do not apply to any resources.
[2025-12-29T03:45:59.354+0000] {docker.py:438} INFO - There are 1 unused configuration paths:
[2025-12-29T03:45:59.354+0000] {docker.py:438} INFO - - models.dbt_project.final
[2025-12-29T03:45:59.460+0000] {docker.py:438} INFO - [0m03:45:59  Found 12 models, 4 data tests, 415 macros
[2025-12-29T03:45:59.463+0000] {docker.py:438} INFO - [0m03:45:59
[2025-12-29T03:45:59.660+0000] {docker.py:438} INFO - [0m03:45:59  Concurrency: 1 threads (target='dev')
[2025-12-29T03:45:59.660+0000] {docker.py:438} INFO - [0m03:45:59
[2025-12-29T03:45:59.670+0000] {docker.py:438} INFO - [0m03:45:59  1 of 5 START sql view model dev_staging.stg_geo_plz ............................ [RUN]
[2025-12-29T03:45:59.785+0000] {docker.py:438} INFO - [0m03:45:59  1 of 5 OK created sql view model dev_staging.stg_geo_plz ....................... [[32mCREATE VIEW[0m in 0.11s]
[2025-12-29T03:45:59.788+0000] {docker.py:438} INFO - [0m03:45:59  2 of 5 START sql view model dev_staging.stg_weather_stations_list .............. [RUN]
[2025-12-29T03:45:59.841+0000] {docker.py:438} INFO - [0m03:45:59  2 of 5 OK created sql view model dev_staging.stg_weather_stations_list ......... [[32mCREATE VIEW[0m in 0.05s]
[2025-12-29T03:45:59.844+0000] {docker.py:438} INFO - [0m03:45:59  3 of 5 START sql view model dev_intermediate.int_geo_plz ....................... [RUN]
[2025-12-29T03:45:59.895+0000] {docker.py:438} INFO - [0m03:45:59  3 of 5 OK created sql view model dev_intermediate.int_geo_plz .................. [[32mCREATE VIEW[0m in 0.05s]
[2025-12-29T03:45:59.897+0000] {docker.py:438} INFO - [0m03:45:59  4 of 5 START sql view model dev_intermediate.int_weather_stations_list ......... [RUN]
[2025-12-29T03:45:59.950+0000] {docker.py:438} INFO - [0m03:45:59  4 of 5 OK created sql view model dev_intermediate.int_weather_stations_list .... [[32mCREATE VIEW[0m in 0.05s]
[2025-12-29T03:45:59.953+0000] {docker.py:438} INFO - [0m03:45:59  5 of 5 START sql view model dev_intermediate.int_berlin_weather_stations_plz ... [RUN]
[2025-12-29T03:46:00.009+0000] {docker.py:438} INFO - [0m03:46:00  5 of 5 OK created sql view model dev_intermediate.int_berlin_weather_stations_plz  [[32mCREATE VIEW[0m in 0.05s]
[2025-12-29T03:46:00.032+0000] {docker.py:438} INFO - [0m03:46:00
[2025-12-29T03:46:00.032+0000] {docker.py:438} INFO - [0m03:46:00  Finished running 5 view models in 0 hours 0 minutes and 0.57 seconds (0.57s).
[2025-12-29T03:46:00.082+0000] {docker.py:438} INFO - [0m03:46:00
[2025-12-29T03:46:00.083+0000] {docker.py:438} INFO - [0m03:46:00  [32mCompleted successfully[0m
[2025-12-29T03:46:00.084+0000] {docker.py:438} INFO - [0m03:46:00
[2025-12-29T03:46:00.084+0000] {docker.py:438} INFO - [0m03:46:00  Done. PASS=5 WARN=0 ERROR=0 SKIP=0 TOTAL=5
[2025-12-29T03:46:01.273+0000] {taskinstance.py:441} INFO - ::group::Post task execution logs
[2025-12-29T03:46:01.300+0000] {taskinstance.py:1206} INFO - Marking task as SUCCESS. dag_id=reference_setup, task_id=dbt_reference_models, run_id=scheduled__2025-12-28T00:00:00+00:00, execution_date=20251228T000000, start_date=20251229T034556, end_date=20251229T034601
[2025-12-29T03:46:01.353+0000] {local_task_job_runner.py:243} INFO - Task exited with return code 0
[2025-12-29T03:46:01.373+0000] {taskinstance.py:3503} INFO - 1 downstream tasks scheduled from follow-on schedule check
[2025-12-29T03:46:01.375+0000] {local_task_job_runner.py:222} INFO - ::endgroup::
