[2026-01-04T17:15:01.975+0000] {local_task_job_runner.py:120} INFO - ::group::Pre task execution logs
[2026-01-04T17:15:02.006+0000] {taskinstance.py:2076} INFO - Dependencies all met for dep_context=non-requeueable deps ti=<TaskInstance: weather_hourly.ingest_weather_data.ingest_forecasts scheduled__2026-01-04T16:15:00+00:00 [queued]>
[2026-01-04T17:15:02.015+0000] {taskinstance.py:2076} INFO - Dependencies all met for dep_context=requeueable deps ti=<TaskInstance: weather_hourly.ingest_weather_data.ingest_forecasts scheduled__2026-01-04T16:15:00+00:00 [queued]>
[2026-01-04T17:15:02.016+0000] {taskinstance.py:2306} INFO - Starting attempt 1 of 1
[2026-01-04T17:15:02.027+0000] {taskinstance.py:2330} INFO - Executing <Task(DockerOperator): ingest_weather_data.ingest_forecasts> on 2026-01-04 16:15:00+00:00
[2026-01-04T17:15:02.033+0000] {standard_task_runner.py:64} INFO - Started process 1633 to run task
[2026-01-04T17:15:02.036+0000] {standard_task_runner.py:90} INFO - Running: ['***', 'tasks', 'run', 'weather_hourly', 'ingest_weather_data.ingest_forecasts', 'scheduled__2026-01-04T16:15:00+00:00', '--job-id', '29', '--raw', '--subdir', 'DAGS_FOLDER/weather_hourly.py', '--cfg-path', '/tmp/tmp54tob0yb']
[2026-01-04T17:15:02.039+0000] {standard_task_runner.py:91} INFO - Job 29: Subtask ingest_weather_data.ingest_forecasts
[2026-01-04T17:15:02.092+0000] {task_command.py:426} INFO - Running <TaskInstance: weather_hourly.ingest_weather_data.ingest_forecasts scheduled__2026-01-04T16:15:00+00:00 [running]> on host a6fd50e4079d
[2026-01-04T17:15:02.186+0000] {taskinstance.py:2648} INFO - Exporting env vars: AIRFLOW_CTX_DAG_OWNER='***' AIRFLOW_CTX_DAG_ID='weather_hourly' AIRFLOW_CTX_TASK_ID='ingest_weather_data.ingest_forecasts' AIRFLOW_CTX_EXECUTION_DATE='2026-01-04T16:15:00+00:00' AIRFLOW_CTX_TRY_NUMBER='1' AIRFLOW_CTX_DAG_RUN_ID='scheduled__2026-01-04T16:15:00+00:00'
[2026-01-04T17:15:02.187+0000] {taskinstance.py:430} INFO - ::endgroup::
[2026-01-04T17:15:02.226+0000] {docker.py:367} INFO - Starting docker container from image weather-ingestion:latest
[2026-01-04T17:15:03.589+0000] {docker.py:438} INFO - 2026-01-04 17:15:03,587 - INFO - Connecting with db
[2026-01-04T17:15:03.615+0000] {docker.py:438} INFO - 2026-01-04 17:15:03,614 - INFO - 72 Hour forecast Weather for Stations 00400
[2026-01-04T17:15:03.781+0000] {docker.py:438} INFO - 2026-01-04 17:15:03,780 - INFO - 72 Hour forecast Weather for Stations 00403
[2026-01-04T17:15:03.954+0000] {docker.py:438} INFO - 2026-01-04 17:15:03,953 - INFO - 72 Hour forecast Weather for Stations 00410
[2026-01-04T17:15:04.179+0000] {docker.py:438} INFO - 2026-01-04 17:15:04,178 - INFO - 72 Hour forecast Weather for Stations 00420
[2026-01-04T17:15:04.315+0000] {docker.py:438} INFO - 2026-01-04 17:15:04,314 - INFO - 72 Hour forecast Weather for Stations 00427
[2026-01-04T17:15:04.447+0000] {docker.py:438} INFO - 2026-01-04 17:15:04,446 - INFO - 72 Hour forecast Weather for Stations 00430
[2026-01-04T17:15:04.581+0000] {docker.py:438} INFO - 2026-01-04 17:15:04,579 - INFO - 72 Hour forecast Weather for Stations 00433
[2026-01-04T17:15:04.730+0000] {docker.py:438} INFO - 2026-01-04 17:15:04,729 - INFO - Connecting with db
[2026-01-04T17:15:04.791+0000] {docker.py:438} INFO - 2026-01-04 17:15:04,789 - INFO - data inserted into db
[2026-01-04T17:15:05.377+0000] {taskinstance.py:441} INFO - ::group::Post task execution logs
[2026-01-04T17:15:05.403+0000] {taskinstance.py:1206} INFO - Marking task as SUCCESS. dag_id=weather_hourly, task_id=ingest_weather_data.ingest_forecasts, run_id=scheduled__2026-01-04T16:15:00+00:00, execution_date=20260104T161500, start_date=20260104T171502, end_date=20260104T171505
[2026-01-04T17:15:05.426+0000] {local_task_job_runner.py:243} INFO - Task exited with return code 0
[2026-01-04T17:15:05.451+0000] {taskinstance.py:3503} INFO - 0 downstream tasks scheduled from follow-on schedule check
[2026-01-04T17:15:05.453+0000] {local_task_job_runner.py:222} INFO - ::endgroup::
