[2026-01-04T18:08:30.813+0000] {local_task_job_runner.py:120} INFO - ::group::Pre task execution logs
[2026-01-04T18:08:30.991+0000] {taskinstance.py:2076} INFO - Dependencies all met for dep_context=non-requeueable deps ti=<TaskInstance: weather_hourly.ingest_weather_data.ingest_observations scheduled__2026-01-04T16:15:00+00:00 [queued]>
[2026-01-04T18:08:30.999+0000] {taskinstance.py:2076} INFO - Dependencies all met for dep_context=requeueable deps ti=<TaskInstance: weather_hourly.ingest_weather_data.ingest_observations scheduled__2026-01-04T16:15:00+00:00 [queued]>
[2026-01-04T18:08:31.000+0000] {taskinstance.py:2306} INFO - Starting attempt 1 of 1
[2026-01-04T18:08:31.012+0000] {taskinstance.py:2330} INFO - Executing <Task(DockerOperator): ingest_weather_data.ingest_observations> on 2026-01-04 16:15:00+00:00
[2026-01-04T18:08:31.017+0000] {standard_task_runner.py:64} INFO - Started process 233 to run task
[2026-01-04T18:08:31.020+0000] {standard_task_runner.py:90} INFO - Running: ['***', 'tasks', 'run', 'weather_hourly', 'ingest_weather_data.ingest_observations', 'scheduled__2026-01-04T16:15:00+00:00', '--job-id', '9', '--raw', '--subdir', 'DAGS_FOLDER/weather_hourly.py', '--cfg-path', '/tmp/tmpx0sn7alx']
[2026-01-04T18:08:31.022+0000] {standard_task_runner.py:91} INFO - Job 9: Subtask ingest_weather_data.ingest_observations
[2026-01-04T18:08:31.071+0000] {task_command.py:426} INFO - Running <TaskInstance: weather_hourly.ingest_weather_data.ingest_observations scheduled__2026-01-04T16:15:00+00:00 [running]> on host f2bedbccf94a
[2026-01-04T18:08:31.154+0000] {taskinstance.py:2648} INFO - Exporting env vars: AIRFLOW_CTX_DAG_OWNER='***' AIRFLOW_CTX_DAG_ID='weather_hourly' AIRFLOW_CTX_TASK_ID='ingest_weather_data.ingest_observations' AIRFLOW_CTX_EXECUTION_DATE='2026-01-04T16:15:00+00:00' AIRFLOW_CTX_TRY_NUMBER='1' AIRFLOW_CTX_DAG_RUN_ID='scheduled__2026-01-04T16:15:00+00:00'
[2026-01-04T18:08:31.155+0000] {taskinstance.py:430} INFO - ::endgroup::
[2026-01-04T18:08:31.201+0000] {docker.py:367} INFO - Starting docker container from image weather-ingestion:latest
[2026-01-04T18:08:32.438+0000] {docker.py:438} INFO - 2026-01-04 18:08:32,437 - INFO - Connecting with db
[2026-01-04T18:08:32.447+0000] {docker.py:438} INFO - 2026-01-04 18:08:32,446 - INFO - Fetching Berlin's Station list
[2026-01-04T18:08:32.457+0000] {docker.py:438} INFO - 2026-01-04 18:08:32,456 - INFO - Getting Current Weather for Stations 00400
[2026-01-04T18:08:32.639+0000] {docker.py:438} INFO - 2026-01-04 18:08:32,638 - INFO - Getting Current Weather for Stations 00403
[2026-01-04T18:08:32.821+0000] {docker.py:438} INFO - 2026-01-04 18:08:32,819 - INFO - Getting Current Weather for Stations 00410
[2026-01-04T18:08:32.954+0000] {docker.py:438} INFO - 2026-01-04 18:08:32,953 - ERROR - HTTP error occured: 404 Client Error: Not Found for url: https://api.brightsky.dev/current_weather?dwd_station_id=00410
[2026-01-04T18:08:32.955+0000] {docker.py:438} INFO - 2026-01-04 18:08:32,953 - ERROR - Response body: {"detail":"Could not find current weather for your location criteria"}
[2026-01-04T18:08:32.955+0000] {docker.py:438} INFO - 2026-01-04 18:08:32,953 - INFO - Getting Current Weather for Stations 00420
[2026-01-04T18:08:33.136+0000] {docker.py:438} INFO - 2026-01-04 18:08:33,134 - INFO - Getting Current Weather for Stations 00427
[2026-01-04T18:08:33.282+0000] {docker.py:438} INFO - 2026-01-04 18:08:33,281 - INFO - Getting Current Weather for Stations 00430
[2026-01-04T18:08:33.457+0000] {docker.py:438} INFO - 2026-01-04 18:08:33,455 - ERROR - HTTP error occured: 404 Client Error: Not Found for url: https://api.brightsky.dev/current_weather?dwd_station_id=00430
[2026-01-04T18:08:33.458+0000] {docker.py:438} INFO - 2026-01-04 18:08:33,456 - ERROR - Response body: {"detail":"Could not find current weather for your location criteria"}
[2026-01-04T18:08:33.459+0000] {docker.py:438} INFO - 2026-01-04 18:08:33,456 - INFO - Getting Current Weather for Stations 00433
[2026-01-04T18:08:33.647+0000] {docker.py:438} INFO - 2026-01-04 18:08:33,645 - INFO - Connecting with db
[2026-01-04T18:08:33.662+0000] {docker.py:438} INFO - 2026-01-04 18:08:33,660 - INFO - data inserted into db
[2026-01-04T18:08:34.401+0000] {taskinstance.py:441} INFO - ::group::Post task execution logs
[2026-01-04T18:08:34.427+0000] {taskinstance.py:1206} INFO - Marking task as SUCCESS. dag_id=weather_hourly, task_id=ingest_weather_data.ingest_observations, run_id=scheduled__2026-01-04T16:15:00+00:00, execution_date=20260104T161500, start_date=20260104T180830, end_date=20260104T180834
[2026-01-04T18:08:34.445+0000] {local_task_job_runner.py:243} INFO - Task exited with return code 0
[2026-01-04T18:08:34.467+0000] {taskinstance.py:3503} INFO - 1 downstream tasks scheduled from follow-on schedule check
[2026-01-04T18:08:34.470+0000] {local_task_job_runner.py:222} INFO - ::endgroup::
