[2026-01-04T18:15:06.399+0000] {local_task_job_runner.py:120} INFO - ::group::Pre task execution logs
[2026-01-04T18:15:06.424+0000] {taskinstance.py:2076} INFO - Dependencies all met for dep_context=non-requeueable deps ti=<TaskInstance: weather_hourly.dbt_weather_models scheduled__2026-01-04T17:15:00+00:00 [queued]>
[2026-01-04T18:15:06.430+0000] {taskinstance.py:2076} INFO - Dependencies all met for dep_context=requeueable deps ti=<TaskInstance: weather_hourly.dbt_weather_models scheduled__2026-01-04T17:15:00+00:00 [queued]>
[2026-01-04T18:15:06.431+0000] {taskinstance.py:2306} INFO - Starting attempt 1 of 1
[2026-01-04T18:15:06.441+0000] {taskinstance.py:2330} INFO - Executing <Task(DockerOperator): dbt_weather_models> on 2026-01-04 17:15:00+00:00
[2026-01-04T18:15:06.447+0000] {standard_task_runner.py:64} INFO - Started process 374 to run task
[2026-01-04T18:15:06.449+0000] {standard_task_runner.py:90} INFO - Running: ['***', 'tasks', 'run', 'weather_hourly', 'dbt_weather_models', 'scheduled__2026-01-04T17:15:00+00:00', '--job-id', '14', '--raw', '--subdir', 'DAGS_FOLDER/weather_hourly.py', '--cfg-path', '/tmp/tmp6y6_yzmo']
[2026-01-04T18:15:06.451+0000] {standard_task_runner.py:91} INFO - Job 14: Subtask dbt_weather_models
[2026-01-04T18:15:06.491+0000] {task_command.py:426} INFO - Running <TaskInstance: weather_hourly.dbt_weather_models scheduled__2026-01-04T17:15:00+00:00 [running]> on host f2bedbccf94a
[2026-01-04T18:15:06.584+0000] {taskinstance.py:2648} INFO - Exporting env vars: AIRFLOW_CTX_DAG_OWNER='***' AIRFLOW_CTX_DAG_ID='weather_hourly' AIRFLOW_CTX_TASK_ID='dbt_weather_models' AIRFLOW_CTX_EXECUTION_DATE='2026-01-04T17:15:00+00:00' AIRFLOW_CTX_TRY_NUMBER='1' AIRFLOW_CTX_DAG_RUN_ID='scheduled__2026-01-04T17:15:00+00:00'
[2026-01-04T18:15:06.585+0000] {taskinstance.py:430} INFO - ::endgroup::
[2026-01-04T18:15:06.621+0000] {docker.py:367} INFO - Starting docker container from image ghcr.io/dbt-labs/dbt-postgres:1.8.2
[2026-01-04T18:15:08.253+0000] {docker.py:438} INFO - [0m18:15:08  Running with dbt=1.8.3
[2026-01-04T18:15:08.441+0000] {docker.py:438} INFO - [0m18:15:08  Registered adapter: postgres=1.8.2
[2026-01-04T18:15:08.752+0000] {docker.py:438} INFO - [0m18:15:08  [[33mWARNING[0m]: Configuration paths exist in your dbt_project.yml file which do not apply to any resources.
[2026-01-04T18:15:08.752+0000] {docker.py:438} INFO - There are 1 unused configuration paths:
[2026-01-04T18:15:08.753+0000] {docker.py:438} INFO - - models.dbt_project.final
[2026-01-04T18:15:08.900+0000] {docker.py:438} INFO - [0m18:15:08  Found 12 models, 4 data tests, 415 macros
[2026-01-04T18:15:08.903+0000] {docker.py:438} INFO - [0m18:15:08
[2026-01-04T18:15:09.090+0000] {docker.py:438} INFO - [0m18:15:09  Concurrency: 1 threads (target='dev')
[2026-01-04T18:15:09.091+0000] {docker.py:438} INFO - [0m18:15:09
[2026-01-04T18:15:09.101+0000] {docker.py:438} INFO - [0m18:15:09  1 of 4 START sql view model dev_staging.stg_current_weather_observations ....... [RUN]
[2026-01-04T18:15:09.241+0000] {docker.py:438} INFO - [0m18:15:09  1 of 4 OK created sql view model dev_staging.stg_current_weather_observations .. [[32mCREATE VIEW[0m in 0.14s]
[2026-01-04T18:15:09.244+0000] {docker.py:438} INFO - [0m18:15:09  2 of 4 START sql view model dev_staging.stg_forecast_weather ................... [RUN]
[2026-01-04T18:15:09.329+0000] {docker.py:438} INFO - [0m18:15:09  2 of 4 OK created sql view model dev_staging.stg_forecast_weather .............. [[32mCREATE VIEW[0m in 0.08s]
[2026-01-04T18:15:09.332+0000] {docker.py:438} INFO - [0m18:15:09  3 of 4 START sql view model dev_intermediate.int_latest_current_weather_observations  [RUN]
[2026-01-04T18:15:09.394+0000] {docker.py:438} INFO - [0m18:15:09  3 of 4 OK created sql view model dev_intermediate.int_latest_current_weather_observations  [[32mCREATE VIEW[0m in 0.06s]
[2026-01-04T18:15:09.396+0000] {docker.py:438} INFO - [0m18:15:09  4 of 4 START sql incremental model dev_intermediate.int_forecast_weather_scd2 .. [RUN]
[2026-01-04T18:15:09.568+0000] {docker.py:438} INFO - [0m18:15:09  4 of 4 OK created sql incremental model dev_intermediate.int_forecast_weather_scd2  [[32mINSERT 0 0[0m in 0.17s]
[2026-01-04T18:15:09.587+0000] {docker.py:438} INFO - [0m18:15:09
[2026-01-04T18:15:09.588+0000] {docker.py:438} INFO - [0m18:15:09  Finished running 3 view models, 1 incremental model in 0 hours 0 minutes and 0.68 seconds (0.68s).
[2026-01-04T18:15:09.635+0000] {docker.py:438} INFO - [0m18:15:09
[2026-01-04T18:15:09.636+0000] {docker.py:438} INFO - [0m18:15:09  [32mCompleted successfully[0m
[2026-01-04T18:15:09.637+0000] {docker.py:438} INFO - [0m18:15:09
[2026-01-04T18:15:09.638+0000] {docker.py:438} INFO - [0m18:15:09  Done. PASS=4 WARN=0 ERROR=0 SKIP=0 TOTAL=4
[2026-01-04T18:15:10.781+0000] {taskinstance.py:441} INFO - ::group::Post task execution logs
[2026-01-04T18:15:10.807+0000] {taskinstance.py:1206} INFO - Marking task as SUCCESS. dag_id=weather_hourly, task_id=dbt_weather_models, run_id=scheduled__2026-01-04T17:15:00+00:00, execution_date=20260104T171500, start_date=20260104T181506, end_date=20260104T181510
[2026-01-04T18:15:10.837+0000] {local_task_job_runner.py:243} INFO - Task exited with return code 0
[2026-01-04T18:15:10.854+0000] {taskinstance.py:3503} INFO - 0 downstream tasks scheduled from follow-on schedule check
[2026-01-04T18:15:10.856+0000] {local_task_job_runner.py:222} INFO - ::endgroup::
