[2025-12-29T03:48:41.038+0000] {local_task_job_runner.py:120} INFO - ::group::Pre task execution logs
[2025-12-29T03:48:41.210+0000] {taskinstance.py:2076} INFO - Dependencies all met for dep_context=non-requeueable deps ti=<TaskInstance: weather_hourly.dbt_weather_models manual__2025-12-29T03:48:35.751742+00:00 [queued]>
[2025-12-29T03:48:41.220+0000] {taskinstance.py:2076} INFO - Dependencies all met for dep_context=requeueable deps ti=<TaskInstance: weather_hourly.dbt_weather_models manual__2025-12-29T03:48:35.751742+00:00 [queued]>
[2025-12-29T03:48:41.221+0000] {taskinstance.py:2306} INFO - Starting attempt 1 of 1
[2025-12-29T03:48:41.233+0000] {taskinstance.py:2330} INFO - Executing <Task(DockerOperator): dbt_weather_models> on 2025-12-29 03:48:35.751742+00:00
[2025-12-29T03:48:41.240+0000] {standard_task_runner.py:64} INFO - Started process 206 to run task
[2025-12-29T03:48:41.242+0000] {standard_task_runner.py:90} INFO - Running: ['***', 'tasks', 'run', 'weather_hourly', 'dbt_weather_models', 'manual__2025-12-29T03:48:35.751742+00:00', '--job-id', '15', '--raw', '--subdir', 'DAGS_FOLDER/weather_hourly.py', '--cfg-path', '/tmp/tmpmas4z19d']
[2025-12-29T03:48:41.244+0000] {standard_task_runner.py:91} INFO - Job 15: Subtask dbt_weather_models
[2025-12-29T03:48:41.296+0000] {task_command.py:426} INFO - Running <TaskInstance: weather_hourly.dbt_weather_models manual__2025-12-29T03:48:35.751742+00:00 [running]> on host a89c93f0f8bf
[2025-12-29T03:48:41.378+0000] {taskinstance.py:2648} INFO - Exporting env vars: AIRFLOW_CTX_DAG_OWNER='***' AIRFLOW_CTX_DAG_ID='weather_hourly' AIRFLOW_CTX_TASK_ID='dbt_weather_models' AIRFLOW_CTX_EXECUTION_DATE='2025-12-29T03:48:35.751742+00:00' AIRFLOW_CTX_TRY_NUMBER='1' AIRFLOW_CTX_DAG_RUN_ID='manual__2025-12-29T03:48:35.751742+00:00'
[2025-12-29T03:48:41.378+0000] {taskinstance.py:430} INFO - ::endgroup::
[2025-12-29T03:48:41.414+0000] {docker.py:367} INFO - Starting docker container from image ghcr.io/dbt-labs/dbt-postgres:1.8.2
[2025-12-29T03:48:42.983+0000] {docker.py:438} INFO - [0m03:48:42  Running with dbt=1.8.3
[2025-12-29T03:48:43.171+0000] {docker.py:438} INFO - [0m03:48:43  Registered adapter: postgres=1.8.2
[2025-12-29T03:48:43.675+0000] {docker.py:438} INFO - [0m03:48:43  [[33mWARNING[0m]: Configuration paths exist in your dbt_project.yml file which do not apply to any resources.
[2025-12-29T03:48:43.675+0000] {docker.py:438} INFO - There are 1 unused configuration paths:
[2025-12-29T03:48:43.676+0000] {docker.py:438} INFO - - models.dbt_project.final
[2025-12-29T03:48:43.782+0000] {docker.py:438} INFO - [0m03:48:43  Found 12 models, 4 data tests, 415 macros
[2025-12-29T03:48:43.785+0000] {docker.py:438} INFO - [0m03:48:43
[2025-12-29T03:48:43.956+0000] {docker.py:438} INFO - [0m03:48:43  Concurrency: 1 threads (target='dev')
[2025-12-29T03:48:43.956+0000] {docker.py:438} INFO - [0m03:48:43
[2025-12-29T03:48:43.966+0000] {docker.py:438} INFO - [0m03:48:43  1 of 4 START sql view model dev_staging.stg_current_weather_observations ....... [RUN]
[2025-12-29T03:48:44.099+0000] {docker.py:438} INFO - [0m03:48:44  1 of 4 OK created sql view model dev_staging.stg_current_weather_observations .. [[32mCREATE VIEW[0m in 0.13s]
[2025-12-29T03:48:44.101+0000] {docker.py:438} INFO - [0m03:48:44  2 of 4 START sql view model dev_staging.stg_forecast_weather ................... [RUN]
[2025-12-29T03:48:44.169+0000] {docker.py:438} INFO - [0m03:48:44  2 of 4 OK created sql view model dev_staging.stg_forecast_weather .............. [[32mCREATE VIEW[0m in 0.07s]
[2025-12-29T03:48:44.171+0000] {docker.py:438} INFO - [0m03:48:44  3 of 4 START sql view model dev_intermediate.int_latest_current_weather_observations  [RUN]
[2025-12-29T03:48:44.212+0000] {docker.py:438} INFO - [0m03:48:44  3 of 4 ERROR creating sql view model dev_intermediate.int_latest_current_weather_observations  [[31mERROR[0m in 0.04s]
[2025-12-29T03:48:44.216+0000] {docker.py:438} INFO - [0m03:48:44  4 of 4 START sql incremental model dev_intermediate.int_forecast_weather_scd2 .. [RUN]
[2025-12-29T03:48:44.447+0000] {docker.py:438} INFO - [0m03:48:44  4 of 4 OK created sql incremental model dev_intermediate.int_forecast_weather_scd2  [[32mINSERT 0 0[0m in 0.23s]
[2025-12-29T03:48:44.462+0000] {docker.py:438} INFO - [0m03:48:44
[2025-12-29T03:48:44.463+0000] {docker.py:438} INFO - [0m03:48:44  Finished running 3 view models, 1 incremental model in 0 hours 0 minutes and 0.68 seconds (0.68s).
[2025-12-29T03:48:44.509+0000] {docker.py:438} INFO - [0m03:48:44
[2025-12-29T03:48:44.509+0000] {docker.py:438} INFO - [0m03:48:44  [31mCompleted with 1 error and 0 warnings:[0m
[2025-12-29T03:48:44.510+0000] {docker.py:438} INFO - [0m03:48:44
[2025-12-29T03:48:44.511+0000] {docker.py:438} INFO - [0m03:48:44    Database Error in model int_latest_current_weather_observations (models/intermediate/int_latest_current_weather_observations.sql)
[2025-12-29T03:48:44.512+0000] {docker.py:438} INFO -   syntax error at or near ";"
[2025-12-29T03:48:44.512+0000] {docker.py:438} INFO -   LINE 87: from final;
[2025-12-29T03:48:44.512+0000] {docker.py:438} INFO -                      ^
[2025-12-29T03:48:44.513+0000] {docker.py:438} INFO -   compiled Code at target/run/dbt_project/models/intermediate/int_latest_current_weather_observations.sql
[2025-12-29T03:48:44.513+0000] {docker.py:438} INFO - [0m03:48:44
[2025-12-29T03:48:44.513+0000] {docker.py:438} INFO - [0m03:48:44  Done. PASS=3 WARN=0 ERROR=1 SKIP=0 TOTAL=4
[2025-12-29T03:48:45.606+0000] {taskinstance.py:441} INFO - ::group::Post task execution logs
[2025-12-29T03:48:45.615+0000] {taskinstance.py:2905} ERROR - Task failed with exception
Traceback (most recent call last):
  File "/home/airflow/.local/lib/python3.11/site-packages/airflow/models/taskinstance.py", line 465, in _execute_task
    result = _execute_callable(context=context, **execute_callable_kwargs)
             ^^^^^^^^^^^^^^^^^^^^^^^^^^^^^^^^^^^^^^^^^^^^^^^^^^^^^^^^^^^^^
  File "/home/airflow/.local/lib/python3.11/site-packages/airflow/models/taskinstance.py", line 432, in _execute_callable
    return execute_callable(context=context, **execute_callable_kwargs)
           ^^^^^^^^^^^^^^^^^^^^^^^^^^^^^^^^^^^^^^^^^^^^^^^^^^^^^^^^^^^^
  File "/home/airflow/.local/lib/python3.11/site-packages/airflow/models/baseoperator.py", line 401, in wrapper
    return func(self, *args, **kwargs)
           ^^^^^^^^^^^^^^^^^^^^^^^^^^^
  File "/home/airflow/.local/lib/python3.11/site-packages/airflow/providers/docker/operators/docker.py", line 513, in execute
    return self._run_image()
           ^^^^^^^^^^^^^^^^^
  File "/home/airflow/.local/lib/python3.11/site-packages/airflow/providers/docker/operators/docker.py", line 384, in _run_image
    return self._run_image_with_mounts(self.mounts, add_tmp_variable=False)
           ^^^^^^^^^^^^^^^^^^^^^^^^^^^^^^^^^^^^^^^^^^^^^^^^^^^^^^^^^^^^^^^^
  File "/home/airflow/.local/lib/python3.11/site-packages/airflow/providers/docker/operators/docker.py", line 446, in _run_image_with_mounts
    raise DockerContainerFailedException(f"Docker container failed: {result!r}", logs=log_lines)
airflow.providers.docker.exceptions.DockerContainerFailedException: Docker container failed: {'StatusCode': 1}
[2025-12-29T03:48:45.619+0000] {taskinstance.py:1206} INFO - Marking task as FAILED. dag_id=weather_hourly, task_id=dbt_weather_models, run_id=manual__2025-12-29T03:48:35.751742+00:00, execution_date=20251229T034835, start_date=20251229T034841, end_date=20251229T034845
[2025-12-29T03:48:45.629+0000] {standard_task_runner.py:110} ERROR - Failed to execute job 15 for task dbt_weather_models (Docker container failed: {'StatusCode': 1}; 206)
[2025-12-29T03:48:45.671+0000] {local_task_job_runner.py:243} INFO - Task exited with return code 1
[2025-12-29T03:48:45.687+0000] {taskinstance.py:3503} INFO - 0 downstream tasks scheduled from follow-on schedule check
[2025-12-29T03:48:45.689+0000] {local_task_job_runner.py:222} INFO - ::endgroup::
