[2025-12-29T03:48:37.143+0000] {local_task_job_runner.py:120} INFO - ::group::Pre task execution logs
[2025-12-29T03:48:37.312+0000] {taskinstance.py:2076} INFO - Dependencies all met for dep_context=non-requeueable deps ti=<TaskInstance: weather_hourly.ingest_weather_data.ingest_observations manual__2025-12-29T03:48:35.751742+00:00 [queued]>
[2025-12-29T03:48:37.322+0000] {taskinstance.py:2076} INFO - Dependencies all met for dep_context=requeueable deps ti=<TaskInstance: weather_hourly.ingest_weather_data.ingest_observations manual__2025-12-29T03:48:35.751742+00:00 [queued]>
[2025-12-29T03:48:37.323+0000] {taskinstance.py:2306} INFO - Starting attempt 1 of 1
[2025-12-29T03:48:37.334+0000] {taskinstance.py:2330} INFO - Executing <Task(DockerOperator): ingest_weather_data.ingest_observations> on 2025-12-29 03:48:35.751742+00:00
[2025-12-29T03:48:37.342+0000] {standard_task_runner.py:64} INFO - Started process 204 to run task
[2025-12-29T03:48:37.344+0000] {standard_task_runner.py:90} INFO - Running: ['***', 'tasks', 'run', 'weather_hourly', 'ingest_weather_data.ingest_observations', 'manual__2025-12-29T03:48:35.751742+00:00', '--job-id', '13', '--raw', '--subdir', 'DAGS_FOLDER/weather_hourly.py', '--cfg-path', '/tmp/tmpzwe2cd37']
[2025-12-29T03:48:37.345+0000] {standard_task_runner.py:91} INFO - Job 13: Subtask ingest_weather_data.ingest_observations
[2025-12-29T03:48:37.393+0000] {task_command.py:426} INFO - Running <TaskInstance: weather_hourly.ingest_weather_data.ingest_observations manual__2025-12-29T03:48:35.751742+00:00 [running]> on host a89c93f0f8bf
[2025-12-29T03:48:37.475+0000] {taskinstance.py:2648} INFO - Exporting env vars: AIRFLOW_CTX_DAG_OWNER='***' AIRFLOW_CTX_DAG_ID='weather_hourly' AIRFLOW_CTX_TASK_ID='ingest_weather_data.ingest_observations' AIRFLOW_CTX_EXECUTION_DATE='2025-12-29T03:48:35.751742+00:00' AIRFLOW_CTX_TRY_NUMBER='1' AIRFLOW_CTX_DAG_RUN_ID='manual__2025-12-29T03:48:35.751742+00:00'
[2025-12-29T03:48:37.476+0000] {taskinstance.py:430} INFO - ::endgroup::
[2025-12-29T03:48:37.511+0000] {docker.py:367} INFO - Starting docker container from image weather-ingestion:latest
[2025-12-29T03:48:38.622+0000] {docker.py:438} INFO - 2025-12-29 03:48:38,621 - INFO - Connecting with db
[2025-12-29T03:48:38.631+0000] {docker.py:438} INFO - 2025-12-29 03:48:38,630 - INFO - Fetching Berlin's Station list
[2025-12-29T03:48:38.643+0000] {docker.py:438} INFO - 2025-12-29 03:48:38,642 - INFO - Getting Current Weather for Stations 00400
[2025-12-29T03:48:38.795+0000] {docker.py:438} INFO - 2025-12-29 03:48:38,794 - INFO - Getting Current Weather for Stations 00403
[2025-12-29T03:48:38.929+0000] {docker.py:438} INFO - 2025-12-29 03:48:38,928 - INFO - Getting Current Weather for Stations 00410
[2025-12-29T03:48:39.065+0000] {docker.py:438} INFO - 2025-12-29 03:48:39,063 - ERROR - HTTP error occured: 404 Client Error: Not Found for url: https://api.brightsky.dev/current_weather?dwd_station_id=00410
[2025-12-29T03:48:39.066+0000] {docker.py:438} INFO - 2025-12-29 03:48:39,064 - ERROR - Response body: {"detail":"Could not find current weather for your location criteria"}
[2025-12-29T03:48:39.066+0000] {docker.py:438} INFO - 2025-12-29 03:48:39,064 - INFO - Getting Current Weather for Stations 00420
[2025-12-29T03:48:39.244+0000] {docker.py:438} INFO - 2025-12-29 03:48:39,243 - INFO - Getting Current Weather for Stations 00427
[2025-12-29T03:48:39.428+0000] {docker.py:438} INFO - 2025-12-29 03:48:39,427 - INFO - Getting Current Weather for Stations 00430
[2025-12-29T03:48:39.551+0000] {docker.py:438} INFO - 2025-12-29 03:48:39,550 - ERROR - HTTP error occured: 404 Client Error: Not Found for url: https://api.brightsky.dev/current_weather?dwd_station_id=00430
[2025-12-29T03:48:39.552+0000] {docker.py:438} INFO - 2025-12-29 03:48:39,550 - ERROR - Response body: {"detail":"Could not find current weather for your location criteria"}
[2025-12-29T03:48:39.552+0000] {docker.py:438} INFO - 2025-12-29 03:48:39,550 - INFO - Getting Current Weather for Stations 00433
[2025-12-29T03:48:39.730+0000] {docker.py:438} INFO - 2025-12-29 03:48:39,728 - INFO - Connecting with db
[2025-12-29T03:48:39.738+0000] {docker.py:438} INFO - 2025-12-29 03:48:39,737 - ERROR - db error : relation "raw.weather_observations" does not exist
[2025-12-29T03:48:39.739+0000] {docker.py:438} INFO - LINE 2:         INSERT INTO raw.weather_observations (
[2025-12-29T03:48:39.740+0000] {docker.py:438} INFO -                             ^
[2025-12-29T03:48:40.568+0000] {taskinstance.py:441} INFO - ::group::Post task execution logs
[2025-12-29T03:48:40.589+0000] {taskinstance.py:1206} INFO - Marking task as SUCCESS. dag_id=weather_hourly, task_id=ingest_weather_data.ingest_observations, run_id=manual__2025-12-29T03:48:35.751742+00:00, execution_date=20251229T034835, start_date=20251229T034837, end_date=20251229T034840
[2025-12-29T03:48:40.608+0000] {local_task_job_runner.py:243} INFO - Task exited with return code 0
[2025-12-29T03:48:40.627+0000] {taskinstance.py:3503} INFO - 1 downstream tasks scheduled from follow-on schedule check
[2025-12-29T03:48:40.629+0000] {local_task_job_runner.py:222} INFO - ::endgroup::
