[2026-01-04T18:15:02.450+0000] {local_task_job_runner.py:120} INFO - ::group::Pre task execution logs
[2026-01-04T18:15:02.479+0000] {taskinstance.py:2076} INFO - Dependencies all met for dep_context=non-requeueable deps ti=<TaskInstance: weather_hourly.ingest_weather_data.ingest_forecasts scheduled__2026-01-04T17:15:00+00:00 [queued]>
[2026-01-04T18:15:02.486+0000] {taskinstance.py:2076} INFO - Dependencies all met for dep_context=requeueable deps ti=<TaskInstance: weather_hourly.ingest_weather_data.ingest_forecasts scheduled__2026-01-04T17:15:00+00:00 [queued]>
[2026-01-04T18:15:02.487+0000] {taskinstance.py:2306} INFO - Starting attempt 1 of 1
[2026-01-04T18:15:02.498+0000] {taskinstance.py:2330} INFO - Executing <Task(DockerOperator): ingest_weather_data.ingest_forecasts> on 2026-01-04 17:15:00+00:00
[2026-01-04T18:15:02.503+0000] {standard_task_runner.py:64} INFO - Started process 372 to run task
[2026-01-04T18:15:02.506+0000] {standard_task_runner.py:90} INFO - Running: ['***', 'tasks', 'run', 'weather_hourly', 'ingest_weather_data.ingest_forecasts', 'scheduled__2026-01-04T17:15:00+00:00', '--job-id', '12', '--raw', '--subdir', 'DAGS_FOLDER/weather_hourly.py', '--cfg-path', '/tmp/tmpzaxfsln0']
[2026-01-04T18:15:02.507+0000] {standard_task_runner.py:91} INFO - Job 12: Subtask ingest_weather_data.ingest_forecasts
[2026-01-04T18:15:02.545+0000] {task_command.py:426} INFO - Running <TaskInstance: weather_hourly.ingest_weather_data.ingest_forecasts scheduled__2026-01-04T17:15:00+00:00 [running]> on host f2bedbccf94a
[2026-01-04T18:15:02.620+0000] {taskinstance.py:2648} INFO - Exporting env vars: AIRFLOW_CTX_DAG_OWNER='***' AIRFLOW_CTX_DAG_ID='weather_hourly' AIRFLOW_CTX_TASK_ID='ingest_weather_data.ingest_forecasts' AIRFLOW_CTX_EXECUTION_DATE='2026-01-04T17:15:00+00:00' AIRFLOW_CTX_TRY_NUMBER='1' AIRFLOW_CTX_DAG_RUN_ID='scheduled__2026-01-04T17:15:00+00:00'
[2026-01-04T18:15:02.621+0000] {taskinstance.py:430} INFO - ::endgroup::
[2026-01-04T18:15:02.663+0000] {docker.py:367} INFO - Starting docker container from image weather-ingestion:latest
[2026-01-04T18:15:03.769+0000] {docker.py:438} INFO - 2026-01-04 18:15:03,768 - INFO - Connecting with db
[2026-01-04T18:15:03.787+0000] {docker.py:438} INFO - 2026-01-04 18:15:03,786 - INFO - 72 Hour forecast Weather for Stations 00400
[2026-01-04T18:15:03.937+0000] {docker.py:438} INFO - 2026-01-04 18:15:03,936 - INFO - 72 Hour forecast Weather for Stations 00403
[2026-01-04T18:15:04.080+0000] {docker.py:438} INFO - 2026-01-04 18:15:04,079 - INFO - 72 Hour forecast Weather for Stations 00410
[2026-01-04T18:15:04.223+0000] {docker.py:438} INFO - 2026-01-04 18:15:04,222 - INFO - 72 Hour forecast Weather for Stations 00420
[2026-01-04T18:15:04.363+0000] {docker.py:438} INFO - 2026-01-04 18:15:04,362 - INFO - 72 Hour forecast Weather for Stations 00427
[2026-01-04T18:15:04.497+0000] {docker.py:438} INFO - 2026-01-04 18:15:04,496 - INFO - 72 Hour forecast Weather for Stations 00430
[2026-01-04T18:15:04.630+0000] {docker.py:438} INFO - 2026-01-04 18:15:04,629 - INFO - 72 Hour forecast Weather for Stations 00433
[2026-01-04T18:15:04.769+0000] {docker.py:438} INFO - 2026-01-04 18:15:04,768 - INFO - Connecting with db
[2026-01-04T18:15:04.816+0000] {docker.py:438} INFO - 2026-01-04 18:15:04,815 - INFO - data inserted into db
[2026-01-04T18:15:05.475+0000] {taskinstance.py:441} INFO - ::group::Post task execution logs
[2026-01-04T18:15:05.500+0000] {taskinstance.py:1206} INFO - Marking task as SUCCESS. dag_id=weather_hourly, task_id=ingest_weather_data.ingest_forecasts, run_id=scheduled__2026-01-04T17:15:00+00:00, execution_date=20260104T171500, start_date=20260104T181502, end_date=20260104T181505
[2026-01-04T18:15:05.529+0000] {local_task_job_runner.py:243} INFO - Task exited with return code 0
[2026-01-04T18:15:05.555+0000] {taskinstance.py:3503} INFO - 0 downstream tasks scheduled from follow-on schedule check
[2026-01-04T18:15:05.557+0000] {local_task_job_runner.py:222} INFO - ::endgroup::
