[2026-01-04T18:07:28.577+0000] {local_task_job_runner.py:120} INFO - ::group::Pre task execution logs
[2026-01-04T18:07:28.610+0000] {taskinstance.py:2076} INFO - Dependencies all met for dep_context=non-requeueable deps ti=<TaskInstance: weather_hourly.wait_for_reference_setup scheduled__2026-01-04T16:15:00+00:00 [queued]>
[2026-01-04T18:07:28.619+0000] {taskinstance.py:2076} INFO - Dependencies all met for dep_context=requeueable deps ti=<TaskInstance: weather_hourly.wait_for_reference_setup scheduled__2026-01-04T16:15:00+00:00 [queued]>
[2026-01-04T18:07:28.620+0000] {taskinstance.py:2306} INFO - Starting attempt 1 of 1
[2026-01-04T18:07:28.633+0000] {taskinstance.py:2330} INFO - Executing <Task(PythonSensor): wait_for_reference_setup> on 2026-01-04 16:15:00+00:00
[2026-01-04T18:07:28.639+0000] {standard_task_runner.py:64} INFO - Started process 203 to run task
[2026-01-04T18:07:28.643+0000] {standard_task_runner.py:90} INFO - Running: ['***', 'tasks', 'run', 'weather_hourly', 'wait_for_reference_setup', 'scheduled__2026-01-04T16:15:00+00:00', '--job-id', '2', '--raw', '--subdir', 'DAGS_FOLDER/weather_hourly.py', '--cfg-path', '/tmp/tmpctb0jhc5']
[2026-01-04T18:07:28.645+0000] {standard_task_runner.py:91} INFO - Job 2: Subtask wait_for_reference_setup
[2026-01-04T18:07:28.702+0000] {task_command.py:426} INFO - Running <TaskInstance: weather_hourly.wait_for_reference_setup scheduled__2026-01-04T16:15:00+00:00 [running]> on host f2bedbccf94a
[2026-01-04T18:07:28.786+0000] {taskinstance.py:2648} INFO - Exporting env vars: AIRFLOW_CTX_DAG_OWNER='***' AIRFLOW_CTX_DAG_ID='weather_hourly' AIRFLOW_CTX_TASK_ID='wait_for_reference_setup' AIRFLOW_CTX_EXECUTION_DATE='2026-01-04T16:15:00+00:00' AIRFLOW_CTX_TRY_NUMBER='1' AIRFLOW_CTX_DAG_RUN_ID='scheduled__2026-01-04T16:15:00+00:00'
[2026-01-04T18:07:28.787+0000] {taskinstance.py:430} INFO - ::endgroup::
[2026-01-04T18:07:28.811+0000] {python.py:75} INFO - Poking callable: <function reference_is_ready at 0x7f71581b0a40>
[2026-01-04T18:07:28.821+0000] {taskinstance.py:441} INFO - ::group::Post task execution logs
[2026-01-04T18:07:28.844+0000] {taskinstance.py:2865} INFO - Rescheduling task, marking task as UP_FOR_RESCHEDULE
[2026-01-04T18:07:28.855+0000] {local_task_job_runner.py:243} INFO - Task exited with return code 0
[2026-01-04T18:07:28.890+0000] {taskinstance.py:3503} INFO - 0 downstream tasks scheduled from follow-on schedule check
[2026-01-04T18:07:28.978+0000] {local_task_job_runner.py:222} INFO - ::endgroup::
[2026-01-04T18:08:29.755+0000] {local_task_job_runner.py:120} INFO - ::group::Pre task execution logs
[2026-01-04T18:08:29.948+0000] {taskinstance.py:2076} INFO - Dependencies all met for dep_context=non-requeueable deps ti=<TaskInstance: weather_hourly.wait_for_reference_setup scheduled__2026-01-04T16:15:00+00:00 [queued]>
[2026-01-04T18:08:29.954+0000] {taskinstance.py:2076} INFO - Dependencies all met for dep_context=requeueable deps ti=<TaskInstance: weather_hourly.wait_for_reference_setup scheduled__2026-01-04T16:15:00+00:00 [queued]>
[2026-01-04T18:08:29.955+0000] {taskinstance.py:2306} INFO - Starting attempt 1 of 1
[2026-01-04T18:08:29.966+0000] {taskinstance.py:2330} INFO - Executing <Task(PythonSensor): wait_for_reference_setup> on 2026-01-04 16:15:00+00:00
[2026-01-04T18:08:29.972+0000] {standard_task_runner.py:64} INFO - Started process 230 to run task
[2026-01-04T18:08:29.975+0000] {standard_task_runner.py:90} INFO - Running: ['***', 'tasks', 'run', 'weather_hourly', 'wait_for_reference_setup', 'scheduled__2026-01-04T16:15:00+00:00', '--job-id', '7', '--raw', '--subdir', 'DAGS_FOLDER/weather_hourly.py', '--cfg-path', '/tmp/tmpxbvrv7n2']
[2026-01-04T18:08:29.977+0000] {standard_task_runner.py:91} INFO - Job 7: Subtask wait_for_reference_setup
[2026-01-04T18:08:30.024+0000] {task_command.py:426} INFO - Running <TaskInstance: weather_hourly.wait_for_reference_setup scheduled__2026-01-04T16:15:00+00:00 [running]> on host f2bedbccf94a
[2026-01-04T18:08:30.100+0000] {taskinstance.py:2648} INFO - Exporting env vars: AIRFLOW_CTX_DAG_OWNER='***' AIRFLOW_CTX_DAG_ID='weather_hourly' AIRFLOW_CTX_TASK_ID='wait_for_reference_setup' AIRFLOW_CTX_EXECUTION_DATE='2026-01-04T16:15:00+00:00' AIRFLOW_CTX_TRY_NUMBER='1' AIRFLOW_CTX_DAG_RUN_ID='scheduled__2026-01-04T16:15:00+00:00'
[2026-01-04T18:08:30.101+0000] {taskinstance.py:430} INFO - ::endgroup::
[2026-01-04T18:08:30.122+0000] {python.py:75} INFO - Poking callable: <function reference_is_ready at 0x7f71581b4a40>
[2026-01-04T18:08:30.130+0000] {base.py:294} INFO - Success criteria met. Exiting.
[2026-01-04T18:08:30.130+0000] {taskinstance.py:441} INFO - ::group::Post task execution logs
[2026-01-04T18:08:30.139+0000] {taskinstance.py:1206} INFO - Marking task as SUCCESS. dag_id=weather_hourly, task_id=wait_for_reference_setup, run_id=scheduled__2026-01-04T16:15:00+00:00, execution_date=20260104T161500, start_date=20260104T180829, end_date=20260104T180830
[2026-01-04T18:08:30.188+0000] {local_task_job_runner.py:243} INFO - Task exited with return code 0
[2026-01-04T18:08:30.218+0000] {taskinstance.py:3503} INFO - 2 downstream tasks scheduled from follow-on schedule check
[2026-01-04T18:08:30.220+0000] {local_task_job_runner.py:222} INFO - ::endgroup::
